(dataloaders.py:51) 2025-06-05 23:26:36.411625 | INFO : train_ds length: 275, valid_ds length: 300
(process_model.py:276) 2025-06-05 23:26:36.525184 | INFO : {'channels': 40, 'depth': 10, 'reduced_size': 160, 'output_dims': 320, 'kernel_size': 3, 'feat_dim': 9, 'seq_len': 144, 'device': 'cpu'}
(process_model.py:277) 2025-06-05 23:26:36.525481 | INFO : T_LOSS(
  (network): Sequential(
    (0): CausalCNN(
      (network): Sequential(
        (0): CausalConvolutionBlock(
          (causal): Sequential(
            (0): Conv1d(9, 40, kernel_size=(3,), stride=(1,), padding=(2,))
            (1): Chomp1d()
            (2): LeakyReLU(negative_slope=0.01)
            (3): Conv1d(40, 40, kernel_size=(3,), stride=(1,), padding=(2,))
            (4): Chomp1d()
            (5): LeakyReLU(negative_slope=0.01)
          )
          (upordownsample): Conv1d(9, 40, kernel_size=(1,), stride=(1,))
        )
        (1): CausalConvolutionBlock(
          (causal): Sequential(
            (0): Conv1d(40, 40, kernel_size=(3,), stride=(1,), padding=(4,), dilation=(2,))
            (1): Chomp1d()
            (2): LeakyReLU(negative_slope=0.01)
            (3): Conv1d(40, 40, kernel_size=(3,), stride=(1,), padding=(4,), dilation=(2,))
            (4): Chomp1d()
            (5): LeakyReLU(negative_slope=0.01)
          )
        )
        (2): CausalConvolutionBlock(
          (causal): Sequential(
            (0): Conv1d(40, 40, kernel_size=(3,), stride=(1,), padding=(8,), dilation=(4,))
            (1): Chomp1d()
            (2): LeakyReLU(negative_slope=0.01)
            (3): Conv1d(40, 40, kernel_size=(3,), stride=(1,), padding=(8,), dilation=(4,))
            (4): Chomp1d()
            (5): LeakyReLU(negative_slope=0.01)
          )
        )
        (3): CausalConvolutionBlock(
          (causal): Sequential(
            (0): Conv1d(40, 40, kernel_size=(3,), stride=(1,), padding=(16,), dilation=(8,))
            (1): Chomp1d()
            (2): LeakyReLU(negative_slope=0.01)
            (3): Conv1d(40, 40, kernel_size=(3,), stride=(1,), padding=(16,), dilation=(8,))
            (4): Chomp1d()
            (5): LeakyReLU(negative_slope=0.01)
          )
        )
        (4): CausalConvolutionBlock(
          (causal): Sequential(
            (0): Conv1d(40, 40, kernel_size=(3,), stride=(1,), padding=(32,), dilation=(16,))
            (1): Chomp1d()
            (2): LeakyReLU(negative_slope=0.01)
            (3): Conv1d(40, 40, kernel_size=(3,), stride=(1,), padding=(32,), dilation=(16,))
            (4): Chomp1d()
            (5): LeakyReLU(negative_slope=0.01)
          )
        )
        (5): CausalConvolutionBlock(
          (causal): Sequential(
            (0): Conv1d(40, 40, kernel_size=(3,), stride=(1,), padding=(64,), dilation=(32,))
            (1): Chomp1d()
            (2): LeakyReLU(negative_slope=0.01)
            (3): Conv1d(40, 40, kernel_size=(3,), stride=(1,), padding=(64,), dilation=(32,))
            (4): Chomp1d()
            (5): LeakyReLU(negative_slope=0.01)
          )
        )
        (6): CausalConvolutionBlock(
          (causal): Sequential(
            (0): Conv1d(40, 40, kernel_size=(3,), stride=(1,), padding=(128,), dilation=(64,))
            (1): Chomp1d()
            (2): LeakyReLU(negative_slope=0.01)
            (3): Conv1d(40, 40, kernel_size=(3,), stride=(1,), padding=(128,), dilation=(64,))
            (4): Chomp1d()
            (5): LeakyReLU(negative_slope=0.01)
          )
        )
        (7): CausalConvolutionBlock(
          (causal): Sequential(
            (0): Conv1d(40, 40, kernel_size=(3,), stride=(1,), padding=(256,), dilation=(128,))
            (1): Chomp1d()
            (2): LeakyReLU(negative_slope=0.01)
            (3): Conv1d(40, 40, kernel_size=(3,), stride=(1,), padding=(256,), dilation=(128,))
            (4): Chomp1d()
            (5): LeakyReLU(negative_slope=0.01)
          )
        )
        (8): CausalConvolutionBlock(
          (causal): Sequential(
            (0): Conv1d(40, 40, kernel_size=(3,), stride=(1,), padding=(512,), dilation=(256,))
            (1): Chomp1d()
            (2): LeakyReLU(negative_slope=0.01)
            (3): Conv1d(40, 40, kernel_size=(3,), stride=(1,), padding=(512,), dilation=(256,))
            (4): Chomp1d()
            (5): LeakyReLU(negative_slope=0.01)
          )
        )
        (9): CausalConvolutionBlock(
          (causal): Sequential(
            (0): Conv1d(40, 40, kernel_size=(3,), stride=(1,), padding=(1024,), dilation=(512,))
            (1): Chomp1d()
            (2): LeakyReLU(negative_slope=0.01)
            (3): Conv1d(40, 40, kernel_size=(3,), stride=(1,), padding=(1024,), dilation=(512,))
            (4): Chomp1d()
            (5): LeakyReLU(negative_slope=0.01)
          )
        )
        (10): CausalConvolutionBlock(
          (causal): Sequential(
            (0): Conv1d(40, 160, kernel_size=(3,), stride=(1,), padding=(2048,), dilation=(1024,))
            (1): Chomp1d()
            (2): LeakyReLU(negative_slope=0.01)
            (3): Conv1d(160, 160, kernel_size=(3,), stride=(1,), padding=(2048,), dilation=(1024,))
            (4): Chomp1d()
            (5): LeakyReLU(negative_slope=0.01)
          )
          (upordownsample): Conv1d(40, 160, kernel_size=(1,), stride=(1,))
        )
      )
    )
    (1): AdaptiveMaxPool1d(output_size=1)
    (2): SqueezeChannels()
    (3): Linear(in_features=160, out_features=320, bias=True)
  )
)
(training_methods.py:254) 2025-06-05 23:26:54.103134 | INFO : Training Epoch 0   0.0% | batch:         0 of         2
	loss: 62.0064

(training_methods.py:257) 2025-06-05 23:27:10.288539 | INFO : Evaluating on validation set ...
(training_methods.py:254) 2025-06-05 23:27:14.464272 | INFO : Evaluating Epoch 0   0.0% | batch:         0 of         3
	loss: inf

(training_methods.py:262) 2025-06-05 23:27:15.970837 | INFO : Validation runtime: 0.0 hours, 0.0 minutes, 5.68124794960022 seconds

(training_methods.py:268) 2025-06-05 23:27:15.971082 | INFO : Avg val. time: 0.0 hours, 0.0 minutes, 5.68124794960022 seconds
(training_methods.py:269) 2025-06-05 23:27:15.971158 | INFO : Avg batch val. time: 1.8937493165334065 seconds
(training_methods.py:270) 2025-06-05 23:27:15.971206 | INFO : Avg sample val. time: 0.018937493165334066 seconds
(training_methods.py:276) 2025-06-05 23:27:15.971263 | INFO : report:               precision    recall  f1-score   support

           0       0.67      1.00      0.80         8
           1       1.00      1.00      1.00        12
           2       1.00      1.00      1.00        12
           3       0.92      1.00      0.96        11
           4       1.00      1.00      1.00        12
           5       1.00      1.00      1.00        12
           6       0.92      1.00      0.96        11
           7       1.00      0.86      0.92        14
           8       0.92      0.92      0.92        12
           9       1.00      0.92      0.96        13
          10       1.00      1.00      1.00        12
          11       0.92      0.79      0.85        14
          12       0.92      0.92      0.92        12
          13       1.00      1.00      1.00        12
          14       0.83      1.00      0.91        10
          15       0.92      1.00      0.96        11
          16       1.00      0.86      0.92        14
          17       1.00      0.92      0.96        13
          18       1.00      0.92      0.96        13
          19       1.00      0.92      0.96        13
          20       1.00      0.57      0.73        21
          21       1.00      0.80      0.89        15
          22       0.92      0.92      0.92        12
          23       0.92      1.00      0.96        11
          24       0.00      0.00      0.00         0

    accuracy                           0.91       300
   macro avg       0.91      0.89      0.90       300
weighted avg       0.96      0.91      0.93       300

(training_methods.py:282) 2025-06-05 23:27:15.971339 | INFO : Epoch 0 Validation Summary: epoch: 0.000000 | loss: 0.000000 | accuracy: 0.913333 | 
(training_methods.py:312) 2025-06-05 23:27:15.980724 | INFO : ckpt updated.
(training_methods.py:254) 2025-06-05 23:27:32.116437 | INFO : Training Epoch 1   0.0% | batch:         0 of         2
	loss: 12.7483

(training_methods.py:257) 2025-06-05 23:27:48.307588 | INFO : Evaluating on validation set ...
(training_methods.py:254) 2025-06-05 23:27:52.540004 | INFO : Evaluating Epoch 1   0.0% | batch:         0 of         3
	loss: inf

(training_methods.py:262) 2025-06-05 23:27:54.051415 | INFO : Validation runtime: 0.0 hours, 0.0 minutes, 5.743064880371094 seconds

(training_methods.py:268) 2025-06-05 23:27:54.051612 | INFO : Avg val. time: 0.0 hours, 0.0 minutes, 5.712156414985657 seconds
(training_methods.py:269) 2025-06-05 23:27:54.051684 | INFO : Avg batch val. time: 1.9040521383285522 seconds
(training_methods.py:270) 2025-06-05 23:27:54.051731 | INFO : Avg sample val. time: 0.019040521383285523 seconds
(training_methods.py:276) 2025-06-05 23:27:54.051783 | INFO : report:               precision    recall  f1-score   support

           0       0.75      1.00      0.86         9
           1       1.00      1.00      1.00        12
           2       1.00      1.00      1.00        12
           3       0.92      0.92      0.92        12
           4       1.00      1.00      1.00        12
           5       1.00      1.00      1.00        12
           6       0.92      1.00      0.96        11
           7       1.00      0.86      0.92        14
           8       0.92      0.85      0.88        13
           9       1.00      0.92      0.96        13
          10       1.00      1.00      1.00        12
          11       0.83      0.71      0.77        14
          12       0.92      1.00      0.96        11
          13       1.00      0.92      0.96        13
          14       0.83      1.00      0.91        10
          15       0.92      1.00      0.96        11
          16       1.00      0.92      0.96        13
          17       1.00      0.92      0.96        13
          18       1.00      0.92      0.96        13
          19       0.92      0.92      0.92        12
          20       1.00      0.57      0.73        21
          21       0.92      0.79      0.85        14
          22       0.92      0.92      0.92        12
          23       0.92      1.00      0.96        11
          24       0.00      0.00      0.00         0

    accuracy                           0.91       300
   macro avg       0.91      0.89      0.89       300
weighted avg       0.95      0.91      0.92       300

(training_methods.py:282) 2025-06-05 23:27:54.051856 | INFO : Epoch 1 Validation Summary: epoch: 1.000000 | loss: 0.000000 | accuracy: 0.906667 | 
(training_methods.py:312) 2025-06-05 23:27:54.060155 | INFO : ckpt updated.
