(dataloaders.py:51) 2025-06-06 22:50:03.730447 | INFO : train_ds length: 1375, valid_ds length: 300
(process_model.py:276) 2025-06-06 22:50:03.734714 | INFO : {'feat_dim': 9, 'seq_len': 144, 'device': 'cpu'}
(process_model.py:277) 2025-06-06 22:50:03.734842 | INFO : TNC(
  (encoder): RnnEncoder(
    (nn): Sequential(
      (0): Linear(in_features=200, out_features=10, bias=True)
    )
    (rnn): GRU(9, 100, bidirectional=True)
  )
  (disc_model): Discriminator(
    (model): Sequential(
      (0): Linear(in_features=20, out_features=40, bias=True)
      (1): ReLU(inplace=True)
      (2): Dropout(p=0.5, inplace=False)
      (3): Linear(in_features=40, out_features=1, bias=True)
    )
  )
)
(training_methods.py:254) 2025-06-06 22:50:04.530175 | INFO : Training Epoch 0   0.0% | batch:         0 of        22
	loss: 0.702235

(training_methods.py:254) 2025-06-06 22:50:04.942652 | INFO : Training Epoch 0  45.5% | batch:        10 of        22
	loss: 0.693486

(training_methods.py:254) 2025-06-06 22:50:05.348476 | INFO : Training Epoch 0  90.9% | batch:        20 of        22
	loss: 0.68036

(training_methods.py:257) 2025-06-06 22:50:05.542691 | INFO : Evaluating on validation set ...
(training_methods.py:254) 2025-06-06 22:50:09.297495 | INFO : Evaluating Epoch 0   0.0% | batch:         0 of         5
	loss: inf

(training_methods.py:262) 2025-06-06 22:50:09.485675 | INFO : Validation runtime: 0.0 hours, 0.0 minutes, 3.9426333904266357 seconds

(training_methods.py:268) 2025-06-06 22:50:09.485912 | INFO : Avg val. time: 0.0 hours, 0.0 minutes, 3.9426333904266357 seconds
(training_methods.py:269) 2025-06-06 22:50:09.485973 | INFO : Avg batch val. time: 0.7885266780853272 seconds
(training_methods.py:270) 2025-06-06 22:50:09.486022 | INFO : Avg sample val. time: 0.01314211130142212 seconds
(training_methods.py:276) 2025-06-06 22:50:09.486081 | INFO : report:               precision    recall  f1-score   support

           0       0.00      0.00      0.00         6
           1       0.00      0.00      0.00        10
           2       0.33      0.14      0.20        29
           3       0.00      0.00      0.00        11
           4       0.00      0.00      0.00        19
           5       0.00      0.00      0.00         9
           6       0.08      0.10      0.09        10
           7       0.25      0.23      0.24        13
           8       0.00      0.00      0.00        11
           9       0.00      0.00      0.00        11
          10       0.08      0.09      0.09        11
          11       0.00      0.00      0.00        14
          12       0.00      0.00      0.00        10
          13       0.00      0.00      0.00        13
          14       0.00      0.00      0.00         8
          15       0.00      0.00      0.00        34
          16       0.25      0.27      0.26        11
          17       0.08      0.17      0.11         6
          18       0.08      0.11      0.10         9
          19       0.00      0.00      0.00        12
          20       0.00      0.00      0.00         9
          21       0.00      0.00      0.00         4
          22       0.00      0.00      0.00         9
          23       0.00      0.00      0.00        15
          24       0.08      0.17      0.11         6

    accuracy                           0.05       300
   macro avg       0.05      0.05      0.05       300
weighted avg       0.06      0.05      0.05       300

(training_methods.py:282) 2025-06-06 22:50:09.486168 | INFO : Epoch 0 Validation Summary: epoch: 0.000000 | loss: 0.000000 | accuracy: 0.050000 | 
(training_methods.py:312) 2025-06-06 22:50:09.489619 | INFO : ckpt updated.
(training_methods.py:254) 2025-06-06 22:50:09.924016 | INFO : Training Epoch 1   0.0% | batch:         0 of        22
	loss: 0.676606

(training_methods.py:254) 2025-06-06 22:50:10.334261 | INFO : Training Epoch 1  45.5% | batch:        10 of        22
	loss: 0.676508

(training_methods.py:254) 2025-06-06 22:50:10.730978 | INFO : Training Epoch 1  90.9% | batch:        20 of        22
	loss: 0.679592

(training_methods.py:257) 2025-06-06 22:50:10.794028 | INFO : Evaluating on validation set ...
(training_methods.py:254) 2025-06-06 22:50:14.817545 | INFO : Evaluating Epoch 1   0.0% | batch:         0 of         5
	loss: inf

(training_methods.py:262) 2025-06-06 22:50:15.012394 | INFO : Validation runtime: 0.0 hours, 0.0 minutes, 4.218071460723877 seconds

(training_methods.py:268) 2025-06-06 22:50:15.012653 | INFO : Avg val. time: 0.0 hours, 0.0 minutes, 4.080352425575256 seconds
(training_methods.py:269) 2025-06-06 22:50:15.012727 | INFO : Avg batch val. time: 0.8160704851150513 seconds
(training_methods.py:270) 2025-06-06 22:50:15.012772 | INFO : Avg sample val. time: 0.013601174751917522 seconds
(training_methods.py:276) 2025-06-06 22:50:15.012828 | INFO : report:               precision    recall  f1-score   support

           0       0.00      0.00      0.00         0
           1       0.00      0.00      0.00        18
           2       0.58      0.13      0.22        53
           3       0.00      0.00      0.00        24
           4       0.00      0.00      0.00         7
           5       0.00      0.00      0.00         5
           6       0.58      0.37      0.45        19
           7       0.08      0.14      0.11         7
           8       0.00      0.00      0.00        10
           9       0.00      0.00      0.00        15
          10       0.08      0.12      0.10         8
          11       0.00      0.00      0.00         9
          12       0.08      0.33      0.13         3
          13       0.00      0.00      0.00         7
          14       0.00      0.00      0.00         3
          15       0.00      0.00      0.00        25
          16       0.25      0.43      0.32         7
          17       0.08      0.25      0.12         4
          18       0.00      0.00      0.00         5
          19       0.08      0.04      0.06        24
          20       0.00      0.00      0.00         8
          21       0.00      0.00      0.00         8
          22       0.00      0.00      0.00         6
          23       0.00      0.00      0.00         2
          24       0.00      0.00      0.00        23

    accuracy                           0.07       300
   macro avg       0.07      0.07      0.06       300
weighted avg       0.16      0.07      0.09       300

(training_methods.py:282) 2025-06-06 22:50:15.012931 | INFO : Epoch 1 Validation Summary: epoch: 1.000000 | loss: 0.000000 | accuracy: 0.073333 | 
(training_methods.py:312) 2025-06-06 22:50:15.015941 | INFO : ckpt updated.
(training_methods.py:254) 2025-06-06 22:50:16.087518 | INFO : Training Epoch 2   0.0% | batch:         0 of        22
	loss: 0.674314

(training_methods.py:254) 2025-06-06 22:50:16.499434 | INFO : Training Epoch 2  45.5% | batch:        10 of        22
	loss: 0.672118

(training_methods.py:254) 2025-06-06 22:50:16.894758 | INFO : Training Epoch 2  90.9% | batch:        20 of        22
	loss: 0.674471

(training_methods.py:257) 2025-06-06 22:50:16.959911 | INFO : Evaluating on validation set ...
(training_methods.py:254) 2025-06-06 22:50:21.121881 | INFO : Evaluating Epoch 2   0.0% | batch:         0 of         5
	loss: inf

(training_methods.py:262) 2025-06-06 22:50:21.314853 | INFO : Validation runtime: 0.0 hours, 0.0 minutes, 4.35463809967041 seconds

(training_methods.py:268) 2025-06-06 22:50:21.315121 | INFO : Avg val. time: 0.0 hours, 0.0 minutes, 4.171780983606975 seconds
(training_methods.py:269) 2025-06-06 22:50:21.315196 | INFO : Avg batch val. time: 0.8343561967213949 seconds
(training_methods.py:270) 2025-06-06 22:50:21.315242 | INFO : Avg sample val. time: 0.013905936612023249 seconds
(training_methods.py:276) 2025-06-06 22:50:21.315309 | INFO : report:               precision    recall  f1-score   support

           0       0.00      0.00      0.00         4
           1       0.00      0.00      0.00        27
           2       0.42      0.22      0.29        23
           3       0.00      0.00      0.00        18
           4       0.00      0.00      0.00         5
           5       0.00      0.00      0.00         1
           6       0.58      0.50      0.54        14
           7       0.08      0.20      0.12         5
           8       0.00      0.00      0.00         7
           9       0.00      0.00      0.00        19
          10       0.00      0.00      0.00         7
          11       0.00      0.00      0.00         0
          12       0.00      0.00      0.00         7
          13       0.00      0.00      0.00        18
          14       0.00      0.00      0.00        26
          15       0.17      0.07      0.10        27
          16       0.08      0.50      0.14         2
          17       0.08      0.08      0.08        13
          18       0.08      0.05      0.06        19
          19       0.00      0.00      0.00        15
          20       0.00      0.00      0.00        12
          21       0.00      0.00      0.00         6
          22       0.00      0.00      0.00        13
          23       0.00      0.00      0.00         6
          24       0.00      0.00      0.00         6

    accuracy                           0.06       300
   macro avg       0.06      0.06      0.05       300
weighted avg       0.09      0.06      0.07       300

(training_methods.py:282) 2025-06-06 22:50:21.315406 | INFO : Epoch 2 Validation Summary: epoch: 2.000000 | loss: 0.000000 | accuracy: 0.060000 | 
(training_methods.py:312) 2025-06-06 22:50:21.318575 | INFO : ckpt updated.
(training_methods.py:254) 2025-06-06 22:50:22.359241 | INFO : Training Epoch 3   0.0% | batch:         0 of        22
	loss: 0.680179

(training_methods.py:254) 2025-06-06 22:50:22.772827 | INFO : Training Epoch 3  45.5% | batch:        10 of        22
	loss: 0.674686

(training_methods.py:254) 2025-06-06 22:50:23.175340 | INFO : Training Epoch 3  90.9% | batch:        20 of        22
	loss: 0.67151

(training_methods.py:257) 2025-06-06 22:50:23.239712 | INFO : Evaluating on validation set ...
(training_methods.py:254) 2025-06-06 22:50:27.669289 | INFO : Evaluating Epoch 3   0.0% | batch:         0 of         5
	loss: inf

(training_methods.py:262) 2025-06-06 22:50:27.864170 | INFO : Validation runtime: 0.0 hours, 0.0 minutes, 4.624172687530518 seconds

(training_methods.py:268) 2025-06-06 22:50:27.864410 | INFO : Avg val. time: 0.0 hours, 0.0 minutes, 4.28487890958786 seconds
(training_methods.py:269) 2025-06-06 22:50:27.864489 | INFO : Avg batch val. time: 0.8569757819175721 seconds
(training_methods.py:270) 2025-06-06 22:50:27.864533 | INFO : Avg sample val. time: 0.0142829296986262 seconds
(training_methods.py:276) 2025-06-06 22:50:27.864589 | INFO : report:               precision    recall  f1-score   support

           0       0.00      0.00      0.00         4
           1       0.00      0.00      0.00        41
           2       0.67      0.28      0.39        29
           3       0.00      0.00      0.00        14
           4       0.00      0.00      0.00         4
           5       0.00      0.00      0.00         5
           6       0.25      0.33      0.29         9
           7       0.17      0.13      0.15        15
           8       0.00      0.00      0.00         3
           9       0.00      0.00      0.00         8
          10       0.00      0.00      0.00         4
          11       0.00      0.00      0.00         1
          12       0.00      0.00      0.00        10
          13       0.00      0.00      0.00         4
          14       0.00      0.00      0.00        26
          15       0.08      0.04      0.05        25
          16       0.08      0.50      0.14         2
          17       0.08      0.07      0.08        14
          18       0.08      0.06      0.07        17
          19       0.00      0.00      0.00        22
          20       0.00      0.00      0.00         8
          21       0.00      0.00      0.00         7
          22       0.00      0.00      0.00        11
          23       0.00      0.00      0.00         3
          24       0.33      0.29      0.31        14

    accuracy                           0.07       300
   macro avg       0.07      0.07      0.06       300
weighted avg       0.11      0.07      0.08       300

(training_methods.py:282) 2025-06-06 22:50:27.864694 | INFO : Epoch 3 Validation Summary: epoch: 3.000000 | loss: 0.000000 | accuracy: 0.070000 | 
(training_methods.py:312) 2025-06-06 22:50:27.867834 | INFO : ckpt updated.
(training_methods.py:254) 2025-06-06 22:50:28.916711 | INFO : Training Epoch 4   0.0% | batch:         0 of        22
	loss: 0.68445

(training_methods.py:254) 2025-06-06 22:50:29.338352 | INFO : Training Epoch 4  45.5% | batch:        10 of        22
	loss: 0.660081

(training_methods.py:254) 2025-06-06 22:50:29.743975 | INFO : Training Epoch 4  90.9% | batch:        20 of        22
	loss: 0.67246

(training_methods.py:257) 2025-06-06 22:50:29.808119 | INFO : Evaluating on validation set ...
(training_methods.py:254) 2025-06-06 22:50:34.474234 | INFO : Evaluating Epoch 4   0.0% | batch:         0 of         5
	loss: inf

(training_methods.py:262) 2025-06-06 22:50:34.663886 | INFO : Validation runtime: 0.0 hours, 0.0 minutes, 4.855469226837158 seconds

(training_methods.py:268) 2025-06-06 22:50:34.664117 | INFO : Avg val. time: 0.0 hours, 0.0 minutes, 4.39899697303772 seconds
(training_methods.py:269) 2025-06-06 22:50:34.664191 | INFO : Avg batch val. time: 0.879799394607544 seconds
(training_methods.py:270) 2025-06-06 22:50:34.664235 | INFO : Avg sample val. time: 0.014663323243459066 seconds
(training_methods.py:276) 2025-06-06 22:50:34.664291 | INFO : report:               precision    recall  f1-score   support

           0       0.00      0.00      0.00         9
           1       0.00      0.00      0.00        18
           2       0.33      0.14      0.20        29
           3       0.00      0.00      0.00        20
           4       0.00      0.00      0.00         7
           5       0.00      0.00      0.00         2
           6       0.00      0.00      0.00         3
           7       0.00      0.00      0.00        13
           8       0.00      0.00      0.00         4
           9       0.25      0.08      0.12        38
          10       0.00      0.00      0.00         5
          11       0.00      0.00      0.00         7
          12       0.00      0.00      0.00         4
          13       0.00      0.00      0.00        10
          14       0.00      0.00      0.00        10
          15       0.00      0.00      0.00        30
          16       0.00      0.00      0.00         0
          17       0.08      0.05      0.06        19
          18       0.08      0.20      0.12         5
          19       0.00      0.00      0.00        22
          20       0.00      0.00      0.00        10
          21       0.25      0.19      0.21        16
          22       0.00      0.00      0.00         5
          23       0.00      0.00      0.00         1
          24       0.25      0.23      0.24        13

    accuracy                           0.05       300
   macro avg       0.05      0.04      0.04       300
weighted avg       0.09      0.05      0.06       300

(training_methods.py:282) 2025-06-06 22:50:34.664387 | INFO : Epoch 4 Validation Summary: epoch: 4.000000 | loss: 0.000000 | accuracy: 0.050000 | 
(training_methods.py:312) 2025-06-06 22:50:34.667447 | INFO : ckpt updated.
(training_methods.py:254) 2025-06-06 22:50:35.912680 | INFO : Training Epoch 5   0.0% | batch:         0 of        22
	loss: 0.673669

(training_methods.py:254) 2025-06-06 22:50:36.350025 | INFO : Training Epoch 5  45.5% | batch:        10 of        22
	loss: 0.671354

(training_methods.py:254) 2025-06-06 22:50:36.783520 | INFO : Training Epoch 5  90.9% | batch:        20 of        22
	loss: 0.661528

(training_methods.py:257) 2025-06-06 22:50:36.852255 | INFO : Evaluating on validation set ...
(training_methods.py:254) 2025-06-06 22:50:41.665647 | INFO : Evaluating Epoch 5   0.0% | batch:         0 of         5
	loss: inf

(training_methods.py:262) 2025-06-06 22:50:41.857065 | INFO : Validation runtime: 0.0 hours, 0.0 minutes, 5.004500389099121 seconds

(training_methods.py:268) 2025-06-06 22:50:41.857347 | INFO : Avg val. time: 0.0 hours, 0.0 minutes, 4.499914209047954 seconds
(training_methods.py:269) 2025-06-06 22:50:41.857433 | INFO : Avg batch val. time: 0.8999828418095908 seconds
(training_methods.py:270) 2025-06-06 22:50:41.857478 | INFO : Avg sample val. time: 0.014999714030159846 seconds
(training_methods.py:276) 2025-06-06 22:50:41.857540 | INFO : report:               precision    recall  f1-score   support

           0       0.00      0.00      0.00         3
           1       0.00      0.00      0.00        12
           2       0.58      0.17      0.26        42
           3       0.00      0.00      0.00        17
           4       0.00      0.00      0.00         2
           5       0.00      0.00      0.00         2
           6       0.00      0.00      0.00         7
           7       0.00      0.00      0.00        13
           8       0.00      0.00      0.00         8
           9       0.17      0.10      0.12        21
          10       0.00      0.00      0.00         7
          11       0.00      0.00      0.00        26
          12       0.00      0.00      0.00         6
          13       0.00      0.00      0.00        17
          14       0.00      0.00      0.00        23
          15       0.00      0.00      0.00        10
          16       0.00      0.00      0.00         0
          17       0.08      0.05      0.06        21
          18       0.08      0.05      0.06        21
          19       0.00      0.00      0.00         8
          20       0.00      0.00      0.00         0
          21       0.00      0.00      0.00        15
          22       0.00      0.00      0.00         1
          23       0.00      0.00      0.00         0
          24       0.08      0.06      0.07        18

    accuracy                           0.04       300
   macro avg       0.04      0.02      0.02       300
weighted avg       0.11      0.04      0.06       300

(training_methods.py:282) 2025-06-06 22:50:41.857616 | INFO : Epoch 5 Validation Summary: epoch: 5.000000 | loss: 0.000000 | accuracy: 0.040000 | 
(training_methods.py:312) 2025-06-06 22:50:41.860606 | INFO : ckpt updated.
(training_methods.py:254) 2025-06-06 22:50:42.842159 | INFO : Training Epoch 6   0.0% | batch:         0 of        22
	loss: 0.655498

(training_methods.py:254) 2025-06-06 22:50:43.276782 | INFO : Training Epoch 6  45.5% | batch:        10 of        22
	loss: 0.645299

(training_methods.py:254) 2025-06-06 22:50:43.691389 | INFO : Training Epoch 6  90.9% | batch:        20 of        22
	loss: 0.646232

(training_methods.py:257) 2025-06-06 22:50:43.757527 | INFO : Evaluating on validation set ...
