(dataloaders.py:51) 2025-06-06 22:22:08.602666 | INFO : train_ds length: 275, valid_ds length: 300
(process_model.py:276) 2025-06-06 22:22:08.607100 | INFO : {'feat_dim': 9, 'seq_len': 144, 'device': 'cpu'}
(process_model.py:277) 2025-06-06 22:22:08.607233 | INFO : TNC(
  (encoder): RnnEncoder(
    (nn): Sequential(
      (0): Linear(in_features=200, out_features=10, bias=True)
    )
    (rnn): GRU(9, 100, bidirectional=True)
  )
  (disc_model): Discriminator(
    (model): Sequential(
      (0): Linear(in_features=20, out_features=40, bias=True)
      (1): ReLU(inplace=True)
      (2): Dropout(p=0.5, inplace=False)
      (3): Linear(in_features=40, out_features=1, bias=True)
    )
  )
)
(training_methods.py:254) 2025-06-06 22:22:09.249183 | INFO : Training Epoch 0   0.0% | batch:         0 of         5
	loss: 0.702907

(training_methods.py:257) 2025-06-06 22:22:09.382101 | INFO : Evaluating on validation set ...
(training_methods.py:254) 2025-06-06 22:22:09.951530 | INFO : Evaluating Epoch 0   0.0% | batch:         0 of         5
	loss: inf

(training_methods.py:262) 2025-06-06 22:22:10.003274 | INFO : Validation runtime: 0.0 hours, 0.0 minutes, 0.6208648681640625 seconds

(training_methods.py:268) 2025-06-06 22:22:10.003552 | INFO : Avg val. time: 0.0 hours, 0.0 minutes, 0.6208648681640625 seconds
(training_methods.py:269) 2025-06-06 22:22:10.003618 | INFO : Avg batch val. time: 0.1241729736328125 seconds
(training_methods.py:270) 2025-06-06 22:22:10.003670 | INFO : Avg sample val. time: 0.002069549560546875 seconds
(training_methods.py:276) 2025-06-06 22:22:10.003733 | INFO : report:               precision    recall  f1-score   support

           0       0.00      0.00      0.00        12
           1       0.00      0.00      0.00         8
           2       0.25      0.12      0.16        26
           3       0.00      0.00      0.00        10
           4       0.00      0.00      0.00        19
           5       0.00      0.00      0.00         1
           6       0.08      0.20      0.12         5
           7       0.08      0.12      0.10         8
           8       0.17      0.09      0.11        23
           9       0.00      0.00      0.00         5
          10       0.00      0.00      0.00         7
          11       0.00      0.00      0.00        21
          12       0.08      0.17      0.11         6
          13       0.00      0.00      0.00         5
          14       0.00      0.00      0.00        18
          15       0.08      0.05      0.06        21
          16       0.17      0.22      0.19         9
          17       0.08      0.06      0.07        16
          18       0.25      0.14      0.18        21
          19       0.00      0.00      0.00         8
          20       0.00      0.00      0.00         9
          21       0.00      0.00      0.00         9
          22       0.00      0.00      0.00         9
          23       0.00      0.00      0.00        12
          24       0.08      0.08      0.08        12

    accuracy                           0.05       300
   macro avg       0.05      0.05      0.05       300
weighted avg       0.08      0.05      0.06       300

(training_methods.py:282) 2025-06-06 22:22:10.003817 | INFO : Epoch 0 Validation Summary: epoch: 0.000000 | loss: 0.000000 | accuracy: 0.053333 | 
(training_methods.py:312) 2025-06-06 22:22:10.007218 | INFO : ckpt updated.
(training_methods.py:254) 2025-06-06 22:22:10.213749 | INFO : Training Epoch 1   0.0% | batch:         0 of         5
	loss: 0.690808

(training_methods.py:257) 2025-06-06 22:22:10.351552 | INFO : Evaluating on validation set ...
(training_methods.py:254) 2025-06-06 22:22:10.906197 | INFO : Evaluating Epoch 1   0.0% | batch:         0 of         5
	loss: inf

(training_methods.py:262) 2025-06-06 22:22:10.961369 | INFO : Validation runtime: 0.0 hours, 0.0 minutes, 0.6095123291015625 seconds

(training_methods.py:268) 2025-06-06 22:22:10.961722 | INFO : Avg val. time: 0.0 hours, 0.0 minutes, 0.6151885986328125 seconds
(training_methods.py:269) 2025-06-06 22:22:10.961789 | INFO : Avg batch val. time: 0.1230377197265625 seconds
(training_methods.py:270) 2025-06-06 22:22:10.961867 | INFO : Avg sample val. time: 0.002050628662109375 seconds
(training_methods.py:276) 2025-06-06 22:22:10.961924 | INFO : report:               precision    recall  f1-score   support

           0       0.00      0.00      0.00        16
           1       0.00      0.00      0.00        14
           2       0.08      0.08      0.08        13
           3       0.00      0.00      0.00        13
           4       0.00      0.00      0.00        13
           5       0.00      0.00      0.00         6
           6       0.25      0.25      0.25        12
           7       0.17      0.13      0.15        15
           8       0.08      0.07      0.08        14
           9       0.00      0.00      0.00         7
          10       0.08      0.08      0.08        12
          11       0.00      0.00      0.00         8
          12       0.00      0.00      0.00        15
          13       0.00      0.00      0.00        10
          14       0.00      0.00      0.00        17
          15       0.00      0.00      0.00        24
          16       0.17      0.50      0.25         4
          17       0.00      0.00      0.00         7
          18       0.08      0.05      0.06        20
          19       0.00      0.00      0.00        13
          20       0.00      0.00      0.00         5
          21       0.00      0.00      0.00         6
          22       0.08      0.06      0.07        16
          23       0.00      0.00      0.00        12
          24       0.17      0.25      0.20         8

    accuracy                           0.05       300
   macro avg       0.05      0.06      0.05       300
weighted avg       0.05      0.05      0.04       300

(training_methods.py:282) 2025-06-06 22:22:10.962007 | INFO : Epoch 1 Validation Summary: epoch: 1.000000 | loss: 0.000000 | accuracy: 0.046667 | 
(training_methods.py:312) 2025-06-06 22:22:10.964926 | INFO : ckpt updated.
(training_methods.py:254) 2025-06-06 22:22:11.243197 | INFO : Training Epoch 2   0.0% | batch:         0 of         5
	loss: 0.688108

(training_methods.py:257) 2025-06-06 22:22:11.384708 | INFO : Evaluating on validation set ...
(training_methods.py:254) 2025-06-06 22:22:11.970824 | INFO : Evaluating Epoch 2   0.0% | batch:         0 of         5
	loss: inf

(training_methods.py:262) 2025-06-06 22:22:12.018608 | INFO : Validation runtime: 0.0 hours, 0.0 minutes, 0.633596658706665 seconds

(training_methods.py:268) 2025-06-06 22:22:12.018825 | INFO : Avg val. time: 0.0 hours, 0.0 minutes, 0.62132461865743 seconds
(training_methods.py:269) 2025-06-06 22:22:12.018889 | INFO : Avg batch val. time: 0.12426492373148601 seconds
(training_methods.py:270) 2025-06-06 22:22:12.018940 | INFO : Avg sample val. time: 0.0020710820621914336 seconds
(training_methods.py:276) 2025-06-06 22:22:12.018993 | INFO : report:               precision    recall  f1-score   support

           0       0.00      0.00      0.00         5
           1       0.00      0.00      0.00        14
           2       0.33      0.18      0.24        22
           3       0.00      0.00      0.00         8
           4       0.00      0.00      0.00        19
           5       0.00      0.00      0.00        12
           6       0.33      0.25      0.29        16
           7       0.08      0.08      0.08        12
           8       0.42      0.19      0.26        26
           9       0.00      0.00      0.00         9
          10       0.00      0.00      0.00        13
          11       0.00      0.00      0.00         5
          12       0.08      0.20      0.12         5
          13       0.00      0.00      0.00         5
          14       0.00      0.00      0.00        11
          15       0.25      0.15      0.19        20
          16       0.17      0.14      0.15        14
          17       0.08      0.09      0.09        11
          18       0.33      0.31      0.32        13
          19       0.17      0.25      0.20         8
          20       0.00      0.00      0.00        11
          21       0.00      0.00      0.00        11
          22       0.00      0.00      0.00         5
          23       0.00      0.00      0.00        15
          24       0.00      0.00      0.00        10

    accuracy                           0.09       300
   macro avg       0.09      0.07      0.08       300
weighted avg       0.13      0.09      0.10       300

(training_methods.py:282) 2025-06-06 22:22:12.019077 | INFO : Epoch 2 Validation Summary: epoch: 2.000000 | loss: 0.000000 | accuracy: 0.090000 | 
(training_methods.py:312) 2025-06-06 22:22:12.021751 | INFO : ckpt updated.
(training_methods.py:254) 2025-06-06 22:22:12.247459 | INFO : Training Epoch 3   0.0% | batch:         0 of         5
	loss: 0.683373

(training_methods.py:257) 2025-06-06 22:22:12.389949 | INFO : Evaluating on validation set ...
(training_methods.py:254) 2025-06-06 22:22:12.938931 | INFO : Evaluating Epoch 3   0.0% | batch:         0 of         5
	loss: inf

(training_methods.py:262) 2025-06-06 22:22:12.986768 | INFO : Validation runtime: 0.0 hours, 0.0 minutes, 0.5965375900268555 seconds

(training_methods.py:268) 2025-06-06 22:22:12.986960 | INFO : Avg val. time: 0.0 hours, 0.0 minutes, 0.6151278614997864 seconds
(training_methods.py:269) 2025-06-06 22:22:12.987015 | INFO : Avg batch val. time: 0.12302557229995728 seconds
(training_methods.py:270) 2025-06-06 22:22:12.987061 | INFO : Avg sample val. time: 0.002050426204999288 seconds
(training_methods.py:276) 2025-06-06 22:22:12.987110 | INFO : report:               precision    recall  f1-score   support

           0       0.00      0.00      0.00         4
           1       0.00      0.00      0.00        17
           2       0.33      0.13      0.19        31
           3       0.00      0.00      0.00         7
           4       0.00      0.00      0.00         5
           5       0.00      0.00      0.00         3
           6       0.25      0.75      0.38         4
           7       0.08      0.08      0.08        13
           8       0.25      0.11      0.15        28
           9       0.00      0.00      0.00         7
          10       0.00      0.00      0.00        15
          11       0.00      0.00      0.00        17
          12       0.00      0.00      0.00        11
          13       0.00      0.00      0.00         6
          14       0.00      0.00      0.00         7
          15       0.00      0.00      0.00        17
          16       0.25      0.27      0.26        11
          17       0.08      0.06      0.07        17
          18       0.08      0.17      0.11         6
          19       0.00      0.00      0.00        27
          20       0.00      0.00      0.00         9
          21       0.00      0.00      0.00        20
          22       0.00      0.00      0.00         2
          23       0.08      0.08      0.08        12
          24       0.00      0.00      0.00         4

    accuracy                           0.06       300
   macro avg       0.06      0.07      0.05       300
weighted avg       0.08      0.06      0.06       300

(training_methods.py:282) 2025-06-06 22:22:12.987200 | INFO : Epoch 3 Validation Summary: epoch: 3.000000 | loss: 0.000000 | accuracy: 0.056667 | 
(training_methods.py:312) 2025-06-06 22:22:12.990016 | INFO : ckpt updated.
(training_methods.py:254) 2025-06-06 22:22:13.245011 | INFO : Training Epoch 4   0.0% | batch:         0 of         5
	loss: 0.68721

(training_methods.py:257) 2025-06-06 22:22:13.385337 | INFO : Evaluating on validation set ...
(training_methods.py:254) 2025-06-06 22:22:13.928203 | INFO : Evaluating Epoch 4   0.0% | batch:         0 of         5
	loss: inf

(training_methods.py:262) 2025-06-06 22:22:13.979811 | INFO : Validation runtime: 0.0 hours, 0.0 minutes, 0.5942482948303223 seconds

(training_methods.py:268) 2025-06-06 22:22:13.980022 | INFO : Avg val. time: 0.0 hours, 0.0 minutes, 0.6109519481658936 seconds
(training_methods.py:269) 2025-06-06 22:22:13.980077 | INFO : Avg batch val. time: 0.12219038963317871 seconds
(training_methods.py:270) 2025-06-06 22:22:13.980123 | INFO : Avg sample val. time: 0.002036506493886312 seconds
(training_methods.py:276) 2025-06-06 22:22:13.980181 | INFO : report:               precision    recall  f1-score   support

           0       0.00      0.00      0.00         4
           1       0.00      0.00      0.00         8
           2       0.33      0.15      0.21        27
           3       0.00      0.00      0.00        13
           4       0.00      0.00      0.00         3
           5       0.00      0.00      0.00         2
           6       0.00      0.00      0.00        15
           7       0.33      0.16      0.22        25
           8       0.08      0.04      0.05        26
           9       0.00      0.00      0.00         6
          10       0.08      0.08      0.08        13
          11       0.00      0.00      0.00        11
          12       0.00      0.00      0.00         4
          13       0.00      0.00      0.00         7
          14       0.00      0.00      0.00         3
          15       0.08      0.05      0.06        22
          16       0.25      0.12      0.16        25
          17       0.08      0.07      0.07        15
          18       0.08      0.33      0.13         3
          19       0.00      0.00      0.00         8
          20       0.00      0.00      0.00        16
          21       0.00      0.00      0.00        15
          22       0.00      0.00      0.00         9
          23       0.00      0.00      0.00        13
          24       0.00      0.00      0.00         7

    accuracy                           0.05       300
   macro avg       0.05      0.04      0.04       300
weighted avg       0.10      0.05      0.07       300

(training_methods.py:282) 2025-06-06 22:22:13.980270 | INFO : Epoch 4 Validation Summary: epoch: 4.000000 | loss: 0.000000 | accuracy: 0.053333 | 
(training_methods.py:312) 2025-06-06 22:22:13.982829 | INFO : ckpt updated.
(training_methods.py:254) 2025-06-06 22:22:14.207272 | INFO : Training Epoch 5   0.0% | batch:         0 of         5
	loss: 0.664631

(training_methods.py:257) 2025-06-06 22:22:14.356030 | INFO : Evaluating on validation set ...
(training_methods.py:254) 2025-06-06 22:22:14.909810 | INFO : Evaluating Epoch 5   0.0% | batch:         0 of         5
	loss: inf

(training_methods.py:262) 2025-06-06 22:22:14.959955 | INFO : Validation runtime: 0.0 hours, 0.0 minutes, 0.603663444519043 seconds

(training_methods.py:268) 2025-06-06 22:22:14.960142 | INFO : Avg val. time: 0.0 hours, 0.0 minutes, 0.6097371975580851 seconds
(training_methods.py:269) 2025-06-06 22:22:14.960197 | INFO : Avg batch val. time: 0.12194743951161702 seconds
(training_methods.py:270) 2025-06-06 22:22:14.960242 | INFO : Avg sample val. time: 0.002032457325193617 seconds
(training_methods.py:276) 2025-06-06 22:22:14.960290 | INFO : report:               precision    recall  f1-score   support

           0       0.00      0.00      0.00         7
           1       0.08      0.25      0.12         4
           2       0.33      0.20      0.25        20
           3       0.00      0.00      0.00         8
           4       0.00      0.00      0.00         8
           5       0.00      0.00      0.00         5
           6       0.08      0.50      0.14         2
           7       0.25      0.25      0.25        12
           8       0.08      0.04      0.05        27
           9       0.00      0.00      0.00        20
          10       0.00      0.00      0.00        14
          11       0.25      0.10      0.15        29
          12       0.00      0.00      0.00        10
          13       0.00      0.00      0.00         6
          14       0.00      0.00      0.00        10
          15       0.00      0.00      0.00        21
          16       0.08      0.10      0.09        10
          17       0.00      0.00      0.00        14
          18       0.25      0.38      0.30         8
          19       0.00      0.00      0.00        24
          20       0.00      0.00      0.00        10
          21       0.00      0.00      0.00         8
          22       0.00      0.00      0.00        10
          23       0.00      0.00      0.00         9
          24       0.00      0.00      0.00         4

    accuracy                           0.06       300
   macro avg       0.06      0.07      0.05       300
weighted avg       0.07      0.06      0.06       300

(training_methods.py:282) 2025-06-06 22:22:14.960374 | INFO : Epoch 5 Validation Summary: epoch: 5.000000 | loss: 0.000000 | accuracy: 0.056667 | 
(training_methods.py:312) 2025-06-06 22:22:14.962879 | INFO : ckpt updated.
(training_methods.py:254) 2025-06-06 22:22:15.183046 | INFO : Training Epoch 6   0.0% | batch:         0 of         5
	loss: 0.664096

(training_methods.py:257) 2025-06-06 22:22:15.319528 | INFO : Evaluating on validation set ...
(training_methods.py:254) 2025-06-06 22:22:15.866780 | INFO : Evaluating Epoch 6   0.0% | batch:         0 of         5
	loss: inf

(training_methods.py:262) 2025-06-06 22:22:15.911489 | INFO : Validation runtime: 0.0 hours, 0.0 minutes, 0.5916893482208252 seconds

(training_methods.py:268) 2025-06-06 22:22:15.911696 | INFO : Avg val. time: 0.0 hours, 0.0 minutes, 0.607158933367048 seconds
(training_methods.py:269) 2025-06-06 22:22:15.911755 | INFO : Avg batch val. time: 0.12143178667340959 seconds
(training_methods.py:270) 2025-06-06 22:22:15.911798 | INFO : Avg sample val. time: 0.0020238631112234934 seconds
(training_methods.py:276) 2025-06-06 22:22:15.911849 | INFO : report:               precision    recall  f1-score   support

           0       0.00      0.00      0.00         5
           1       0.00      0.00      0.00         3
           2       0.17      0.08      0.11        25
           3       0.00      0.00      0.00         7
           4       0.00      0.00      0.00         3
           5       0.00      0.00      0.00         6
           6       0.00      0.00      0.00         4
           7       0.17      0.14      0.15        14
           8       0.08      0.05      0.06        20
           9       0.00      0.00      0.00         2
          10       0.00      0.00      0.00         9
          11       0.00      0.00      0.00        25
          12       0.00      0.00      0.00         8
          13       0.00      0.00      0.00        10
          14       0.00      0.00      0.00        10
          15       0.42      0.33      0.37        15
          16       0.25      0.23      0.24        13
          17       0.08      0.05      0.06        19
          18       0.08      0.33      0.13         3
          19       0.00      0.00      0.00        26
          20       0.00      0.00      0.00        17
          21       0.00      0.00      0.00        24
          22       0.00      0.00      0.00        19
          23       0.00      0.00      0.00         9
          24       0.00      0.00      0.00         4

    accuracy                           0.05       300
   macro avg       0.05      0.05      0.05       300
weighted avg       0.06      0.05      0.05       300

(training_methods.py:282) 2025-06-06 22:22:15.911933 | INFO : Epoch 6 Validation Summary: epoch: 6.000000 | loss: 0.000000 | accuracy: 0.050000 | 
(training_methods.py:312) 2025-06-06 22:22:15.914668 | INFO : ckpt updated.
(training_methods.py:254) 2025-06-06 22:22:16.123542 | INFO : Training Epoch 7   0.0% | batch:         0 of         5
	loss: 0.664453

(training_methods.py:257) 2025-06-06 22:22:16.261545 | INFO : Evaluating on validation set ...
(training_methods.py:254) 2025-06-06 22:22:16.864302 | INFO : Evaluating Epoch 7   0.0% | batch:         0 of         5
	loss: inf

(training_methods.py:262) 2025-06-06 22:22:16.913824 | INFO : Validation runtime: 0.0 hours, 0.0 minutes, 0.6520428657531738 seconds

(training_methods.py:268) 2025-06-06 22:22:16.914037 | INFO : Avg val. time: 0.0 hours, 0.0 minutes, 0.6127694249153137 seconds
(training_methods.py:269) 2025-06-06 22:22:16.914095 | INFO : Avg batch val. time: 0.12255388498306274 seconds
(training_methods.py:270) 2025-06-06 22:22:16.914142 | INFO : Avg sample val. time: 0.0020425647497177126 seconds
(training_methods.py:276) 2025-06-06 22:22:16.914205 | INFO : report:               precision    recall  f1-score   support

           0       0.00      0.00      0.00         6
           1       0.08      0.14      0.11         7
           2       0.00      0.00      0.00         5
           3       0.00      0.00      0.00        12
           4       0.00      0.00      0.00         3
           5       0.00      0.00      0.00         5
           6       0.00      0.00      0.00         2
           7       0.08      0.10      0.09        10
           8       0.33      0.33      0.33        12
           9       0.00      0.00      0.00         8
          10       0.00      0.00      0.00        22
          11       0.00      0.00      0.00        17
          12       0.00      0.00      0.00        10
          13       0.00      0.00      0.00         0
          14       0.00      0.00      0.00        18
          15       0.00      0.00      0.00        23
          16       0.08      0.11      0.10         9
          17       0.08      0.11      0.10         9
          18       0.08      0.05      0.06        21
          19       0.08      0.02      0.03        57
          20       0.00      0.00      0.00        13
          21       0.00      0.00      0.00        15
          22       0.08      0.17      0.11         6
          23       0.00      0.00      0.00         8
          24       0.00      0.00      0.00         2

    accuracy                           0.04       300
   macro avg       0.04      0.04      0.04       300
weighted avg       0.05      0.04      0.04       300

(training_methods.py:282) 2025-06-06 22:22:16.914288 | INFO : Epoch 7 Validation Summary: epoch: 7.000000 | loss: 0.000000 | accuracy: 0.036667 | 
(training_methods.py:312) 2025-06-06 22:22:16.917079 | INFO : ckpt updated.
(training_methods.py:254) 2025-06-06 22:22:17.143970 | INFO : Training Epoch 8   0.0% | batch:         0 of         5
	loss: 0.658597

(training_methods.py:257) 2025-06-06 22:22:17.291809 | INFO : Evaluating on validation set ...
(training_methods.py:254) 2025-06-06 22:22:17.876659 | INFO : Evaluating Epoch 8   0.0% | batch:         0 of         5
	loss: inf

(training_methods.py:262) 2025-06-06 22:22:17.931031 | INFO : Validation runtime: 0.0 hours, 0.0 minutes, 0.6389346122741699 seconds

(training_methods.py:268) 2025-06-06 22:22:17.931279 | INFO : Avg val. time: 0.0 hours, 0.0 minutes, 0.6156766679551866 seconds
(training_methods.py:269) 2025-06-06 22:22:17.931338 | INFO : Avg batch val. time: 0.12313533359103732 seconds
(training_methods.py:270) 2025-06-06 22:22:17.931384 | INFO : Avg sample val. time: 0.002052255559850622 seconds
(training_methods.py:276) 2025-06-06 22:22:17.931439 | INFO : report:               precision    recall  f1-score   support

           0       0.00      0.00      0.00         8
           1       0.00      0.00      0.00        10
           2       0.17      0.20      0.18        10
           3       0.00      0.00      0.00         7
           4       0.00      0.00      0.00         0
           5       0.00      0.00      0.00        16
           6       0.00      0.00      0.00         4
           7       0.42      0.45      0.43        11
           8       0.00      0.00      0.00        12
           9       0.00      0.00      0.00         5
          10       0.00      0.00      0.00         2
          11       0.00      0.00      0.00        16
          12       0.00      0.00      0.00         0
          13       0.00      0.00      0.00        14
          14       0.00      0.00      0.00        15
          15       0.00      0.00      0.00         6
          16       0.17      0.67      0.27         3
          17       0.08      0.07      0.08        14
          18       0.33      0.10      0.15        40
          19       0.00      0.00      0.00        46
          20       0.00      0.00      0.00        14
          21       0.00      0.00      0.00         8
          22       0.00      0.00      0.00         9
          23       0.08      0.08      0.08        13
          24       0.33      0.24      0.28        17

    accuracy                           0.06       300
   macro avg       0.06      0.07      0.06       300
weighted avg       0.09      0.06      0.07       300

(training_methods.py:282) 2025-06-06 22:22:17.931542 | INFO : Epoch 8 Validation Summary: epoch: 8.000000 | loss: 0.000000 | accuracy: 0.063333 | 
(training_methods.py:312) 2025-06-06 22:22:17.934411 | INFO : ckpt updated.
(training_methods.py:254) 2025-06-06 22:22:18.169257 | INFO : Training Epoch 9   0.0% | batch:         0 of         5
	loss: 0.667615

(training_methods.py:257) 2025-06-06 22:22:18.303005 | INFO : Evaluating on validation set ...
(training_methods.py:254) 2025-06-06 22:22:18.884171 | INFO : Evaluating Epoch 9   0.0% | batch:         0 of         5
	loss: inf

(training_methods.py:262) 2025-06-06 22:22:18.939041 | INFO : Validation runtime: 0.0 hours, 0.0 minutes, 0.6357450485229492 seconds

(training_methods.py:268) 2025-06-06 22:22:18.939265 | INFO : Avg val. time: 0.0 hours, 0.0 minutes, 0.6176835060119629 seconds
(training_methods.py:269) 2025-06-06 22:22:18.939339 | INFO : Avg batch val. time: 0.12353670120239257 seconds
(training_methods.py:270) 2025-06-06 22:22:18.939390 | INFO : Avg sample val. time: 0.0020589450200398764 seconds
(training_methods.py:276) 2025-06-06 22:22:18.939456 | INFO : report:               precision    recall  f1-score   support

           0       0.00      0.00      0.00        14
           1       0.08      0.14      0.11         7
           2       0.08      0.25      0.12         4
           3       0.00      0.00      0.00        20
           4       0.00      0.00      0.00         0
           5       0.00      0.00      0.00         6
           6       0.00      0.00      0.00         9
           7       0.08      0.20      0.12         5
           8       0.00      0.00      0.00        23
           9       0.08      0.06      0.07        16
          10       0.17      0.17      0.17        12
          11       0.00      0.00      0.00        34
          12       0.00      0.00      0.00         0
          13       0.00      0.00      0.00        24
          14       0.00      0.00      0.00         4
          15       0.00      0.00      0.00         9
          16       0.17      0.33      0.22         6
          17       0.08      0.11      0.10         9
          18       0.33      0.11      0.16        37
          19       0.00      0.00      0.00         3
          20       0.00      0.00      0.00        25
          21       0.00      0.00      0.00         8
          22       0.17      0.29      0.21         7
          23       0.00      0.00      0.00         9
          24       0.00      0.00      0.00         9

    accuracy                           0.05       300
   macro avg       0.05      0.07      0.05       300
weighted avg       0.07      0.05      0.05       300

(training_methods.py:282) 2025-06-06 22:22:18.939564 | INFO : Epoch 9 Validation Summary: epoch: 9.000000 | loss: 0.000000 | accuracy: 0.050000 | 
(training_methods.py:312) 2025-06-06 22:22:18.942643 | INFO : ckpt updated.
(training_methods.py:254) 2025-06-06 22:22:19.160995 | INFO : Training Epoch 10   0.0% | batch:         0 of         5
	loss: 0.652107

(training_methods.py:257) 2025-06-06 22:22:19.294880 | INFO : Evaluating on validation set ...
(training_methods.py:254) 2025-06-06 22:22:19.942997 | INFO : Evaluating Epoch 10   0.0% | batch:         0 of         5
	loss: inf

(training_methods.py:262) 2025-06-06 22:22:19.996558 | INFO : Validation runtime: 0.0 hours, 0.0 minutes, 0.7013840675354004 seconds

(training_methods.py:268) 2025-06-06 22:22:19.996756 | INFO : Avg val. time: 0.0 hours, 0.0 minutes, 0.625292647968639 seconds
(training_methods.py:269) 2025-06-06 22:22:19.996812 | INFO : Avg batch val. time: 0.12505852959372782 seconds
(training_methods.py:270) 2025-06-06 22:22:19.996858 | INFO : Avg sample val. time: 0.00208430882656213 seconds
(training_methods.py:276) 2025-06-06 22:22:19.996907 | INFO : report:               precision    recall  f1-score   support

           0       0.00      0.00      0.00        15
           1       0.00      0.00      0.00         5
           2       0.08      0.25      0.12         4
           3       0.00      0.00      0.00        33
           4       0.00      0.00      0.00         0
           5       0.00      0.00      0.00         9
           6       0.00      0.00      0.00         4
           7       0.00      0.00      0.00         1
           8       0.00      0.00      0.00         1
           9       0.17      0.11      0.13        19
          10       0.00      0.00      0.00         4
          11       0.00      0.00      0.00        49
          12       0.00      0.00      0.00         0
          13       0.00      0.00      0.00        17
          14       0.00      0.00      0.00         4
          15       0.00      0.00      0.00        50
          16       0.00      0.00      0.00         0
          17       0.00      0.00      0.00        23
          18       0.17      0.17      0.17        12
          19       0.00      0.00      0.00         5
          20       0.00      0.00      0.00        13
          21       0.08      0.10      0.09        10
          22       0.00      0.00      0.00         3
          23       0.00      0.00      0.00         8
          24       0.17      0.18      0.17        11

    accuracy                           0.03       300
   macro avg       0.03      0.03      0.03       300
weighted avg       0.03      0.03      0.03       300

(training_methods.py:282) 2025-06-06 22:22:19.997006 | INFO : Epoch 10 Validation Summary: epoch: 10.000000 | loss: 0.000000 | accuracy: 0.026667 | 
(training_methods.py:312) 2025-06-06 22:22:19.999625 | INFO : ckpt updated.
(training_methods.py:254) 2025-06-06 22:22:20.229485 | INFO : Training Epoch 11   0.0% | batch:         0 of         5
	loss: 0.662862

(training_methods.py:257) 2025-06-06 22:22:20.365864 | INFO : Evaluating on validation set ...
(training_methods.py:254) 2025-06-06 22:22:20.943376 | INFO : Evaluating Epoch 11   0.0% | batch:         0 of         5
	loss: inf

(training_methods.py:262) 2025-06-06 22:22:20.988589 | INFO : Validation runtime: 0.0 hours, 0.0 minutes, 0.6224582195281982 seconds

(training_methods.py:268) 2025-06-06 22:22:20.988796 | INFO : Avg val. time: 0.0 hours, 0.0 minutes, 0.6250564455986023 seconds
(training_methods.py:269) 2025-06-06 22:22:20.988849 | INFO : Avg batch val. time: 0.12501128911972045 seconds
(training_methods.py:270) 2025-06-06 22:22:20.988892 | INFO : Avg sample val. time: 0.0020835214853286745 seconds
(training_methods.py:276) 2025-06-06 22:22:20.988942 | INFO : report:               precision    recall  f1-score   support

           0       0.00      0.00      0.00         4
           1       0.00      0.00      0.00        11
           2       0.00      0.00      0.00         8
           3       0.00      0.00      0.00        13
           4       0.00      0.00      0.00         1
           5       0.00      0.00      0.00         7
           6       0.00      0.00      0.00         0
           7       0.08      0.50      0.14         2
           8       0.42      0.17      0.24        30
           9       0.17      0.10      0.12        20
          10       0.00      0.00      0.00         0
          11       0.00      0.00      0.00        20
          12       0.00      0.00      0.00         0
          13       0.00      0.00      0.00        19
          14       0.00      0.00      0.00         2
          15       0.08      0.02      0.03        50
          16       0.08      0.50      0.14         2
          17       0.17      0.09      0.12        22
          18       0.50      0.14      0.22        43
          19       0.00      0.00      0.00         8
          20       0.00      0.00      0.00        25
          21       0.00      0.00      0.00         2
          22       0.00      0.00      0.00         0
          23       0.00      0.00      0.00         1
          24       0.17      0.20      0.18        10

    accuracy                           0.07       300
   macro avg       0.07      0.07      0.05       300
weighted avg       0.16      0.07      0.09       300

(training_methods.py:282) 2025-06-06 22:22:20.989036 | INFO : Epoch 11 Validation Summary: epoch: 11.000000 | loss: 0.000000 | accuracy: 0.066667 | 
(training_methods.py:312) 2025-06-06 22:22:20.991655 | INFO : ckpt updated.
(training_methods.py:254) 2025-06-06 22:22:21.226373 | INFO : Training Epoch 12   0.0% | batch:         0 of         5
	loss: 0.645277

(training_methods.py:257) 2025-06-06 22:22:21.361584 | INFO : Evaluating on validation set ...
(training_methods.py:254) 2025-06-06 22:22:21.958819 | INFO : Evaluating Epoch 12   0.0% | batch:         0 of         5
	loss: inf

(training_methods.py:262) 2025-06-06 22:22:22.006905 | INFO : Validation runtime: 0.0 hours, 0.0 minutes, 0.6450433731079102 seconds

(training_methods.py:268) 2025-06-06 22:22:22.007136 | INFO : Avg val. time: 0.0 hours, 0.0 minutes, 0.6265939015608567 seconds
(training_methods.py:269) 2025-06-06 22:22:22.007191 | INFO : Avg batch val. time: 0.12531878031217134 seconds
(training_methods.py:270) 2025-06-06 22:22:22.007237 | INFO : Avg sample val. time: 0.002088646338536189 seconds
(training_methods.py:276) 2025-06-06 22:22:22.007289 | INFO : report:               precision    recall  f1-score   support

           0       0.33      0.16      0.22        25
           1       0.08      0.11      0.10         9
           2       0.33      0.14      0.20        28
           3       0.00      0.00      0.00        22
           4       0.00      0.00      0.00        17
           5       0.00      0.00      0.00        20
           6       0.00      0.00      0.00         8
           7       0.17      0.33      0.22         6
           8       0.75      0.64      0.69        14
           9       0.17      0.15      0.16        13
          10       0.00      0.00      0.00        13
          11       0.00      0.00      0.00        34
          12       0.00      0.00      0.00         3
          13       0.00      0.00      0.00         6
          14       0.00      0.00      0.00        26
          15       0.00      0.00      0.00         1
          16       0.00      0.00      0.00         4
          17       0.08      0.03      0.05        30
          18       0.08      0.50      0.14         2
          19       0.00      0.00      0.00         5
          20       0.00      0.00      0.00         0
          21       0.00      0.00      0.00         8
          22       0.00      0.00      0.00         0
          23       0.00      0.00      0.00         1
          24       0.00      0.00      0.00         5

    accuracy                           0.08       300
   macro avg       0.08      0.08      0.07       300
weighted avg       0.12      0.08      0.09       300

(training_methods.py:282) 2025-06-06 22:22:22.007377 | INFO : Epoch 12 Validation Summary: epoch: 12.000000 | loss: 0.000000 | accuracy: 0.080000 | 
(training_methods.py:312) 2025-06-06 22:22:22.010468 | INFO : ckpt updated.
(training_methods.py:254) 2025-06-06 22:22:22.218287 | INFO : Training Epoch 13   0.0% | batch:         0 of         5
	loss: 0.645121

(training_methods.py:257) 2025-06-06 22:22:22.371894 | INFO : Evaluating on validation set ...
(training_methods.py:254) 2025-06-06 22:22:22.968783 | INFO : Evaluating Epoch 13   0.0% | batch:         0 of         5
	loss: inf

(training_methods.py:262) 2025-06-06 22:22:23.022192 | INFO : Validation runtime: 0.0 hours, 0.0 minutes, 0.6500124931335449 seconds

(training_methods.py:268) 2025-06-06 22:22:23.022424 | INFO : Avg val. time: 0.0 hours, 0.0 minutes, 0.6282666581017631 seconds
(training_methods.py:269) 2025-06-06 22:22:23.022495 | INFO : Avg batch val. time: 0.1256533316203526 seconds
(training_methods.py:270) 2025-06-06 22:22:23.022563 | INFO : Avg sample val. time: 0.0020942221936725435 seconds
(training_methods.py:276) 2025-06-06 22:22:23.022634 | INFO : report:               precision    recall  f1-score   support

           0       0.00      0.00      0.00         7
           1       0.17      0.50      0.25         4
           2       0.17      0.08      0.11        25
           3       0.00      0.00      0.00        25
           4       0.00      0.00      0.00        20
           5       0.00      0.00      0.00        12
           6       0.00      0.00      0.00         0
           7       0.17      0.22      0.19         9
           8       0.08      0.05      0.06        19
           9       0.17      0.25      0.20         8
          10       0.00      0.00      0.00        11
          11       0.00      0.00      0.00        30
          12       0.00      0.00      0.00         8
          13       0.00      0.00      0.00        10
          14       0.00      0.00      0.00        11
          15       0.00      0.00      0.00        12
          16       0.00      0.00      0.00         5
          17       0.00      0.00      0.00         8
          18       0.17      0.29      0.21         7
          19       0.00      0.00      0.00         4
          20       0.00      0.00      0.00         7
          21       0.00      0.00      0.00        10
          22       0.00      0.00      0.00        13
          23       0.00      0.00      0.00        27
          24       0.00      0.00      0.00         8

    accuracy                           0.04       300
   macro avg       0.04      0.06      0.04       300
weighted avg       0.03      0.04      0.03       300

(training_methods.py:282) 2025-06-06 22:22:23.022766 | INFO : Epoch 13 Validation Summary: epoch: 13.000000 | loss: 0.000000 | accuracy: 0.036667 | 
(training_methods.py:312) 2025-06-06 22:22:23.025831 | INFO : ckpt updated.
(training_methods.py:254) 2025-06-06 22:22:23.244367 | INFO : Training Epoch 14   0.0% | batch:         0 of         5
	loss: 0.650707

(training_methods.py:257) 2025-06-06 22:22:23.379061 | INFO : Evaluating on validation set ...
(training_methods.py:254) 2025-06-06 22:22:23.979194 | INFO : Evaluating Epoch 14   0.0% | batch:         0 of         5
	loss: inf

(training_methods.py:262) 2025-06-06 22:22:24.033868 | INFO : Validation runtime: 0.0 hours, 0.0 minutes, 0.6545400619506836 seconds

(training_methods.py:268) 2025-06-06 22:22:24.034084 | INFO : Avg val. time: 0.0 hours, 0.0 minutes, 0.6300182183583577 seconds
(training_methods.py:269) 2025-06-06 22:22:24.034144 | INFO : Avg batch val. time: 0.12600364367167155 seconds
(training_methods.py:270) 2025-06-06 22:22:24.034192 | INFO : Avg sample val. time: 0.0021000607278611923 seconds
(training_methods.py:276) 2025-06-06 22:22:24.034244 | INFO : report:               precision    recall  f1-score   support

           0       0.00      0.00      0.00         9
           1       0.00      0.00      0.00         1
           2       0.17      0.22      0.19         9
           3       0.00      0.00      0.00         1
           4       0.00      0.00      0.00         1
           5       0.00      0.00      0.00        14
           6       0.00      0.00      0.00         1
           7       0.25      0.43      0.32         7
           8       0.00      0.00      0.00         4
           9       0.00      0.00      0.00        16
          10       0.00      0.00      0.00        12
          11       0.00      0.00      0.00        27
          12       0.00      0.00      0.00         9
          13       0.00      0.00      0.00        55
          14       0.00      0.00      0.00         2
          15       0.17      0.20      0.18        10
          16       0.25      0.14      0.18        21
          17       0.25      0.50      0.33         6
          18       0.00      0.00      0.00         0
          19       0.00      0.00      0.00         4
          20       0.00      0.00      0.00         4
          21       0.00      0.00      0.00         0
          22       0.00      0.00      0.00         1
          23       0.00      0.00      0.00        82
          24       0.00      0.00      0.00         4

    accuracy                           0.04       300
   macro avg       0.04      0.06      0.05       300
weighted avg       0.04      0.04      0.04       300

(training_methods.py:282) 2025-06-06 22:22:24.034330 | INFO : Epoch 14 Validation Summary: epoch: 14.000000 | loss: 0.000000 | accuracy: 0.043333 | 
(training_methods.py:312) 2025-06-06 22:22:24.037080 | INFO : ckpt updated.
(training_methods.py:254) 2025-06-06 22:22:24.258114 | INFO : Training Epoch 15   0.0% | batch:         0 of         5
	loss: 0.638989

(training_methods.py:257) 2025-06-06 22:22:24.395418 | INFO : Evaluating on validation set ...
(training_methods.py:254) 2025-06-06 22:22:25.003833 | INFO : Evaluating Epoch 15   0.0% | batch:         0 of         5
	loss: inf

(training_methods.py:262) 2025-06-06 22:22:25.050149 | INFO : Validation runtime: 0.0 hours, 0.0 minutes, 0.6544487476348877 seconds

(training_methods.py:268) 2025-06-06 22:22:25.050368 | INFO : Avg val. time: 0.0 hours, 0.0 minutes, 0.6315451264381409 seconds
(training_methods.py:269) 2025-06-06 22:22:25.050425 | INFO : Avg batch val. time: 0.12630902528762816 seconds
(training_methods.py:270) 2025-06-06 22:22:25.050471 | INFO : Avg sample val. time: 0.0021051504214604695 seconds
(training_methods.py:276) 2025-06-06 22:22:25.050521 | INFO : report:               precision    recall  f1-score   support

           0       0.00      0.00      0.00         6
           1       0.08      0.12      0.10         8
           2       0.08      0.17      0.11         6
           3       0.00      0.00      0.00        36
           4       0.00      0.00      0.00         4
           5       0.00      0.00      0.00         7
           6       0.00      0.00      0.00         1
           7       0.00      0.00      0.00         2
           8       0.00      0.00      0.00         8
           9       0.00      0.00      0.00         6
          10       0.00      0.00      0.00         7
          11       0.00      0.00      0.00        79
          12       0.00      0.00      0.00         2
          13       0.00      0.00      0.00        11
          14       0.00      0.00      0.00        10
          15       0.17      0.10      0.12        21
          16       0.00      0.00      0.00         9
          17       0.00      0.00      0.00        20
          18       0.08      0.50      0.14         2
          19       0.00      0.00      0.00         1
          20       0.00      0.00      0.00         1
          21       0.00      0.00      0.00         7
          22       0.00      0.00      0.00         2
          23       0.00      0.00      0.00        37
          24       0.00      0.00      0.00         7

    accuracy                           0.02       300
   macro avg       0.02      0.04      0.02       300
weighted avg       0.02      0.02      0.01       300

(training_methods.py:282) 2025-06-06 22:22:25.050609 | INFO : Epoch 15 Validation Summary: epoch: 15.000000 | loss: 0.000000 | accuracy: 0.016667 | 
(training_methods.py:312) 2025-06-06 22:22:25.053542 | INFO : ckpt updated.
(training_methods.py:254) 2025-06-06 22:22:25.268405 | INFO : Training Epoch 16   0.0% | batch:         0 of         5
	loss: 0.631401

(training_methods.py:257) 2025-06-06 22:22:25.406881 | INFO : Evaluating on validation set ...
(training_methods.py:254) 2025-06-06 22:22:25.990396 | INFO : Evaluating Epoch 16   0.0% | batch:         0 of         5
	loss: inf

(training_methods.py:262) 2025-06-06 22:22:26.041034 | INFO : Validation runtime: 0.0 hours, 0.0 minutes, 0.633866548538208 seconds

(training_methods.py:268) 2025-06-06 22:22:26.041254 | INFO : Avg val. time: 0.0 hours, 0.0 minutes, 0.6316816806793213 seconds
(training_methods.py:269) 2025-06-06 22:22:26.041312 | INFO : Avg batch val. time: 0.12633633613586426 seconds
(training_methods.py:270) 2025-06-06 22:22:26.041359 | INFO : Avg sample val. time: 0.002105605602264404 seconds
(training_methods.py:276) 2025-06-06 22:22:26.041411 | INFO : report:               precision    recall  f1-score   support

           0       0.00      0.00      0.00         7
           1       0.08      0.33      0.13         3
           2       0.17      0.22      0.19         9
           3       0.08      0.07      0.07        15
           4       0.00      0.00      0.00         8
           5       0.00      0.00      0.00        12
           6       0.00      0.00      0.00         1
           7       0.00      0.00      0.00         8
           8       0.00      0.00      0.00        13
           9       0.08      0.07      0.08        14
          10       0.00      0.00      0.00         2
          11       0.00      0.00      0.00        33
          12       0.00      0.00      0.00         4
          13       0.08      0.08      0.08        12
          14       0.00      0.00      0.00        31
          15       0.25      0.14      0.18        21
          16       0.17      0.14      0.15        14
          17       0.08      0.11      0.10         9
          18       0.42      0.71      0.53         7
          19       0.00      0.00      0.00         3
          20       0.00      0.00      0.00         4
          21       0.00      0.00      0.00        13
          22       0.00      0.00      0.00         5
          23       0.00      0.00      0.00        41
          24       0.00      0.00      0.00        11

    accuracy                           0.06       300
   macro avg       0.06      0.08      0.06       300
weighted avg       0.05      0.06      0.05       300

(training_methods.py:282) 2025-06-06 22:22:26.041495 | INFO : Epoch 16 Validation Summary: epoch: 16.000000 | loss: 0.000000 | accuracy: 0.056667 | 
(training_methods.py:312) 2025-06-06 22:22:26.044072 | INFO : ckpt updated.
(training_methods.py:254) 2025-06-06 22:22:26.248320 | INFO : Training Epoch 17   0.0% | batch:         0 of         5
	loss: 0.617323

(training_methods.py:257) 2025-06-06 22:22:26.382695 | INFO : Evaluating on validation set ...
(training_methods.py:254) 2025-06-06 22:22:26.976280 | INFO : Evaluating Epoch 17   0.0% | batch:         0 of         5
	loss: inf

(training_methods.py:262) 2025-06-06 22:22:27.022414 | INFO : Validation runtime: 0.0 hours, 0.0 minutes, 0.6394283771514893 seconds

(training_methods.py:268) 2025-06-06 22:22:27.022645 | INFO : Avg val. time: 0.0 hours, 0.0 minutes, 0.6321120527055528 seconds
(training_methods.py:269) 2025-06-06 22:22:27.022702 | INFO : Avg batch val. time: 0.12642241054111056 seconds
(training_methods.py:270) 2025-06-06 22:22:27.022747 | INFO : Avg sample val. time: 0.002107040175685176 seconds
(training_methods.py:276) 2025-06-06 22:22:27.022816 | INFO : report:               precision    recall  f1-score   support

           0       0.00      0.00      0.00         3
           1       0.00      0.00      0.00         3
           2       0.08      0.33      0.13         3
           3       0.00      0.00      0.00        49
           4       0.00      0.00      0.00         8
           5       0.00      0.00      0.00         4
           6       0.00      0.00      0.00         3
           7       0.00      0.00      0.00         2
           8       0.00      0.00      0.00        16
           9       0.00      0.00      0.00         3
          10       0.17      0.22      0.19         9
          11       0.00      0.00      0.00        48
          12       0.00      0.00      0.00         0
          13       0.00      0.00      0.00        25
          14       0.00      0.00      0.00         4
          15       0.00      0.00      0.00         5
          16       0.00      0.00      0.00         4
          17       0.08      0.08      0.08        12
          18       0.08      0.17      0.11         6
          19       0.00      0.00      0.00         5
          20       0.00      0.00      0.00         3
          21       0.00      0.00      0.00        12
          22       0.00      0.00      0.00        10
          23       0.00      0.00      0.00        51
          24       0.00      0.00      0.00        12

    accuracy                           0.02       300
   macro avg       0.02      0.03      0.02       300
weighted avg       0.01      0.02      0.01       300

(training_methods.py:282) 2025-06-06 22:22:27.022914 | INFO : Epoch 17 Validation Summary: epoch: 17.000000 | loss: 0.000000 | accuracy: 0.016667 | 
(training_methods.py:312) 2025-06-06 22:22:27.026403 | INFO : ckpt updated.
(training_methods.py:254) 2025-06-06 22:22:27.235210 | INFO : Training Epoch 18   0.0% | batch:         0 of         5
	loss: 0.631525

(training_methods.py:257) 2025-06-06 22:22:27.371252 | INFO : Evaluating on validation set ...
(training_methods.py:254) 2025-06-06 22:22:27.939127 | INFO : Evaluating Epoch 18   0.0% | batch:         0 of         5
	loss: inf

(training_methods.py:262) 2025-06-06 22:22:27.984448 | INFO : Validation runtime: 0.0 hours, 0.0 minutes, 0.6129364967346191 seconds

(training_methods.py:268) 2025-06-06 22:22:27.984657 | INFO : Avg val. time: 0.0 hours, 0.0 minutes, 0.631102812917609 seconds
(training_methods.py:269) 2025-06-06 22:22:27.984727 | INFO : Avg batch val. time: 0.1262205625835218 seconds
(training_methods.py:270) 2025-06-06 22:22:27.984773 | INFO : Avg sample val. time: 0.0021036760430586964 seconds
(training_methods.py:276) 2025-06-06 22:22:27.984824 | INFO : report:               precision    recall  f1-score   support

           0       0.00      0.00      0.00         4
           1       0.08      0.20      0.12         5
           2       0.17      0.33      0.22         6
           3       0.00      0.00      0.00        29
           4       0.00      0.00      0.00         8
           5       0.00      0.00      0.00         4
           6       0.00      0.00      0.00         7
           7       0.00      0.00      0.00         2
           8       0.00      0.00      0.00         7
           9       0.50      0.33      0.40        18
          10       0.00      0.00      0.00         5
          11       0.00      0.00      0.00        21
          12       0.00      0.00      0.00         4
          13       0.00      0.00      0.00        16
          14       0.00      0.00      0.00         9
          15       0.00      0.00      0.00        45
          16       0.00      0.00      0.00         7
          17       0.00      0.00      0.00        12
          18       0.08      0.17      0.11         6
          19       0.00      0.00      0.00         3
          20       0.00      0.00      0.00         2
          21       0.00      0.00      0.00        13
          22       0.00      0.00      0.00        29
          23       0.00      0.00      0.00        24
          24       0.00      0.00      0.00        14

    accuracy                           0.03       300
   macro avg       0.03      0.04      0.03       300
weighted avg       0.04      0.03      0.03       300

(training_methods.py:282) 2025-06-06 22:22:27.984915 | INFO : Epoch 18 Validation Summary: epoch: 18.000000 | loss: 0.000000 | accuracy: 0.033333 | 
(training_methods.py:312) 2025-06-06 22:22:27.987542 | INFO : ckpt updated.
(training_methods.py:254) 2025-06-06 22:22:28.195688 | INFO : Training Epoch 19   0.0% | batch:         0 of         5
	loss: 0.63252

(training_methods.py:257) 2025-06-06 22:22:28.339981 | INFO : Evaluating on validation set ...
(training_methods.py:254) 2025-06-06 22:22:28.908773 | INFO : Evaluating Epoch 19   0.0% | batch:         0 of         5
	loss: inf

(training_methods.py:262) 2025-06-06 22:22:28.955664 | INFO : Validation runtime: 0.0 hours, 0.0 minutes, 0.6153805255889893 seconds

(training_methods.py:268) 2025-06-06 22:22:28.955887 | INFO : Avg val. time: 0.0 hours, 0.0 minutes, 0.630316698551178 seconds
(training_methods.py:269) 2025-06-06 22:22:28.955957 | INFO : Avg batch val. time: 0.1260633397102356 seconds
(training_methods.py:270) 2025-06-06 22:22:28.956002 | INFO : Avg sample val. time: 0.00210105566183726 seconds
(training_methods.py:276) 2025-06-06 22:22:28.956054 | INFO : report:               precision    recall  f1-score   support

           0       0.08      0.03      0.05        32
           1       0.33      0.24      0.28        17
           2       0.42      0.36      0.38        14
           3       0.00      0.00      0.00        34
           4       0.00      0.00      0.00         5
           5       0.00      0.00      0.00         5
           6       0.00      0.00      0.00         9
           7       0.00      0.00      0.00         0
           8       0.00      0.00      0.00         7
           9       0.08      0.50      0.14         2
          10       0.00      0.00      0.00         0
          11       0.00      0.00      0.00        27
          12       0.00      0.00      0.00         1
          13       0.00      0.00      0.00         5
          14       0.00      0.00      0.00        11
          15       0.00      0.00      0.00        22
          16       0.00      0.00      0.00         0
          17       0.17      1.00      0.29         2
          18       0.17      0.06      0.09        33
          19       0.00      0.00      0.00         2
          20       0.00      0.00      0.00         0
          21       0.00      0.00      0.00         7
          22       0.00      0.00      0.00         0
          23       0.00      0.00      0.00        62
          24       0.00      0.00      0.00         3

    accuracy                           0.05       300
   macro avg       0.05      0.09      0.05       300
weighted avg       0.07      0.05      0.05       300

(training_methods.py:282) 2025-06-06 22:22:28.956166 | INFO : Epoch 19 Validation Summary: epoch: 19.000000 | loss: 0.000000 | accuracy: 0.050000 | 
(training_methods.py:312) 2025-06-06 22:22:29.039755 | INFO : ckpt updated.
