(dataloaders.py:51) 2025-06-06 22:13:08.615654 | INFO : train_ds length: 1422, valid_ds length: 1436
(process_model.py:276) 2025-06-06 22:13:08.619482 | INFO : {'feat_dim': 3, 'seq_len': 180, 'device': 'cpu'}
(process_model.py:277) 2025-06-06 22:13:08.619616 | INFO : TNC(
  (encoder): RnnEncoder(
    (nn): Sequential(
      (0): Linear(in_features=200, out_features=10, bias=True)
    )
    (rnn): GRU(3, 100, bidirectional=True)
  )
  (disc_model): Discriminator(
    (model): Sequential(
      (0): Linear(in_features=20, out_features=40, bias=True)
      (1): ReLU(inplace=True)
      (2): Dropout(p=0.5, inplace=False)
      (3): Linear(in_features=40, out_features=1, bias=True)
    )
  )
)
(training_methods.py:254) 2025-06-06 22:13:09.866656 | INFO : Training Epoch 0   0.0% | batch:         0 of        23
	loss: 0.693735

(training_methods.py:254) 2025-06-06 22:13:10.255193 | INFO : Training Epoch 0  43.5% | batch:        10 of        23
	loss: 0.666672

(training_methods.py:254) 2025-06-06 22:13:10.580337 | INFO : Training Epoch 0  87.0% | batch:        20 of        23
	loss: 0.657353

(training_methods.py:257) 2025-06-06 22:13:10.650368 | INFO : Evaluating on validation set ...
(training_methods.py:254) 2025-06-06 22:13:26.113093 | INFO : Evaluating Epoch 0   0.0% | batch:         0 of        23
	loss: inf

(training_methods.py:254) 2025-06-06 22:13:26.162157 | INFO : Evaluating Epoch 0  43.5% | batch:        10 of        23
	loss: inf

(training_methods.py:254) 2025-06-06 22:13:26.211200 | INFO : Evaluating Epoch 0  87.0% | batch:        20 of        23
	loss: inf

(training_methods.py:262) 2025-06-06 22:13:26.408643 | INFO : Validation runtime: 0.0 hours, 0.0 minutes, 15.757972717285156 seconds

(training_methods.py:268) 2025-06-06 22:13:26.408962 | INFO : Avg val. time: 0.0 hours, 0.0 minutes, 15.757972717285156 seconds
(training_methods.py:269) 2025-06-06 22:13:26.409024 | INFO : Avg batch val. time: 0.6851292485776155 seconds
(training_methods.py:270) 2025-06-06 22:13:26.409073 | INFO : Avg sample val. time: 0.01097351860535178 seconds
(training_methods.py:276) 2025-06-06 22:13:26.409135 | INFO : report:               precision    recall  f1-score   support

           0       0.06      0.24      0.09        21
           1       0.00      0.00      0.00        24
           2       0.00      0.00      0.00         4
           3       0.00      0.00      0.00        39
           4       0.00      0.00      0.00        90
           5       0.00      0.00      0.00        14
           6       0.00      0.00      0.00         1
           7       0.02      0.33      0.04         6
           8       0.00      0.00      0.00        15
           9       0.00      0.00      0.00       120
          10       0.20      0.09      0.12       163
          11       0.00      0.00      0.00       118
          12       0.03      0.03      0.03        59
          13       0.00      0.00      0.00        32
          14       0.00      0.00      0.00       393
          15       0.00      0.00      0.00         0
          16       0.03      0.07      0.04        29
          17       0.00      0.00      0.00        49
          18       0.00      0.00      0.00         4
          19       0.00      0.00      0.00       255

    accuracy                           0.02      1436
   macro avg       0.02      0.04      0.02      1436
weighted avg       0.03      0.02      0.02      1436

(training_methods.py:282) 2025-06-06 22:13:26.409251 | INFO : Epoch 0 Validation Summary: epoch: 0.000000 | loss: 0.000000 | accuracy: 0.017409 | 
(training_methods.py:312) 2025-06-06 22:13:26.413490 | INFO : ckpt updated.
(training_methods.py:254) 2025-06-06 22:13:26.662762 | INFO : Training Epoch 1   0.0% | batch:         0 of        23
	loss: 0.653422

(training_methods.py:254) 2025-06-06 22:13:26.973709 | INFO : Training Epoch 1  43.5% | batch:        10 of        23
	loss: 0.640971

(training_methods.py:254) 2025-06-06 22:13:27.272420 | INFO : Training Epoch 1  87.0% | batch:        20 of        23
	loss: 0.622962

(training_methods.py:257) 2025-06-06 22:13:27.358084 | INFO : Evaluating on validation set ...
(training_methods.py:254) 2025-06-06 22:13:43.077839 | INFO : Evaluating Epoch 1   0.0% | batch:         0 of        23
	loss: inf

(training_methods.py:254) 2025-06-06 22:13:43.123531 | INFO : Evaluating Epoch 1  43.5% | batch:        10 of        23
	loss: inf

(training_methods.py:254) 2025-06-06 22:13:43.167962 | INFO : Evaluating Epoch 1  87.0% | batch:        20 of        23
	loss: inf

(training_methods.py:262) 2025-06-06 22:13:43.366671 | INFO : Validation runtime: 0.0 hours, 0.0 minutes, 16.00824785232544 seconds

(training_methods.py:268) 2025-06-06 22:13:43.366921 | INFO : Avg val. time: 0.0 hours, 0.0 minutes, 15.883110284805298 seconds
(training_methods.py:269) 2025-06-06 22:13:43.366983 | INFO : Avg batch val. time: 0.690570012382839 seconds
(training_methods.py:270) 2025-06-06 22:13:43.367042 | INFO : Avg sample val. time: 0.01106066175822096 seconds
(training_methods.py:276) 2025-06-06 22:13:43.367101 | INFO : report:               precision    recall  f1-score   support

           0       0.19      0.08      0.11       193
           1       0.00      0.00      0.00        97
           2       0.03      0.05      0.04        39
           3       0.00      0.00      0.00        84
           4       0.01      0.03      0.02        37
           5       0.00      0.00      0.00        22
           6       0.00      0.00      0.00        11
           7       0.00      0.00      0.00         5
           8       0.06      0.03      0.04       118
           9       0.02      0.00      0.01       283
          10       0.07      0.03      0.05       149
          11       0.00      0.00      0.00        26
          12       0.10      0.08      0.09        73
          13       0.13      0.09      0.10        94
          14       0.00      0.00      0.00         8
          15       0.00      0.00      0.00         0
          16       0.15      0.13      0.14        90
          17       0.00      0.00      0.00        49
          18       0.00      0.00      0.00        56
          19       0.00      0.00      0.00         2

    accuracy                           0.04      1436
   macro avg       0.04      0.03      0.03      1436
weighted avg       0.06      0.04      0.05      1436

(training_methods.py:282) 2025-06-06 22:13:43.367198 | INFO : Epoch 1 Validation Summary: epoch: 1.000000 | loss: 0.000000 | accuracy: 0.038301 | 
(training_methods.py:312) 2025-06-06 22:13:43.370916 | INFO : ckpt updated.
(training_methods.py:254) 2025-06-06 22:13:43.718405 | INFO : Training Epoch 2   0.0% | batch:         0 of        23
	loss: 0.610761

(training_methods.py:254) 2025-06-06 22:13:44.102984 | INFO : Training Epoch 2  43.5% | batch:        10 of        23
	loss: 0.605235

(training_methods.py:254) 2025-06-06 22:13:44.433244 | INFO : Training Epoch 2  87.0% | batch:        20 of        23
	loss: 0.615015

(training_methods.py:257) 2025-06-06 22:13:44.522721 | INFO : Evaluating on validation set ...
(training_methods.py:254) 2025-06-06 22:13:58.533546 | INFO : Evaluating Epoch 2   0.0% | batch:         0 of        23
	loss: inf

(training_methods.py:254) 2025-06-06 22:13:58.580033 | INFO : Evaluating Epoch 2  43.5% | batch:        10 of        23
	loss: inf

(training_methods.py:254) 2025-06-06 22:13:58.625380 | INFO : Evaluating Epoch 2  87.0% | batch:        20 of        23
	loss: inf

(training_methods.py:262) 2025-06-06 22:13:58.823746 | INFO : Validation runtime: 0.0 hours, 0.0 minutes, 14.300626993179321 seconds

(training_methods.py:268) 2025-06-06 22:13:58.823981 | INFO : Avg val. time: 0.0 hours, 0.0 minutes, 15.355615854263306 seconds
(training_methods.py:269) 2025-06-06 22:13:58.824039 | INFO : Avg batch val. time: 0.6676354719244916 seconds
(training_methods.py:270) 2025-06-06 22:13:58.824090 | INFO : Avg sample val. time: 0.01069332580380453 seconds
(training_methods.py:276) 2025-06-06 22:13:58.824158 | INFO : report:               precision    recall  f1-score   support

           0       0.06      0.06      0.06        87
           1       0.00      0.00      0.00        35
           2       0.00      0.00      0.00         0
           3       0.00      0.00      0.00        80
           4       0.00      0.00      0.00        26
           5       0.03      0.06      0.04        31
           6       0.00      0.00      0.00        62
           7       0.02      0.33      0.04         6
           8       0.02      0.06      0.03        16
           9       0.02      0.01      0.01       185
          10       0.00      0.00      0.00       242
          11       0.52      0.27      0.35       126
          12       0.00      0.00      0.00        47
          13       0.18      0.05      0.07       238
          14       0.00      0.00      0.00        15
          15       0.15      0.12      0.13        86
          16       0.00      0.00      0.00        29
          17       0.10      0.14      0.11        43
          18       0.00      0.00      0.00         3
          19       0.03      0.04      0.04        79

    accuracy                           0.05      1436
   macro avg       0.06      0.06      0.04      1436
weighted avg       0.10      0.05      0.06      1436

(training_methods.py:282) 2025-06-06 22:13:58.824274 | INFO : Epoch 2 Validation Summary: epoch: 2.000000 | loss: 0.000000 | accuracy: 0.052228 | 
(training_methods.py:312) 2025-06-06 22:13:58.827483 | INFO : ckpt updated.
(training_methods.py:254) 2025-06-06 22:13:59.160603 | INFO : Training Epoch 3   0.0% | batch:         0 of        23
	loss: 0.598301

(training_methods.py:254) 2025-06-06 22:13:59.426083 | INFO : Training Epoch 3  43.5% | batch:        10 of        23
	loss: 0.600232

(training_methods.py:254) 2025-06-06 22:13:59.680511 | INFO : Training Epoch 3  87.0% | batch:        20 of        23
	loss: 0.590839

(training_methods.py:257) 2025-06-06 22:13:59.754670 | INFO : Evaluating on validation set ...
(training_methods.py:254) 2025-06-06 22:14:10.363110 | INFO : Evaluating Epoch 3   0.0% | batch:         0 of        23
	loss: inf

(training_methods.py:254) 2025-06-06 22:14:10.413286 | INFO : Evaluating Epoch 3  43.5% | batch:        10 of        23
	loss: inf

(training_methods.py:254) 2025-06-06 22:14:10.463200 | INFO : Evaluating Epoch 3  87.0% | batch:        20 of        23
	loss: inf

(training_methods.py:262) 2025-06-06 22:14:10.645672 | INFO : Validation runtime: 0.0 hours, 0.0 minutes, 10.89066457748413 seconds

(training_methods.py:268) 2025-06-06 22:14:10.646024 | INFO : Avg val. time: 0.0 hours, 0.0 minutes, 14.239378035068512 seconds
(training_methods.py:269) 2025-06-06 22:14:10.646085 | INFO : Avg batch val. time: 0.6191033928290658 seconds
(training_methods.py:270) 2025-06-06 22:14:10.646133 | INFO : Avg sample val. time: 0.009916001417178629 seconds
(training_methods.py:276) 2025-06-06 22:14:10.646192 | INFO : report:               precision    recall  f1-score   support

           0       0.16      0.22      0.19        65
           1       0.00      0.00      0.00       147
           2       0.06      0.40      0.10        10
           3       0.00      0.00      0.00        22
           4       0.00      0.00      0.00       145
           5       0.00      0.00      0.00         5
           6       0.05      0.14      0.07        22
           7       0.00      0.00      0.00        19
           8       0.02      0.01      0.01        75
           9       0.03      0.01      0.01       233
          10       0.01      0.01      0.01       112
          11       0.06      0.02      0.03       169
          12       0.00      0.00      0.00        36
          13       0.20      0.12      0.15        96
          14       0.03      0.02      0.03        89
          15       0.11      0.17      0.13        40
          16       0.00      0.00      0.00        53
          17       0.02      0.03      0.02        34
          18       0.00      0.00      0.00         6
          19       0.03      0.05      0.04        58

    accuracy                           0.04      1436
   macro avg       0.04      0.06      0.04      1436
weighted avg       0.04      0.04      0.04      1436

(training_methods.py:282) 2025-06-06 22:14:10.646283 | INFO : Epoch 3 Validation Summary: epoch: 3.000000 | loss: 0.000000 | accuracy: 0.037604 | 
(training_methods.py:312) 2025-06-06 22:14:10.649840 | INFO : ckpt updated.
(training_methods.py:254) 2025-06-06 22:14:10.965820 | INFO : Training Epoch 4   0.0% | batch:         0 of        23
	loss: 0.607845

(training_methods.py:254) 2025-06-06 22:14:11.263690 | INFO : Training Epoch 4  43.5% | batch:        10 of        23
	loss: 0.61437

(training_methods.py:254) 2025-06-06 22:14:11.549470 | INFO : Training Epoch 4  87.0% | batch:        20 of        23
	loss: 0.603982

(training_methods.py:257) 2025-06-06 22:14:11.634895 | INFO : Evaluating on validation set ...
(training_methods.py:254) 2025-06-06 22:14:23.628146 | INFO : Evaluating Epoch 4   0.0% | batch:         0 of        23
	loss: inf

(training_methods.py:254) 2025-06-06 22:14:23.674041 | INFO : Evaluating Epoch 4  43.5% | batch:        10 of        23
	loss: inf

(training_methods.py:254) 2025-06-06 22:14:23.719668 | INFO : Evaluating Epoch 4  87.0% | batch:        20 of        23
	loss: inf

(training_methods.py:262) 2025-06-06 22:14:23.890337 | INFO : Validation runtime: 0.0 hours, 0.0 minutes, 12.255141735076904 seconds

(training_methods.py:268) 2025-06-06 22:14:23.890566 | INFO : Avg val. time: 0.0 hours, 0.0 minutes, 13.842530775070191 seconds
(training_methods.py:269) 2025-06-06 22:14:23.890625 | INFO : Avg batch val. time: 0.6018491641334865 seconds
(training_methods.py:270) 2025-06-06 22:14:23.890675 | INFO : Avg sample val. time: 0.009639645386539131 seconds
(training_methods.py:276) 2025-06-06 22:14:23.890730 | INFO : report:               precision    recall  f1-score   support

           0       0.00      0.00      0.00        26
           1       0.00      0.00      0.00        81
           2       0.03      0.11      0.04        18
           3       0.54      0.11      0.18       392
           4       0.25      0.18      0.21       125
           5       0.29      0.19      0.23       108
           6       0.00      0.00      0.00        57
           7       0.00      0.00      0.00        12
           8       0.03      0.10      0.05        20
           9       0.00      0.00      0.00        73
          10       0.13      0.07      0.09       133
          11       0.00      0.00      0.00        25
          12       0.00      0.00      0.00         0
          13       0.00      0.00      0.00        19
          14       0.00      0.00      0.00       218
          15       0.00      0.00      0.00         8
          16       0.00      0.00      0.00         0
          17       0.06      0.31      0.11        13
          18       0.01      0.09      0.03        11
          19       0.07      0.06      0.07        97

    accuracy                           0.08      1436
   macro avg       0.07      0.06      0.05      1436
weighted avg       0.21      0.08      0.10      1436

(training_methods.py:282) 2025-06-06 22:14:23.890805 | INFO : Epoch 4 Validation Summary: epoch: 4.000000 | loss: 0.000000 | accuracy: 0.076602 | 
(training_methods.py:312) 2025-06-06 22:14:23.893876 | INFO : ckpt updated.
(training_methods.py:254) 2025-06-06 22:14:24.198434 | INFO : Training Epoch 5   0.0% | batch:         0 of        23
	loss: 0.59672

(training_methods.py:254) 2025-06-06 22:14:24.460466 | INFO : Training Epoch 5  43.5% | batch:        10 of        23
	loss: 0.585297

(training_methods.py:254) 2025-06-06 22:14:24.725127 | INFO : Training Epoch 5  87.0% | batch:        20 of        23
	loss: 0.573323

(training_methods.py:257) 2025-06-06 22:14:24.800917 | INFO : Evaluating on validation set ...
(training_methods.py:254) 2025-06-06 22:14:34.200059 | INFO : Evaluating Epoch 5   0.0% | batch:         0 of        23
	loss: inf

(training_methods.py:254) 2025-06-06 22:14:34.245715 | INFO : Evaluating Epoch 5  43.5% | batch:        10 of        23
	loss: inf

(training_methods.py:254) 2025-06-06 22:14:34.290979 | INFO : Evaluating Epoch 5  87.0% | batch:        20 of        23
	loss: inf

(training_methods.py:262) 2025-06-06 22:14:34.468752 | INFO : Validation runtime: 0.0 hours, 0.0 minutes, 9.66753888130188 seconds

(training_methods.py:268) 2025-06-06 22:14:34.468967 | INFO : Avg val. time: 0.0 hours, 0.0 minutes, 13.146698792775473 seconds
(training_methods.py:269) 2025-06-06 22:14:34.469025 | INFO : Avg batch val. time: 0.5715955996858901 seconds
(training_methods.py:270) 2025-06-06 22:14:34.469071 | INFO : Avg sample val. time: 0.009155082724774007 seconds
(training_methods.py:276) 2025-06-06 22:14:34.469127 | INFO : report:               precision    recall  f1-score   support

           0       0.00      0.00      0.00        12
           1       0.00      0.00      0.00       255
           2       0.00      0.00      0.00        11
           3       0.00      0.00      0.00        94
           4       0.03      0.02      0.03       128
           5       0.00      0.00      0.00         0
           6       0.06      0.09      0.07        46
           7       0.00      0.00      0.00        83
           8       0.00      0.00      0.00        20
           9       0.08      0.03      0.04       177
          10       0.00      0.00      0.00        14
          11       0.02      0.01      0.01        98
          12       0.00      0.00      0.00         0
          13       0.15      0.06      0.08       153
          14       0.00      0.00      0.00         2
          15       0.00      0.00      0.00         0
          16       0.09      0.08      0.08        89
          17       0.00      0.00      0.00         0
          18       0.00      0.00      0.00         6
          19       0.19      0.06      0.10       248

    accuracy                           0.03      1436
   macro avg       0.03      0.02      0.02      1436
weighted avg       0.07      0.03      0.04      1436

(training_methods.py:282) 2025-06-06 22:14:34.469213 | INFO : Epoch 5 Validation Summary: epoch: 5.000000 | loss: 0.000000 | accuracy: 0.031337 | 
(training_methods.py:312) 2025-06-06 22:14:34.472171 | INFO : ckpt updated.
(training_methods.py:254) 2025-06-06 22:14:34.708430 | INFO : Training Epoch 6   0.0% | batch:         0 of        23
	loss: 0.613894

(training_methods.py:254) 2025-06-06 22:14:34.985247 | INFO : Training Epoch 6  43.5% | batch:        10 of        23
	loss: 0.591659

(training_methods.py:254) 2025-06-06 22:14:35.246882 | INFO : Training Epoch 6  87.0% | batch:        20 of        23
	loss: 0.557887

(training_methods.py:257) 2025-06-06 22:14:35.323767 | INFO : Evaluating on validation set ...
(training_methods.py:254) 2025-06-06 22:14:43.923519 | INFO : Evaluating Epoch 6   0.0% | batch:         0 of        23
	loss: inf

(training_methods.py:254) 2025-06-06 22:14:43.969063 | INFO : Evaluating Epoch 6  43.5% | batch:        10 of        23
	loss: inf

(training_methods.py:254) 2025-06-06 22:14:44.016664 | INFO : Evaluating Epoch 6  87.0% | batch:        20 of        23
	loss: inf

(training_methods.py:262) 2025-06-06 22:14:44.196819 | INFO : Validation runtime: 0.0 hours, 0.0 minutes, 8.872753620147705 seconds

(training_methods.py:268) 2025-06-06 22:14:44.197078 | INFO : Avg val. time: 0.0 hours, 0.0 minutes, 12.536135196685791 seconds
(training_methods.py:269) 2025-06-06 22:14:44.197135 | INFO : Avg batch val. time: 0.5450493563776431 seconds
(training_methods.py:270) 2025-06-06 22:14:44.197190 | INFO : Avg sample val. time: 0.00872989916203746 seconds
(training_methods.py:276) 2025-06-06 22:14:44.197248 | INFO : report:               precision    recall  f1-score   support

           0       0.00      0.00      0.00        40
           1       0.04      0.02      0.03       146
           2       0.08      0.08      0.08        74
           3       0.00      0.00      0.00        13
           4       0.06      0.04      0.05       153
           5       0.00      0.00      0.00        77
           6       0.00      0.00      0.00        12
           7       0.01      0.01      0.01        86
           8       0.00      0.00      0.00         0
           9       0.02      0.03      0.02        37
          10       0.00      0.00      0.00        75
          11       0.00      0.00      0.00        89
          12       0.00      0.00      0.00        30
          13       0.17      0.05      0.08       198
          14       0.00      0.00      0.00         7
          15       0.00      0.00      0.00         7
          16       0.05      0.08      0.06        49
          17       0.11      0.04      0.06       167
          18       0.06      0.11      0.08        37
          19       0.27      0.17      0.20       139

    accuracy                           0.05      1436
   macro avg       0.04      0.03      0.03      1436
weighted avg       0.08      0.05      0.06      1436

(training_methods.py:282) 2025-06-06 22:14:44.197340 | INFO : Epoch 6 Validation Summary: epoch: 6.000000 | loss: 0.000000 | accuracy: 0.045265 | 
(training_methods.py:312) 2025-06-06 22:14:44.200601 | INFO : ckpt updated.
(training_methods.py:254) 2025-06-06 22:14:44.490820 | INFO : Training Epoch 7   0.0% | batch:         0 of        23
	loss: 0.599595

(training_methods.py:254) 2025-06-06 22:14:44.759044 | INFO : Training Epoch 7  43.5% | batch:        10 of        23
	loss: 0.578493

(training_methods.py:254) 2025-06-06 22:14:45.025645 | INFO : Training Epoch 7  87.0% | batch:        20 of        23
	loss: 0.579971

(training_methods.py:257) 2025-06-06 22:14:45.163078 | INFO : Evaluating on validation set ...
(training_methods.py:254) 2025-06-06 22:14:53.816909 | INFO : Evaluating Epoch 7   0.0% | batch:         0 of        23
	loss: inf

(training_methods.py:254) 2025-06-06 22:14:53.866740 | INFO : Evaluating Epoch 7  43.5% | batch:        10 of        23
	loss: inf

(training_methods.py:254) 2025-06-06 22:14:53.916671 | INFO : Evaluating Epoch 7  87.0% | batch:        20 of        23
	loss: inf

(training_methods.py:262) 2025-06-06 22:14:54.094252 | INFO : Validation runtime: 0.0 hours, 0.0 minutes, 8.930876016616821 seconds

(training_methods.py:268) 2025-06-06 22:14:54.094539 | INFO : Avg val. time: 0.0 hours, 0.0 minutes, 12.08547779917717 seconds
(training_methods.py:269) 2025-06-06 22:14:54.094603 | INFO : Avg batch val. time: 0.5254555564859639 seconds
(training_methods.py:270) 2025-06-06 22:14:54.094653 | INFO : Avg sample val. time: 0.008416070890791902 seconds
(training_methods.py:276) 2025-06-06 22:14:54.094714 | INFO : report:               precision    recall  f1-score   support

           0       0.00      0.00      0.00        19
           1       0.00      0.00      0.00        37
           2       0.00      0.00      0.00        31
           3       0.00      0.00      0.00        19
           4       0.02      0.01      0.02       156
           5       0.00      0.00      0.00        94
           6       0.08      0.07      0.08        68
           7       0.00      0.00      0.00        31
           8       0.00      0.00      0.00         1
           9       0.00      0.00      0.00        38
          10       0.08      0.05      0.06       115
          11       0.00      0.00      0.00       119
          12       0.00      0.00      0.00        10
          13       0.05      0.11      0.07        28
          14       0.00      0.00      0.00        58
          15       0.00      0.00      0.00         0
          16       0.01      0.06      0.02        16
          17       0.19      0.08      0.11       148
          18       0.00      0.00      0.00       157
          19       0.28      0.08      0.13       291

    accuracy                           0.04      1436
   macro avg       0.04      0.02      0.02      1436
weighted avg       0.09      0.04      0.05      1436

(training_methods.py:282) 2025-06-06 22:14:54.094805 | INFO : Epoch 7 Validation Summary: epoch: 7.000000 | loss: 0.000000 | accuracy: 0.036908 | 
(training_methods.py:312) 2025-06-06 22:14:54.098121 | INFO : ckpt updated.
(training_methods.py:254) 2025-06-06 22:14:54.389071 | INFO : Training Epoch 8   0.0% | batch:         0 of        23
	loss: 0.553815

(training_methods.py:254) 2025-06-06 22:14:54.681619 | INFO : Training Epoch 8  43.5% | batch:        10 of        23
	loss: 0.54587

(training_methods.py:254) 2025-06-06 22:14:54.968628 | INFO : Training Epoch 8  87.0% | batch:        20 of        23
	loss: 0.567531

(training_methods.py:257) 2025-06-06 22:14:55.049411 | INFO : Evaluating on validation set ...
(training_methods.py:254) 2025-06-06 22:15:06.226722 | INFO : Evaluating Epoch 8   0.0% | batch:         0 of        23
	loss: inf

(training_methods.py:254) 2025-06-06 22:15:06.278889 | INFO : Evaluating Epoch 8  43.5% | batch:        10 of        23
	loss: inf

(training_methods.py:254) 2025-06-06 22:15:06.329753 | INFO : Evaluating Epoch 8  87.0% | batch:        20 of        23
	loss: inf

(training_methods.py:262) 2025-06-06 22:15:06.508060 | INFO : Validation runtime: 0.0 hours, 0.0 minutes, 11.458332538604736 seconds

(training_methods.py:268) 2025-06-06 22:15:06.508332 | INFO : Avg val. time: 0.0 hours, 0.0 minutes, 12.0157949924469 seconds
(training_methods.py:269) 2025-06-06 22:15:06.508392 | INFO : Avg batch val. time: 0.5224258692368217 seconds
(training_methods.py:270) 2025-06-06 22:15:06.508440 | INFO : Avg sample val. time: 0.008367545259364137 seconds
(training_methods.py:276) 2025-06-06 22:15:06.508501 | INFO : report:               precision    recall  f1-score   support

           0       0.17      0.27      0.21        55
           1       0.00      0.00      0.00        10
           2       0.00      0.00      0.00       119
           3       0.39      0.24      0.30       128
           4       0.01      0.05      0.02        20
           5       0.00      0.00      0.00        59
           6       0.00      0.00      0.00         9
           7       0.00      0.00      0.00        37
           8       0.00      0.00      0.00        13
           9       0.02      0.01      0.01       124
          10       0.11      0.04      0.06       196
          11       0.00      0.00      0.00        14
          12       0.00      0.00      0.00        21
          13       0.00      0.00      0.00        33
          14       0.00      0.00      0.00        18
          15       0.02      0.50      0.03         2
          16       0.05      0.10      0.07        41
          17       0.02      0.01      0.01        72
          18       0.00      0.00      0.00        69
          19       0.13      0.03      0.05       396

    accuracy                           0.05      1436
   macro avg       0.05      0.06      0.04      1436
weighted avg       0.10      0.05      0.06      1436

(training_methods.py:282) 2025-06-06 22:15:06.508580 | INFO : Epoch 8 Validation Summary: epoch: 8.000000 | loss: 0.000000 | accuracy: 0.050836 | 
(training_methods.py:312) 2025-06-06 22:15:06.512148 | INFO : ckpt updated.
(training_methods.py:254) 2025-06-06 22:15:06.852412 | INFO : Training Epoch 9   0.0% | batch:         0 of        23
	loss: 0.582018

(training_methods.py:254) 2025-06-06 22:15:07.151194 | INFO : Training Epoch 9  43.5% | batch:        10 of        23
	loss: 0.515121

(training_methods.py:254) 2025-06-06 22:15:07.430918 | INFO : Training Epoch 9  87.0% | batch:        20 of        23
	loss: 0.534474

(training_methods.py:257) 2025-06-06 22:15:07.515886 | INFO : Evaluating on validation set ...
