(dataloaders.py:51) 2025-06-05 23:29:10.953127 | INFO : train_ds length: 275, valid_ds length: 300
(process_model.py:276) 2025-06-05 23:29:10.975965 | INFO : {'feat_dim': 9, 'seq_len': 144, 'device': 'cpu'}
(process_model.py:277) 2025-06-05 23:29:10.976100 | INFO : TNC(
  (encoder): RnnEncoder(
    (nn): Sequential(
      (0): Linear(in_features=200, out_features=10, bias=True)
    )
    (rnn): GRU(9, 100, bidirectional=True)
  )
  (disc_model): Discriminator(
    (model): Sequential(
      (0): Linear(in_features=20, out_features=40, bias=True)
      (1): ReLU(inplace=True)
      (2): Dropout(p=0.5, inplace=False)
      (3): Linear(in_features=40, out_features=1, bias=True)
    )
  )
)
(training_methods.py:254) 2025-06-05 23:29:11.584739 | INFO : Training Epoch 0   0.0% | batch:         0 of         5
	loss: 0.702907

(training_methods.py:257) 2025-06-05 23:29:11.708433 | INFO : Evaluating on validation set ...
(training_methods.py:254) 2025-06-05 23:29:12.241319 | INFO : Evaluating Epoch 0   0.0% | batch:         0 of         5
	loss: inf

(training_methods.py:262) 2025-06-05 23:29:12.291499 | INFO : Validation runtime: 0.0 hours, 0.0 minutes, 0.5828022956848145 seconds

(training_methods.py:268) 2025-06-05 23:29:12.291689 | INFO : Avg val. time: 0.0 hours, 0.0 minutes, 0.5828022956848145 seconds
(training_methods.py:269) 2025-06-05 23:29:12.291760 | INFO : Avg batch val. time: 0.11656045913696289 seconds
(training_methods.py:270) 2025-06-05 23:29:12.291807 | INFO : Avg sample val. time: 0.0019426743189493816 seconds
(training_methods.py:276) 2025-06-05 23:29:12.291859 | INFO : report:               precision    recall  f1-score   support

           0       0.00      0.00      0.00        12
           1       0.00      0.00      0.00         8
           2       0.25      0.12      0.16        26
           3       0.00      0.00      0.00        10
           4       0.00      0.00      0.00        19
           5       0.00      0.00      0.00         1
           6       0.08      0.20      0.12         5
           7       0.08      0.12      0.10         8
           8       0.17      0.09      0.11        23
           9       0.00      0.00      0.00         5
          10       0.00      0.00      0.00         7
          11       0.00      0.00      0.00        21
          12       0.08      0.17      0.11         6
          13       0.00      0.00      0.00         5
          14       0.00      0.00      0.00        18
          15       0.08      0.05      0.06        21
          16       0.17      0.22      0.19         9
          17       0.08      0.06      0.07        16
          18       0.25      0.14      0.18        21
          19       0.00      0.00      0.00         8
          20       0.00      0.00      0.00         9
          21       0.00      0.00      0.00         9
          22       0.00      0.00      0.00         9
          23       0.00      0.00      0.00        12
          24       0.08      0.08      0.08        12

    accuracy                           0.05       300
   macro avg       0.05      0.05      0.05       300
weighted avg       0.08      0.05      0.06       300

(training_methods.py:282) 2025-06-05 23:29:12.291944 | INFO : Epoch 0 Validation Summary: epoch: 0.000000 | loss: 0.000000 | accuracy: 0.053333 | 
(training_methods.py:312) 2025-06-05 23:29:12.294572 | INFO : ckpt updated.
(training_methods.py:254) 2025-06-05 23:29:12.489459 | INFO : Training Epoch 1   0.0% | batch:         0 of         5
	loss: 0.690808

(training_methods.py:257) 2025-06-05 23:29:12.618491 | INFO : Evaluating on validation set ...
(training_methods.py:254) 2025-06-05 23:29:13.169613 | INFO : Evaluating Epoch 1   0.0% | batch:         0 of         5
	loss: inf

(training_methods.py:262) 2025-06-05 23:29:13.215567 | INFO : Validation runtime: 0.0 hours, 0.0 minutes, 0.5968141555786133 seconds

(training_methods.py:268) 2025-06-05 23:29:13.215773 | INFO : Avg val. time: 0.0 hours, 0.0 minutes, 0.5898082256317139 seconds
(training_methods.py:269) 2025-06-05 23:29:13.215832 | INFO : Avg batch val. time: 0.11796164512634277 seconds
(training_methods.py:270) 2025-06-05 23:29:13.215900 | INFO : Avg sample val. time: 0.0019660274187723796 seconds
(training_methods.py:276) 2025-06-05 23:29:13.215953 | INFO : report:               precision    recall  f1-score   support

           0       0.00      0.00      0.00        16
           1       0.00      0.00      0.00        14
           2       0.08      0.08      0.08        13
           3       0.00      0.00      0.00        13
           4       0.00      0.00      0.00        13
           5       0.00      0.00      0.00         6
           6       0.25      0.25      0.25        12
           7       0.17      0.13      0.15        15
           8       0.08      0.07      0.08        14
           9       0.00      0.00      0.00         7
          10       0.08      0.08      0.08        12
          11       0.00      0.00      0.00         8
          12       0.00      0.00      0.00        15
          13       0.00      0.00      0.00        10
          14       0.00      0.00      0.00        17
          15       0.00      0.00      0.00        24
          16       0.17      0.50      0.25         4
          17       0.00      0.00      0.00         7
          18       0.08      0.05      0.06        20
          19       0.00      0.00      0.00        13
          20       0.00      0.00      0.00         5
          21       0.00      0.00      0.00         6
          22       0.08      0.06      0.07        16
          23       0.00      0.00      0.00        12
          24       0.17      0.25      0.20         8

    accuracy                           0.05       300
   macro avg       0.05      0.06      0.05       300
weighted avg       0.05      0.05      0.04       300

(training_methods.py:282) 2025-06-05 23:29:13.216044 | INFO : Epoch 1 Validation Summary: epoch: 1.000000 | loss: 0.000000 | accuracy: 0.046667 | 
(training_methods.py:312) 2025-06-05 23:29:13.218668 | INFO : ckpt updated.
(training_methods.py:254) 2025-06-05 23:29:13.466892 | INFO : Training Epoch 2   0.0% | batch:         0 of         5
	loss: 0.688108

(training_methods.py:257) 2025-06-05 23:29:13.594858 | INFO : Evaluating on validation set ...
(training_methods.py:254) 2025-06-05 23:29:14.118556 | INFO : Evaluating Epoch 2   0.0% | batch:         0 of         5
	loss: inf

(training_methods.py:262) 2025-06-05 23:29:14.163217 | INFO : Validation runtime: 0.0 hours, 0.0 minutes, 0.5681002140045166 seconds

(training_methods.py:268) 2025-06-05 23:29:14.163411 | INFO : Avg val. time: 0.0 hours, 0.0 minutes, 0.5825722217559814 seconds
(training_methods.py:269) 2025-06-05 23:29:14.163465 | INFO : Avg batch val. time: 0.11651444435119629 seconds
(training_methods.py:270) 2025-06-05 23:29:14.163510 | INFO : Avg sample val. time: 0.0019419074058532714 seconds
(training_methods.py:276) 2025-06-05 23:29:14.163561 | INFO : report:               precision    recall  f1-score   support

           0       0.00      0.00      0.00         5
           1       0.00      0.00      0.00        14
           2       0.33      0.18      0.24        22
           3       0.00      0.00      0.00         8
           4       0.00      0.00      0.00        19
           5       0.00      0.00      0.00        12
           6       0.33      0.25      0.29        16
           7       0.08      0.08      0.08        12
           8       0.42      0.19      0.26        26
           9       0.00      0.00      0.00         9
          10       0.00      0.00      0.00        13
          11       0.00      0.00      0.00         5
          12       0.08      0.20      0.12         5
          13       0.00      0.00      0.00         5
          14       0.00      0.00      0.00        11
          15       0.25      0.15      0.19        20
          16       0.17      0.14      0.15        14
          17       0.08      0.09      0.09        11
          18       0.33      0.31      0.32        13
          19       0.17      0.25      0.20         8
          20       0.00      0.00      0.00        11
          21       0.00      0.00      0.00        11
          22       0.00      0.00      0.00         5
          23       0.00      0.00      0.00        15
          24       0.00      0.00      0.00        10

    accuracy                           0.09       300
   macro avg       0.09      0.07      0.08       300
weighted avg       0.13      0.09      0.10       300

(training_methods.py:282) 2025-06-05 23:29:14.163660 | INFO : Epoch 2 Validation Summary: epoch: 2.000000 | loss: 0.000000 | accuracy: 0.090000 | 
(training_methods.py:312) 2025-06-05 23:29:14.166216 | INFO : ckpt updated.
(training_methods.py:254) 2025-06-05 23:29:14.390764 | INFO : Training Epoch 3   0.0% | batch:         0 of         5
	loss: 0.683373

(training_methods.py:257) 2025-06-05 23:29:14.521077 | INFO : Evaluating on validation set ...
(training_methods.py:254) 2025-06-05 23:29:15.084873 | INFO : Evaluating Epoch 3   0.0% | batch:         0 of         5
	loss: inf

(training_methods.py:262) 2025-06-05 23:29:15.130223 | INFO : Validation runtime: 0.0 hours, 0.0 minutes, 0.6088461875915527 seconds

(training_methods.py:268) 2025-06-05 23:29:15.130424 | INFO : Avg val. time: 0.0 hours, 0.0 minutes, 0.5891407132148743 seconds
(training_methods.py:269) 2025-06-05 23:29:15.130478 | INFO : Avg batch val. time: 0.11782814264297485 seconds
(training_methods.py:270) 2025-06-05 23:29:15.130522 | INFO : Avg sample val. time: 0.001963802377382914 seconds
(training_methods.py:276) 2025-06-05 23:29:15.130573 | INFO : report:               precision    recall  f1-score   support

           0       0.00      0.00      0.00         4
           1       0.00      0.00      0.00        17
           2       0.33      0.13      0.19        31
           3       0.00      0.00      0.00         7
           4       0.00      0.00      0.00         5
           5       0.00      0.00      0.00         3
           6       0.25      0.75      0.38         4
           7       0.08      0.08      0.08        13
           8       0.25      0.11      0.15        28
           9       0.00      0.00      0.00         7
          10       0.00      0.00      0.00        15
          11       0.00      0.00      0.00        17
          12       0.00      0.00      0.00        11
          13       0.00      0.00      0.00         6
          14       0.00      0.00      0.00         7
          15       0.00      0.00      0.00        17
          16       0.25      0.27      0.26        11
          17       0.08      0.06      0.07        17
          18       0.08      0.17      0.11         6
          19       0.00      0.00      0.00        27
          20       0.00      0.00      0.00         9
          21       0.00      0.00      0.00        20
          22       0.00      0.00      0.00         2
          23       0.08      0.08      0.08        12
          24       0.00      0.00      0.00         4

    accuracy                           0.06       300
   macro avg       0.06      0.07      0.05       300
weighted avg       0.08      0.06      0.06       300

(training_methods.py:282) 2025-06-05 23:29:15.130658 | INFO : Epoch 3 Validation Summary: epoch: 3.000000 | loss: 0.000000 | accuracy: 0.056667 | 
(training_methods.py:312) 2025-06-05 23:29:15.133188 | INFO : ckpt updated.
(training_methods.py:254) 2025-06-05 23:29:15.353280 | INFO : Training Epoch 4   0.0% | batch:         0 of         5
	loss: 0.68721

(training_methods.py:257) 2025-06-05 23:29:15.486339 | INFO : Evaluating on validation set ...
(training_methods.py:254) 2025-06-05 23:29:16.033139 | INFO : Evaluating Epoch 4   0.0% | batch:         0 of         5
	loss: inf

(training_methods.py:262) 2025-06-05 23:29:16.079546 | INFO : Validation runtime: 0.0 hours, 0.0 minutes, 0.5929241180419922 seconds

(training_methods.py:268) 2025-06-05 23:29:16.079755 | INFO : Avg val. time: 0.0 hours, 0.0 minutes, 0.5898973941802979 seconds
(training_methods.py:269) 2025-06-05 23:29:16.079812 | INFO : Avg batch val. time: 0.11797947883605957 seconds
(training_methods.py:270) 2025-06-05 23:29:16.079861 | INFO : Avg sample val. time: 0.0019663246472676594 seconds
(training_methods.py:276) 2025-06-05 23:29:16.079923 | INFO : report:               precision    recall  f1-score   support

           0       0.00      0.00      0.00         4
           1       0.00      0.00      0.00         8
           2       0.33      0.15      0.21        27
           3       0.00      0.00      0.00        13
           4       0.00      0.00      0.00         3
           5       0.00      0.00      0.00         2
           6       0.00      0.00      0.00        15
           7       0.33      0.16      0.22        25
           8       0.08      0.04      0.05        26
           9       0.00      0.00      0.00         6
          10       0.08      0.08      0.08        13
          11       0.00      0.00      0.00        11
          12       0.00      0.00      0.00         4
          13       0.00      0.00      0.00         7
          14       0.00      0.00      0.00         3
          15       0.08      0.05      0.06        22
          16       0.25      0.12      0.16        25
          17       0.08      0.07      0.07        15
          18       0.08      0.33      0.13         3
          19       0.00      0.00      0.00         8
          20       0.00      0.00      0.00        16
          21       0.00      0.00      0.00        15
          22       0.00      0.00      0.00         9
          23       0.00      0.00      0.00        13
          24       0.00      0.00      0.00         7

    accuracy                           0.05       300
   macro avg       0.05      0.04      0.04       300
weighted avg       0.10      0.05      0.07       300

(training_methods.py:282) 2025-06-05 23:29:16.080027 | INFO : Epoch 4 Validation Summary: epoch: 4.000000 | loss: 0.000000 | accuracy: 0.053333 | 
(training_methods.py:312) 2025-06-05 23:29:16.082742 | INFO : ckpt updated.
(training_methods.py:254) 2025-06-05 23:29:16.279365 | INFO : Training Epoch 5   0.0% | batch:         0 of         5
	loss: 0.664631

(training_methods.py:257) 2025-06-05 23:29:16.412423 | INFO : Evaluating on validation set ...
(training_methods.py:254) 2025-06-05 23:29:16.957259 | INFO : Evaluating Epoch 5   0.0% | batch:         0 of         5
	loss: inf

(training_methods.py:262) 2025-06-05 23:29:17.010284 | INFO : Validation runtime: 0.0 hours, 0.0 minutes, 0.597597599029541 seconds

(training_methods.py:268) 2025-06-05 23:29:17.010485 | INFO : Avg val. time: 0.0 hours, 0.0 minutes, 0.5911807616551717 seconds
(training_methods.py:269) 2025-06-05 23:29:17.010542 | INFO : Avg batch val. time: 0.11823615233103435 seconds
(training_methods.py:270) 2025-06-05 23:29:17.010590 | INFO : Avg sample val. time: 0.0019706025388505724 seconds
(training_methods.py:276) 2025-06-05 23:29:17.010643 | INFO : report:               precision    recall  f1-score   support

           0       0.00      0.00      0.00         7
           1       0.08      0.25      0.12         4
           2       0.33      0.20      0.25        20
           3       0.00      0.00      0.00         8
           4       0.00      0.00      0.00         8
           5       0.00      0.00      0.00         5
           6       0.08      0.50      0.14         2
           7       0.25      0.25      0.25        12
           8       0.08      0.04      0.05        27
           9       0.00      0.00      0.00        20
          10       0.00      0.00      0.00        14
          11       0.25      0.10      0.15        29
          12       0.00      0.00      0.00        10
          13       0.00      0.00      0.00         6
          14       0.00      0.00      0.00        10
          15       0.00      0.00      0.00        21
          16       0.08      0.10      0.09        10
          17       0.00      0.00      0.00        14
          18       0.25      0.38      0.30         8
          19       0.00      0.00      0.00        24
          20       0.00      0.00      0.00        10
          21       0.00      0.00      0.00         8
          22       0.00      0.00      0.00        10
          23       0.00      0.00      0.00         9
          24       0.00      0.00      0.00         4

    accuracy                           0.06       300
   macro avg       0.06      0.07      0.05       300
weighted avg       0.07      0.06      0.06       300

(training_methods.py:282) 2025-06-05 23:29:17.010720 | INFO : Epoch 5 Validation Summary: epoch: 5.000000 | loss: 0.000000 | accuracy: 0.056667 | 
(training_methods.py:312) 2025-06-05 23:29:17.013482 | INFO : ckpt updated.
(training_methods.py:254) 2025-06-05 23:29:17.209669 | INFO : Training Epoch 6   0.0% | batch:         0 of         5
	loss: 0.664096

(training_methods.py:257) 2025-06-05 23:29:17.338827 | INFO : Evaluating on validation set ...
(training_methods.py:254) 2025-06-05 23:29:17.883140 | INFO : Evaluating Epoch 6   0.0% | batch:         0 of         5
	loss: inf

(training_methods.py:262) 2025-06-05 23:29:17.927320 | INFO : Validation runtime: 0.0 hours, 0.0 minutes, 0.588226318359375 seconds

(training_methods.py:268) 2025-06-05 23:29:17.927509 | INFO : Avg val. time: 0.0 hours, 0.0 minutes, 0.5907586983272007 seconds
(training_methods.py:269) 2025-06-05 23:29:17.927563 | INFO : Avg batch val. time: 0.11815173966544015 seconds
(training_methods.py:270) 2025-06-05 23:29:17.927606 | INFO : Avg sample val. time: 0.001969195661090669 seconds
(training_methods.py:276) 2025-06-05 23:29:17.927658 | INFO : report:               precision    recall  f1-score   support

           0       0.00      0.00      0.00         5
           1       0.00      0.00      0.00         3
           2       0.17      0.08      0.11        25
           3       0.00      0.00      0.00         7
           4       0.00      0.00      0.00         3
           5       0.00      0.00      0.00         6
           6       0.00      0.00      0.00         4
           7       0.17      0.14      0.15        14
           8       0.08      0.05      0.06        20
           9       0.00      0.00      0.00         2
          10       0.00      0.00      0.00         9
          11       0.00      0.00      0.00        25
          12       0.00      0.00      0.00         8
          13       0.00      0.00      0.00        10
          14       0.00      0.00      0.00        10
          15       0.42      0.33      0.37        15
          16       0.25      0.23      0.24        13
          17       0.08      0.05      0.06        19
          18       0.08      0.33      0.13         3
          19       0.00      0.00      0.00        26
          20       0.00      0.00      0.00        17
          21       0.00      0.00      0.00        24
          22       0.00      0.00      0.00        19
          23       0.00      0.00      0.00         9
          24       0.00      0.00      0.00         4

    accuracy                           0.05       300
   macro avg       0.05      0.05      0.05       300
weighted avg       0.06      0.05      0.05       300

(training_methods.py:282) 2025-06-05 23:29:17.927750 | INFO : Epoch 6 Validation Summary: epoch: 6.000000 | loss: 0.000000 | accuracy: 0.050000 | 
(training_methods.py:312) 2025-06-05 23:29:17.930318 | INFO : ckpt updated.
(training_methods.py:254) 2025-06-05 23:29:18.130204 | INFO : Training Epoch 7   0.0% | batch:         0 of         5
	loss: 0.664453

(training_methods.py:257) 2025-06-05 23:29:18.260353 | INFO : Evaluating on validation set ...
(training_methods.py:254) 2025-06-05 23:29:18.799347 | INFO : Evaluating Epoch 7   0.0% | batch:         0 of         5
	loss: inf

(training_methods.py:262) 2025-06-05 23:29:18.848771 | INFO : Validation runtime: 0.0 hours, 0.0 minutes, 0.5881564617156982 seconds

(training_methods.py:268) 2025-06-05 23:29:18.848957 | INFO : Avg val. time: 0.0 hours, 0.0 minutes, 0.5904334187507629 seconds
(training_methods.py:269) 2025-06-05 23:29:18.849010 | INFO : Avg batch val. time: 0.11808668375015259 seconds
(training_methods.py:270) 2025-06-05 23:29:18.849055 | INFO : Avg sample val. time: 0.0019681113958358765 seconds
(training_methods.py:276) 2025-06-05 23:29:18.849116 | INFO : report:               precision    recall  f1-score   support

           0       0.00      0.00      0.00         6
           1       0.08      0.14      0.11         7
           2       0.00      0.00      0.00         5
           3       0.00      0.00      0.00        12
           4       0.00      0.00      0.00         3
           5       0.00      0.00      0.00         5
           6       0.00      0.00      0.00         2
           7       0.08      0.10      0.09        10
           8       0.33      0.33      0.33        12
           9       0.00      0.00      0.00         8
          10       0.00      0.00      0.00        22
          11       0.00      0.00      0.00        17
          12       0.00      0.00      0.00        10
          13       0.00      0.00      0.00         0
          14       0.00      0.00      0.00        18
          15       0.00      0.00      0.00        23
          16       0.08      0.11      0.10         9
          17       0.08      0.11      0.10         9
          18       0.08      0.05      0.06        21
          19       0.08      0.02      0.03        57
          20       0.00      0.00      0.00        13
          21       0.00      0.00      0.00        15
          22       0.08      0.17      0.11         6
          23       0.00      0.00      0.00         8
          24       0.00      0.00      0.00         2

    accuracy                           0.04       300
   macro avg       0.04      0.04      0.04       300
weighted avg       0.05      0.04      0.04       300

(training_methods.py:282) 2025-06-05 23:29:18.849210 | INFO : Epoch 7 Validation Summary: epoch: 7.000000 | loss: 0.000000 | accuracy: 0.036667 | 
(training_methods.py:312) 2025-06-05 23:29:18.851684 | INFO : ckpt updated.
(training_methods.py:254) 2025-06-05 23:29:19.048137 | INFO : Training Epoch 8   0.0% | batch:         0 of         5
	loss: 0.658597

(training_methods.py:257) 2025-06-05 23:29:19.180447 | INFO : Evaluating on validation set ...
(training_methods.py:254) 2025-06-05 23:29:19.750700 | INFO : Evaluating Epoch 8   0.0% | batch:         0 of         5
	loss: inf

(training_methods.py:262) 2025-06-05 23:29:19.797381 | INFO : Validation runtime: 0.0 hours, 0.0 minutes, 0.6166918277740479 seconds

(training_methods.py:268) 2025-06-05 23:29:19.797590 | INFO : Avg val. time: 0.0 hours, 0.0 minutes, 0.5933510197533501 seconds
(training_methods.py:269) 2025-06-05 23:29:19.797648 | INFO : Avg batch val. time: 0.11867020395067003 seconds
(training_methods.py:270) 2025-06-05 23:29:19.797698 | INFO : Avg sample val. time: 0.001977836732511167 seconds
(training_methods.py:276) 2025-06-05 23:29:19.797753 | INFO : report:               precision    recall  f1-score   support

           0       0.00      0.00      0.00         8
           1       0.00      0.00      0.00        10
           2       0.17      0.20      0.18        10
           3       0.00      0.00      0.00         7
           4       0.00      0.00      0.00         0
           5       0.00      0.00      0.00        16
           6       0.00      0.00      0.00         4
           7       0.42      0.45      0.43        11
           8       0.00      0.00      0.00        12
           9       0.00      0.00      0.00         5
          10       0.00      0.00      0.00         2
          11       0.00      0.00      0.00        16
          12       0.00      0.00      0.00         0
          13       0.00      0.00      0.00        14
          14       0.00      0.00      0.00        15
          15       0.00      0.00      0.00         6
          16       0.17      0.67      0.27         3
          17       0.08      0.07      0.08        14
          18       0.33      0.10      0.15        40
          19       0.00      0.00      0.00        46
          20       0.00      0.00      0.00        14
          21       0.00      0.00      0.00         8
          22       0.00      0.00      0.00         9
          23       0.08      0.08      0.08        13
          24       0.33      0.24      0.28        17

    accuracy                           0.06       300
   macro avg       0.06      0.07      0.06       300
weighted avg       0.09      0.06      0.07       300

(training_methods.py:282) 2025-06-05 23:29:19.797839 | INFO : Epoch 8 Validation Summary: epoch: 8.000000 | loss: 0.000000 | accuracy: 0.063333 | 
(training_methods.py:312) 2025-06-05 23:29:19.800623 | INFO : ckpt updated.
(training_methods.py:254) 2025-06-05 23:29:20.006930 | INFO : Training Epoch 9   0.0% | batch:         0 of         5
	loss: 0.667615

(training_methods.py:257) 2025-06-05 23:29:20.140421 | INFO : Evaluating on validation set ...
(training_methods.py:254) 2025-06-05 23:29:20.705250 | INFO : Evaluating Epoch 9   0.0% | batch:         0 of         5
	loss: inf

(training_methods.py:262) 2025-06-05 23:29:20.752187 | INFO : Validation runtime: 0.0 hours, 0.0 minutes, 0.6114978790283203 seconds

(training_methods.py:268) 2025-06-05 23:29:20.752397 | INFO : Avg val. time: 0.0 hours, 0.0 minutes, 0.5951657056808471 seconds
(training_methods.py:269) 2025-06-05 23:29:20.752453 | INFO : Avg batch val. time: 0.11903314113616943 seconds
(training_methods.py:270) 2025-06-05 23:29:20.752499 | INFO : Avg sample val. time: 0.001983885685602824 seconds
(training_methods.py:276) 2025-06-05 23:29:20.752553 | INFO : report:               precision    recall  f1-score   support

           0       0.00      0.00      0.00        14
           1       0.08      0.14      0.11         7
           2       0.08      0.25      0.12         4
           3       0.00      0.00      0.00        20
           4       0.00      0.00      0.00         0
           5       0.00      0.00      0.00         6
           6       0.00      0.00      0.00         9
           7       0.08      0.20      0.12         5
           8       0.00      0.00      0.00        23
           9       0.08      0.06      0.07        16
          10       0.17      0.17      0.17        12
          11       0.00      0.00      0.00        34
          12       0.00      0.00      0.00         0
          13       0.00      0.00      0.00        24
          14       0.00      0.00      0.00         4
          15       0.00      0.00      0.00         9
          16       0.17      0.33      0.22         6
          17       0.08      0.11      0.10         9
          18       0.33      0.11      0.16        37
          19       0.00      0.00      0.00         3
          20       0.00      0.00      0.00        25
          21       0.00      0.00      0.00         8
          22       0.17      0.29      0.21         7
          23       0.00      0.00      0.00         9
          24       0.00      0.00      0.00         9

    accuracy                           0.05       300
   macro avg       0.05      0.07      0.05       300
weighted avg       0.07      0.05      0.05       300

(training_methods.py:282) 2025-06-05 23:29:20.752624 | INFO : Epoch 9 Validation Summary: epoch: 9.000000 | loss: 0.000000 | accuracy: 0.050000 | 
(training_methods.py:312) 2025-06-05 23:29:20.755342 | INFO : ckpt updated.
(training_methods.py:254) 2025-06-05 23:29:20.955397 | INFO : Training Epoch 10   0.0% | batch:         0 of         5
	loss: 0.652107

(training_methods.py:257) 2025-06-05 23:29:21.087620 | INFO : Evaluating on validation set ...
(training_methods.py:254) 2025-06-05 23:29:21.657650 | INFO : Evaluating Epoch 10   0.0% | batch:         0 of         5
	loss: inf

(training_methods.py:262) 2025-06-05 23:29:21.703338 | INFO : Validation runtime: 0.0 hours, 0.0 minutes, 0.615455150604248 seconds

(training_methods.py:268) 2025-06-05 23:29:21.703548 | INFO : Avg val. time: 0.0 hours, 0.0 minutes, 0.5970102006738837 seconds
(training_methods.py:269) 2025-06-05 23:29:21.703607 | INFO : Avg batch val. time: 0.11940204013477673 seconds
(training_methods.py:270) 2025-06-05 23:29:21.703655 | INFO : Avg sample val. time: 0.001990034002246279 seconds
(training_methods.py:276) 2025-06-05 23:29:21.703709 | INFO : report:               precision    recall  f1-score   support

           0       0.00      0.00      0.00        15
           1       0.00      0.00      0.00         5
           2       0.08      0.25      0.12         4
           3       0.00      0.00      0.00        33
           4       0.00      0.00      0.00         0
           5       0.00      0.00      0.00         9
           6       0.00      0.00      0.00         4
           7       0.00      0.00      0.00         1
           8       0.00      0.00      0.00         1
           9       0.17      0.11      0.13        19
          10       0.00      0.00      0.00         4
          11       0.00      0.00      0.00        49
          12       0.00      0.00      0.00         0
          13       0.00      0.00      0.00        17
          14       0.00      0.00      0.00         4
          15       0.00      0.00      0.00        50
          16       0.00      0.00      0.00         0
          17       0.00      0.00      0.00        23
          18       0.17      0.17      0.17        12
          19       0.00      0.00      0.00         5
          20       0.00      0.00      0.00        13
          21       0.08      0.10      0.09        10
          22       0.00      0.00      0.00         3
          23       0.00      0.00      0.00         8
          24       0.17      0.18      0.17        11

    accuracy                           0.03       300
   macro avg       0.03      0.03      0.03       300
weighted avg       0.03      0.03      0.03       300

(training_methods.py:282) 2025-06-05 23:29:21.703795 | INFO : Epoch 10 Validation Summary: epoch: 10.000000 | loss: 0.000000 | accuracy: 0.026667 | 
(training_methods.py:312) 2025-06-05 23:29:21.706377 | INFO : ckpt updated.
(training_methods.py:254) 2025-06-05 23:29:21.940608 | INFO : Training Epoch 11   0.0% | batch:         0 of         5
	loss: 0.662862

(training_methods.py:257) 2025-06-05 23:29:22.073690 | INFO : Evaluating on validation set ...
(training_methods.py:254) 2025-06-05 23:29:22.625889 | INFO : Evaluating Epoch 11   0.0% | batch:         0 of         5
	loss: inf

(training_methods.py:262) 2025-06-05 23:29:22.669707 | INFO : Validation runtime: 0.0 hours, 0.0 minutes, 0.5957860946655273 seconds

(training_methods.py:268) 2025-06-05 23:29:22.669892 | INFO : Avg val. time: 0.0 hours, 0.0 minutes, 0.5969081918398539 seconds
(training_methods.py:269) 2025-06-05 23:29:22.669963 | INFO : Avg batch val. time: 0.11938163836797078 seconds
(training_methods.py:270) 2025-06-05 23:29:22.670009 | INFO : Avg sample val. time: 0.001989693972799513 seconds
(training_methods.py:276) 2025-06-05 23:29:22.670062 | INFO : report:               precision    recall  f1-score   support

           0       0.00      0.00      0.00         4
           1       0.00      0.00      0.00        11
           2       0.00      0.00      0.00         8
           3       0.00      0.00      0.00        13
           4       0.00      0.00      0.00         1
           5       0.00      0.00      0.00         7
           6       0.00      0.00      0.00         0
           7       0.08      0.50      0.14         2
           8       0.42      0.17      0.24        30
           9       0.17      0.10      0.12        20
          10       0.00      0.00      0.00         0
          11       0.00      0.00      0.00        20
          12       0.00      0.00      0.00         0
          13       0.00      0.00      0.00        19
          14       0.00      0.00      0.00         2
          15       0.08      0.02      0.03        50
          16       0.08      0.50      0.14         2
          17       0.17      0.09      0.12        22
          18       0.50      0.14      0.22        43
          19       0.00      0.00      0.00         8
          20       0.00      0.00      0.00        25
          21       0.00      0.00      0.00         2
          22       0.00      0.00      0.00         0
          23       0.00      0.00      0.00         1
          24       0.17      0.20      0.18        10

    accuracy                           0.07       300
   macro avg       0.07      0.07      0.05       300
weighted avg       0.16      0.07      0.09       300

(training_methods.py:282) 2025-06-05 23:29:22.670183 | INFO : Epoch 11 Validation Summary: epoch: 11.000000 | loss: 0.000000 | accuracy: 0.066667 | 
(training_methods.py:312) 2025-06-05 23:29:22.672609 | INFO : ckpt updated.
(training_methods.py:254) 2025-06-05 23:29:22.865283 | INFO : Training Epoch 12   0.0% | batch:         0 of         5
	loss: 0.645277

(training_methods.py:257) 2025-06-05 23:29:22.996696 | INFO : Evaluating on validation set ...
(training_methods.py:254) 2025-06-05 23:29:23.567342 | INFO : Evaluating Epoch 12   0.0% | batch:         0 of         5
	loss: inf

(training_methods.py:262) 2025-06-05 23:29:23.611377 | INFO : Validation runtime: 0.0 hours, 0.0 minutes, 0.6144158840179443 seconds

(training_methods.py:268) 2025-06-05 23:29:23.611586 | INFO : Avg val. time: 0.0 hours, 0.0 minutes, 0.5982549373920147 seconds
(training_methods.py:269) 2025-06-05 23:29:23.611643 | INFO : Avg batch val. time: 0.11965098747840294 seconds
(training_methods.py:270) 2025-06-05 23:29:23.611689 | INFO : Avg sample val. time: 0.001994183124640049 seconds
(training_methods.py:276) 2025-06-05 23:29:23.611742 | INFO : report:               precision    recall  f1-score   support

           0       0.33      0.16      0.22        25
           1       0.08      0.11      0.10         9
           2       0.33      0.14      0.20        28
           3       0.00      0.00      0.00        22
           4       0.00      0.00      0.00        17
           5       0.00      0.00      0.00        20
           6       0.00      0.00      0.00         8
           7       0.17      0.33      0.22         6
           8       0.75      0.64      0.69        14
           9       0.17      0.15      0.16        13
          10       0.00      0.00      0.00        13
          11       0.00      0.00      0.00        34
          12       0.00      0.00      0.00         3
          13       0.00      0.00      0.00         6
          14       0.00      0.00      0.00        26
          15       0.00      0.00      0.00         1
          16       0.00      0.00      0.00         4
          17       0.08      0.03      0.05        30
          18       0.08      0.50      0.14         2
          19       0.00      0.00      0.00         5
          20       0.00      0.00      0.00         0
          21       0.00      0.00      0.00         8
          22       0.00      0.00      0.00         0
          23       0.00      0.00      0.00         1
          24       0.00      0.00      0.00         5

    accuracy                           0.08       300
   macro avg       0.08      0.08      0.07       300
weighted avg       0.12      0.08      0.09       300

(training_methods.py:282) 2025-06-05 23:29:23.611835 | INFO : Epoch 12 Validation Summary: epoch: 12.000000 | loss: 0.000000 | accuracy: 0.080000 | 
(training_methods.py:312) 2025-06-05 23:29:23.614357 | INFO : ckpt updated.
(training_methods.py:254) 2025-06-05 23:29:23.808034 | INFO : Training Epoch 13   0.0% | batch:         0 of         5
	loss: 0.645121

(training_methods.py:257) 2025-06-05 23:29:23.941051 | INFO : Evaluating on validation set ...
(training_methods.py:254) 2025-06-05 23:29:24.536450 | INFO : Evaluating Epoch 13   0.0% | batch:         0 of         5
	loss: inf

(training_methods.py:262) 2025-06-05 23:29:24.580330 | INFO : Validation runtime: 0.0 hours, 0.0 minutes, 0.6390151977539062 seconds

(training_methods.py:268) 2025-06-05 23:29:24.580521 | INFO : Avg val. time: 0.0 hours, 0.0 minutes, 0.6011663845607212 seconds
(training_methods.py:269) 2025-06-05 23:29:24.580593 | INFO : Avg batch val. time: 0.12023327691214425 seconds
(training_methods.py:270) 2025-06-05 23:29:24.580640 | INFO : Avg sample val. time: 0.0020038879485357376 seconds
(training_methods.py:276) 2025-06-05 23:29:24.580693 | INFO : report:               precision    recall  f1-score   support

           0       0.00      0.00      0.00         7
           1       0.17      0.50      0.25         4
           2       0.17      0.08      0.11        25
           3       0.00      0.00      0.00        25
           4       0.00      0.00      0.00        20
           5       0.00      0.00      0.00        12
           6       0.00      0.00      0.00         0
           7       0.17      0.22      0.19         9
           8       0.08      0.05      0.06        19
           9       0.17      0.25      0.20         8
          10       0.00      0.00      0.00        11
          11       0.00      0.00      0.00        30
          12       0.00      0.00      0.00         8
          13       0.00      0.00      0.00        10
          14       0.00      0.00      0.00        11
          15       0.00      0.00      0.00        12
          16       0.00      0.00      0.00         5
          17       0.00      0.00      0.00         8
          18       0.17      0.29      0.21         7
          19       0.00      0.00      0.00         4
          20       0.00      0.00      0.00         7
          21       0.00      0.00      0.00        10
          22       0.00      0.00      0.00        13
          23       0.00      0.00      0.00        27
          24       0.00      0.00      0.00         8

    accuracy                           0.04       300
   macro avg       0.04      0.06      0.04       300
weighted avg       0.03      0.04      0.03       300

(training_methods.py:282) 2025-06-05 23:29:24.580804 | INFO : Epoch 13 Validation Summary: epoch: 13.000000 | loss: 0.000000 | accuracy: 0.036667 | 
(training_methods.py:312) 2025-06-05 23:29:24.583506 | INFO : ckpt updated.
(training_methods.py:254) 2025-06-05 23:29:24.776411 | INFO : Training Epoch 14   0.0% | batch:         0 of         5
	loss: 0.650707

(training_methods.py:257) 2025-06-05 23:29:24.910550 | INFO : Evaluating on validation set ...
(training_methods.py:254) 2025-06-05 23:29:25.456618 | INFO : Evaluating Epoch 14   0.0% | batch:         0 of         5
	loss: inf

(training_methods.py:262) 2025-06-05 23:29:25.501225 | INFO : Validation runtime: 0.0 hours, 0.0 minutes, 0.5904214382171631 seconds

(training_methods.py:268) 2025-06-05 23:29:25.501408 | INFO : Avg val. time: 0.0 hours, 0.0 minutes, 0.6004500548044841 seconds
(training_methods.py:269) 2025-06-05 23:29:25.501479 | INFO : Avg batch val. time: 0.12009001096089682 seconds
(training_methods.py:270) 2025-06-05 23:29:25.501526 | INFO : Avg sample val. time: 0.0020015001826816136 seconds
(training_methods.py:276) 2025-06-05 23:29:25.501579 | INFO : report:               precision    recall  f1-score   support

           0       0.00      0.00      0.00         9
           1       0.00      0.00      0.00         1
           2       0.17      0.22      0.19         9
           3       0.00      0.00      0.00         1
           4       0.00      0.00      0.00         1
           5       0.00      0.00      0.00        14
           6       0.00      0.00      0.00         1
           7       0.25      0.43      0.32         7
           8       0.00      0.00      0.00         4
           9       0.00      0.00      0.00        16
          10       0.00      0.00      0.00        12
          11       0.00      0.00      0.00        27
          12       0.00      0.00      0.00         9
          13       0.00      0.00      0.00        55
          14       0.00      0.00      0.00         2
          15       0.17      0.20      0.18        10
          16       0.25      0.14      0.18        21
          17       0.25      0.50      0.33         6
          18       0.00      0.00      0.00         0
          19       0.00      0.00      0.00         4
          20       0.00      0.00      0.00         4
          21       0.00      0.00      0.00         0
          22       0.00      0.00      0.00         1
          23       0.00      0.00      0.00        82
          24       0.00      0.00      0.00         4

    accuracy                           0.04       300
   macro avg       0.04      0.06      0.05       300
weighted avg       0.04      0.04      0.04       300

(training_methods.py:282) 2025-06-05 23:29:25.501680 | INFO : Epoch 14 Validation Summary: epoch: 14.000000 | loss: 0.000000 | accuracy: 0.043333 | 
(training_methods.py:312) 2025-06-05 23:29:25.504151 | INFO : ckpt updated.
(training_methods.py:254) 2025-06-05 23:29:25.693204 | INFO : Training Epoch 15   0.0% | batch:         0 of         5
	loss: 0.638989

(training_methods.py:257) 2025-06-05 23:29:25.828629 | INFO : Evaluating on validation set ...
(training_methods.py:254) 2025-06-05 23:29:26.378499 | INFO : Evaluating Epoch 15   0.0% | batch:         0 of         5
	loss: inf

(training_methods.py:262) 2025-06-05 23:29:26.424007 | INFO : Validation runtime: 0.0 hours, 0.0 minutes, 0.595116376876831 seconds

(training_methods.py:268) 2025-06-05 23:29:26.424194 | INFO : Avg val. time: 0.0 hours, 0.0 minutes, 0.6001166999340057 seconds
(training_methods.py:269) 2025-06-05 23:29:26.424265 | INFO : Avg batch val. time: 0.12002333998680115 seconds
(training_methods.py:270) 2025-06-05 23:29:26.424312 | INFO : Avg sample val. time: 0.0020003889997800193 seconds
(training_methods.py:276) 2025-06-05 23:29:26.424364 | INFO : report:               precision    recall  f1-score   support

           0       0.00      0.00      0.00         6
           1       0.08      0.12      0.10         8
           2       0.08      0.17      0.11         6
           3       0.00      0.00      0.00        36
           4       0.00      0.00      0.00         4
           5       0.00      0.00      0.00         7
           6       0.00      0.00      0.00         1
           7       0.00      0.00      0.00         2
           8       0.00      0.00      0.00         8
           9       0.00      0.00      0.00         6
          10       0.00      0.00      0.00         7
          11       0.00      0.00      0.00        79
          12       0.00      0.00      0.00         2
          13       0.00      0.00      0.00        11
          14       0.00      0.00      0.00        10
          15       0.17      0.10      0.12        21
          16       0.00      0.00      0.00         9
          17       0.00      0.00      0.00        20
          18       0.08      0.50      0.14         2
          19       0.00      0.00      0.00         1
          20       0.00      0.00      0.00         1
          21       0.00      0.00      0.00         7
          22       0.00      0.00      0.00         2
          23       0.00      0.00      0.00        37
          24       0.00      0.00      0.00         7

    accuracy                           0.02       300
   macro avg       0.02      0.04      0.02       300
weighted avg       0.02      0.02      0.01       300

(training_methods.py:282) 2025-06-05 23:29:26.424444 | INFO : Epoch 15 Validation Summary: epoch: 15.000000 | loss: 0.000000 | accuracy: 0.016667 | 
(training_methods.py:312) 2025-06-05 23:29:26.426998 | INFO : ckpt updated.
(training_methods.py:254) 2025-06-05 23:29:26.631618 | INFO : Training Epoch 16   0.0% | batch:         0 of         5
	loss: 0.631401

(training_methods.py:257) 2025-06-05 23:29:26.762923 | INFO : Evaluating on validation set ...
(training_methods.py:254) 2025-06-05 23:29:27.341703 | INFO : Evaluating Epoch 16   0.0% | batch:         0 of         5
	loss: inf

(training_methods.py:262) 2025-06-05 23:29:27.390439 | INFO : Validation runtime: 0.0 hours, 0.0 minutes, 0.6272504329681396 seconds

(training_methods.py:268) 2025-06-05 23:29:27.390631 | INFO : Avg val. time: 0.0 hours, 0.0 minutes, 0.6017128018771901 seconds
(training_methods.py:269) 2025-06-05 23:29:27.390707 | INFO : Avg batch val. time: 0.12034256037543803 seconds
(training_methods.py:270) 2025-06-05 23:29:27.390753 | INFO : Avg sample val. time: 0.002005709339590634 seconds
(training_methods.py:276) 2025-06-05 23:29:27.390805 | INFO : report:               precision    recall  f1-score   support

           0       0.00      0.00      0.00         7
           1       0.08      0.33      0.13         3
           2       0.17      0.22      0.19         9
           3       0.08      0.07      0.07        15
           4       0.00      0.00      0.00         8
           5       0.00      0.00      0.00        12
           6       0.00      0.00      0.00         1
           7       0.00      0.00      0.00         8
           8       0.00      0.00      0.00        13
           9       0.08      0.07      0.08        14
          10       0.00      0.00      0.00         2
          11       0.00      0.00      0.00        33
          12       0.00      0.00      0.00         4
          13       0.08      0.08      0.08        12
          14       0.00      0.00      0.00        31
          15       0.25      0.14      0.18        21
          16       0.17      0.14      0.15        14
          17       0.08      0.11      0.10         9
          18       0.42      0.71      0.53         7
          19       0.00      0.00      0.00         3
          20       0.00      0.00      0.00         4
          21       0.00      0.00      0.00        13
          22       0.00      0.00      0.00         5
          23       0.00      0.00      0.00        41
          24       0.00      0.00      0.00        11

    accuracy                           0.06       300
   macro avg       0.06      0.08      0.06       300
weighted avg       0.05      0.06      0.05       300

(training_methods.py:282) 2025-06-05 23:29:27.390890 | INFO : Epoch 16 Validation Summary: epoch: 16.000000 | loss: 0.000000 | accuracy: 0.056667 | 
(training_methods.py:312) 2025-06-05 23:29:27.393527 | INFO : ckpt updated.
(training_methods.py:254) 2025-06-05 23:29:27.596619 | INFO : Training Epoch 17   0.0% | batch:         0 of         5
	loss: 0.617323

(training_methods.py:257) 2025-06-05 23:29:27.729786 | INFO : Evaluating on validation set ...
(training_methods.py:254) 2025-06-05 23:29:28.313007 | INFO : Evaluating Epoch 17   0.0% | batch:         0 of         5
	loss: inf

(training_methods.py:262) 2025-06-05 23:29:28.358864 | INFO : Validation runtime: 0.0 hours, 0.0 minutes, 0.6288144588470459 seconds

(training_methods.py:268) 2025-06-05 23:29:28.359063 | INFO : Avg val. time: 0.0 hours, 0.0 minutes, 0.6032184494866265 seconds
(training_methods.py:269) 2025-06-05 23:29:28.359120 | INFO : Avg batch val. time: 0.1206436898973253 seconds
(training_methods.py:270) 2025-06-05 23:29:28.359166 | INFO : Avg sample val. time: 0.0020107281649554215 seconds
(training_methods.py:276) 2025-06-05 23:29:28.359225 | INFO : report:               precision    recall  f1-score   support

           0       0.00      0.00      0.00         3
           1       0.00      0.00      0.00         3
           2       0.08      0.33      0.13         3
           3       0.00      0.00      0.00        49
           4       0.00      0.00      0.00         8
           5       0.00      0.00      0.00         4
           6       0.00      0.00      0.00         3
           7       0.00      0.00      0.00         2
           8       0.00      0.00      0.00        16
           9       0.00      0.00      0.00         3
          10       0.17      0.22      0.19         9
          11       0.00      0.00      0.00        48
          12       0.00      0.00      0.00         0
          13       0.00      0.00      0.00        25
          14       0.00      0.00      0.00         4
          15       0.00      0.00      0.00         5
          16       0.00      0.00      0.00         4
          17       0.08      0.08      0.08        12
          18       0.08      0.17      0.11         6
          19       0.00      0.00      0.00         5
          20       0.00      0.00      0.00         3
          21       0.00      0.00      0.00        12
          22       0.00      0.00      0.00        10
          23       0.00      0.00      0.00        51
          24       0.00      0.00      0.00        12

    accuracy                           0.02       300
   macro avg       0.02      0.03      0.02       300
weighted avg       0.01      0.02      0.01       300

(training_methods.py:282) 2025-06-05 23:29:28.359331 | INFO : Epoch 17 Validation Summary: epoch: 17.000000 | loss: 0.000000 | accuracy: 0.016667 | 
(training_methods.py:312) 2025-06-05 23:29:28.362081 | INFO : ckpt updated.
(training_methods.py:254) 2025-06-05 23:29:28.575410 | INFO : Training Epoch 18   0.0% | batch:         0 of         5
	loss: 0.631525

(training_methods.py:257) 2025-06-05 23:29:28.708687 | INFO : Evaluating on validation set ...
(training_methods.py:254) 2025-06-05 23:29:29.271358 | INFO : Evaluating Epoch 18   0.0% | batch:         0 of         5
	loss: inf

(training_methods.py:262) 2025-06-05 23:29:29.318604 | INFO : Validation runtime: 0.0 hours, 0.0 minutes, 0.6096582412719727 seconds

(training_methods.py:268) 2025-06-05 23:29:29.318788 | INFO : Avg val. time: 0.0 hours, 0.0 minutes, 0.6035573858963815 seconds
(training_methods.py:269) 2025-06-05 23:29:29.318858 | INFO : Avg batch val. time: 0.1207114771792763 seconds
(training_methods.py:270) 2025-06-05 23:29:29.318904 | INFO : Avg sample val. time: 0.0020118579529879383 seconds
(training_methods.py:276) 2025-06-05 23:29:29.318957 | INFO : report:               precision    recall  f1-score   support

           0       0.00      0.00      0.00         4
           1       0.08      0.20      0.12         5
           2       0.17      0.33      0.22         6
           3       0.00      0.00      0.00        29
           4       0.00      0.00      0.00         8
           5       0.00      0.00      0.00         4
           6       0.00      0.00      0.00         7
           7       0.00      0.00      0.00         2
           8       0.00      0.00      0.00         7
           9       0.50      0.33      0.40        18
          10       0.00      0.00      0.00         5
          11       0.00      0.00      0.00        21
          12       0.00      0.00      0.00         4
          13       0.00      0.00      0.00        16
          14       0.00      0.00      0.00         9
          15       0.00      0.00      0.00        45
          16       0.00      0.00      0.00         7
          17       0.00      0.00      0.00        12
          18       0.08      0.17      0.11         6
          19       0.00      0.00      0.00         3
          20       0.00      0.00      0.00         2
          21       0.00      0.00      0.00        13
          22       0.00      0.00      0.00        29
          23       0.00      0.00      0.00        24
          24       0.00      0.00      0.00        14

    accuracy                           0.03       300
   macro avg       0.03      0.04      0.03       300
weighted avg       0.04      0.03      0.03       300

(training_methods.py:282) 2025-06-05 23:29:29.319057 | INFO : Epoch 18 Validation Summary: epoch: 18.000000 | loss: 0.000000 | accuracy: 0.033333 | 
(training_methods.py:312) 2025-06-05 23:29:29.321671 | INFO : ckpt updated.
(training_methods.py:254) 2025-06-05 23:29:29.524981 | INFO : Training Epoch 19   0.0% | batch:         0 of         5
	loss: 0.63252

(training_methods.py:257) 2025-06-05 23:29:29.655326 | INFO : Evaluating on validation set ...
(training_methods.py:254) 2025-06-05 23:29:30.216143 | INFO : Evaluating Epoch 19   0.0% | batch:         0 of         5
	loss: inf

(training_methods.py:262) 2025-06-05 23:29:30.266179 | INFO : Validation runtime: 0.0 hours, 0.0 minutes, 0.6105859279632568 seconds

(training_methods.py:268) 2025-06-05 23:29:30.266408 | INFO : Avg val. time: 0.0 hours, 0.0 minutes, 0.6039088129997253 seconds
(training_methods.py:269) 2025-06-05 23:29:30.266465 | INFO : Avg batch val. time: 0.12078176259994507 seconds
(training_methods.py:270) 2025-06-05 23:29:30.266512 | INFO : Avg sample val. time: 0.002013029376665751 seconds
(training_methods.py:276) 2025-06-05 23:29:30.266574 | INFO : report:               precision    recall  f1-score   support

           0       0.08      0.03      0.05        32
           1       0.33      0.24      0.28        17
           2       0.42      0.36      0.38        14
           3       0.00      0.00      0.00        34
           4       0.00      0.00      0.00         5
           5       0.00      0.00      0.00         5
           6       0.00      0.00      0.00         9
           7       0.00      0.00      0.00         0
           8       0.00      0.00      0.00         7
           9       0.08      0.50      0.14         2
          10       0.00      0.00      0.00         0
          11       0.00      0.00      0.00        27
          12       0.00      0.00      0.00         1
          13       0.00      0.00      0.00         5
          14       0.00      0.00      0.00        11
          15       0.00      0.00      0.00        22
          16       0.00      0.00      0.00         0
          17       0.17      1.00      0.29         2
          18       0.17      0.06      0.09        33
          19       0.00      0.00      0.00         2
          20       0.00      0.00      0.00         0
          21       0.00      0.00      0.00         7
          22       0.00      0.00      0.00         0
          23       0.00      0.00      0.00        62
          24       0.00      0.00      0.00         3

    accuracy                           0.05       300
   macro avg       0.05      0.09      0.05       300
weighted avg       0.07      0.05      0.05       300

(training_methods.py:282) 2025-06-05 23:29:30.266666 | INFO : Epoch 19 Validation Summary: epoch: 19.000000 | loss: 0.000000 | accuracy: 0.050000 | 
(training_methods.py:312) 2025-06-05 23:29:30.269279 | INFO : ckpt updated.
