(dataloaders.py:51) 2025-06-06 22:54:39.951348 | INFO : train_ds length: 1375, valid_ds length: 300
(process_model.py:276) 2025-06-06 22:54:39.972563 | INFO : {'hidden_size': 100, 'kernel_size': 3, 'encoding_size': 10, 'feat_dim': 9, 'seq_len': 144, 'device': 'cpu'}
(process_model.py:277) 2025-06-06 22:54:39.972695 | INFO : TNC(
  (encoder): RnnEncoder(
    (nn): Sequential(
      (0): Linear(in_features=200, out_features=10, bias=True)
    )
    (rnn): GRU(9, 100, bidirectional=True)
  )
  (disc_model): Discriminator(
    (model): Sequential(
      (0): Linear(in_features=20, out_features=40, bias=True)
      (1): ReLU(inplace=True)
      (2): Dropout(p=0.5, inplace=False)
      (3): Linear(in_features=40, out_features=1, bias=True)
    )
  )
)
(training_methods.py:254) 2025-06-06 22:54:40.704126 | INFO : Training Epoch 0   0.0% | batch:         0 of        11
	loss: 0.7023

(training_methods.py:254) 2025-06-06 22:54:41.353163 | INFO : Training Epoch 0  90.9% | batch:        10 of        11
	loss: 0.682469

(training_methods.py:257) 2025-06-06 22:54:41.380589 | INFO : Evaluating on validation set ...
(training_methods.py:254) 2025-06-06 22:54:45.180065 | INFO : Evaluating Epoch 0   0.0% | batch:         0 of         3
	loss: inf

(training_methods.py:262) 2025-06-06 22:54:45.362823 | INFO : Validation runtime: 0.0 hours, 0.0 minutes, 3.981997489929199 seconds

(training_methods.py:268) 2025-06-06 22:54:45.363051 | INFO : Avg val. time: 0.0 hours, 0.0 minutes, 3.981997489929199 seconds
(training_methods.py:269) 2025-06-06 22:54:45.363132 | INFO : Avg batch val. time: 1.3273324966430664 seconds
(training_methods.py:270) 2025-06-06 22:54:45.363178 | INFO : Avg sample val. time: 0.013273324966430664 seconds
(training_methods.py:276) 2025-06-06 22:54:45.363235 | INFO : report:               precision    recall  f1-score   support

           0       0.00      0.00      0.00        11
           1       0.00      0.00      0.00         5
           2       0.25      0.11      0.15        27
           3       0.00      0.00      0.00        12
           4       0.00      0.00      0.00        13
           5       0.00      0.00      0.00         3
           6       0.00      0.00      0.00         6
           7       0.25      0.33      0.29         9
           8       0.25      0.14      0.18        22
           9       0.00      0.00      0.00        12
          10       0.00      0.00      0.00         5
          11       0.00      0.00      0.00         6
          12       0.00      0.00      0.00        10
          13       0.00      0.00      0.00         8
          14       0.00      0.00      0.00        15
          15       0.08      0.03      0.04        33
          16       0.25      0.33      0.29         9
          17       0.08      0.07      0.08        14
          18       0.08      0.06      0.07        18
          19       0.08      0.09      0.09        11
          20       0.00      0.00      0.00        13
          21       0.00      0.00      0.00         8
          22       0.00      0.00      0.00         8
          23       0.00      0.00      0.00        14
          24       0.00      0.00      0.00         8

    accuracy                           0.05       300
   macro avg       0.05      0.05      0.05       300
weighted avg       0.08      0.05      0.06       300

(training_methods.py:282) 2025-06-06 22:54:45.363308 | INFO : Epoch 0 Validation Summary: epoch: 0.000000 | loss: 0.000000 | accuracy: 0.053333 | 
(training_methods.py:312) 2025-06-06 22:54:45.366351 | INFO : ckpt updated.
(training_methods.py:254) 2025-06-06 22:54:45.861573 | INFO : Training Epoch 1   0.0% | batch:         0 of        11
	loss: 0.685906

(training_methods.py:254) 2025-06-06 22:54:46.511411 | INFO : Training Epoch 1  90.9% | batch:        10 of        11
	loss: 0.682104

(training_methods.py:257) 2025-06-06 22:54:46.547216 | INFO : Evaluating on validation set ...
(training_methods.py:254) 2025-06-06 22:54:50.317024 | INFO : Evaluating Epoch 1   0.0% | batch:         0 of         3
	loss: inf

(training_methods.py:262) 2025-06-06 22:54:50.501089 | INFO : Validation runtime: 0.0 hours, 0.0 minutes, 3.953608512878418 seconds

(training_methods.py:268) 2025-06-06 22:54:50.501361 | INFO : Avg val. time: 0.0 hours, 0.0 minutes, 3.9678030014038086 seconds
(training_methods.py:269) 2025-06-06 22:54:50.501421 | INFO : Avg batch val. time: 1.3226010004679363 seconds
(training_methods.py:270) 2025-06-06 22:54:50.501469 | INFO : Avg sample val. time: 0.013226010004679363 seconds
(training_methods.py:276) 2025-06-06 22:54:50.501529 | INFO : report:               precision    recall  f1-score   support

           0       0.00      0.00      0.00         3
           1       0.00      0.00      0.00        10
           2       0.33      0.20      0.25        20
           3       0.00      0.00      0.00        20
           4       0.00      0.00      0.00        10
           5       0.00      0.00      0.00         6
           6       0.08      0.12      0.10         8
           7       0.00      0.00      0.00         5
           8       0.00      0.00      0.00        12
           9       0.00      0.00      0.00        13
          10       0.00      0.00      0.00         5
          11       0.00      0.00      0.00        15
          12       0.00      0.00      0.00         4
          13       0.00      0.00      0.00        15
          14       0.00      0.00      0.00        14
          15       0.08      0.06      0.07        16
          16       0.25      0.19      0.21        16
          17       0.08      0.10      0.09        10
          18       0.33      0.14      0.20        29
          19       0.08      0.05      0.06        20
          20       0.00      0.00      0.00        12
          21       0.00      0.00      0.00        19
          22       0.00      0.00      0.00         3
          23       0.00      0.00      0.00         4
          24       0.08      0.09      0.09        11

    accuracy                           0.05       300
   macro avg       0.05      0.04      0.04       300
weighted avg       0.09      0.05      0.06       300

(training_methods.py:282) 2025-06-06 22:54:50.501608 | INFO : Epoch 1 Validation Summary: epoch: 1.000000 | loss: 0.000000 | accuracy: 0.053333 | 
(training_methods.py:312) 2025-06-06 22:54:50.514713 | INFO : ckpt updated.
