(dataloaders.py:51) 2025-06-06 20:59:43.443935 | INFO : train_ds length: 275, valid_ds length: 300
(process_model.py:276) 2025-06-06 20:59:43.447703 | INFO : {'feat_dim': 9, 'seq_len': 144, 'device': 'cpu'}
(process_model.py:277) 2025-06-06 20:59:43.447836 | INFO : TNC(
  (encoder): RnnEncoder(
    (nn): Sequential(
      (0): Linear(in_features=200, out_features=10, bias=True)
    )
    (rnn): GRU(9, 100, bidirectional=True)
  )
  (disc_model): Discriminator(
    (model): Sequential(
      (0): Linear(in_features=20, out_features=40, bias=True)
      (1): ReLU(inplace=True)
      (2): Dropout(p=0.5, inplace=False)
      (3): Linear(in_features=40, out_features=1, bias=True)
    )
  )
)
(training_methods.py:254) 2025-06-06 20:59:44.538157 | INFO : Training Epoch 0   0.0% | batch:         0 of         5
	loss: 0.702907

(training_methods.py:257) 2025-06-06 20:59:44.669088 | INFO : Evaluating on validation set ...
(training_methods.py:254) 2025-06-06 20:59:45.252544 | INFO : Evaluating Epoch 0   0.0% | batch:         0 of         5
	loss: inf

(training_methods.py:262) 2025-06-06 20:59:45.305347 | INFO : Validation runtime: 0.0 hours, 0.0 minutes, 0.6359682083129883 seconds

(training_methods.py:268) 2025-06-06 20:59:45.305552 | INFO : Avg val. time: 0.0 hours, 0.0 minutes, 0.6359682083129883 seconds
(training_methods.py:269) 2025-06-06 20:59:45.305610 | INFO : Avg batch val. time: 0.12719364166259767 seconds
(training_methods.py:270) 2025-06-06 20:59:45.305658 | INFO : Avg sample val. time: 0.002119894027709961 seconds
(training_methods.py:276) 2025-06-06 20:59:45.305709 | INFO : report:               precision    recall  f1-score   support

           0       0.00      0.00      0.00        12
           1       0.00      0.00      0.00         8
           2       0.25      0.12      0.16        26
           3       0.00      0.00      0.00        10
           4       0.00      0.00      0.00        19
           5       0.00      0.00      0.00         1
           6       0.08      0.20      0.12         5
           7       0.08      0.12      0.10         8
           8       0.17      0.09      0.11        23
           9       0.00      0.00      0.00         5
          10       0.00      0.00      0.00         7
          11       0.00      0.00      0.00        21
          12       0.08      0.17      0.11         6
          13       0.00      0.00      0.00         5
          14       0.00      0.00      0.00        18
          15       0.08      0.05      0.06        21
          16       0.17      0.22      0.19         9
          17       0.08      0.06      0.07        16
          18       0.25      0.14      0.18        21
          19       0.00      0.00      0.00         8
          20       0.00      0.00      0.00         9
          21       0.00      0.00      0.00         9
          22       0.00      0.00      0.00         9
          23       0.00      0.00      0.00        12
          24       0.08      0.08      0.08        12

    accuracy                           0.05       300
   macro avg       0.05      0.05      0.05       300
weighted avg       0.08      0.05      0.06       300

(training_methods.py:282) 2025-06-06 20:59:45.305803 | INFO : Epoch 0 Validation Summary: epoch: 0.000000 | loss: 0.000000 | accuracy: 0.053333 | 
(training_methods.py:312) 2025-06-06 20:59:45.308770 | INFO : ckpt updated.
(training_methods.py:254) 2025-06-06 20:59:45.513829 | INFO : Training Epoch 1   0.0% | batch:         0 of         5
	loss: 0.690808

(training_methods.py:257) 2025-06-06 20:59:45.649071 | INFO : Evaluating on validation set ...
(training_methods.py:254) 2025-06-06 20:59:46.196985 | INFO : Evaluating Epoch 1   0.0% | batch:         0 of         5
	loss: inf

(training_methods.py:262) 2025-06-06 20:59:46.251818 | INFO : Validation runtime: 0.0 hours, 0.0 minutes, 0.6024765968322754 seconds

(training_methods.py:268) 2025-06-06 20:59:46.252033 | INFO : Avg val. time: 0.0 hours, 0.0 minutes, 0.6192224025726318 seconds
(training_methods.py:269) 2025-06-06 20:59:46.252109 | INFO : Avg batch val. time: 0.12384448051452637 seconds
(training_methods.py:270) 2025-06-06 20:59:46.252169 | INFO : Avg sample val. time: 0.002064074675242106 seconds
(training_methods.py:276) 2025-06-06 20:59:46.252223 | INFO : report:               precision    recall  f1-score   support

           0       0.00      0.00      0.00        16
           1       0.00      0.00      0.00        14
           2       0.08      0.08      0.08        13
           3       0.00      0.00      0.00        13
           4       0.00      0.00      0.00        13
           5       0.00      0.00      0.00         6
           6       0.25      0.25      0.25        12
           7       0.17      0.13      0.15        15
           8       0.08      0.07      0.08        14
           9       0.00      0.00      0.00         7
          10       0.08      0.08      0.08        12
          11       0.00      0.00      0.00         8
          12       0.00      0.00      0.00        15
          13       0.00      0.00      0.00        10
          14       0.00      0.00      0.00        17
          15       0.00      0.00      0.00        24
          16       0.17      0.50      0.25         4
          17       0.00      0.00      0.00         7
          18       0.08      0.05      0.06        20
          19       0.00      0.00      0.00        13
          20       0.00      0.00      0.00         5
          21       0.00      0.00      0.00         6
          22       0.08      0.06      0.07        16
          23       0.00      0.00      0.00        12
          24       0.17      0.25      0.20         8

    accuracy                           0.05       300
   macro avg       0.05      0.06      0.05       300
weighted avg       0.05      0.05      0.04       300

(training_methods.py:282) 2025-06-06 20:59:46.252301 | INFO : Epoch 1 Validation Summary: epoch: 1.000000 | loss: 0.000000 | accuracy: 0.046667 | 
(training_methods.py:312) 2025-06-06 20:59:46.255060 | INFO : ckpt updated.
(training_methods.py:254) 2025-06-06 20:59:46.517352 | INFO : Training Epoch 2   0.0% | batch:         0 of         5
	loss: 0.688108

(training_methods.py:257) 2025-06-06 20:59:46.648792 | INFO : Evaluating on validation set ...
(training_methods.py:254) 2025-06-06 20:59:47.209961 | INFO : Evaluating Epoch 2   0.0% | batch:         0 of         5
	loss: inf

(training_methods.py:262) 2025-06-06 20:59:47.259146 | INFO : Validation runtime: 0.0 hours, 0.0 minutes, 0.6100690364837646 seconds

(training_methods.py:268) 2025-06-06 20:59:47.259340 | INFO : Avg val. time: 0.0 hours, 0.0 minutes, 0.6161712805430094 seconds
(training_methods.py:269) 2025-06-06 20:59:47.259424 | INFO : Avg batch val. time: 0.12323425610860188 seconds
(training_methods.py:270) 2025-06-06 20:59:47.259472 | INFO : Avg sample val. time: 0.002053904268476698 seconds
(training_methods.py:276) 2025-06-06 20:59:47.259523 | INFO : report:               precision    recall  f1-score   support

           0       0.00      0.00      0.00         5
           1       0.00      0.00      0.00        14
           2       0.33      0.18      0.24        22
           3       0.00      0.00      0.00         8
           4       0.00      0.00      0.00        19
           5       0.00      0.00      0.00        12
           6       0.33      0.25      0.29        16
           7       0.08      0.08      0.08        12
           8       0.42      0.19      0.26        26
           9       0.00      0.00      0.00         9
          10       0.00      0.00      0.00        13
          11       0.00      0.00      0.00         5
          12       0.08      0.20      0.12         5
          13       0.00      0.00      0.00         5
          14       0.00      0.00      0.00        11
          15       0.25      0.15      0.19        20
          16       0.17      0.14      0.15        14
          17       0.08      0.09      0.09        11
          18       0.33      0.31      0.32        13
          19       0.17      0.25      0.20         8
          20       0.00      0.00      0.00        11
          21       0.00      0.00      0.00        11
          22       0.00      0.00      0.00         5
          23       0.00      0.00      0.00        15
          24       0.00      0.00      0.00        10

    accuracy                           0.09       300
   macro avg       0.09      0.07      0.08       300
weighted avg       0.13      0.09      0.10       300

(training_methods.py:282) 2025-06-06 20:59:47.259609 | INFO : Epoch 2 Validation Summary: epoch: 2.000000 | loss: 0.000000 | accuracy: 0.090000 | 
(training_methods.py:312) 2025-06-06 20:59:47.262145 | INFO : ckpt updated.
(training_methods.py:254) 2025-06-06 20:59:47.507056 | INFO : Training Epoch 3   0.0% | batch:         0 of         5
	loss: 0.683373

(training_methods.py:257) 2025-06-06 20:59:47.642798 | INFO : Evaluating on validation set ...
(training_methods.py:254) 2025-06-06 20:59:48.171187 | INFO : Evaluating Epoch 3   0.0% | batch:         0 of         5
	loss: inf

(training_methods.py:262) 2025-06-06 20:59:48.215809 | INFO : Validation runtime: 0.0 hours, 0.0 minutes, 0.572779655456543 seconds

(training_methods.py:268) 2025-06-06 20:59:48.216007 | INFO : Avg val. time: 0.0 hours, 0.0 minutes, 0.6053233742713928 seconds
(training_methods.py:269) 2025-06-06 20:59:48.216069 | INFO : Avg batch val. time: 0.12106467485427856 seconds
(training_methods.py:270) 2025-06-06 20:59:48.216119 | INFO : Avg sample val. time: 0.0020177445809046427 seconds
(training_methods.py:276) 2025-06-06 20:59:48.216174 | INFO : report:               precision    recall  f1-score   support

           0       0.00      0.00      0.00         4
           1       0.00      0.00      0.00        17
           2       0.33      0.13      0.19        31
           3       0.00      0.00      0.00         7
           4       0.00      0.00      0.00         5
           5       0.00      0.00      0.00         3
           6       0.25      0.75      0.38         4
           7       0.08      0.08      0.08        13
           8       0.25      0.11      0.15        28
           9       0.00      0.00      0.00         7
          10       0.00      0.00      0.00        15
          11       0.00      0.00      0.00        17
          12       0.00      0.00      0.00        11
          13       0.00      0.00      0.00         6
          14       0.00      0.00      0.00         7
          15       0.00      0.00      0.00        17
          16       0.25      0.27      0.26        11
          17       0.08      0.06      0.07        17
          18       0.08      0.17      0.11         6
          19       0.00      0.00      0.00        27
          20       0.00      0.00      0.00         9
          21       0.00      0.00      0.00        20
          22       0.00      0.00      0.00         2
          23       0.08      0.08      0.08        12
          24       0.00      0.00      0.00         4

    accuracy                           0.06       300
   macro avg       0.06      0.07      0.05       300
weighted avg       0.08      0.06      0.06       300

(training_methods.py:282) 2025-06-06 20:59:48.216253 | INFO : Epoch 3 Validation Summary: epoch: 3.000000 | loss: 0.000000 | accuracy: 0.056667 | 
(training_methods.py:312) 2025-06-06 20:59:48.218743 | INFO : ckpt updated.
(training_methods.py:254) 2025-06-06 20:59:48.447055 | INFO : Training Epoch 4   0.0% | batch:         0 of         5
	loss: 0.68721

(training_methods.py:257) 2025-06-06 20:59:48.586898 | INFO : Evaluating on validation set ...
(training_methods.py:254) 2025-06-06 20:59:49.207923 | INFO : Evaluating Epoch 4   0.0% | batch:         0 of         5
	loss: inf

(training_methods.py:262) 2025-06-06 20:59:49.256548 | INFO : Validation runtime: 0.0 hours, 0.0 minutes, 0.6693954467773438 seconds

(training_methods.py:268) 2025-06-06 20:59:49.256799 | INFO : Avg val. time: 0.0 hours, 0.0 minutes, 0.618137788772583 seconds
(training_methods.py:269) 2025-06-06 20:59:49.256858 | INFO : Avg batch val. time: 0.12362755775451659 seconds
(training_methods.py:270) 2025-06-06 20:59:49.256905 | INFO : Avg sample val. time: 0.00206045929590861 seconds
(training_methods.py:276) 2025-06-06 20:59:49.256985 | INFO : report:               precision    recall  f1-score   support

           0       0.00      0.00      0.00         4
           1       0.00      0.00      0.00         8
           2       0.33      0.15      0.21        27
           3       0.00      0.00      0.00        13
           4       0.00      0.00      0.00         3
           5       0.00      0.00      0.00         2
           6       0.00      0.00      0.00        15
           7       0.33      0.16      0.22        25
           8       0.08      0.04      0.05        26
           9       0.00      0.00      0.00         6
          10       0.08      0.08      0.08        13
          11       0.00      0.00      0.00        11
          12       0.00      0.00      0.00         4
          13       0.00      0.00      0.00         7
          14       0.00      0.00      0.00         3
          15       0.08      0.05      0.06        22
          16       0.25      0.12      0.16        25
          17       0.08      0.07      0.07        15
          18       0.08      0.33      0.13         3
          19       0.00      0.00      0.00         8
          20       0.00      0.00      0.00        16
          21       0.00      0.00      0.00        15
          22       0.00      0.00      0.00         9
          23       0.00      0.00      0.00        13
          24       0.00      0.00      0.00         7

    accuracy                           0.05       300
   macro avg       0.05      0.04      0.04       300
weighted avg       0.10      0.05      0.07       300

(training_methods.py:282) 2025-06-06 20:59:49.257061 | INFO : Epoch 4 Validation Summary: epoch: 4.000000 | loss: 0.000000 | accuracy: 0.053333 | 
(training_methods.py:312) 2025-06-06 20:59:49.259823 | INFO : ckpt updated.
(training_methods.py:254) 2025-06-06 20:59:49.469944 | INFO : Training Epoch 5   0.0% | batch:         0 of         5
	loss: 0.664631

(training_methods.py:257) 2025-06-06 20:59:49.605436 | INFO : Evaluating on validation set ...
(training_methods.py:254) 2025-06-06 20:59:50.166858 | INFO : Evaluating Epoch 5   0.0% | batch:         0 of         5
	loss: inf

(training_methods.py:262) 2025-06-06 20:59:50.217191 | INFO : Validation runtime: 0.0 hours, 0.0 minutes, 0.6114752292633057 seconds

(training_methods.py:268) 2025-06-06 20:59:50.217399 | INFO : Avg val. time: 0.0 hours, 0.0 minutes, 0.6170273621877035 seconds
(training_methods.py:269) 2025-06-06 20:59:50.217458 | INFO : Avg batch val. time: 0.1234054724375407 seconds
(training_methods.py:270) 2025-06-06 20:59:50.217506 | INFO : Avg sample val. time: 0.0020567578739590117 seconds
(training_methods.py:276) 2025-06-06 20:59:50.217557 | INFO : report:               precision    recall  f1-score   support

           0       0.00      0.00      0.00         7
           1       0.08      0.25      0.12         4
           2       0.33      0.20      0.25        20
           3       0.00      0.00      0.00         8
           4       0.00      0.00      0.00         8
           5       0.00      0.00      0.00         5
           6       0.08      0.50      0.14         2
           7       0.25      0.25      0.25        12
           8       0.08      0.04      0.05        27
           9       0.00      0.00      0.00        20
          10       0.00      0.00      0.00        14
          11       0.25      0.10      0.15        29
          12       0.00      0.00      0.00        10
          13       0.00      0.00      0.00         6
          14       0.00      0.00      0.00        10
          15       0.00      0.00      0.00        21
          16       0.08      0.10      0.09        10
          17       0.00      0.00      0.00        14
          18       0.25      0.38      0.30         8
          19       0.00      0.00      0.00        24
          20       0.00      0.00      0.00        10
          21       0.00      0.00      0.00         8
          22       0.00      0.00      0.00        10
          23       0.00      0.00      0.00         9
          24       0.00      0.00      0.00         4

    accuracy                           0.06       300
   macro avg       0.06      0.07      0.05       300
weighted avg       0.07      0.06      0.06       300

(training_methods.py:282) 2025-06-06 20:59:50.217643 | INFO : Epoch 5 Validation Summary: epoch: 5.000000 | loss: 0.000000 | accuracy: 0.056667 | 
(training_methods.py:312) 2025-06-06 20:59:50.220285 | INFO : ckpt updated.
(training_methods.py:254) 2025-06-06 20:59:50.439715 | INFO : Training Epoch 6   0.0% | batch:         0 of         5
	loss: 0.664096

(training_methods.py:257) 2025-06-06 20:59:50.571263 | INFO : Evaluating on validation set ...
(training_methods.py:254) 2025-06-06 20:59:51.138351 | INFO : Evaluating Epoch 6   0.0% | batch:         0 of         5
	loss: inf

(training_methods.py:262) 2025-06-06 20:59:51.185475 | INFO : Validation runtime: 0.0 hours, 0.0 minutes, 0.6139404773712158 seconds

(training_methods.py:268) 2025-06-06 20:59:51.185680 | INFO : Avg val. time: 0.0 hours, 0.0 minutes, 0.6165863786424909 seconds
(training_methods.py:269) 2025-06-06 20:59:51.185738 | INFO : Avg batch val. time: 0.12331727572849818 seconds
(training_methods.py:270) 2025-06-06 20:59:51.185784 | INFO : Avg sample val. time: 0.002055287928808303 seconds
(training_methods.py:276) 2025-06-06 20:59:51.185834 | INFO : report:               precision    recall  f1-score   support

           0       0.00      0.00      0.00         5
           1       0.00      0.00      0.00         3
           2       0.17      0.08      0.11        25
           3       0.00      0.00      0.00         7
           4       0.00      0.00      0.00         3
           5       0.00      0.00      0.00         6
           6       0.00      0.00      0.00         4
           7       0.17      0.14      0.15        14
           8       0.08      0.05      0.06        20
           9       0.00      0.00      0.00         2
          10       0.00      0.00      0.00         9
          11       0.00      0.00      0.00        25
          12       0.00      0.00      0.00         8
          13       0.00      0.00      0.00        10
          14       0.00      0.00      0.00        10
          15       0.42      0.33      0.37        15
          16       0.25      0.23      0.24        13
          17       0.08      0.05      0.06        19
          18       0.08      0.33      0.13         3
          19       0.00      0.00      0.00        26
          20       0.00      0.00      0.00        17
          21       0.00      0.00      0.00        24
          22       0.00      0.00      0.00        19
          23       0.00      0.00      0.00         9
          24       0.00      0.00      0.00         4

    accuracy                           0.05       300
   macro avg       0.05      0.05      0.05       300
weighted avg       0.06      0.05      0.05       300

(training_methods.py:282) 2025-06-06 20:59:51.185947 | INFO : Epoch 6 Validation Summary: epoch: 6.000000 | loss: 0.000000 | accuracy: 0.050000 | 
(training_methods.py:312) 2025-06-06 20:59:51.188678 | INFO : ckpt updated.
(training_methods.py:254) 2025-06-06 20:59:51.415300 | INFO : Training Epoch 7   0.0% | batch:         0 of         5
	loss: 0.664453

(training_methods.py:257) 2025-06-06 20:59:51.546908 | INFO : Evaluating on validation set ...
(training_methods.py:254) 2025-06-06 20:59:52.107704 | INFO : Evaluating Epoch 7   0.0% | batch:         0 of         5
	loss: inf

(training_methods.py:262) 2025-06-06 20:59:52.154032 | INFO : Validation runtime: 0.0 hours, 0.0 minutes, 0.6068964004516602 seconds

(training_methods.py:268) 2025-06-06 20:59:52.154221 | INFO : Avg val. time: 0.0 hours, 0.0 minutes, 0.6153751313686371 seconds
(training_methods.py:269) 2025-06-06 20:59:52.154279 | INFO : Avg batch val. time: 0.12307502627372742 seconds
(training_methods.py:270) 2025-06-06 20:59:52.154324 | INFO : Avg sample val. time: 0.002051250437895457 seconds
(training_methods.py:276) 2025-06-06 20:59:52.154384 | INFO : report:               precision    recall  f1-score   support

           0       0.00      0.00      0.00         6
           1       0.08      0.14      0.11         7
           2       0.00      0.00      0.00         5
           3       0.00      0.00      0.00        12
           4       0.00      0.00      0.00         3
           5       0.00      0.00      0.00         5
           6       0.00      0.00      0.00         2
           7       0.08      0.10      0.09        10
           8       0.33      0.33      0.33        12
           9       0.00      0.00      0.00         8
          10       0.00      0.00      0.00        22
          11       0.00      0.00      0.00        17
          12       0.00      0.00      0.00        10
          13       0.00      0.00      0.00         0
          14       0.00      0.00      0.00        18
          15       0.00      0.00      0.00        23
          16       0.08      0.11      0.10         9
          17       0.08      0.11      0.10         9
          18       0.08      0.05      0.06        21
          19       0.08      0.02      0.03        57
          20       0.00      0.00      0.00        13
          21       0.00      0.00      0.00        15
          22       0.08      0.17      0.11         6
          23       0.00      0.00      0.00         8
          24       0.00      0.00      0.00         2

    accuracy                           0.04       300
   macro avg       0.04      0.04      0.04       300
weighted avg       0.05      0.04      0.04       300

(training_methods.py:282) 2025-06-06 20:59:52.154480 | INFO : Epoch 7 Validation Summary: epoch: 7.000000 | loss: 0.000000 | accuracy: 0.036667 | 
(training_methods.py:312) 2025-06-06 20:59:52.157047 | INFO : ckpt updated.
(training_methods.py:254) 2025-06-06 20:59:52.353955 | INFO : Training Epoch 8   0.0% | batch:         0 of         5
	loss: 0.658597

(training_methods.py:257) 2025-06-06 20:59:52.489919 | INFO : Evaluating on validation set ...
(training_methods.py:254) 2025-06-06 20:59:53.059828 | INFO : Evaluating Epoch 8   0.0% | batch:         0 of         5
	loss: inf

(training_methods.py:262) 2025-06-06 20:59:53.108063 | INFO : Validation runtime: 0.0 hours, 0.0 minutes, 0.6178603172302246 seconds

(training_methods.py:268) 2025-06-06 20:59:53.108280 | INFO : Avg val. time: 0.0 hours, 0.0 minutes, 0.6156512631310357 seconds
(training_methods.py:269) 2025-06-06 20:59:53.108338 | INFO : Avg batch val. time: 0.12313025262620714 seconds
(training_methods.py:270) 2025-06-06 20:59:53.108385 | INFO : Avg sample val. time: 0.0020521708771034522 seconds
(training_methods.py:276) 2025-06-06 20:59:53.108435 | INFO : report:               precision    recall  f1-score   support

           0       0.00      0.00      0.00         8
           1       0.00      0.00      0.00        10
           2       0.17      0.20      0.18        10
           3       0.00      0.00      0.00         7
           4       0.00      0.00      0.00         0
           5       0.00      0.00      0.00        16
           6       0.00      0.00      0.00         4
           7       0.42      0.45      0.43        11
           8       0.00      0.00      0.00        12
           9       0.00      0.00      0.00         5
          10       0.00      0.00      0.00         2
          11       0.00      0.00      0.00        16
          12       0.00      0.00      0.00         0
          13       0.00      0.00      0.00        14
          14       0.00      0.00      0.00        15
          15       0.00      0.00      0.00         6
          16       0.17      0.67      0.27         3
          17       0.08      0.07      0.08        14
          18       0.33      0.10      0.15        40
          19       0.00      0.00      0.00        46
          20       0.00      0.00      0.00        14
          21       0.00      0.00      0.00         8
          22       0.00      0.00      0.00         9
          23       0.08      0.08      0.08        13
          24       0.33      0.24      0.28        17

    accuracy                           0.06       300
   macro avg       0.06      0.07      0.06       300
weighted avg       0.09      0.06      0.07       300

(training_methods.py:282) 2025-06-06 20:59:53.108531 | INFO : Epoch 8 Validation Summary: epoch: 8.000000 | loss: 0.000000 | accuracy: 0.063333 | 
(training_methods.py:312) 2025-06-06 20:59:53.111028 | INFO : ckpt updated.
(training_methods.py:254) 2025-06-06 20:59:53.306085 | INFO : Training Epoch 9   0.0% | batch:         0 of         5
	loss: 0.667615

(training_methods.py:257) 2025-06-06 20:59:53.447025 | INFO : Evaluating on validation set ...
(training_methods.py:254) 2025-06-06 20:59:54.033637 | INFO : Evaluating Epoch 9   0.0% | batch:         0 of         5
	loss: inf

(training_methods.py:262) 2025-06-06 20:59:54.081071 | INFO : Validation runtime: 0.0 hours, 0.0 minutes, 0.6337525844573975 seconds

(training_methods.py:268) 2025-06-06 20:59:54.081296 | INFO : Avg val. time: 0.0 hours, 0.0 minutes, 0.6174613952636718 seconds
(training_methods.py:269) 2025-06-06 20:59:54.081364 | INFO : Avg batch val. time: 0.12349227905273437 seconds
(training_methods.py:270) 2025-06-06 20:59:54.081412 | INFO : Avg sample val. time: 0.002058204650878906 seconds
(training_methods.py:276) 2025-06-06 20:59:54.081463 | INFO : report:               precision    recall  f1-score   support

           0       0.00      0.00      0.00        14
           1       0.08      0.14      0.11         7
           2       0.08      0.25      0.12         4
           3       0.00      0.00      0.00        20
           4       0.00      0.00      0.00         0
           5       0.00      0.00      0.00         6
           6       0.00      0.00      0.00         9
           7       0.08      0.20      0.12         5
           8       0.00      0.00      0.00        23
           9       0.08      0.06      0.07        16
          10       0.17      0.17      0.17        12
          11       0.00      0.00      0.00        34
          12       0.00      0.00      0.00         0
          13       0.00      0.00      0.00        24
          14       0.00      0.00      0.00         4
          15       0.00      0.00      0.00         9
          16       0.17      0.33      0.22         6
          17       0.08      0.11      0.10         9
          18       0.33      0.11      0.16        37
          19       0.00      0.00      0.00         3
          20       0.00      0.00      0.00        25
          21       0.00      0.00      0.00         8
          22       0.17      0.29      0.21         7
          23       0.00      0.00      0.00         9
          24       0.00      0.00      0.00         9

    accuracy                           0.05       300
   macro avg       0.05      0.07      0.05       300
weighted avg       0.07      0.05      0.05       300

(training_methods.py:282) 2025-06-06 20:59:54.081547 | INFO : Epoch 9 Validation Summary: epoch: 9.000000 | loss: 0.000000 | accuracy: 0.050000 | 
(training_methods.py:312) 2025-06-06 20:59:54.084335 | INFO : ckpt updated.
(training_methods.py:254) 2025-06-06 20:59:54.271672 | INFO : Training Epoch 10   0.0% | batch:         0 of         5
	loss: 0.652107

(training_methods.py:257) 2025-06-06 20:59:54.406566 | INFO : Evaluating on validation set ...
(training_methods.py:254) 2025-06-06 20:59:54.960642 | INFO : Evaluating Epoch 10   0.0% | batch:         0 of         5
	loss: inf

(training_methods.py:262) 2025-06-06 20:59:55.007694 | INFO : Validation runtime: 0.0 hours, 0.0 minutes, 0.600846529006958 seconds

(training_methods.py:268) 2025-06-06 20:59:55.007899 | INFO : Avg val. time: 0.0 hours, 0.0 minutes, 0.6159509528766979 seconds
(training_methods.py:269) 2025-06-06 20:59:55.007956 | INFO : Avg batch val. time: 0.12319019057533957 seconds
(training_methods.py:270) 2025-06-06 20:59:55.008003 | INFO : Avg sample val. time: 0.002053169842922326 seconds
(training_methods.py:276) 2025-06-06 20:59:55.008052 | INFO : report:               precision    recall  f1-score   support

           0       0.00      0.00      0.00        15
           1       0.00      0.00      0.00         5
           2       0.08      0.25      0.12         4
           3       0.00      0.00      0.00        33
           4       0.00      0.00      0.00         0
           5       0.00      0.00      0.00         9
           6       0.00      0.00      0.00         4
           7       0.00      0.00      0.00         1
           8       0.00      0.00      0.00         1
           9       0.17      0.11      0.13        19
          10       0.00      0.00      0.00         4
          11       0.00      0.00      0.00        49
          12       0.00      0.00      0.00         0
          13       0.00      0.00      0.00        17
          14       0.00      0.00      0.00         4
          15       0.00      0.00      0.00        50
          16       0.00      0.00      0.00         0
          17       0.00      0.00      0.00        23
          18       0.17      0.17      0.17        12
          19       0.00      0.00      0.00         5
          20       0.00      0.00      0.00        13
          21       0.08      0.10      0.09        10
          22       0.00      0.00      0.00         3
          23       0.00      0.00      0.00         8
          24       0.17      0.18      0.17        11

    accuracy                           0.03       300
   macro avg       0.03      0.03      0.03       300
weighted avg       0.03      0.03      0.03       300

(training_methods.py:282) 2025-06-06 20:59:55.008145 | INFO : Epoch 10 Validation Summary: epoch: 10.000000 | loss: 0.000000 | accuracy: 0.026667 | 
(training_methods.py:312) 2025-06-06 20:59:55.010696 | INFO : ckpt updated.
(training_methods.py:254) 2025-06-06 20:59:55.216598 | INFO : Training Epoch 11   0.0% | batch:         0 of         5
	loss: 0.662862

(training_methods.py:257) 2025-06-06 20:59:55.353335 | INFO : Evaluating on validation set ...
(training_methods.py:254) 2025-06-06 20:59:55.917830 | INFO : Evaluating Epoch 11   0.0% | batch:         0 of         5
	loss: inf

(training_methods.py:262) 2025-06-06 20:59:55.964644 | INFO : Validation runtime: 0.0 hours, 0.0 minutes, 0.6110410690307617 seconds

(training_methods.py:268) 2025-06-06 20:59:55.964825 | INFO : Avg val. time: 0.0 hours, 0.0 minutes, 0.6155417958895365 seconds
(training_methods.py:269) 2025-06-06 20:59:55.964899 | INFO : Avg batch val. time: 0.1231083591779073 seconds
(training_methods.py:270) 2025-06-06 20:59:55.964946 | INFO : Avg sample val. time: 0.002051805986298455 seconds
(training_methods.py:276) 2025-06-06 20:59:55.964998 | INFO : report:               precision    recall  f1-score   support

           0       0.00      0.00      0.00         4
           1       0.00      0.00      0.00        11
           2       0.00      0.00      0.00         8
           3       0.00      0.00      0.00        13
           4       0.00      0.00      0.00         1
           5       0.00      0.00      0.00         7
           6       0.00      0.00      0.00         0
           7       0.08      0.50      0.14         2
           8       0.42      0.17      0.24        30
           9       0.17      0.10      0.12        20
          10       0.00      0.00      0.00         0
          11       0.00      0.00      0.00        20
          12       0.00      0.00      0.00         0
          13       0.00      0.00      0.00        19
          14       0.00      0.00      0.00         2
          15       0.08      0.02      0.03        50
          16       0.08      0.50      0.14         2
          17       0.17      0.09      0.12        22
          18       0.50      0.14      0.22        43
          19       0.00      0.00      0.00         8
          20       0.00      0.00      0.00        25
          21       0.00      0.00      0.00         2
          22       0.00      0.00      0.00         0
          23       0.00      0.00      0.00         1
          24       0.17      0.20      0.18        10

    accuracy                           0.07       300
   macro avg       0.07      0.07      0.05       300
weighted avg       0.16      0.07      0.09       300

(training_methods.py:282) 2025-06-06 20:59:55.965092 | INFO : Epoch 11 Validation Summary: epoch: 11.000000 | loss: 0.000000 | accuracy: 0.066667 | 
(training_methods.py:312) 2025-06-06 20:59:55.967638 | INFO : ckpt updated.
(training_methods.py:254) 2025-06-06 20:59:56.171648 | INFO : Training Epoch 12   0.0% | batch:         0 of         5
	loss: 0.645277

(training_methods.py:257) 2025-06-06 20:59:56.304698 | INFO : Evaluating on validation set ...
(training_methods.py:254) 2025-06-06 20:59:56.946605 | INFO : Evaluating Epoch 12   0.0% | batch:         0 of         5
	loss: inf

(training_methods.py:262) 2025-06-06 20:59:57.005248 | INFO : Validation runtime: 0.0 hours, 0.0 minutes, 0.7003021240234375 seconds

(training_methods.py:268) 2025-06-06 20:59:57.005485 | INFO : Avg val. time: 0.0 hours, 0.0 minutes, 0.6220618211306058 seconds
(training_methods.py:269) 2025-06-06 20:59:57.005553 | INFO : Avg batch val. time: 0.12441236422612116 seconds
(training_methods.py:270) 2025-06-06 20:59:57.005610 | INFO : Avg sample val. time: 0.002073539403768686 seconds
(training_methods.py:276) 2025-06-06 20:59:57.005676 | INFO : report:               precision    recall  f1-score   support

           0       0.33      0.16      0.22        25
           1       0.08      0.11      0.10         9
           2       0.33      0.14      0.20        28
           3       0.00      0.00      0.00        22
           4       0.00      0.00      0.00        17
           5       0.00      0.00      0.00        20
           6       0.00      0.00      0.00         8
           7       0.17      0.33      0.22         6
           8       0.75      0.64      0.69        14
           9       0.17      0.15      0.16        13
          10       0.00      0.00      0.00        13
          11       0.00      0.00      0.00        34
          12       0.00      0.00      0.00         3
          13       0.00      0.00      0.00         6
          14       0.00      0.00      0.00        26
          15       0.00      0.00      0.00         1
          16       0.00      0.00      0.00         4
          17       0.08      0.03      0.05        30
          18       0.08      0.50      0.14         2
          19       0.00      0.00      0.00         5
          20       0.00      0.00      0.00         0
          21       0.00      0.00      0.00         8
          22       0.00      0.00      0.00         0
          23       0.00      0.00      0.00         1
          24       0.00      0.00      0.00         5

    accuracy                           0.08       300
   macro avg       0.08      0.08      0.07       300
weighted avg       0.12      0.08      0.09       300

(training_methods.py:282) 2025-06-06 20:59:57.005767 | INFO : Epoch 12 Validation Summary: epoch: 12.000000 | loss: 0.000000 | accuracy: 0.080000 | 
(training_methods.py:312) 2025-06-06 20:59:57.008887 | INFO : ckpt updated.
(training_methods.py:254) 2025-06-06 20:59:57.236847 | INFO : Training Epoch 13   0.0% | batch:         0 of         5
	loss: 0.645121

(training_methods.py:257) 2025-06-06 20:59:57.376695 | INFO : Evaluating on validation set ...
(training_methods.py:254) 2025-06-06 20:59:57.959292 | INFO : Evaluating Epoch 13   0.0% | batch:         0 of         5
	loss: inf

(training_methods.py:262) 2025-06-06 20:59:58.011184 | INFO : Validation runtime: 0.0 hours, 0.0 minutes, 0.6342110633850098 seconds

(training_methods.py:268) 2025-06-06 20:59:58.011408 | INFO : Avg val. time: 0.0 hours, 0.0 minutes, 0.6229296241487775 seconds
(training_methods.py:269) 2025-06-06 20:59:58.011499 | INFO : Avg batch val. time: 0.1245859248297555 seconds
(training_methods.py:270) 2025-06-06 20:59:58.011559 | INFO : Avg sample val. time: 0.002076432080495925 seconds
(training_methods.py:276) 2025-06-06 20:59:58.011632 | INFO : report:               precision    recall  f1-score   support

           0       0.00      0.00      0.00         7
           1       0.17      0.50      0.25         4
           2       0.17      0.08      0.11        25
           3       0.00      0.00      0.00        25
           4       0.00      0.00      0.00        20
           5       0.00      0.00      0.00        12
           6       0.00      0.00      0.00         0
           7       0.17      0.22      0.19         9
           8       0.08      0.05      0.06        19
           9       0.17      0.25      0.20         8
          10       0.00      0.00      0.00        11
          11       0.00      0.00      0.00        30
          12       0.00      0.00      0.00         8
          13       0.00      0.00      0.00        10
          14       0.00      0.00      0.00        11
          15       0.00      0.00      0.00        12
          16       0.00      0.00      0.00         5
          17       0.00      0.00      0.00         8
          18       0.17      0.29      0.21         7
          19       0.00      0.00      0.00         4
          20       0.00      0.00      0.00         7
          21       0.00      0.00      0.00        10
          22       0.00      0.00      0.00        13
          23       0.00      0.00      0.00        27
          24       0.00      0.00      0.00         8

    accuracy                           0.04       300
   macro avg       0.04      0.06      0.04       300
weighted avg       0.03      0.04      0.03       300

(training_methods.py:282) 2025-06-06 20:59:58.011723 | INFO : Epoch 13 Validation Summary: epoch: 13.000000 | loss: 0.000000 | accuracy: 0.036667 | 
(training_methods.py:312) 2025-06-06 20:59:58.014743 | INFO : ckpt updated.
(training_methods.py:254) 2025-06-06 20:59:58.242601 | INFO : Training Epoch 14   0.0% | batch:         0 of         5
	loss: 0.650707

(training_methods.py:257) 2025-06-06 20:59:58.378280 | INFO : Evaluating on validation set ...
(training_methods.py:254) 2025-06-06 20:59:58.963623 | INFO : Evaluating Epoch 14   0.0% | batch:         0 of         5
	loss: inf

(training_methods.py:262) 2025-06-06 20:59:59.011874 | INFO : Validation runtime: 0.0 hours, 0.0 minutes, 0.6333236694335938 seconds

(training_methods.py:268) 2025-06-06 20:59:59.012079 | INFO : Avg val. time: 0.0 hours, 0.0 minutes, 0.6236225605010987 seconds
(training_methods.py:269) 2025-06-06 20:59:59.012145 | INFO : Avg batch val. time: 0.12472451210021973 seconds
(training_methods.py:270) 2025-06-06 20:59:59.012191 | INFO : Avg sample val. time: 0.0020787418683369955 seconds
(training_methods.py:276) 2025-06-06 20:59:59.012259 | INFO : report:               precision    recall  f1-score   support

           0       0.00      0.00      0.00         9
           1       0.00      0.00      0.00         1
           2       0.17      0.22      0.19         9
           3       0.00      0.00      0.00         1
           4       0.00      0.00      0.00         1
           5       0.00      0.00      0.00        14
           6       0.00      0.00      0.00         1
           7       0.25      0.43      0.32         7
           8       0.00      0.00      0.00         4
           9       0.00      0.00      0.00        16
          10       0.00      0.00      0.00        12
          11       0.00      0.00      0.00        27
          12       0.00      0.00      0.00         9
          13       0.00      0.00      0.00        55
          14       0.00      0.00      0.00         2
          15       0.17      0.20      0.18        10
          16       0.25      0.14      0.18        21
          17       0.25      0.50      0.33         6
          18       0.00      0.00      0.00         0
          19       0.00      0.00      0.00         4
          20       0.00      0.00      0.00         4
          21       0.00      0.00      0.00         0
          22       0.00      0.00      0.00         1
          23       0.00      0.00      0.00        82
          24       0.00      0.00      0.00         4

    accuracy                           0.04       300
   macro avg       0.04      0.06      0.05       300
weighted avg       0.04      0.04      0.04       300

(training_methods.py:282) 2025-06-06 20:59:59.012347 | INFO : Epoch 14 Validation Summary: epoch: 14.000000 | loss: 0.000000 | accuracy: 0.043333 | 
(training_methods.py:312) 2025-06-06 20:59:59.014899 | INFO : ckpt updated.
(training_methods.py:254) 2025-06-06 20:59:59.222537 | INFO : Training Epoch 15   0.0% | batch:         0 of         5
	loss: 0.638989

(training_methods.py:257) 2025-06-06 20:59:59.405992 | INFO : Evaluating on validation set ...
(training_methods.py:254) 2025-06-06 21:00:00.022205 | INFO : Evaluating Epoch 15   0.0% | batch:         0 of         5
	loss: inf

(training_methods.py:262) 2025-06-06 21:00:00.067663 | INFO : Validation runtime: 0.0 hours, 0.0 minutes, 0.6613094806671143 seconds

(training_methods.py:268) 2025-06-06 21:00:00.067877 | INFO : Avg val. time: 0.0 hours, 0.0 minutes, 0.6259779930114746 seconds
(training_methods.py:269) 2025-06-06 21:00:00.067934 | INFO : Avg batch val. time: 0.12519559860229493 seconds
(training_methods.py:270) 2025-06-06 21:00:00.067979 | INFO : Avg sample val. time: 0.002086593310038249 seconds
(training_methods.py:276) 2025-06-06 21:00:00.068045 | INFO : report:               precision    recall  f1-score   support

           0       0.00      0.00      0.00         6
           1       0.08      0.12      0.10         8
           2       0.08      0.17      0.11         6
           3       0.00      0.00      0.00        36
           4       0.00      0.00      0.00         4
           5       0.00      0.00      0.00         7
           6       0.00      0.00      0.00         1
           7       0.00      0.00      0.00         2
           8       0.00      0.00      0.00         8
           9       0.00      0.00      0.00         6
          10       0.00      0.00      0.00         7
          11       0.00      0.00      0.00        79
          12       0.00      0.00      0.00         2
          13       0.00      0.00      0.00        11
          14       0.00      0.00      0.00        10
          15       0.17      0.10      0.12        21
          16       0.00      0.00      0.00         9
          17       0.00      0.00      0.00        20
          18       0.08      0.50      0.14         2
          19       0.00      0.00      0.00         1
          20       0.00      0.00      0.00         1
          21       0.00      0.00      0.00         7
          22       0.00      0.00      0.00         2
          23       0.00      0.00      0.00        37
          24       0.00      0.00      0.00         7

    accuracy                           0.02       300
   macro avg       0.02      0.04      0.02       300
weighted avg       0.02      0.02      0.01       300

(training_methods.py:282) 2025-06-06 21:00:00.068122 | INFO : Epoch 15 Validation Summary: epoch: 15.000000 | loss: 0.000000 | accuracy: 0.016667 | 
(training_methods.py:312) 2025-06-06 21:00:00.070925 | INFO : ckpt updated.
(training_methods.py:254) 2025-06-06 21:00:00.276799 | INFO : Training Epoch 16   0.0% | batch:         0 of         5
	loss: 0.631401

(training_methods.py:257) 2025-06-06 21:00:00.413628 | INFO : Evaluating on validation set ...
(training_methods.py:254) 2025-06-06 21:00:00.995647 | INFO : Evaluating Epoch 16   0.0% | batch:         0 of         5
	loss: inf

(training_methods.py:262) 2025-06-06 21:00:01.042381 | INFO : Validation runtime: 0.0 hours, 0.0 minutes, 0.6284642219543457 seconds

(training_methods.py:268) 2025-06-06 21:00:01.042585 | INFO : Avg val. time: 0.0 hours, 0.0 minutes, 0.62612424177282 seconds
(training_methods.py:269) 2025-06-06 21:00:01.042641 | INFO : Avg batch val. time: 0.125224848354564 seconds
(training_methods.py:270) 2025-06-06 21:00:01.042687 | INFO : Avg sample val. time: 0.0020870808059094 seconds
(training_methods.py:276) 2025-06-06 21:00:01.042755 | INFO : report:               precision    recall  f1-score   support

           0       0.00      0.00      0.00         7
           1       0.08      0.33      0.13         3
           2       0.17      0.22      0.19         9
           3       0.08      0.07      0.07        15
           4       0.00      0.00      0.00         8
           5       0.00      0.00      0.00        12
           6       0.00      0.00      0.00         1
           7       0.00      0.00      0.00         8
           8       0.00      0.00      0.00        13
           9       0.08      0.07      0.08        14
          10       0.00      0.00      0.00         2
          11       0.00      0.00      0.00        33
          12       0.00      0.00      0.00         4
          13       0.08      0.08      0.08        12
          14       0.00      0.00      0.00        31
          15       0.25      0.14      0.18        21
          16       0.17      0.14      0.15        14
          17       0.08      0.11      0.10         9
          18       0.42      0.71      0.53         7
          19       0.00      0.00      0.00         3
          20       0.00      0.00      0.00         4
          21       0.00      0.00      0.00        13
          22       0.00      0.00      0.00         5
          23       0.00      0.00      0.00        41
          24       0.00      0.00      0.00        11

    accuracy                           0.06       300
   macro avg       0.06      0.08      0.06       300
weighted avg       0.05      0.06      0.05       300

(training_methods.py:282) 2025-06-06 21:00:01.042844 | INFO : Epoch 16 Validation Summary: epoch: 16.000000 | loss: 0.000000 | accuracy: 0.056667 | 
(training_methods.py:312) 2025-06-06 21:00:01.045432 | INFO : ckpt updated.
(training_methods.py:254) 2025-06-06 21:00:01.247724 | INFO : Training Epoch 17   0.0% | batch:         0 of         5
	loss: 0.617323

(training_methods.py:257) 2025-06-06 21:00:01.391470 | INFO : Evaluating on validation set ...
(training_methods.py:254) 2025-06-06 21:00:01.952147 | INFO : Evaluating Epoch 17   0.0% | batch:         0 of         5
	loss: inf

(training_methods.py:262) 2025-06-06 21:00:01.998252 | INFO : Validation runtime: 0.0 hours, 0.0 minutes, 0.6065120697021484 seconds

(training_methods.py:268) 2025-06-06 21:00:01.998473 | INFO : Avg val. time: 0.0 hours, 0.0 minutes, 0.6250346766577827 seconds
(training_methods.py:269) 2025-06-06 21:00:01.998530 | INFO : Avg batch val. time: 0.12500693533155655 seconds
(training_methods.py:270) 2025-06-06 21:00:01.998576 | INFO : Avg sample val. time: 0.002083448922192609 seconds
(training_methods.py:276) 2025-06-06 21:00:01.998642 | INFO : report:               precision    recall  f1-score   support

           0       0.00      0.00      0.00         3
           1       0.00      0.00      0.00         3
           2       0.08      0.33      0.13         3
           3       0.00      0.00      0.00        49
           4       0.00      0.00      0.00         8
           5       0.00      0.00      0.00         4
           6       0.00      0.00      0.00         3
           7       0.00      0.00      0.00         2
           8       0.00      0.00      0.00        16
           9       0.00      0.00      0.00         3
          10       0.17      0.22      0.19         9
          11       0.00      0.00      0.00        48
          12       0.00      0.00      0.00         0
          13       0.00      0.00      0.00        25
          14       0.00      0.00      0.00         4
          15       0.00      0.00      0.00         5
          16       0.00      0.00      0.00         4
          17       0.08      0.08      0.08        12
          18       0.08      0.17      0.11         6
          19       0.00      0.00      0.00         5
          20       0.00      0.00      0.00         3
          21       0.00      0.00      0.00        12
          22       0.00      0.00      0.00        10
          23       0.00      0.00      0.00        51
          24       0.00      0.00      0.00        12

    accuracy                           0.02       300
   macro avg       0.02      0.03      0.02       300
weighted avg       0.01      0.02      0.01       300

(training_methods.py:282) 2025-06-06 21:00:01.998732 | INFO : Epoch 17 Validation Summary: epoch: 17.000000 | loss: 0.000000 | accuracy: 0.016667 | 
(training_methods.py:312) 2025-06-06 21:00:02.003474 | INFO : ckpt updated.
(training_methods.py:254) 2025-06-06 21:00:02.211531 | INFO : Training Epoch 18   0.0% | batch:         0 of         5
	loss: 0.631525

(training_methods.py:257) 2025-06-06 21:00:02.354424 | INFO : Evaluating on validation set ...
(training_methods.py:254) 2025-06-06 21:00:02.929134 | INFO : Evaluating Epoch 18   0.0% | batch:         0 of         5
	loss: inf

(training_methods.py:262) 2025-06-06 21:00:02.980771 | INFO : Validation runtime: 0.0 hours, 0.0 minutes, 0.6260483264923096 seconds

(training_methods.py:268) 2025-06-06 21:00:02.980973 | INFO : Avg val. time: 0.0 hours, 0.0 minutes, 0.6250880266490736 seconds
(training_methods.py:269) 2025-06-06 21:00:02.981029 | INFO : Avg batch val. time: 0.1250176053298147 seconds
(training_methods.py:270) 2025-06-06 21:00:02.981074 | INFO : Avg sample val. time: 0.002083626755496912 seconds
(training_methods.py:276) 2025-06-06 21:00:02.981147 | INFO : report:               precision    recall  f1-score   support

           0       0.00      0.00      0.00         4
           1       0.08      0.20      0.12         5
           2       0.17      0.33      0.22         6
           3       0.00      0.00      0.00        29
           4       0.00      0.00      0.00         8
           5       0.00      0.00      0.00         4
           6       0.00      0.00      0.00         7
           7       0.00      0.00      0.00         2
           8       0.00      0.00      0.00         7
           9       0.50      0.33      0.40        18
          10       0.00      0.00      0.00         5
          11       0.00      0.00      0.00        21
          12       0.00      0.00      0.00         4
          13       0.00      0.00      0.00        16
          14       0.00      0.00      0.00         9
          15       0.00      0.00      0.00        45
          16       0.00      0.00      0.00         7
          17       0.00      0.00      0.00        12
          18       0.08      0.17      0.11         6
          19       0.00      0.00      0.00         3
          20       0.00      0.00      0.00         2
          21       0.00      0.00      0.00        13
          22       0.00      0.00      0.00        29
          23       0.00      0.00      0.00        24
          24       0.00      0.00      0.00        14

    accuracy                           0.03       300
   macro avg       0.03      0.04      0.03       300
weighted avg       0.04      0.03      0.03       300

(training_methods.py:282) 2025-06-06 21:00:02.981221 | INFO : Epoch 18 Validation Summary: epoch: 18.000000 | loss: 0.000000 | accuracy: 0.033333 | 
(training_methods.py:312) 2025-06-06 21:00:02.983837 | INFO : ckpt updated.
(training_methods.py:254) 2025-06-06 21:00:03.183865 | INFO : Training Epoch 19   0.0% | batch:         0 of         5
	loss: 0.63252

(training_methods.py:257) 2025-06-06 21:00:03.319518 | INFO : Evaluating on validation set ...
(training_methods.py:254) 2025-06-06 21:00:03.922574 | INFO : Evaluating Epoch 19   0.0% | batch:         0 of         5
	loss: inf

(training_methods.py:262) 2025-06-06 21:00:03.968932 | INFO : Validation runtime: 0.0 hours, 0.0 minutes, 0.6491472721099854 seconds

(training_methods.py:268) 2025-06-06 21:00:03.969130 | INFO : Avg val. time: 0.0 hours, 0.0 minutes, 0.6262909889221191 seconds
(training_methods.py:269) 2025-06-06 21:00:03.969215 | INFO : Avg batch val. time: 0.12525819778442382 seconds
(training_methods.py:270) 2025-06-06 21:00:03.969265 | INFO : Avg sample val. time: 0.002087636629740397 seconds
(training_methods.py:276) 2025-06-06 21:00:03.969326 | INFO : report:               precision    recall  f1-score   support

           0       0.08      0.03      0.05        32
           1       0.33      0.24      0.28        17
           2       0.42      0.36      0.38        14
           3       0.00      0.00      0.00        34
           4       0.00      0.00      0.00         5
           5       0.00      0.00      0.00         5
           6       0.00      0.00      0.00         9
           7       0.00      0.00      0.00         0
           8       0.00      0.00      0.00         7
           9       0.08      0.50      0.14         2
          10       0.00      0.00      0.00         0
          11       0.00      0.00      0.00        27
          12       0.00      0.00      0.00         1
          13       0.00      0.00      0.00         5
          14       0.00      0.00      0.00        11
          15       0.00      0.00      0.00        22
          16       0.00      0.00      0.00         0
          17       0.17      1.00      0.29         2
          18       0.17      0.06      0.09        33
          19       0.00      0.00      0.00         2
          20       0.00      0.00      0.00         0
          21       0.00      0.00      0.00         7
          22       0.00      0.00      0.00         0
          23       0.00      0.00      0.00        62
          24       0.00      0.00      0.00         3

    accuracy                           0.05       300
   macro avg       0.05      0.09      0.05       300
weighted avg       0.07      0.05      0.05       300

(training_methods.py:282) 2025-06-06 21:00:03.969417 | INFO : Epoch 19 Validation Summary: epoch: 19.000000 | loss: 0.000000 | accuracy: 0.050000 | 
(training_methods.py:312) 2025-06-06 21:00:03.972091 | INFO : ckpt updated.
