(dataloaders.py:51) 2025-06-06 20:57:37.901422 | INFO : train_ds length: 275, valid_ds length: 300
(process_model.py:276) 2025-06-06 20:57:37.904724 | INFO : {'feat_dim': 9, 'seq_len': 144, 'device': 'cpu'}
(process_model.py:277) 2025-06-06 20:57:37.904848 | INFO : TNC(
  (encoder): RnnEncoder(
    (nn): Sequential(
      (0): Linear(in_features=200, out_features=10, bias=True)
    )
    (rnn): GRU(9, 100, bidirectional=True)
  )
  (disc_model): Discriminator(
    (model): Sequential(
      (0): Linear(in_features=20, out_features=40, bias=True)
      (1): ReLU(inplace=True)
      (2): Dropout(p=0.5, inplace=False)
      (3): Linear(in_features=40, out_features=1, bias=True)
    )
  )
)
(training_methods.py:254) 2025-06-06 20:57:38.904600 | INFO : Training Epoch 0   0.0% | batch:         0 of         5
	loss: 0.702907

(training_methods.py:257) 2025-06-06 20:57:39.039706 | INFO : Evaluating on validation set ...
(training_methods.py:254) 2025-06-06 20:57:39.680171 | INFO : Evaluating Epoch 0   0.0% | batch:         0 of         5
	loss: inf

(training_methods.py:262) 2025-06-06 20:57:39.768706 | INFO : Validation runtime: 0.0 hours, 0.0 minutes, 0.728715181350708 seconds

(training_methods.py:268) 2025-06-06 20:57:39.768949 | INFO : Avg val. time: 0.0 hours, 0.0 minutes, 0.728715181350708 seconds
(training_methods.py:269) 2025-06-06 20:57:39.769005 | INFO : Avg batch val. time: 0.1457430362701416 seconds
(training_methods.py:270) 2025-06-06 20:57:39.769051 | INFO : Avg sample val. time: 0.00242905060450236 seconds
(training_methods.py:276) 2025-06-06 20:57:39.769107 | INFO : report:               precision    recall  f1-score   support

           0       0.00      0.00      0.00        12
           1       0.00      0.00      0.00         8
           2       0.25      0.12      0.16        26
           3       0.00      0.00      0.00        10
           4       0.00      0.00      0.00        19
           5       0.00      0.00      0.00         1
           6       0.08      0.20      0.12         5
           7       0.08      0.12      0.10         8
           8       0.17      0.09      0.11        23
           9       0.00      0.00      0.00         5
          10       0.00      0.00      0.00         7
          11       0.00      0.00      0.00        21
          12       0.08      0.17      0.11         6
          13       0.00      0.00      0.00         5
          14       0.00      0.00      0.00        18
          15       0.08      0.05      0.06        21
          16       0.17      0.22      0.19         9
          17       0.08      0.06      0.07        16
          18       0.25      0.14      0.18        21
          19       0.00      0.00      0.00         8
          20       0.00      0.00      0.00         9
          21       0.00      0.00      0.00         9
          22       0.00      0.00      0.00         9
          23       0.00      0.00      0.00        12
          24       0.08      0.08      0.08        12

    accuracy                           0.05       300
   macro avg       0.05      0.05      0.05       300
weighted avg       0.08      0.05      0.06       300

(training_methods.py:282) 2025-06-06 20:57:39.769207 | INFO : Epoch 0 Validation Summary: epoch: 0.000000 | loss: 0.000000 | accuracy: 0.053333 | 
(training_methods.py:312) 2025-06-06 20:57:39.771995 | INFO : ckpt updated.
(training_methods.py:254) 2025-06-06 20:57:39.970823 | INFO : Training Epoch 1   0.0% | batch:         0 of         5
	loss: 0.690808

(training_methods.py:257) 2025-06-06 20:57:40.100026 | INFO : Evaluating on validation set ...
(training_methods.py:254) 2025-06-06 20:57:40.656794 | INFO : Evaluating Epoch 1   0.0% | batch:         0 of         5
	loss: inf

(training_methods.py:262) 2025-06-06 20:57:40.735584 | INFO : Validation runtime: 0.0 hours, 0.0 minutes, 0.63527512550354 seconds

(training_methods.py:268) 2025-06-06 20:57:40.735828 | INFO : Avg val. time: 0.0 hours, 0.0 minutes, 0.681995153427124 seconds
(training_methods.py:269) 2025-06-06 20:57:40.735884 | INFO : Avg batch val. time: 0.1363990306854248 seconds
(training_methods.py:270) 2025-06-06 20:57:40.735941 | INFO : Avg sample val. time: 0.0022733171780904135 seconds
(training_methods.py:276) 2025-06-06 20:57:40.735990 | INFO : report:               precision    recall  f1-score   support

           0       0.00      0.00      0.00        16
           1       0.00      0.00      0.00        14
           2       0.08      0.08      0.08        13
           3       0.00      0.00      0.00        13
           4       0.00      0.00      0.00        13
           5       0.00      0.00      0.00         6
           6       0.25      0.25      0.25        12
           7       0.17      0.13      0.15        15
           8       0.08      0.07      0.08        14
           9       0.00      0.00      0.00         7
          10       0.08      0.08      0.08        12
          11       0.00      0.00      0.00         8
          12       0.00      0.00      0.00        15
          13       0.00      0.00      0.00        10
          14       0.00      0.00      0.00        17
          15       0.00      0.00      0.00        24
          16       0.17      0.50      0.25         4
          17       0.00      0.00      0.00         7
          18       0.08      0.05      0.06        20
          19       0.00      0.00      0.00        13
          20       0.00      0.00      0.00         5
          21       0.00      0.00      0.00         6
          22       0.08      0.06      0.07        16
          23       0.00      0.00      0.00        12
          24       0.17      0.25      0.20         8

    accuracy                           0.05       300
   macro avg       0.05      0.06      0.05       300
weighted avg       0.05      0.05      0.04       300

(training_methods.py:282) 2025-06-06 20:57:40.736076 | INFO : Epoch 1 Validation Summary: epoch: 1.000000 | loss: 0.000000 | accuracy: 0.046667 | 
(training_methods.py:312) 2025-06-06 20:57:40.738694 | INFO : ckpt updated.
(training_methods.py:254) 2025-06-06 20:57:40.983269 | INFO : Training Epoch 2   0.0% | batch:         0 of         5
	loss: 0.688108

(training_methods.py:257) 2025-06-06 20:57:41.112605 | INFO : Evaluating on validation set ...
(training_methods.py:254) 2025-06-06 20:57:41.658365 | INFO : Evaluating Epoch 2   0.0% | batch:         0 of         5
	loss: inf

(training_methods.py:262) 2025-06-06 20:57:41.733737 | INFO : Validation runtime: 0.0 hours, 0.0 minutes, 0.6208775043487549 seconds

(training_methods.py:268) 2025-06-06 20:57:41.733928 | INFO : Avg val. time: 0.0 hours, 0.0 minutes, 0.6616226037343343 seconds
(training_methods.py:269) 2025-06-06 20:57:41.733984 | INFO : Avg batch val. time: 0.13232452074686687 seconds
(training_methods.py:270) 2025-06-06 20:57:41.734031 | INFO : Avg sample val. time: 0.0022054086791144477 seconds
(training_methods.py:276) 2025-06-06 20:57:41.734085 | INFO : report:               precision    recall  f1-score   support

           0       0.00      0.00      0.00         5
           1       0.00      0.00      0.00        14
           2       0.33      0.18      0.24        22
           3       0.00      0.00      0.00         8
           4       0.00      0.00      0.00        19
           5       0.00      0.00      0.00        12
           6       0.33      0.25      0.29        16
           7       0.08      0.08      0.08        12
           8       0.42      0.19      0.26        26
           9       0.00      0.00      0.00         9
          10       0.00      0.00      0.00        13
          11       0.00      0.00      0.00         5
          12       0.08      0.20      0.12         5
          13       0.00      0.00      0.00         5
          14       0.00      0.00      0.00        11
          15       0.25      0.15      0.19        20
          16       0.17      0.14      0.15        14
          17       0.08      0.09      0.09        11
          18       0.33      0.31      0.32        13
          19       0.17      0.25      0.20         8
          20       0.00      0.00      0.00        11
          21       0.00      0.00      0.00        11
          22       0.00      0.00      0.00         5
          23       0.00      0.00      0.00        15
          24       0.00      0.00      0.00        10

    accuracy                           0.09       300
   macro avg       0.09      0.07      0.08       300
weighted avg       0.13      0.09      0.10       300

(training_methods.py:282) 2025-06-06 20:57:41.734170 | INFO : Epoch 2 Validation Summary: epoch: 2.000000 | loss: 0.000000 | accuracy: 0.090000 | 
(training_methods.py:312) 2025-06-06 20:57:41.736582 | INFO : ckpt updated.
(training_methods.py:254) 2025-06-06 20:57:41.955851 | INFO : Training Epoch 3   0.0% | batch:         0 of         5
	loss: 0.683373

(training_methods.py:257) 2025-06-06 20:57:42.087101 | INFO : Evaluating on validation set ...
(training_methods.py:254) 2025-06-06 20:57:42.624105 | INFO : Evaluating Epoch 3   0.0% | batch:         0 of         5
	loss: inf

(training_methods.py:262) 2025-06-06 20:57:42.706580 | INFO : Validation runtime: 0.0 hours, 0.0 minutes, 0.6192564964294434 seconds

(training_methods.py:268) 2025-06-06 20:57:42.706799 | INFO : Avg val. time: 0.0 hours, 0.0 minutes, 0.6510310769081116 seconds
(training_methods.py:269) 2025-06-06 20:57:42.706855 | INFO : Avg batch val. time: 0.1302062153816223 seconds
(training_methods.py:270) 2025-06-06 20:57:42.706900 | INFO : Avg sample val. time: 0.0021701035896937054 seconds
(training_methods.py:276) 2025-06-06 20:57:42.706952 | INFO : report:               precision    recall  f1-score   support

           0       0.00      0.00      0.00         4
           1       0.00      0.00      0.00        17
           2       0.33      0.13      0.19        31
           3       0.00      0.00      0.00         7
           4       0.00      0.00      0.00         5
           5       0.00      0.00      0.00         3
           6       0.25      0.75      0.38         4
           7       0.08      0.08      0.08        13
           8       0.25      0.11      0.15        28
           9       0.00      0.00      0.00         7
          10       0.00      0.00      0.00        15
          11       0.00      0.00      0.00        17
          12       0.00      0.00      0.00        11
          13       0.00      0.00      0.00         6
          14       0.00      0.00      0.00         7
          15       0.00      0.00      0.00        17
          16       0.25      0.27      0.26        11
          17       0.08      0.06      0.07        17
          18       0.08      0.17      0.11         6
          19       0.00      0.00      0.00        27
          20       0.00      0.00      0.00         9
          21       0.00      0.00      0.00        20
          22       0.00      0.00      0.00         2
          23       0.08      0.08      0.08        12
          24       0.00      0.00      0.00         4

    accuracy                           0.06       300
   macro avg       0.06      0.07      0.05       300
weighted avg       0.08      0.06      0.06       300

(training_methods.py:282) 2025-06-06 20:57:42.707045 | INFO : Epoch 3 Validation Summary: epoch: 3.000000 | loss: 0.000000 | accuracy: 0.056667 | 
(training_methods.py:312) 2025-06-06 20:57:42.709544 | INFO : ckpt updated.
(training_methods.py:254) 2025-06-06 20:57:42.909516 | INFO : Training Epoch 4   0.0% | batch:         0 of         5
	loss: 0.68721

(training_methods.py:257) 2025-06-06 20:57:43.041946 | INFO : Evaluating on validation set ...
(training_methods.py:254) 2025-06-06 20:57:43.617965 | INFO : Evaluating Epoch 4   0.0% | batch:         0 of         5
	loss: inf

(training_methods.py:262) 2025-06-06 20:57:43.700570 | INFO : Validation runtime: 0.0 hours, 0.0 minutes, 0.6583528518676758 seconds

(training_methods.py:268) 2025-06-06 20:57:43.700764 | INFO : Avg val. time: 0.0 hours, 0.0 minutes, 0.6524954319000245 seconds
(training_methods.py:269) 2025-06-06 20:57:43.700815 | INFO : Avg batch val. time: 0.1304990863800049 seconds
(training_methods.py:270) 2025-06-06 20:57:43.700858 | INFO : Avg sample val. time: 0.0021749847730000815 seconds
(training_methods.py:276) 2025-06-06 20:57:43.700916 | INFO : report:               precision    recall  f1-score   support

           0       0.00      0.00      0.00         4
           1       0.00      0.00      0.00         8
           2       0.33      0.15      0.21        27
           3       0.00      0.00      0.00        13
           4       0.00      0.00      0.00         3
           5       0.00      0.00      0.00         2
           6       0.00      0.00      0.00        15
           7       0.33      0.16      0.22        25
           8       0.08      0.04      0.05        26
           9       0.00      0.00      0.00         6
          10       0.08      0.08      0.08        13
          11       0.00      0.00      0.00        11
          12       0.00      0.00      0.00         4
          13       0.00      0.00      0.00         7
          14       0.00      0.00      0.00         3
          15       0.08      0.05      0.06        22
          16       0.25      0.12      0.16        25
          17       0.08      0.07      0.07        15
          18       0.08      0.33      0.13         3
          19       0.00      0.00      0.00         8
          20       0.00      0.00      0.00        16
          21       0.00      0.00      0.00        15
          22       0.00      0.00      0.00         9
          23       0.00      0.00      0.00        13
          24       0.00      0.00      0.00         7

    accuracy                           0.05       300
   macro avg       0.05      0.04      0.04       300
weighted avg       0.10      0.05      0.07       300

(training_methods.py:282) 2025-06-06 20:57:43.700999 | INFO : Epoch 4 Validation Summary: epoch: 4.000000 | loss: 0.000000 | accuracy: 0.053333 | 
(training_methods.py:312) 2025-06-06 20:57:43.703659 | INFO : ckpt updated.
(training_methods.py:254) 2025-06-06 20:57:43.900130 | INFO : Training Epoch 5   0.0% | batch:         0 of         5
	loss: 0.664631

(training_methods.py:257) 2025-06-06 20:57:44.031606 | INFO : Evaluating on validation set ...
(training_methods.py:254) 2025-06-06 20:57:44.588077 | INFO : Evaluating Epoch 5   0.0% | batch:         0 of         5
	loss: inf

(training_methods.py:262) 2025-06-06 20:57:44.663271 | INFO : Validation runtime: 0.0 hours, 0.0 minutes, 0.6314020156860352 seconds

(training_methods.py:268) 2025-06-06 20:57:44.663460 | INFO : Avg val. time: 0.0 hours, 0.0 minutes, 0.6489798625310262 seconds
(training_methods.py:269) 2025-06-06 20:57:44.663513 | INFO : Avg batch val. time: 0.12979597250620525 seconds
(training_methods.py:270) 2025-06-06 20:57:44.663557 | INFO : Avg sample val. time: 0.002163266208436754 seconds
(training_methods.py:276) 2025-06-06 20:57:44.663606 | INFO : report:               precision    recall  f1-score   support

           0       0.00      0.00      0.00         7
           1       0.08      0.25      0.12         4
           2       0.33      0.20      0.25        20
           3       0.00      0.00      0.00         8
           4       0.00      0.00      0.00         8
           5       0.00      0.00      0.00         5
           6       0.08      0.50      0.14         2
           7       0.25      0.25      0.25        12
           8       0.08      0.04      0.05        27
           9       0.00      0.00      0.00        20
          10       0.00      0.00      0.00        14
          11       0.25      0.10      0.15        29
          12       0.00      0.00      0.00        10
          13       0.00      0.00      0.00         6
          14       0.00      0.00      0.00        10
          15       0.00      0.00      0.00        21
          16       0.08      0.10      0.09        10
          17       0.00      0.00      0.00        14
          18       0.25      0.38      0.30         8
          19       0.00      0.00      0.00        24
          20       0.00      0.00      0.00        10
          21       0.00      0.00      0.00         8
          22       0.00      0.00      0.00        10
          23       0.00      0.00      0.00         9
          24       0.00      0.00      0.00         4

    accuracy                           0.06       300
   macro avg       0.06      0.07      0.05       300
weighted avg       0.07      0.06      0.06       300

(training_methods.py:282) 2025-06-06 20:57:44.663707 | INFO : Epoch 5 Validation Summary: epoch: 5.000000 | loss: 0.000000 | accuracy: 0.056667 | 
(training_methods.py:312) 2025-06-06 20:57:44.666276 | INFO : ckpt updated.
(training_methods.py:254) 2025-06-06 20:57:44.862495 | INFO : Training Epoch 6   0.0% | batch:         0 of         5
	loss: 0.664096

(training_methods.py:257) 2025-06-06 20:57:44.993882 | INFO : Evaluating on validation set ...
(training_methods.py:254) 2025-06-06 20:57:45.553940 | INFO : Evaluating Epoch 6   0.0% | batch:         0 of         5
	loss: inf

(training_methods.py:262) 2025-06-06 20:57:45.639577 | INFO : Validation runtime: 0.0 hours, 0.0 minutes, 0.6454212665557861 seconds

(training_methods.py:268) 2025-06-06 20:57:45.639816 | INFO : Avg val. time: 0.0 hours, 0.0 minutes, 0.6484714916774205 seconds
(training_methods.py:269) 2025-06-06 20:57:45.639879 | INFO : Avg batch val. time: 0.1296942983354841 seconds
(training_methods.py:270) 2025-06-06 20:57:45.639925 | INFO : Avg sample val. time: 0.002161571638924735 seconds
(training_methods.py:276) 2025-06-06 20:57:45.639980 | INFO : report:               precision    recall  f1-score   support

           0       0.00      0.00      0.00         5
           1       0.00      0.00      0.00         3
           2       0.17      0.08      0.11        25
           3       0.00      0.00      0.00         7
           4       0.00      0.00      0.00         3
           5       0.00      0.00      0.00         6
           6       0.00      0.00      0.00         4
           7       0.17      0.14      0.15        14
           8       0.08      0.05      0.06        20
           9       0.00      0.00      0.00         2
          10       0.00      0.00      0.00         9
          11       0.00      0.00      0.00        25
          12       0.00      0.00      0.00         8
          13       0.00      0.00      0.00        10
          14       0.00      0.00      0.00        10
          15       0.42      0.33      0.37        15
          16       0.25      0.23      0.24        13
          17       0.08      0.05      0.06        19
          18       0.08      0.33      0.13         3
          19       0.00      0.00      0.00        26
          20       0.00      0.00      0.00        17
          21       0.00      0.00      0.00        24
          22       0.00      0.00      0.00        19
          23       0.00      0.00      0.00         9
          24       0.00      0.00      0.00         4

    accuracy                           0.05       300
   macro avg       0.05      0.05      0.05       300
weighted avg       0.06      0.05      0.05       300

(training_methods.py:282) 2025-06-06 20:57:45.640049 | INFO : Epoch 6 Validation Summary: epoch: 6.000000 | loss: 0.000000 | accuracy: 0.050000 | 
(training_methods.py:312) 2025-06-06 20:57:45.642934 | INFO : ckpt updated.
(training_methods.py:254) 2025-06-06 20:57:45.899551 | INFO : Training Epoch 7   0.0% | batch:         0 of         5
	loss: 0.664453

(training_methods.py:257) 2025-06-06 20:57:46.041287 | INFO : Evaluating on validation set ...
(training_methods.py:254) 2025-06-06 20:57:46.643573 | INFO : Evaluating Epoch 7   0.0% | batch:         0 of         5
	loss: inf

(training_methods.py:262) 2025-06-06 20:57:46.720162 | INFO : Validation runtime: 0.0 hours, 0.0 minutes, 0.6785814762115479 seconds

(training_methods.py:268) 2025-06-06 20:57:46.720368 | INFO : Avg val. time: 0.0 hours, 0.0 minutes, 0.6522352397441864 seconds
(training_methods.py:269) 2025-06-06 20:57:46.720423 | INFO : Avg batch val. time: 0.13044704794883727 seconds
(training_methods.py:270) 2025-06-06 20:57:46.720467 | INFO : Avg sample val. time: 0.002174117465813955 seconds
(training_methods.py:276) 2025-06-06 20:57:46.720530 | INFO : report:               precision    recall  f1-score   support

           0       0.00      0.00      0.00         6
           1       0.08      0.14      0.11         7
           2       0.00      0.00      0.00         5
           3       0.00      0.00      0.00        12
           4       0.00      0.00      0.00         3
           5       0.00      0.00      0.00         5
           6       0.00      0.00      0.00         2
           7       0.08      0.10      0.09        10
           8       0.33      0.33      0.33        12
           9       0.00      0.00      0.00         8
          10       0.00      0.00      0.00        22
          11       0.00      0.00      0.00        17
          12       0.00      0.00      0.00        10
          13       0.00      0.00      0.00         0
          14       0.00      0.00      0.00        18
          15       0.00      0.00      0.00        23
          16       0.08      0.11      0.10         9
          17       0.08      0.11      0.10         9
          18       0.08      0.05      0.06        21
          19       0.08      0.02      0.03        57
          20       0.00      0.00      0.00        13
          21       0.00      0.00      0.00        15
          22       0.08      0.17      0.11         6
          23       0.00      0.00      0.00         8
          24       0.00      0.00      0.00         2

    accuracy                           0.04       300
   macro avg       0.04      0.04      0.04       300
weighted avg       0.05      0.04      0.04       300

(training_methods.py:282) 2025-06-06 20:57:46.720613 | INFO : Epoch 7 Validation Summary: epoch: 7.000000 | loss: 0.000000 | accuracy: 0.036667 | 
(training_methods.py:312) 2025-06-06 20:57:46.723246 | INFO : ckpt updated.
(training_methods.py:254) 2025-06-06 20:57:46.932148 | INFO : Training Epoch 8   0.0% | batch:         0 of         5
	loss: 0.658597

(training_methods.py:257) 2025-06-06 20:57:47.062290 | INFO : Evaluating on validation set ...
(training_methods.py:254) 2025-06-06 20:57:47.609750 | INFO : Evaluating Epoch 8   0.0% | batch:         0 of         5
	loss: inf

(training_methods.py:262) 2025-06-06 20:57:47.685407 | INFO : Validation runtime: 0.0 hours, 0.0 minutes, 0.6228494644165039 seconds

(training_methods.py:268) 2025-06-06 20:57:47.685602 | INFO : Avg val. time: 0.0 hours, 0.0 minutes, 0.6489701535966661 seconds
(training_methods.py:269) 2025-06-06 20:57:47.685660 | INFO : Avg batch val. time: 0.1297940307193332 seconds
(training_methods.py:270) 2025-06-06 20:57:47.685708 | INFO : Avg sample val. time: 0.0021632338453222203 seconds
(training_methods.py:276) 2025-06-06 20:57:47.685762 | INFO : report:               precision    recall  f1-score   support

           0       0.00      0.00      0.00         8
           1       0.00      0.00      0.00        10
           2       0.17      0.20      0.18        10
           3       0.00      0.00      0.00         7
           4       0.00      0.00      0.00         0
           5       0.00      0.00      0.00        16
           6       0.00      0.00      0.00         4
           7       0.42      0.45      0.43        11
           8       0.00      0.00      0.00        12
           9       0.00      0.00      0.00         5
          10       0.00      0.00      0.00         2
          11       0.00      0.00      0.00        16
          12       0.00      0.00      0.00         0
          13       0.00      0.00      0.00        14
          14       0.00      0.00      0.00        15
          15       0.00      0.00      0.00         6
          16       0.17      0.67      0.27         3
          17       0.08      0.07      0.08        14
          18       0.33      0.10      0.15        40
          19       0.00      0.00      0.00        46
          20       0.00      0.00      0.00        14
          21       0.00      0.00      0.00         8
          22       0.00      0.00      0.00         9
          23       0.08      0.08      0.08        13
          24       0.33      0.24      0.28        17

    accuracy                           0.06       300
   macro avg       0.06      0.07      0.06       300
weighted avg       0.09      0.06      0.07       300

(training_methods.py:282) 2025-06-06 20:57:47.685852 | INFO : Epoch 8 Validation Summary: epoch: 8.000000 | loss: 0.000000 | accuracy: 0.063333 | 
(training_methods.py:312) 2025-06-06 20:57:47.688403 | INFO : ckpt updated.
(training_methods.py:254) 2025-06-06 20:57:47.898506 | INFO : Training Epoch 9   0.0% | batch:         0 of         5
	loss: 0.667615

(training_methods.py:257) 2025-06-06 20:57:48.026764 | INFO : Evaluating on validation set ...
(training_methods.py:254) 2025-06-06 20:57:48.578719 | INFO : Evaluating Epoch 9   0.0% | batch:         0 of         5
	loss: inf

(training_methods.py:262) 2025-06-06 20:57:48.652300 | INFO : Validation runtime: 0.0 hours, 0.0 minutes, 0.6253092288970947 seconds

(training_methods.py:268) 2025-06-06 20:57:48.652480 | INFO : Avg val. time: 0.0 hours, 0.0 minutes, 0.646604061126709 seconds
(training_methods.py:269) 2025-06-06 20:57:48.652533 | INFO : Avg batch val. time: 0.1293208122253418 seconds
(training_methods.py:270) 2025-06-06 20:57:48.652575 | INFO : Avg sample val. time: 0.0021553468704223634 seconds
(training_methods.py:276) 2025-06-06 20:57:48.652622 | INFO : report:               precision    recall  f1-score   support

           0       0.00      0.00      0.00        14
           1       0.08      0.14      0.11         7
           2       0.08      0.25      0.12         4
           3       0.00      0.00      0.00        20
           4       0.00      0.00      0.00         0
           5       0.00      0.00      0.00         6
           6       0.00      0.00      0.00         9
           7       0.08      0.20      0.12         5
           8       0.00      0.00      0.00        23
           9       0.08      0.06      0.07        16
          10       0.17      0.17      0.17        12
          11       0.00      0.00      0.00        34
          12       0.00      0.00      0.00         0
          13       0.00      0.00      0.00        24
          14       0.00      0.00      0.00         4
          15       0.00      0.00      0.00         9
          16       0.17      0.33      0.22         6
          17       0.08      0.11      0.10         9
          18       0.33      0.11      0.16        37
          19       0.00      0.00      0.00         3
          20       0.00      0.00      0.00        25
          21       0.00      0.00      0.00         8
          22       0.17      0.29      0.21         7
          23       0.00      0.00      0.00         9
          24       0.00      0.00      0.00         9

    accuracy                           0.05       300
   macro avg       0.05      0.07      0.05       300
weighted avg       0.07      0.05      0.05       300

(training_methods.py:282) 2025-06-06 20:57:48.652709 | INFO : Epoch 9 Validation Summary: epoch: 9.000000 | loss: 0.000000 | accuracy: 0.050000 | 
(training_methods.py:312) 2025-06-06 20:57:48.655246 | INFO : ckpt updated.
(training_methods.py:254) 2025-06-06 20:57:48.854364 | INFO : Training Epoch 10   0.0% | batch:         0 of         5
	loss: 0.652107

(training_methods.py:257) 2025-06-06 20:57:48.986774 | INFO : Evaluating on validation set ...
(training_methods.py:254) 2025-06-06 20:57:49.555790 | INFO : Evaluating Epoch 10   0.0% | batch:         0 of         5
	loss: inf

(training_methods.py:262) 2025-06-06 20:57:49.632869 | INFO : Validation runtime: 0.0 hours, 0.0 minutes, 0.6458373069763184 seconds

(training_methods.py:268) 2025-06-06 20:57:49.633075 | INFO : Avg val. time: 0.0 hours, 0.0 minutes, 0.6465343562039462 seconds
(training_methods.py:269) 2025-06-06 20:57:49.633137 | INFO : Avg batch val. time: 0.12930687124078924 seconds
(training_methods.py:270) 2025-06-06 20:57:49.633197 | INFO : Avg sample val. time: 0.0021551145206798205 seconds
(training_methods.py:276) 2025-06-06 20:57:49.633250 | INFO : report:               precision    recall  f1-score   support

           0       0.00      0.00      0.00        15
           1       0.00      0.00      0.00         5
           2       0.08      0.25      0.12         4
           3       0.00      0.00      0.00        33
           4       0.00      0.00      0.00         0
           5       0.00      0.00      0.00         9
           6       0.00      0.00      0.00         4
           7       0.00      0.00      0.00         1
           8       0.00      0.00      0.00         1
           9       0.17      0.11      0.13        19
          10       0.00      0.00      0.00         4
          11       0.00      0.00      0.00        49
          12       0.00      0.00      0.00         0
          13       0.00      0.00      0.00        17
          14       0.00      0.00      0.00         4
          15       0.00      0.00      0.00        50
          16       0.00      0.00      0.00         0
          17       0.00      0.00      0.00        23
          18       0.17      0.17      0.17        12
          19       0.00      0.00      0.00         5
          20       0.00      0.00      0.00        13
          21       0.08      0.10      0.09        10
          22       0.00      0.00      0.00         3
          23       0.00      0.00      0.00         8
          24       0.17      0.18      0.17        11

    accuracy                           0.03       300
   macro avg       0.03      0.03      0.03       300
weighted avg       0.03      0.03      0.03       300

(training_methods.py:282) 2025-06-06 20:57:49.633346 | INFO : Epoch 10 Validation Summary: epoch: 10.000000 | loss: 0.000000 | accuracy: 0.026667 | 
(training_methods.py:312) 2025-06-06 20:57:49.635809 | INFO : ckpt updated.
(training_methods.py:254) 2025-06-06 20:57:49.839283 | INFO : Training Epoch 11   0.0% | batch:         0 of         5
	loss: 0.662862

(training_methods.py:257) 2025-06-06 20:57:49.973061 | INFO : Evaluating on validation set ...
(training_methods.py:254) 2025-06-06 20:57:50.558677 | INFO : Evaluating Epoch 11   0.0% | batch:         0 of         5
	loss: inf

(training_methods.py:262) 2025-06-06 20:57:50.639290 | INFO : Validation runtime: 0.0 hours, 0.0 minutes, 0.6659612655639648 seconds

(training_methods.py:268) 2025-06-06 20:57:50.639480 | INFO : Avg val. time: 0.0 hours, 0.0 minutes, 0.6481532653172811 seconds
(training_methods.py:269) 2025-06-06 20:57:50.639533 | INFO : Avg batch val. time: 0.12963065306345622 seconds
(training_methods.py:270) 2025-06-06 20:57:50.639575 | INFO : Avg sample val. time: 0.0021605108843909373 seconds
(training_methods.py:276) 2025-06-06 20:57:50.639647 | INFO : report:               precision    recall  f1-score   support

           0       0.00      0.00      0.00         4
           1       0.00      0.00      0.00        11
           2       0.00      0.00      0.00         8
           3       0.00      0.00      0.00        13
           4       0.00      0.00      0.00         1
           5       0.00      0.00      0.00         7
           6       0.00      0.00      0.00         0
           7       0.08      0.50      0.14         2
           8       0.42      0.17      0.24        30
           9       0.17      0.10      0.12        20
          10       0.00      0.00      0.00         0
          11       0.00      0.00      0.00        20
          12       0.00      0.00      0.00         0
          13       0.00      0.00      0.00        19
          14       0.00      0.00      0.00         2
          15       0.08      0.02      0.03        50
          16       0.08      0.50      0.14         2
          17       0.17      0.09      0.12        22
          18       0.50      0.14      0.22        43
          19       0.00      0.00      0.00         8
          20       0.00      0.00      0.00        25
          21       0.00      0.00      0.00         2
          22       0.00      0.00      0.00         0
          23       0.00      0.00      0.00         1
          24       0.17      0.20      0.18        10

    accuracy                           0.07       300
   macro avg       0.07      0.07      0.05       300
weighted avg       0.16      0.07      0.09       300

(training_methods.py:282) 2025-06-06 20:57:50.639733 | INFO : Epoch 11 Validation Summary: epoch: 11.000000 | loss: 0.000000 | accuracy: 0.066667 | 
(training_methods.py:312) 2025-06-06 20:57:50.642313 | INFO : ckpt updated.
(training_methods.py:254) 2025-06-06 20:57:50.843138 | INFO : Training Epoch 12   0.0% | batch:         0 of         5
	loss: 0.645277

(training_methods.py:257) 2025-06-06 20:57:50.972080 | INFO : Evaluating on validation set ...
(training_methods.py:254) 2025-06-06 20:57:51.603726 | INFO : Evaluating Epoch 12   0.0% | batch:         0 of         5
	loss: inf

(training_methods.py:262) 2025-06-06 20:57:51.684807 | INFO : Validation runtime: 0.0 hours, 0.0 minutes, 0.7124533653259277 seconds

(training_methods.py:268) 2025-06-06 20:57:51.685042 | INFO : Avg val. time: 0.0 hours, 0.0 minutes, 0.6530994268564078 seconds
(training_methods.py:269) 2025-06-06 20:57:51.685098 | INFO : Avg batch val. time: 0.13061988537128155 seconds
(training_methods.py:270) 2025-06-06 20:57:51.685150 | INFO : Avg sample val. time: 0.0021769980895213594 seconds
(training_methods.py:276) 2025-06-06 20:57:51.685225 | INFO : report:               precision    recall  f1-score   support

           0       0.33      0.16      0.22        25
           1       0.08      0.11      0.10         9
           2       0.33      0.14      0.20        28
           3       0.00      0.00      0.00        22
           4       0.00      0.00      0.00        17
           5       0.00      0.00      0.00        20
           6       0.00      0.00      0.00         8
           7       0.17      0.33      0.22         6
           8       0.75      0.64      0.69        14
           9       0.17      0.15      0.16        13
          10       0.00      0.00      0.00        13
          11       0.00      0.00      0.00        34
          12       0.00      0.00      0.00         3
          13       0.00      0.00      0.00         6
          14       0.00      0.00      0.00        26
          15       0.00      0.00      0.00         1
          16       0.00      0.00      0.00         4
          17       0.08      0.03      0.05        30
          18       0.08      0.50      0.14         2
          19       0.00      0.00      0.00         5
          20       0.00      0.00      0.00         0
          21       0.00      0.00      0.00         8
          22       0.00      0.00      0.00         0
          23       0.00      0.00      0.00         1
          24       0.00      0.00      0.00         5

    accuracy                           0.08       300
   macro avg       0.08      0.08      0.07       300
weighted avg       0.12      0.08      0.09       300

(training_methods.py:282) 2025-06-06 20:57:51.685309 | INFO : Epoch 12 Validation Summary: epoch: 12.000000 | loss: 0.000000 | accuracy: 0.080000 | 
(training_methods.py:312) 2025-06-06 20:57:51.688162 | INFO : ckpt updated.
(training_methods.py:254) 2025-06-06 20:57:51.893622 | INFO : Training Epoch 13   0.0% | batch:         0 of         5
	loss: 0.645121

(training_methods.py:257) 2025-06-06 20:57:52.065011 | INFO : Evaluating on validation set ...
(training_methods.py:254) 2025-06-06 20:57:52.697740 | INFO : Evaluating Epoch 13   0.0% | batch:         0 of         5
	loss: inf

(training_methods.py:262) 2025-06-06 20:57:52.781608 | INFO : Validation runtime: 0.0 hours, 0.0 minutes, 0.7162837982177734 seconds

(training_methods.py:268) 2025-06-06 20:57:52.781798 | INFO : Avg val. time: 0.0 hours, 0.0 minutes, 0.6576125962393624 seconds
(training_methods.py:269) 2025-06-06 20:57:52.781854 | INFO : Avg batch val. time: 0.13152251924787248 seconds
(training_methods.py:270) 2025-06-06 20:57:52.781899 | INFO : Avg sample val. time: 0.002192041987464541 seconds
(training_methods.py:276) 2025-06-06 20:57:52.781951 | INFO : report:               precision    recall  f1-score   support

           0       0.00      0.00      0.00         7
           1       0.17      0.50      0.25         4
           2       0.17      0.08      0.11        25
           3       0.00      0.00      0.00        25
           4       0.00      0.00      0.00        20
           5       0.00      0.00      0.00        12
           6       0.00      0.00      0.00         0
           7       0.17      0.22      0.19         9
           8       0.08      0.05      0.06        19
           9       0.17      0.25      0.20         8
          10       0.00      0.00      0.00        11
          11       0.00      0.00      0.00        30
          12       0.00      0.00      0.00         8
          13       0.00      0.00      0.00        10
          14       0.00      0.00      0.00        11
          15       0.00      0.00      0.00        12
          16       0.00      0.00      0.00         5
          17       0.00      0.00      0.00         8
          18       0.17      0.29      0.21         7
          19       0.00      0.00      0.00         4
          20       0.00      0.00      0.00         7
          21       0.00      0.00      0.00        10
          22       0.00      0.00      0.00        13
          23       0.00      0.00      0.00        27
          24       0.00      0.00      0.00         8

    accuracy                           0.04       300
   macro avg       0.04      0.06      0.04       300
weighted avg       0.03      0.04      0.03       300

(training_methods.py:282) 2025-06-06 20:57:52.782068 | INFO : Epoch 13 Validation Summary: epoch: 13.000000 | loss: 0.000000 | accuracy: 0.036667 | 
(training_methods.py:312) 2025-06-06 20:57:52.784613 | INFO : ckpt updated.
(training_methods.py:254) 2025-06-06 20:57:52.982590 | INFO : Training Epoch 14   0.0% | batch:         0 of         5
	loss: 0.650707

(training_methods.py:257) 2025-06-06 20:57:53.109174 | INFO : Evaluating on validation set ...
(training_methods.py:254) 2025-06-06 20:57:53.698232 | INFO : Evaluating Epoch 14   0.0% | batch:         0 of         5
	loss: inf

(training_methods.py:262) 2025-06-06 20:57:53.779963 | INFO : Validation runtime: 0.0 hours, 0.0 minutes, 0.6705341339111328 seconds

(training_methods.py:268) 2025-06-06 20:57:53.780148 | INFO : Avg val. time: 0.0 hours, 0.0 minutes, 0.6584740320841471 seconds
(training_methods.py:269) 2025-06-06 20:57:53.780217 | INFO : Avg batch val. time: 0.13169480641682943 seconds
(training_methods.py:270) 2025-06-06 20:57:53.780262 | INFO : Avg sample val. time: 0.0021949134402804906 seconds
(training_methods.py:276) 2025-06-06 20:57:53.780314 | INFO : report:               precision    recall  f1-score   support

           0       0.00      0.00      0.00         9
           1       0.00      0.00      0.00         1
           2       0.17      0.22      0.19         9
           3       0.00      0.00      0.00         1
           4       0.00      0.00      0.00         1
           5       0.00      0.00      0.00        14
           6       0.00      0.00      0.00         1
           7       0.25      0.43      0.32         7
           8       0.00      0.00      0.00         4
           9       0.00      0.00      0.00        16
          10       0.00      0.00      0.00        12
          11       0.00      0.00      0.00        27
          12       0.00      0.00      0.00         9
          13       0.00      0.00      0.00        55
          14       0.00      0.00      0.00         2
          15       0.17      0.20      0.18        10
          16       0.25      0.14      0.18        21
          17       0.25      0.50      0.33         6
          18       0.00      0.00      0.00         0
          19       0.00      0.00      0.00         4
          20       0.00      0.00      0.00         4
          21       0.00      0.00      0.00         0
          22       0.00      0.00      0.00         1
          23       0.00      0.00      0.00        82
          24       0.00      0.00      0.00         4

    accuracy                           0.04       300
   macro avg       0.04      0.06      0.05       300
weighted avg       0.04      0.04      0.04       300

(training_methods.py:282) 2025-06-06 20:57:53.780401 | INFO : Epoch 14 Validation Summary: epoch: 14.000000 | loss: 0.000000 | accuracy: 0.043333 | 
(training_methods.py:312) 2025-06-06 20:57:53.783008 | INFO : ckpt updated.
(training_methods.py:254) 2025-06-06 20:57:53.978493 | INFO : Training Epoch 15   0.0% | batch:         0 of         5
	loss: 0.638989

(training_methods.py:257) 2025-06-06 20:57:54.109976 | INFO : Evaluating on validation set ...
(training_methods.py:254) 2025-06-06 20:57:54.694332 | INFO : Evaluating Epoch 15   0.0% | batch:         0 of         5
	loss: inf

(training_methods.py:262) 2025-06-06 20:57:54.776250 | INFO : Validation runtime: 0.0 hours, 0.0 minutes, 0.6660199165344238 seconds

(training_methods.py:268) 2025-06-06 20:57:54.776437 | INFO : Avg val. time: 0.0 hours, 0.0 minutes, 0.6589456498622894 seconds
(training_methods.py:269) 2025-06-06 20:57:54.776506 | INFO : Avg batch val. time: 0.1317891299724579 seconds
(training_methods.py:270) 2025-06-06 20:57:54.776550 | INFO : Avg sample val. time: 0.0021964854995409648 seconds
(training_methods.py:276) 2025-06-06 20:57:54.776601 | INFO : report:               precision    recall  f1-score   support

           0       0.00      0.00      0.00         6
           1       0.08      0.12      0.10         8
           2       0.08      0.17      0.11         6
           3       0.00      0.00      0.00        36
           4       0.00      0.00      0.00         4
           5       0.00      0.00      0.00         7
           6       0.00      0.00      0.00         1
           7       0.00      0.00      0.00         2
           8       0.00      0.00      0.00         8
           9       0.00      0.00      0.00         6
          10       0.00      0.00      0.00         7
          11       0.00      0.00      0.00        79
          12       0.00      0.00      0.00         2
          13       0.00      0.00      0.00        11
          14       0.00      0.00      0.00        10
          15       0.17      0.10      0.12        21
          16       0.00      0.00      0.00         9
          17       0.00      0.00      0.00        20
          18       0.08      0.50      0.14         2
          19       0.00      0.00      0.00         1
          20       0.00      0.00      0.00         1
          21       0.00      0.00      0.00         7
          22       0.00      0.00      0.00         2
          23       0.00      0.00      0.00        37
          24       0.00      0.00      0.00         7

    accuracy                           0.02       300
   macro avg       0.02      0.04      0.02       300
weighted avg       0.02      0.02      0.01       300

(training_methods.py:282) 2025-06-06 20:57:54.776677 | INFO : Epoch 15 Validation Summary: epoch: 15.000000 | loss: 0.000000 | accuracy: 0.016667 | 
(training_methods.py:312) 2025-06-06 20:57:54.779247 | INFO : ckpt updated.
(training_methods.py:254) 2025-06-06 20:57:54.977890 | INFO : Training Epoch 16   0.0% | batch:         0 of         5
	loss: 0.631401

(training_methods.py:257) 2025-06-06 20:57:55.108754 | INFO : Evaluating on validation set ...
(training_methods.py:254) 2025-06-06 20:57:55.702783 | INFO : Evaluating Epoch 16   0.0% | batch:         0 of         5
	loss: inf

(training_methods.py:262) 2025-06-06 20:57:55.779565 | INFO : Validation runtime: 0.0 hours, 0.0 minutes, 0.6705532073974609 seconds

(training_methods.py:268) 2025-06-06 20:57:55.779755 | INFO : Avg val. time: 0.0 hours, 0.0 minutes, 0.6596284473643583 seconds
(training_methods.py:269) 2025-06-06 20:57:55.779827 | INFO : Avg batch val. time: 0.13192568947287167 seconds
(training_methods.py:270) 2025-06-06 20:57:55.779874 | INFO : Avg sample val. time: 0.002198761491214528 seconds
(training_methods.py:276) 2025-06-06 20:57:55.779926 | INFO : report:               precision    recall  f1-score   support

           0       0.00      0.00      0.00         7
           1       0.08      0.33      0.13         3
           2       0.17      0.22      0.19         9
           3       0.08      0.07      0.07        15
           4       0.00      0.00      0.00         8
           5       0.00      0.00      0.00        12
           6       0.00      0.00      0.00         1
           7       0.00      0.00      0.00         8
           8       0.00      0.00      0.00        13
           9       0.08      0.07      0.08        14
          10       0.00      0.00      0.00         2
          11       0.00      0.00      0.00        33
          12       0.00      0.00      0.00         4
          13       0.08      0.08      0.08        12
          14       0.00      0.00      0.00        31
          15       0.25      0.14      0.18        21
          16       0.17      0.14      0.15        14
          17       0.08      0.11      0.10         9
          18       0.42      0.71      0.53         7
          19       0.00      0.00      0.00         3
          20       0.00      0.00      0.00         4
          21       0.00      0.00      0.00        13
          22       0.00      0.00      0.00         5
          23       0.00      0.00      0.00        41
          24       0.00      0.00      0.00        11

    accuracy                           0.06       300
   macro avg       0.06      0.08      0.06       300
weighted avg       0.05      0.06      0.05       300

(training_methods.py:282) 2025-06-06 20:57:55.780021 | INFO : Epoch 16 Validation Summary: epoch: 16.000000 | loss: 0.000000 | accuracy: 0.056667 | 
(training_methods.py:312) 2025-06-06 20:57:55.868768 | INFO : ckpt updated.
(training_methods.py:254) 2025-06-06 20:57:56.068224 | INFO : Training Epoch 17   0.0% | batch:         0 of         5
	loss: 0.617323

(training_methods.py:257) 2025-06-06 20:57:56.199857 | INFO : Evaluating on validation set ...
(training_methods.py:254) 2025-06-06 20:57:56.782704 | INFO : Evaluating Epoch 17   0.0% | batch:         0 of         5
	loss: inf

(training_methods.py:262) 2025-06-06 20:57:56.857306 | INFO : Validation runtime: 0.0 hours, 0.0 minutes, 0.6571938991546631 seconds

(training_methods.py:268) 2025-06-06 20:57:56.857485 | INFO : Avg val. time: 0.0 hours, 0.0 minutes, 0.659493194686042 seconds
(training_methods.py:269) 2025-06-06 20:57:56.857553 | INFO : Avg batch val. time: 0.13189863893720838 seconds
(training_methods.py:270) 2025-06-06 20:57:56.857598 | INFO : Avg sample val. time: 0.002198310648953473 seconds
(training_methods.py:276) 2025-06-06 20:57:56.857648 | INFO : report:               precision    recall  f1-score   support

           0       0.00      0.00      0.00         3
           1       0.00      0.00      0.00         3
           2       0.08      0.33      0.13         3
           3       0.00      0.00      0.00        49
           4       0.00      0.00      0.00         8
           5       0.00      0.00      0.00         4
           6       0.00      0.00      0.00         3
           7       0.00      0.00      0.00         2
           8       0.00      0.00      0.00        16
           9       0.00      0.00      0.00         3
          10       0.17      0.22      0.19         9
          11       0.00      0.00      0.00        48
          12       0.00      0.00      0.00         0
          13       0.00      0.00      0.00        25
          14       0.00      0.00      0.00         4
          15       0.00      0.00      0.00         5
          16       0.00      0.00      0.00         4
          17       0.08      0.08      0.08        12
          18       0.08      0.17      0.11         6
          19       0.00      0.00      0.00         5
          20       0.00      0.00      0.00         3
          21       0.00      0.00      0.00        12
          22       0.00      0.00      0.00        10
          23       0.00      0.00      0.00        51
          24       0.00      0.00      0.00        12

    accuracy                           0.02       300
   macro avg       0.02      0.03      0.02       300
weighted avg       0.01      0.02      0.01       300

(training_methods.py:282) 2025-06-06 20:57:56.857736 | INFO : Epoch 17 Validation Summary: epoch: 17.000000 | loss: 0.000000 | accuracy: 0.016667 | 
(training_methods.py:312) 2025-06-06 20:57:56.860294 | INFO : ckpt updated.
(training_methods.py:254) 2025-06-06 20:57:57.054339 | INFO : Training Epoch 18   0.0% | batch:         0 of         5
	loss: 0.631525

(training_methods.py:257) 2025-06-06 20:57:57.198018 | INFO : Evaluating on validation set ...
(training_methods.py:254) 2025-06-06 20:57:57.791382 | INFO : Evaluating Epoch 18   0.0% | batch:         0 of         5
	loss: inf

(training_methods.py:262) 2025-06-06 20:57:57.871918 | INFO : Validation runtime: 0.0 hours, 0.0 minutes, 0.6736280918121338 seconds

(training_methods.py:268) 2025-06-06 20:57:57.872152 | INFO : Avg val. time: 0.0 hours, 0.0 minutes, 0.6602371366400468 seconds
(training_methods.py:269) 2025-06-06 20:57:57.872209 | INFO : Avg batch val. time: 0.13204742732800936 seconds
(training_methods.py:270) 2025-06-06 20:57:57.872273 | INFO : Avg sample val. time: 0.0022007904554668225 seconds
(training_methods.py:276) 2025-06-06 20:57:57.872332 | INFO : report:               precision    recall  f1-score   support

           0       0.00      0.00      0.00         4
           1       0.08      0.20      0.12         5
           2       0.17      0.33      0.22         6
           3       0.00      0.00      0.00        29
           4       0.00      0.00      0.00         8
           5       0.00      0.00      0.00         4
           6       0.00      0.00      0.00         7
           7       0.00      0.00      0.00         2
           8       0.00      0.00      0.00         7
           9       0.50      0.33      0.40        18
          10       0.00      0.00      0.00         5
          11       0.00      0.00      0.00        21
          12       0.00      0.00      0.00         4
          13       0.00      0.00      0.00        16
          14       0.00      0.00      0.00         9
          15       0.00      0.00      0.00        45
          16       0.00      0.00      0.00         7
          17       0.00      0.00      0.00        12
          18       0.08      0.17      0.11         6
          19       0.00      0.00      0.00         3
          20       0.00      0.00      0.00         2
          21       0.00      0.00      0.00        13
          22       0.00      0.00      0.00        29
          23       0.00      0.00      0.00        24
          24       0.00      0.00      0.00        14

    accuracy                           0.03       300
   macro avg       0.03      0.04      0.03       300
weighted avg       0.04      0.03      0.03       300

(training_methods.py:282) 2025-06-06 20:57:57.872411 | INFO : Epoch 18 Validation Summary: epoch: 18.000000 | loss: 0.000000 | accuracy: 0.033333 | 
(training_methods.py:312) 2025-06-06 20:57:57.875359 | INFO : ckpt updated.
(training_methods.py:254) 2025-06-06 20:57:58.090166 | INFO : Training Epoch 19   0.0% | batch:         0 of         5
	loss: 0.63252

(training_methods.py:257) 2025-06-06 20:57:58.232718 | INFO : Evaluating on validation set ...
(training_methods.py:254) 2025-06-06 20:57:58.834878 | INFO : Evaluating Epoch 19   0.0% | batch:         0 of         5
	loss: inf

(training_methods.py:262) 2025-06-06 20:57:58.909470 | INFO : Validation runtime: 0.0 hours, 0.0 minutes, 0.6764886379241943 seconds

(training_methods.py:268) 2025-06-06 20:57:58.909655 | INFO : Avg val. time: 0.0 hours, 0.0 minutes, 0.6610497117042542 seconds
(training_methods.py:269) 2025-06-06 20:57:58.909709 | INFO : Avg batch val. time: 0.13220994234085084 seconds
(training_methods.py:270) 2025-06-06 20:57:58.909754 | INFO : Avg sample val. time: 0.0022034990390141806 seconds
(training_methods.py:276) 2025-06-06 20:57:58.909817 | INFO : report:               precision    recall  f1-score   support

           0       0.08      0.03      0.05        32
           1       0.33      0.24      0.28        17
           2       0.42      0.36      0.38        14
           3       0.00      0.00      0.00        34
           4       0.00      0.00      0.00         5
           5       0.00      0.00      0.00         5
           6       0.00      0.00      0.00         9
           7       0.00      0.00      0.00         0
           8       0.00      0.00      0.00         7
           9       0.08      0.50      0.14         2
          10       0.00      0.00      0.00         0
          11       0.00      0.00      0.00        27
          12       0.00      0.00      0.00         1
          13       0.00      0.00      0.00         5
          14       0.00      0.00      0.00        11
          15       0.00      0.00      0.00        22
          16       0.00      0.00      0.00         0
          17       0.17      1.00      0.29         2
          18       0.17      0.06      0.09        33
          19       0.00      0.00      0.00         2
          20       0.00      0.00      0.00         0
          21       0.00      0.00      0.00         7
          22       0.00      0.00      0.00         0
          23       0.00      0.00      0.00        62
          24       0.00      0.00      0.00         3

    accuracy                           0.05       300
   macro avg       0.05      0.09      0.05       300
weighted avg       0.07      0.05      0.05       300

(training_methods.py:282) 2025-06-06 20:57:58.909923 | INFO : Epoch 19 Validation Summary: epoch: 19.000000 | loss: 0.000000 | accuracy: 0.050000 | 
(training_methods.py:312) 2025-06-06 20:57:58.912342 | INFO : ckpt updated.
