(dataloaders.py:51) 2025-06-06 22:21:15.356429 | INFO : train_ds length: 275, valid_ds length: 300
(process_model.py:276) 2025-06-06 22:21:15.380155 | INFO : {'feat_dim': 9, 'seq_len': 144, 'device': 'cpu'}
(process_model.py:277) 2025-06-06 22:21:15.380316 | INFO : TNC(
  (encoder): RnnEncoder(
    (nn): Sequential(
      (0): Linear(in_features=200, out_features=10, bias=True)
    )
    (rnn): GRU(9, 100, bidirectional=True)
  )
  (disc_model): Discriminator(
    (model): Sequential(
      (0): Linear(in_features=20, out_features=40, bias=True)
      (1): ReLU(inplace=True)
      (2): Dropout(p=0.5, inplace=False)
      (3): Linear(in_features=40, out_features=1, bias=True)
    )
  )
)
(training_methods.py:254) 2025-06-06 22:21:16.000559 | INFO : Training Epoch 0   0.0% | batch:         0 of         5
	loss: 0.702907

(training_methods.py:257) 2025-06-06 22:21:16.130079 | INFO : Evaluating on validation set ...
(training_methods.py:254) 2025-06-06 22:21:16.668501 | INFO : Evaluating Epoch 0   0.0% | batch:         0 of         5
	loss: inf

(training_methods.py:262) 2025-06-06 22:21:16.722227 | INFO : Validation runtime: 0.0 hours, 0.0 minutes, 0.5918800830841064 seconds

(training_methods.py:268) 2025-06-06 22:21:16.722465 | INFO : Avg val. time: 0.0 hours, 0.0 minutes, 0.5918800830841064 seconds
(training_methods.py:269) 2025-06-06 22:21:16.722538 | INFO : Avg batch val. time: 0.11837601661682129 seconds
(training_methods.py:270) 2025-06-06 22:21:16.722586 | INFO : Avg sample val. time: 0.001972933610280355 seconds
(training_methods.py:276) 2025-06-06 22:21:16.722643 | INFO : report:               precision    recall  f1-score   support

           0       0.00      0.00      0.00        12
           1       0.00      0.00      0.00         8
           2       0.25      0.12      0.16        26
           3       0.00      0.00      0.00        10
           4       0.00      0.00      0.00        19
           5       0.00      0.00      0.00         1
           6       0.08      0.20      0.12         5
           7       0.08      0.12      0.10         8
           8       0.17      0.09      0.11        23
           9       0.00      0.00      0.00         5
          10       0.00      0.00      0.00         7
          11       0.00      0.00      0.00        21
          12       0.08      0.17      0.11         6
          13       0.00      0.00      0.00         5
          14       0.00      0.00      0.00        18
          15       0.08      0.05      0.06        21
          16       0.17      0.22      0.19         9
          17       0.08      0.06      0.07        16
          18       0.25      0.14      0.18        21
          19       0.00      0.00      0.00         8
          20       0.00      0.00      0.00         9
          21       0.00      0.00      0.00         9
          22       0.00      0.00      0.00         9
          23       0.00      0.00      0.00        12
          24       0.08      0.08      0.08        12

    accuracy                           0.05       300
   macro avg       0.05      0.05      0.05       300
weighted avg       0.08      0.05      0.06       300

(training_methods.py:282) 2025-06-06 22:21:16.722720 | INFO : Epoch 0 Validation Summary: epoch: 0.000000 | loss: 0.000000 | accuracy: 0.053333 | 
(training_methods.py:312) 2025-06-06 22:21:16.725688 | INFO : ckpt updated.
(training_methods.py:254) 2025-06-06 22:21:16.896233 | INFO : Training Epoch 1   0.0% | batch:         0 of         5
	loss: 0.690808

(training_methods.py:257) 2025-06-06 22:21:17.020195 | INFO : Evaluating on validation set ...
(training_methods.py:254) 2025-06-06 22:21:17.575173 | INFO : Evaluating Epoch 1   0.0% | batch:         0 of         5
	loss: inf

(training_methods.py:262) 2025-06-06 22:21:17.628573 | INFO : Validation runtime: 0.0 hours, 0.0 minutes, 0.6081242561340332 seconds

(training_methods.py:268) 2025-06-06 22:21:17.628803 | INFO : Avg val. time: 0.0 hours, 0.0 minutes, 0.6000021696090698 seconds
(training_methods.py:269) 2025-06-06 22:21:17.628868 | INFO : Avg batch val. time: 0.12000043392181396 seconds
(training_methods.py:270) 2025-06-06 22:21:17.628927 | INFO : Avg sample val. time: 0.002000007232030233 seconds
(training_methods.py:276) 2025-06-06 22:21:17.628983 | INFO : report:               precision    recall  f1-score   support

           0       0.00      0.00      0.00        16
           1       0.00      0.00      0.00        14
           2       0.08      0.08      0.08        13
           3       0.00      0.00      0.00        13
           4       0.00      0.00      0.00        13
           5       0.00      0.00      0.00         6
           6       0.25      0.25      0.25        12
           7       0.17      0.13      0.15        15
           8       0.08      0.07      0.08        14
           9       0.00      0.00      0.00         7
          10       0.08      0.08      0.08        12
          11       0.00      0.00      0.00         8
          12       0.00      0.00      0.00        15
          13       0.00      0.00      0.00        10
          14       0.00      0.00      0.00        17
          15       0.00      0.00      0.00        24
          16       0.17      0.50      0.25         4
          17       0.00      0.00      0.00         7
          18       0.08      0.05      0.06        20
          19       0.00      0.00      0.00        13
          20       0.00      0.00      0.00         5
          21       0.00      0.00      0.00         6
          22       0.08      0.06      0.07        16
          23       0.00      0.00      0.00        12
          24       0.17      0.25      0.20         8

    accuracy                           0.05       300
   macro avg       0.05      0.06      0.05       300
weighted avg       0.05      0.05      0.04       300

(training_methods.py:282) 2025-06-06 22:21:17.629061 | INFO : Epoch 1 Validation Summary: epoch: 1.000000 | loss: 0.000000 | accuracy: 0.046667 | 
(training_methods.py:312) 2025-06-06 22:21:17.631692 | INFO : ckpt updated.
(training_methods.py:254) 2025-06-06 22:21:18.114657 | INFO : Training Epoch 2   0.0% | batch:         0 of         5
	loss: 0.688108

(training_methods.py:257) 2025-06-06 22:21:18.247074 | INFO : Evaluating on validation set ...
(training_methods.py:254) 2025-06-06 22:21:18.776583 | INFO : Evaluating Epoch 2   0.0% | batch:         0 of         5
	loss: inf

(training_methods.py:262) 2025-06-06 22:21:18.860525 | INFO : Validation runtime: 0.0 hours, 0.0 minutes, 0.6131699085235596 seconds

(training_methods.py:268) 2025-06-06 22:21:18.860748 | INFO : Avg val. time: 0.0 hours, 0.0 minutes, 0.6043914159138998 seconds
(training_methods.py:269) 2025-06-06 22:21:18.860807 | INFO : Avg batch val. time: 0.12087828318277996 seconds
(training_methods.py:270) 2025-06-06 22:21:18.860853 | INFO : Avg sample val. time: 0.0020146380530463325 seconds
(training_methods.py:276) 2025-06-06 22:21:18.860906 | INFO : report:               precision    recall  f1-score   support

           0       0.00      0.00      0.00         5
           1       0.00      0.00      0.00        14
           2       0.33      0.18      0.24        22
           3       0.00      0.00      0.00         8
           4       0.00      0.00      0.00        19
           5       0.00      0.00      0.00        12
           6       0.33      0.25      0.29        16
           7       0.08      0.08      0.08        12
           8       0.42      0.19      0.26        26
           9       0.00      0.00      0.00         9
          10       0.00      0.00      0.00        13
          11       0.00      0.00      0.00         5
          12       0.08      0.20      0.12         5
          13       0.00      0.00      0.00         5
          14       0.00      0.00      0.00        11
          15       0.25      0.15      0.19        20
          16       0.17      0.14      0.15        14
          17       0.08      0.09      0.09        11
          18       0.33      0.31      0.32        13
          19       0.17      0.25      0.20         8
          20       0.00      0.00      0.00        11
          21       0.00      0.00      0.00        11
          22       0.00      0.00      0.00         5
          23       0.00      0.00      0.00        15
          24       0.00      0.00      0.00        10

    accuracy                           0.09       300
   macro avg       0.09      0.07      0.08       300
weighted avg       0.13      0.09      0.10       300

(training_methods.py:282) 2025-06-06 22:21:18.860993 | INFO : Epoch 2 Validation Summary: epoch: 2.000000 | loss: 0.000000 | accuracy: 0.090000 | 
(training_methods.py:312) 2025-06-06 22:21:18.863646 | INFO : ckpt updated.
(training_methods.py:254) 2025-06-06 22:21:19.033460 | INFO : Training Epoch 3   0.0% | batch:         0 of         5
	loss: 0.683373

(training_methods.py:257) 2025-06-06 22:21:19.162190 | INFO : Evaluating on validation set ...
(training_methods.py:254) 2025-06-06 22:21:19.713359 | INFO : Evaluating Epoch 3   0.0% | batch:         0 of         5
	loss: inf

(training_methods.py:262) 2025-06-06 22:21:19.760687 | INFO : Validation runtime: 0.0 hours, 0.0 minutes, 0.5982515811920166 seconds

(training_methods.py:268) 2025-06-06 22:21:19.760883 | INFO : Avg val. time: 0.0 hours, 0.0 minutes, 0.602856457233429 seconds
(training_methods.py:269) 2025-06-06 22:21:19.760942 | INFO : Avg batch val. time: 0.1205712914466858 seconds
(training_methods.py:270) 2025-06-06 22:21:19.760989 | INFO : Avg sample val. time: 0.00200952152411143 seconds
(training_methods.py:276) 2025-06-06 22:21:19.761042 | INFO : report:               precision    recall  f1-score   support

           0       0.00      0.00      0.00         4
           1       0.00      0.00      0.00        17
           2       0.33      0.13      0.19        31
           3       0.00      0.00      0.00         7
           4       0.00      0.00      0.00         5
           5       0.00      0.00      0.00         3
           6       0.25      0.75      0.38         4
           7       0.08      0.08      0.08        13
           8       0.25      0.11      0.15        28
           9       0.00      0.00      0.00         7
          10       0.00      0.00      0.00        15
          11       0.00      0.00      0.00        17
          12       0.00      0.00      0.00        11
          13       0.00      0.00      0.00         6
          14       0.00      0.00      0.00         7
          15       0.00      0.00      0.00        17
          16       0.25      0.27      0.26        11
          17       0.08      0.06      0.07        17
          18       0.08      0.17      0.11         6
          19       0.00      0.00      0.00        27
          20       0.00      0.00      0.00         9
          21       0.00      0.00      0.00        20
          22       0.00      0.00      0.00         2
          23       0.08      0.08      0.08        12
          24       0.00      0.00      0.00         4

    accuracy                           0.06       300
   macro avg       0.06      0.07      0.05       300
weighted avg       0.08      0.06      0.06       300

(training_methods.py:282) 2025-06-06 22:21:19.761116 | INFO : Epoch 3 Validation Summary: epoch: 3.000000 | loss: 0.000000 | accuracy: 0.056667 | 
(training_methods.py:312) 2025-06-06 22:21:19.763658 | INFO : ckpt updated.
(training_methods.py:254) 2025-06-06 22:21:19.949268 | INFO : Training Epoch 4   0.0% | batch:         0 of         5
	loss: 0.68721

(training_methods.py:257) 2025-06-06 22:21:20.075893 | INFO : Evaluating on validation set ...
(training_methods.py:254) 2025-06-06 22:21:20.653734 | INFO : Evaluating Epoch 4   0.0% | batch:         0 of         5
	loss: inf

(training_methods.py:262) 2025-06-06 22:21:20.708295 | INFO : Validation runtime: 0.0 hours, 0.0 minutes, 0.6321232318878174 seconds

(training_methods.py:268) 2025-06-06 22:21:20.708533 | INFO : Avg val. time: 0.0 hours, 0.0 minutes, 0.6087098121643066 seconds
(training_methods.py:269) 2025-06-06 22:21:20.708591 | INFO : Avg batch val. time: 0.12174196243286133 seconds
(training_methods.py:270) 2025-06-06 22:21:20.708639 | INFO : Avg sample val. time: 0.0020290327072143553 seconds
(training_methods.py:276) 2025-06-06 22:21:20.708704 | INFO : report:               precision    recall  f1-score   support

           0       0.00      0.00      0.00         4
           1       0.00      0.00      0.00         8
           2       0.33      0.15      0.21        27
           3       0.00      0.00      0.00        13
           4       0.00      0.00      0.00         3
           5       0.00      0.00      0.00         2
           6       0.00      0.00      0.00        15
           7       0.33      0.16      0.22        25
           8       0.08      0.04      0.05        26
           9       0.00      0.00      0.00         6
          10       0.08      0.08      0.08        13
          11       0.00      0.00      0.00        11
          12       0.00      0.00      0.00         4
          13       0.00      0.00      0.00         7
          14       0.00      0.00      0.00         3
          15       0.08      0.05      0.06        22
          16       0.25      0.12      0.16        25
          17       0.08      0.07      0.07        15
          18       0.08      0.33      0.13         3
          19       0.00      0.00      0.00         8
          20       0.00      0.00      0.00        16
          21       0.00      0.00      0.00        15
          22       0.00      0.00      0.00         9
          23       0.00      0.00      0.00        13
          24       0.00      0.00      0.00         7

    accuracy                           0.05       300
   macro avg       0.05      0.04      0.04       300
weighted avg       0.10      0.05      0.07       300

(training_methods.py:282) 2025-06-06 22:21:20.708779 | INFO : Epoch 4 Validation Summary: epoch: 4.000000 | loss: 0.000000 | accuracy: 0.053333 | 
(training_methods.py:312) 2025-06-06 22:21:20.711585 | INFO : ckpt updated.
(training_methods.py:254) 2025-06-06 22:21:20.908461 | INFO : Training Epoch 5   0.0% | batch:         0 of         5
	loss: 0.664631

(training_methods.py:257) 2025-06-06 22:21:21.042602 | INFO : Evaluating on validation set ...
(training_methods.py:254) 2025-06-06 22:21:21.611244 | INFO : Evaluating Epoch 5   0.0% | batch:         0 of         5
	loss: inf

(training_methods.py:262) 2025-06-06 22:21:21.658801 | INFO : Validation runtime: 0.0 hours, 0.0 minutes, 0.6159477233886719 seconds

(training_methods.py:268) 2025-06-06 22:21:21.659026 | INFO : Avg val. time: 0.0 hours, 0.0 minutes, 0.6099161307017008 seconds
(training_methods.py:269) 2025-06-06 22:21:21.659086 | INFO : Avg batch val. time: 0.12198322614034016 seconds
(training_methods.py:270) 2025-06-06 22:21:21.659134 | INFO : Avg sample val. time: 0.0020330537690056694 seconds
(training_methods.py:276) 2025-06-06 22:21:21.659186 | INFO : report:               precision    recall  f1-score   support

           0       0.00      0.00      0.00         7
           1       0.08      0.25      0.12         4
           2       0.33      0.20      0.25        20
           3       0.00      0.00      0.00         8
           4       0.00      0.00      0.00         8
           5       0.00      0.00      0.00         5
           6       0.08      0.50      0.14         2
           7       0.25      0.25      0.25        12
           8       0.08      0.04      0.05        27
           9       0.00      0.00      0.00        20
          10       0.00      0.00      0.00        14
          11       0.25      0.10      0.15        29
          12       0.00      0.00      0.00        10
          13       0.00      0.00      0.00         6
          14       0.00      0.00      0.00        10
          15       0.00      0.00      0.00        21
          16       0.08      0.10      0.09        10
          17       0.00      0.00      0.00        14
          18       0.25      0.38      0.30         8
          19       0.00      0.00      0.00        24
          20       0.00      0.00      0.00        10
          21       0.00      0.00      0.00         8
          22       0.00      0.00      0.00        10
          23       0.00      0.00      0.00         9
          24       0.00      0.00      0.00         4

    accuracy                           0.06       300
   macro avg       0.06      0.07      0.05       300
weighted avg       0.07      0.06      0.06       300

(training_methods.py:282) 2025-06-06 22:21:21.659271 | INFO : Epoch 5 Validation Summary: epoch: 5.000000 | loss: 0.000000 | accuracy: 0.056667 | 
(training_methods.py:312) 2025-06-06 22:21:21.662023 | INFO : ckpt updated.
(training_methods.py:254) 2025-06-06 22:21:21.859092 | INFO : Training Epoch 6   0.0% | batch:         0 of         5
	loss: 0.664096

(training_methods.py:257) 2025-06-06 22:21:22.011678 | INFO : Evaluating on validation set ...
(training_methods.py:254) 2025-06-06 22:21:22.610555 | INFO : Evaluating Epoch 6   0.0% | batch:         0 of         5
	loss: inf

(training_methods.py:262) 2025-06-06 22:21:22.657860 | INFO : Validation runtime: 0.0 hours, 0.0 minutes, 0.6458790302276611 seconds

(training_methods.py:268) 2025-06-06 22:21:22.658081 | INFO : Avg val. time: 0.0 hours, 0.0 minutes, 0.615053687776838 seconds
(training_methods.py:269) 2025-06-06 22:21:22.658139 | INFO : Avg batch val. time: 0.1230107375553676 seconds
(training_methods.py:270) 2025-06-06 22:21:22.658185 | INFO : Avg sample val. time: 0.0020501789592561265 seconds
(training_methods.py:276) 2025-06-06 22:21:22.658240 | INFO : report:               precision    recall  f1-score   support

           0       0.00      0.00      0.00         5
           1       0.00      0.00      0.00         3
           2       0.17      0.08      0.11        25
           3       0.00      0.00      0.00         7
           4       0.00      0.00      0.00         3
           5       0.00      0.00      0.00         6
           6       0.00      0.00      0.00         4
           7       0.17      0.14      0.15        14
           8       0.08      0.05      0.06        20
           9       0.00      0.00      0.00         2
          10       0.00      0.00      0.00         9
          11       0.00      0.00      0.00        25
          12       0.00      0.00      0.00         8
          13       0.00      0.00      0.00        10
          14       0.00      0.00      0.00        10
          15       0.42      0.33      0.37        15
          16       0.25      0.23      0.24        13
          17       0.08      0.05      0.06        19
          18       0.08      0.33      0.13         3
          19       0.00      0.00      0.00        26
          20       0.00      0.00      0.00        17
          21       0.00      0.00      0.00        24
          22       0.00      0.00      0.00        19
          23       0.00      0.00      0.00         9
          24       0.00      0.00      0.00         4

    accuracy                           0.05       300
   macro avg       0.05      0.05      0.05       300
weighted avg       0.06      0.05      0.05       300

(training_methods.py:282) 2025-06-06 22:21:22.658319 | INFO : Epoch 6 Validation Summary: epoch: 6.000000 | loss: 0.000000 | accuracy: 0.050000 | 
(training_methods.py:312) 2025-06-06 22:21:22.660964 | INFO : ckpt updated.
(training_methods.py:254) 2025-06-06 22:21:22.850019 | INFO : Training Epoch 7   0.0% | batch:         0 of         5
	loss: 0.664453

(training_methods.py:257) 2025-06-06 22:21:22.981982 | INFO : Evaluating on validation set ...
(training_methods.py:254) 2025-06-06 22:21:23.518928 | INFO : Evaluating Epoch 7   0.0% | batch:         0 of         5
	loss: inf

(training_methods.py:262) 2025-06-06 22:21:23.565755 | INFO : Validation runtime: 0.0 hours, 0.0 minutes, 0.583500862121582 seconds

(training_methods.py:268) 2025-06-06 22:21:23.565949 | INFO : Avg val. time: 0.0 hours, 0.0 minutes, 0.611109584569931 seconds
(training_methods.py:269) 2025-06-06 22:21:23.566009 | INFO : Avg batch val. time: 0.1222219169139862 seconds
(training_methods.py:270) 2025-06-06 22:21:23.566056 | INFO : Avg sample val. time: 0.0020370319485664367 seconds
(training_methods.py:276) 2025-06-06 22:21:23.566118 | INFO : report:               precision    recall  f1-score   support

           0       0.00      0.00      0.00         6
           1       0.08      0.14      0.11         7
           2       0.00      0.00      0.00         5
           3       0.00      0.00      0.00        12
           4       0.00      0.00      0.00         3
           5       0.00      0.00      0.00         5
           6       0.00      0.00      0.00         2
           7       0.08      0.10      0.09        10
           8       0.33      0.33      0.33        12
           9       0.00      0.00      0.00         8
          10       0.00      0.00      0.00        22
          11       0.00      0.00      0.00        17
          12       0.00      0.00      0.00        10
          13       0.00      0.00      0.00         0
          14       0.00      0.00      0.00        18
          15       0.00      0.00      0.00        23
          16       0.08      0.11      0.10         9
          17       0.08      0.11      0.10         9
          18       0.08      0.05      0.06        21
          19       0.08      0.02      0.03        57
          20       0.00      0.00      0.00        13
          21       0.00      0.00      0.00        15
          22       0.08      0.17      0.11         6
          23       0.00      0.00      0.00         8
          24       0.00      0.00      0.00         2

    accuracy                           0.04       300
   macro avg       0.04      0.04      0.04       300
weighted avg       0.05      0.04      0.04       300

(training_methods.py:282) 2025-06-06 22:21:23.566203 | INFO : Epoch 7 Validation Summary: epoch: 7.000000 | loss: 0.000000 | accuracy: 0.036667 | 
(training_methods.py:312) 2025-06-06 22:21:23.568757 | INFO : ckpt updated.
(training_methods.py:254) 2025-06-06 22:21:23.745077 | INFO : Training Epoch 8   0.0% | batch:         0 of         5
	loss: 0.658597

(training_methods.py:257) 2025-06-06 22:21:23.882228 | INFO : Evaluating on validation set ...
(training_methods.py:254) 2025-06-06 22:21:24.445419 | INFO : Evaluating Epoch 8   0.0% | batch:         0 of         5
	loss: inf

(training_methods.py:262) 2025-06-06 22:21:24.505158 | INFO : Validation runtime: 0.0 hours, 0.0 minutes, 0.6226351261138916 seconds

(training_methods.py:268) 2025-06-06 22:21:24.505388 | INFO : Avg val. time: 0.0 hours, 0.0 minutes, 0.6123902002970377 seconds
(training_methods.py:269) 2025-06-06 22:21:24.505446 | INFO : Avg batch val. time: 0.12247804005940754 seconds
(training_methods.py:270) 2025-06-06 22:21:24.505494 | INFO : Avg sample val. time: 0.0020413006676567925 seconds
(training_methods.py:276) 2025-06-06 22:21:24.505547 | INFO : report:               precision    recall  f1-score   support

           0       0.00      0.00      0.00         8
           1       0.00      0.00      0.00        10
           2       0.17      0.20      0.18        10
           3       0.00      0.00      0.00         7
           4       0.00      0.00      0.00         0
           5       0.00      0.00      0.00        16
           6       0.00      0.00      0.00         4
           7       0.42      0.45      0.43        11
           8       0.00      0.00      0.00        12
           9       0.00      0.00      0.00         5
          10       0.00      0.00      0.00         2
          11       0.00      0.00      0.00        16
          12       0.00      0.00      0.00         0
          13       0.00      0.00      0.00        14
          14       0.00      0.00      0.00        15
          15       0.00      0.00      0.00         6
          16       0.17      0.67      0.27         3
          17       0.08      0.07      0.08        14
          18       0.33      0.10      0.15        40
          19       0.00      0.00      0.00        46
          20       0.00      0.00      0.00        14
          21       0.00      0.00      0.00         8
          22       0.00      0.00      0.00         9
          23       0.08      0.08      0.08        13
          24       0.33      0.24      0.28        17

    accuracy                           0.06       300
   macro avg       0.06      0.07      0.06       300
weighted avg       0.09      0.06      0.07       300

(training_methods.py:282) 2025-06-06 22:21:24.505635 | INFO : Epoch 8 Validation Summary: epoch: 8.000000 | loss: 0.000000 | accuracy: 0.063333 | 
(training_methods.py:312) 2025-06-06 22:21:24.508279 | INFO : ckpt updated.
(training_methods.py:254) 2025-06-06 22:21:24.699278 | INFO : Training Epoch 9   0.0% | batch:         0 of         5
	loss: 0.667615

(training_methods.py:257) 2025-06-06 22:21:24.835412 | INFO : Evaluating on validation set ...
(training_methods.py:254) 2025-06-06 22:21:25.364327 | INFO : Evaluating Epoch 9   0.0% | batch:         0 of         5
	loss: inf

(training_methods.py:262) 2025-06-06 22:21:25.410237 | INFO : Validation runtime: 0.0 hours, 0.0 minutes, 0.5745553970336914 seconds

(training_methods.py:268) 2025-06-06 22:21:25.410450 | INFO : Avg val. time: 0.0 hours, 0.0 minutes, 0.6086067199707031 seconds
(training_methods.py:269) 2025-06-06 22:21:25.410505 | INFO : Avg batch val. time: 0.12172134399414063 seconds
(training_methods.py:270) 2025-06-06 22:21:25.410552 | INFO : Avg sample val. time: 0.0020286890665690105 seconds
(training_methods.py:276) 2025-06-06 22:21:25.410603 | INFO : report:               precision    recall  f1-score   support

           0       0.00      0.00      0.00        14
           1       0.08      0.14      0.11         7
           2       0.08      0.25      0.12         4
           3       0.00      0.00      0.00        20
           4       0.00      0.00      0.00         0
           5       0.00      0.00      0.00         6
           6       0.00      0.00      0.00         9
           7       0.08      0.20      0.12         5
           8       0.00      0.00      0.00        23
           9       0.08      0.06      0.07        16
          10       0.17      0.17      0.17        12
          11       0.00      0.00      0.00        34
          12       0.00      0.00      0.00         0
          13       0.00      0.00      0.00        24
          14       0.00      0.00      0.00         4
          15       0.00      0.00      0.00         9
          16       0.17      0.33      0.22         6
          17       0.08      0.11      0.10         9
          18       0.33      0.11      0.16        37
          19       0.00      0.00      0.00         3
          20       0.00      0.00      0.00        25
          21       0.00      0.00      0.00         8
          22       0.17      0.29      0.21         7
          23       0.00      0.00      0.00         9
          24       0.00      0.00      0.00         9

    accuracy                           0.05       300
   macro avg       0.05      0.07      0.05       300
weighted avg       0.07      0.05      0.05       300

(training_methods.py:282) 2025-06-06 22:21:25.410691 | INFO : Epoch 9 Validation Summary: epoch: 9.000000 | loss: 0.000000 | accuracy: 0.050000 | 
(training_methods.py:312) 2025-06-06 22:21:25.413215 | INFO : ckpt updated.
(training_methods.py:254) 2025-06-06 22:21:25.630612 | INFO : Training Epoch 10   0.0% | batch:         0 of         5
	loss: 0.652107

(training_methods.py:257) 2025-06-06 22:21:25.751438 | INFO : Evaluating on validation set ...
(training_methods.py:254) 2025-06-06 22:21:26.303875 | INFO : Evaluating Epoch 10   0.0% | batch:         0 of         5
	loss: inf

(training_methods.py:262) 2025-06-06 22:21:26.358634 | INFO : Validation runtime: 0.0 hours, 0.0 minutes, 0.6069579124450684 seconds

(training_methods.py:268) 2025-06-06 22:21:26.358853 | INFO : Avg val. time: 0.0 hours, 0.0 minutes, 0.6084568283774636 seconds
(training_methods.py:269) 2025-06-06 22:21:26.358909 | INFO : Avg batch val. time: 0.12169136567549273 seconds
(training_methods.py:270) 2025-06-06 22:21:26.358955 | INFO : Avg sample val. time: 0.002028189427924879 seconds
(training_methods.py:276) 2025-06-06 22:21:26.359023 | INFO : report:               precision    recall  f1-score   support

           0       0.00      0.00      0.00        15
           1       0.00      0.00      0.00         5
           2       0.08      0.25      0.12         4
           3       0.00      0.00      0.00        33
           4       0.00      0.00      0.00         0
           5       0.00      0.00      0.00         9
           6       0.00      0.00      0.00         4
           7       0.00      0.00      0.00         1
           8       0.00      0.00      0.00         1
           9       0.17      0.11      0.13        19
          10       0.00      0.00      0.00         4
          11       0.00      0.00      0.00        49
          12       0.00      0.00      0.00         0
          13       0.00      0.00      0.00        17
          14       0.00      0.00      0.00         4
          15       0.00      0.00      0.00        50
          16       0.00      0.00      0.00         0
          17       0.00      0.00      0.00        23
          18       0.17      0.17      0.17        12
          19       0.00      0.00      0.00         5
          20       0.00      0.00      0.00        13
          21       0.08      0.10      0.09        10
          22       0.00      0.00      0.00         3
          23       0.00      0.00      0.00         8
          24       0.17      0.18      0.17        11

    accuracy                           0.03       300
   macro avg       0.03      0.03      0.03       300
weighted avg       0.03      0.03      0.03       300

(training_methods.py:282) 2025-06-06 22:21:26.359116 | INFO : Epoch 10 Validation Summary: epoch: 10.000000 | loss: 0.000000 | accuracy: 0.026667 | 
(training_methods.py:312) 2025-06-06 22:21:26.361712 | INFO : ckpt updated.
(training_methods.py:254) 2025-06-06 22:21:26.537758 | INFO : Training Epoch 11   0.0% | batch:         0 of         5
	loss: 0.662862

(training_methods.py:257) 2025-06-06 22:21:26.662797 | INFO : Evaluating on validation set ...
(training_methods.py:254) 2025-06-06 22:21:27.230794 | INFO : Evaluating Epoch 11   0.0% | batch:         0 of         5
	loss: inf

(training_methods.py:262) 2025-06-06 22:21:27.281688 | INFO : Validation runtime: 0.0 hours, 0.0 minutes, 0.6186614036560059 seconds

(training_methods.py:268) 2025-06-06 22:21:27.281885 | INFO : Avg val. time: 0.0 hours, 0.0 minutes, 0.6093072096506754 seconds
(training_methods.py:269) 2025-06-06 22:21:27.281957 | INFO : Avg batch val. time: 0.12186144193013508 seconds
(training_methods.py:270) 2025-06-06 22:21:27.282003 | INFO : Avg sample val. time: 0.002031024032168918 seconds
(training_methods.py:276) 2025-06-06 22:21:27.282055 | INFO : report:               precision    recall  f1-score   support

           0       0.00      0.00      0.00         4
           1       0.00      0.00      0.00        11
           2       0.00      0.00      0.00         8
           3       0.00      0.00      0.00        13
           4       0.00      0.00      0.00         1
           5       0.00      0.00      0.00         7
           6       0.00      0.00      0.00         0
           7       0.08      0.50      0.14         2
           8       0.42      0.17      0.24        30
           9       0.17      0.10      0.12        20
          10       0.00      0.00      0.00         0
          11       0.00      0.00      0.00        20
          12       0.00      0.00      0.00         0
          13       0.00      0.00      0.00        19
          14       0.00      0.00      0.00         2
          15       0.08      0.02      0.03        50
          16       0.08      0.50      0.14         2
          17       0.17      0.09      0.12        22
          18       0.50      0.14      0.22        43
          19       0.00      0.00      0.00         8
          20       0.00      0.00      0.00        25
          21       0.00      0.00      0.00         2
          22       0.00      0.00      0.00         0
          23       0.00      0.00      0.00         1
          24       0.17      0.20      0.18        10

    accuracy                           0.07       300
   macro avg       0.07      0.07      0.05       300
weighted avg       0.16      0.07      0.09       300

(training_methods.py:282) 2025-06-06 22:21:27.282151 | INFO : Epoch 11 Validation Summary: epoch: 11.000000 | loss: 0.000000 | accuracy: 0.066667 | 
(training_methods.py:312) 2025-06-06 22:21:27.284779 | INFO : ckpt updated.
(training_methods.py:254) 2025-06-06 22:21:27.459096 | INFO : Training Epoch 12   0.0% | batch:         0 of         5
	loss: 0.645277

(training_methods.py:257) 2025-06-06 22:21:27.587914 | INFO : Evaluating on validation set ...
(training_methods.py:254) 2025-06-06 22:21:28.164129 | INFO : Evaluating Epoch 12   0.0% | batch:         0 of         5
	loss: inf

(training_methods.py:262) 2025-06-06 22:21:28.209417 | INFO : Validation runtime: 0.0 hours, 0.0 minutes, 0.6212408542633057 seconds

(training_methods.py:268) 2025-06-06 22:21:28.209630 | INFO : Avg val. time: 0.0 hours, 0.0 minutes, 0.6102251823131855 seconds
(training_methods.py:269) 2025-06-06 22:21:28.209685 | INFO : Avg batch val. time: 0.12204503646263709 seconds
(training_methods.py:270) 2025-06-06 22:21:28.209731 | INFO : Avg sample val. time: 0.0020340839410439514 seconds
(training_methods.py:276) 2025-06-06 22:21:28.209781 | INFO : report:               precision    recall  f1-score   support

           0       0.33      0.16      0.22        25
           1       0.08      0.11      0.10         9
           2       0.33      0.14      0.20        28
           3       0.00      0.00      0.00        22
           4       0.00      0.00      0.00        17
           5       0.00      0.00      0.00        20
           6       0.00      0.00      0.00         8
           7       0.17      0.33      0.22         6
           8       0.75      0.64      0.69        14
           9       0.17      0.15      0.16        13
          10       0.00      0.00      0.00        13
          11       0.00      0.00      0.00        34
          12       0.00      0.00      0.00         3
          13       0.00      0.00      0.00         6
          14       0.00      0.00      0.00        26
          15       0.00      0.00      0.00         1
          16       0.00      0.00      0.00         4
          17       0.08      0.03      0.05        30
          18       0.08      0.50      0.14         2
          19       0.00      0.00      0.00         5
          20       0.00      0.00      0.00         0
          21       0.00      0.00      0.00         8
          22       0.00      0.00      0.00         0
          23       0.00      0.00      0.00         1
          24       0.00      0.00      0.00         5

    accuracy                           0.08       300
   macro avg       0.08      0.08      0.07       300
weighted avg       0.12      0.08      0.09       300

(training_methods.py:282) 2025-06-06 22:21:28.209871 | INFO : Epoch 12 Validation Summary: epoch: 12.000000 | loss: 0.000000 | accuracy: 0.080000 | 
(training_methods.py:312) 2025-06-06 22:21:28.212552 | INFO : ckpt updated.
(training_methods.py:254) 2025-06-06 22:21:28.390259 | INFO : Training Epoch 13   0.0% | batch:         0 of         5
	loss: 0.645121

(training_methods.py:257) 2025-06-06 22:21:28.522607 | INFO : Evaluating on validation set ...
(training_methods.py:254) 2025-06-06 22:21:29.078472 | INFO : Evaluating Epoch 13   0.0% | batch:         0 of         5
	loss: inf

(training_methods.py:262) 2025-06-06 22:21:29.129988 | INFO : Validation runtime: 0.0 hours, 0.0 minutes, 0.6071124076843262 seconds

(training_methods.py:268) 2025-06-06 22:21:29.130201 | INFO : Avg val. time: 0.0 hours, 0.0 minutes, 0.610002841268267 seconds
(training_methods.py:269) 2025-06-06 22:21:29.130262 | INFO : Avg batch val. time: 0.1220005682536534 seconds
(training_methods.py:270) 2025-06-06 22:21:29.130314 | INFO : Avg sample val. time: 0.0020333428042275566 seconds
(training_methods.py:276) 2025-06-06 22:21:29.130382 | INFO : report:               precision    recall  f1-score   support

           0       0.00      0.00      0.00         7
           1       0.17      0.50      0.25         4
           2       0.17      0.08      0.11        25
           3       0.00      0.00      0.00        25
           4       0.00      0.00      0.00        20
           5       0.00      0.00      0.00        12
           6       0.00      0.00      0.00         0
           7       0.17      0.22      0.19         9
           8       0.08      0.05      0.06        19
           9       0.17      0.25      0.20         8
          10       0.00      0.00      0.00        11
          11       0.00      0.00      0.00        30
          12       0.00      0.00      0.00         8
          13       0.00      0.00      0.00        10
          14       0.00      0.00      0.00        11
          15       0.00      0.00      0.00        12
          16       0.00      0.00      0.00         5
          17       0.00      0.00      0.00         8
          18       0.17      0.29      0.21         7
          19       0.00      0.00      0.00         4
          20       0.00      0.00      0.00         7
          21       0.00      0.00      0.00        10
          22       0.00      0.00      0.00        13
          23       0.00      0.00      0.00        27
          24       0.00      0.00      0.00         8

    accuracy                           0.04       300
   macro avg       0.04      0.06      0.04       300
weighted avg       0.03      0.04      0.03       300

(training_methods.py:282) 2025-06-06 22:21:29.130481 | INFO : Epoch 13 Validation Summary: epoch: 13.000000 | loss: 0.000000 | accuracy: 0.036667 | 
(training_methods.py:312) 2025-06-06 22:21:29.133105 | INFO : ckpt updated.
(training_methods.py:254) 2025-06-06 22:21:29.320267 | INFO : Training Epoch 14   0.0% | batch:         0 of         5
	loss: 0.650707

(training_methods.py:257) 2025-06-06 22:21:29.445713 | INFO : Evaluating on validation set ...
(training_methods.py:254) 2025-06-06 22:21:29.994796 | INFO : Evaluating Epoch 14   0.0% | batch:         0 of         5
	loss: inf

(training_methods.py:262) 2025-06-06 22:21:30.046257 | INFO : Validation runtime: 0.0 hours, 0.0 minutes, 0.6002695560455322 seconds

(training_methods.py:268) 2025-06-06 22:21:30.046470 | INFO : Avg val. time: 0.0 hours, 0.0 minutes, 0.6093539555867513 seconds
(training_methods.py:269) 2025-06-06 22:21:30.046546 | INFO : Avg batch val. time: 0.12187079111735026 seconds
(training_methods.py:270) 2025-06-06 22:21:30.046593 | INFO : Avg sample val. time: 0.0020311798519558376 seconds
(training_methods.py:276) 2025-06-06 22:21:30.046645 | INFO : report:               precision    recall  f1-score   support

           0       0.00      0.00      0.00         9
           1       0.00      0.00      0.00         1
           2       0.17      0.22      0.19         9
           3       0.00      0.00      0.00         1
           4       0.00      0.00      0.00         1
           5       0.00      0.00      0.00        14
           6       0.00      0.00      0.00         1
           7       0.25      0.43      0.32         7
           8       0.00      0.00      0.00         4
           9       0.00      0.00      0.00        16
          10       0.00      0.00      0.00        12
          11       0.00      0.00      0.00        27
          12       0.00      0.00      0.00         9
          13       0.00      0.00      0.00        55
          14       0.00      0.00      0.00         2
          15       0.17      0.20      0.18        10
          16       0.25      0.14      0.18        21
          17       0.25      0.50      0.33         6
          18       0.00      0.00      0.00         0
          19       0.00      0.00      0.00         4
          20       0.00      0.00      0.00         4
          21       0.00      0.00      0.00         0
          22       0.00      0.00      0.00         1
          23       0.00      0.00      0.00        82
          24       0.00      0.00      0.00         4

    accuracy                           0.04       300
   macro avg       0.04      0.06      0.05       300
weighted avg       0.04      0.04      0.04       300

(training_methods.py:282) 2025-06-06 22:21:30.046738 | INFO : Epoch 14 Validation Summary: epoch: 14.000000 | loss: 0.000000 | accuracy: 0.043333 | 
(training_methods.py:312) 2025-06-06 22:21:30.049575 | INFO : ckpt updated.
(training_methods.py:254) 2025-06-06 22:21:30.282262 | INFO : Training Epoch 15   0.0% | batch:         0 of         5
	loss: 0.638989

(training_methods.py:257) 2025-06-06 22:21:30.412210 | INFO : Evaluating on validation set ...
(training_methods.py:254) 2025-06-06 22:21:30.973835 | INFO : Evaluating Epoch 15   0.0% | batch:         0 of         5
	loss: inf

(training_methods.py:262) 2025-06-06 22:21:31.021203 | INFO : Validation runtime: 0.0 hours, 0.0 minutes, 0.608687162399292 seconds

(training_methods.py:268) 2025-06-06 22:21:31.021392 | INFO : Avg val. time: 0.0 hours, 0.0 minutes, 0.6093122810125351 seconds
(training_methods.py:269) 2025-06-06 22:21:31.021452 | INFO : Avg batch val. time: 0.12186245620250702 seconds
(training_methods.py:270) 2025-06-06 22:21:31.021503 | INFO : Avg sample val. time: 0.0020310409367084504 seconds
(training_methods.py:276) 2025-06-06 22:21:31.021556 | INFO : report:               precision    recall  f1-score   support

           0       0.00      0.00      0.00         6
           1       0.08      0.12      0.10         8
           2       0.08      0.17      0.11         6
           3       0.00      0.00      0.00        36
           4       0.00      0.00      0.00         4
           5       0.00      0.00      0.00         7
           6       0.00      0.00      0.00         1
           7       0.00      0.00      0.00         2
           8       0.00      0.00      0.00         8
           9       0.00      0.00      0.00         6
          10       0.00      0.00      0.00         7
          11       0.00      0.00      0.00        79
          12       0.00      0.00      0.00         2
          13       0.00      0.00      0.00        11
          14       0.00      0.00      0.00        10
          15       0.17      0.10      0.12        21
          16       0.00      0.00      0.00         9
          17       0.00      0.00      0.00        20
          18       0.08      0.50      0.14         2
          19       0.00      0.00      0.00         1
          20       0.00      0.00      0.00         1
          21       0.00      0.00      0.00         7
          22       0.00      0.00      0.00         2
          23       0.00      0.00      0.00        37
          24       0.00      0.00      0.00         7

    accuracy                           0.02       300
   macro avg       0.02      0.04      0.02       300
weighted avg       0.02      0.02      0.01       300

(training_methods.py:282) 2025-06-06 22:21:31.021632 | INFO : Epoch 15 Validation Summary: epoch: 15.000000 | loss: 0.000000 | accuracy: 0.016667 | 
(training_methods.py:312) 2025-06-06 22:21:31.024274 | INFO : ckpt updated.
(training_methods.py:254) 2025-06-06 22:21:31.213026 | INFO : Training Epoch 16   0.0% | batch:         0 of         5
	loss: 0.631401

(training_methods.py:257) 2025-06-06 22:21:31.346582 | INFO : Evaluating on validation set ...
(training_methods.py:254) 2025-06-06 22:21:31.936644 | INFO : Evaluating Epoch 16   0.0% | batch:         0 of         5
	loss: inf

(training_methods.py:262) 2025-06-06 22:21:31.992257 | INFO : Validation runtime: 0.0 hours, 0.0 minutes, 0.6453590393066406 seconds

(training_methods.py:268) 2025-06-06 22:21:31.992508 | INFO : Avg val. time: 0.0 hours, 0.0 minutes, 0.6114326785592472 seconds
(training_methods.py:269) 2025-06-06 22:21:31.992568 | INFO : Avg batch val. time: 0.12228653571184944 seconds
(training_methods.py:270) 2025-06-06 22:21:31.992617 | INFO : Avg sample val. time: 0.002038108928530824 seconds
(training_methods.py:276) 2025-06-06 22:21:31.992678 | INFO : report:               precision    recall  f1-score   support

           0       0.00      0.00      0.00         7
           1       0.08      0.33      0.13         3
           2       0.17      0.22      0.19         9
           3       0.08      0.07      0.07        15
           4       0.00      0.00      0.00         8
           5       0.00      0.00      0.00        12
           6       0.00      0.00      0.00         1
           7       0.00      0.00      0.00         8
           8       0.00      0.00      0.00        13
           9       0.08      0.07      0.08        14
          10       0.00      0.00      0.00         2
          11       0.00      0.00      0.00        33
          12       0.00      0.00      0.00         4
          13       0.08      0.08      0.08        12
          14       0.00      0.00      0.00        31
          15       0.25      0.14      0.18        21
          16       0.17      0.14      0.15        14
          17       0.08      0.11      0.10         9
          18       0.42      0.71      0.53         7
          19       0.00      0.00      0.00         3
          20       0.00      0.00      0.00         4
          21       0.00      0.00      0.00        13
          22       0.00      0.00      0.00         5
          23       0.00      0.00      0.00        41
          24       0.00      0.00      0.00        11

    accuracy                           0.06       300
   macro avg       0.06      0.08      0.06       300
weighted avg       0.05      0.06      0.05       300

(training_methods.py:282) 2025-06-06 22:21:31.992778 | INFO : Epoch 16 Validation Summary: epoch: 16.000000 | loss: 0.000000 | accuracy: 0.056667 | 
(training_methods.py:312) 2025-06-06 22:21:31.995963 | INFO : ckpt updated.
(training_methods.py:254) 2025-06-06 22:21:32.207479 | INFO : Training Epoch 17   0.0% | batch:         0 of         5
	loss: 0.617323

(training_methods.py:257) 2025-06-06 22:21:32.347849 | INFO : Evaluating on validation set ...
(training_methods.py:254) 2025-06-06 22:21:32.942742 | INFO : Evaluating Epoch 17   0.0% | batch:         0 of         5
	loss: inf

(training_methods.py:262) 2025-06-06 22:21:33.002947 | INFO : Validation runtime: 0.0 hours, 0.0 minutes, 0.6548435688018799 seconds

(training_methods.py:268) 2025-06-06 22:21:33.003254 | INFO : Avg val. time: 0.0 hours, 0.0 minutes, 0.6138443946838379 seconds
(training_methods.py:269) 2025-06-06 22:21:33.003323 | INFO : Avg batch val. time: 0.12276887893676758 seconds
(training_methods.py:270) 2025-06-06 22:21:33.003376 | INFO : Avg sample val. time: 0.0020461479822794595 seconds
(training_methods.py:276) 2025-06-06 22:21:33.003437 | INFO : report:               precision    recall  f1-score   support

           0       0.00      0.00      0.00         3
           1       0.00      0.00      0.00         3
           2       0.08      0.33      0.13         3
           3       0.00      0.00      0.00        49
           4       0.00      0.00      0.00         8
           5       0.00      0.00      0.00         4
           6       0.00      0.00      0.00         3
           7       0.00      0.00      0.00         2
           8       0.00      0.00      0.00        16
           9       0.00      0.00      0.00         3
          10       0.17      0.22      0.19         9
          11       0.00      0.00      0.00        48
          12       0.00      0.00      0.00         0
          13       0.00      0.00      0.00        25
          14       0.00      0.00      0.00         4
          15       0.00      0.00      0.00         5
          16       0.00      0.00      0.00         4
          17       0.08      0.08      0.08        12
          18       0.08      0.17      0.11         6
          19       0.00      0.00      0.00         5
          20       0.00      0.00      0.00         3
          21       0.00      0.00      0.00        12
          22       0.00      0.00      0.00        10
          23       0.00      0.00      0.00        51
          24       0.00      0.00      0.00        12

    accuracy                           0.02       300
   macro avg       0.02      0.03      0.02       300
weighted avg       0.01      0.02      0.01       300

(training_methods.py:282) 2025-06-06 22:21:33.003556 | INFO : Epoch 17 Validation Summary: epoch: 17.000000 | loss: 0.000000 | accuracy: 0.016667 | 
(training_methods.py:312) 2025-06-06 22:21:33.006535 | INFO : ckpt updated.
(training_methods.py:254) 2025-06-06 22:21:33.199914 | INFO : Training Epoch 18   0.0% | batch:         0 of         5
	loss: 0.631525

(training_methods.py:257) 2025-06-06 22:21:33.334471 | INFO : Evaluating on validation set ...
(training_methods.py:254) 2025-06-06 22:21:33.905801 | INFO : Evaluating Epoch 18   0.0% | batch:         0 of         5
	loss: inf

(training_methods.py:262) 2025-06-06 22:21:33.956541 | INFO : Validation runtime: 0.0 hours, 0.0 minutes, 0.6218335628509521 seconds

(training_methods.py:268) 2025-06-06 22:21:33.956752 | INFO : Avg val. time: 0.0 hours, 0.0 minutes, 0.6142648772189492 seconds
(training_methods.py:269) 2025-06-06 22:21:33.956807 | INFO : Avg batch val. time: 0.12285297544378984 seconds
(training_methods.py:270) 2025-06-06 22:21:33.956852 | INFO : Avg sample val. time: 0.0020475495907298306 seconds
(training_methods.py:276) 2025-06-06 22:21:33.956904 | INFO : report:               precision    recall  f1-score   support

           0       0.00      0.00      0.00         4
           1       0.08      0.20      0.12         5
           2       0.17      0.33      0.22         6
           3       0.00      0.00      0.00        29
           4       0.00      0.00      0.00         8
           5       0.00      0.00      0.00         4
           6       0.00      0.00      0.00         7
           7       0.00      0.00      0.00         2
           8       0.00      0.00      0.00         7
           9       0.50      0.33      0.40        18
          10       0.00      0.00      0.00         5
          11       0.00      0.00      0.00        21
          12       0.00      0.00      0.00         4
          13       0.00      0.00      0.00        16
          14       0.00      0.00      0.00         9
          15       0.00      0.00      0.00        45
          16       0.00      0.00      0.00         7
          17       0.00      0.00      0.00        12
          18       0.08      0.17      0.11         6
          19       0.00      0.00      0.00         3
          20       0.00      0.00      0.00         2
          21       0.00      0.00      0.00        13
          22       0.00      0.00      0.00        29
          23       0.00      0.00      0.00        24
          24       0.00      0.00      0.00        14

    accuracy                           0.03       300
   macro avg       0.03      0.04      0.03       300
weighted avg       0.04      0.03      0.03       300

(training_methods.py:282) 2025-06-06 22:21:33.956978 | INFO : Epoch 18 Validation Summary: epoch: 18.000000 | loss: 0.000000 | accuracy: 0.033333 | 
(training_methods.py:312) 2025-06-06 22:21:33.959652 | INFO : ckpt updated.
(training_methods.py:254) 2025-06-06 22:21:34.159738 | INFO : Training Epoch 19   0.0% | batch:         0 of         5
	loss: 0.63252

(training_methods.py:257) 2025-06-06 22:21:34.287567 | INFO : Evaluating on validation set ...
(training_methods.py:254) 2025-06-06 22:21:34.874505 | INFO : Evaluating Epoch 19   0.0% | batch:         0 of         5
	loss: inf

(training_methods.py:262) 2025-06-06 22:21:34.926821 | INFO : Validation runtime: 0.0 hours, 0.0 minutes, 0.6389813423156738 seconds

(training_methods.py:268) 2025-06-06 22:21:34.927037 | INFO : Avg val. time: 0.0 hours, 0.0 minutes, 0.6155007004737854 seconds
(training_methods.py:269) 2025-06-06 22:21:34.927098 | INFO : Avg batch val. time: 0.12310014009475707 seconds
(training_methods.py:270) 2025-06-06 22:21:34.927148 | INFO : Avg sample val. time: 0.0020516690015792843 seconds
(training_methods.py:276) 2025-06-06 22:21:34.927202 | INFO : report:               precision    recall  f1-score   support

           0       0.08      0.03      0.05        32
           1       0.33      0.24      0.28        17
           2       0.42      0.36      0.38        14
           3       0.00      0.00      0.00        34
           4       0.00      0.00      0.00         5
           5       0.00      0.00      0.00         5
           6       0.00      0.00      0.00         9
           7       0.00      0.00      0.00         0
           8       0.00      0.00      0.00         7
           9       0.08      0.50      0.14         2
          10       0.00      0.00      0.00         0
          11       0.00      0.00      0.00        27
          12       0.00      0.00      0.00         1
          13       0.00      0.00      0.00         5
          14       0.00      0.00      0.00        11
          15       0.00      0.00      0.00        22
          16       0.00      0.00      0.00         0
          17       0.17      1.00      0.29         2
          18       0.17      0.06      0.09        33
          19       0.00      0.00      0.00         2
          20       0.00      0.00      0.00         0
          21       0.00      0.00      0.00         7
          22       0.00      0.00      0.00         0
          23       0.00      0.00      0.00        62
          24       0.00      0.00      0.00         3

    accuracy                           0.05       300
   macro avg       0.05      0.09      0.05       300
weighted avg       0.07      0.05      0.05       300

(training_methods.py:282) 2025-06-06 22:21:34.927291 | INFO : Epoch 19 Validation Summary: epoch: 19.000000 | loss: 0.000000 | accuracy: 0.050000 | 
(training_methods.py:312) 2025-06-06 22:21:34.929912 | INFO : ckpt updated.
