(dataloaders.py:48) 2025-06-05 22:26:51.228211 | INFO : train_ds length: 275, valid_ds length: 300
(process_model.py:276) 2025-06-05 22:26:51.252204 | INFO : {'feat_dim': 9, 'seq_len': 144, 'device': 'cpu'}
(process_model.py:277) 2025-06-05 22:26:51.252338 | INFO : TNC(
  (encoder): RnnEncoder(
    (nn): Sequential(
      (0): Linear(in_features=200, out_features=10, bias=True)
    )
    (rnn): GRU(9, 100, bidirectional=True)
  )
  (disc_model): Discriminator(
    (model): Sequential(
      (0): Linear(in_features=20, out_features=40, bias=True)
      (1): ReLU(inplace=True)
      (2): Dropout(p=0.5, inplace=False)
      (3): Linear(in_features=40, out_features=1, bias=True)
    )
  )
)
(training_methods.py:254) 2025-06-05 22:26:51.827055 | INFO : Training Epoch 0   0.0% | batch:         0 of         5
	loss: 0.702907

(training_methods.py:257) 2025-06-05 22:26:51.947250 | INFO : Evaluating on validation set ...
