(dataloaders.py:51) 2025-06-06 20:18:39.021434 | INFO : train_ds length: 275, valid_ds length: 300
(process_model.py:276) 2025-06-06 20:18:39.043642 | INFO : {'feat_dim': 9, 'seq_len': 144, 'device': 'cpu'}
(process_model.py:277) 2025-06-06 20:18:39.043783 | INFO : TNC(
  (encoder): RnnEncoder(
    (nn): Sequential(
      (0): Linear(in_features=200, out_features=10, bias=True)
    )
    (rnn): GRU(9, 100, bidirectional=True)
  )
  (disc_model): Discriminator(
    (model): Sequential(
      (0): Linear(in_features=20, out_features=40, bias=True)
      (1): ReLU(inplace=True)
      (2): Dropout(p=0.5, inplace=False)
      (3): Linear(in_features=40, out_features=1, bias=True)
    )
  )
)
(training_methods.py:254) 2025-06-06 20:18:39.782018 | INFO : Training Epoch 0   0.0% | batch:         0 of         5
	loss: 0.702907

(training_methods.py:257) 2025-06-06 20:18:40.025162 | INFO : Evaluating on validation set ...
(training_methods.py:254) 2025-06-06 20:18:40.626267 | INFO : Evaluating Epoch 0   0.0% | batch:         0 of         5
	loss: inf

(training_methods.py:262) 2025-06-06 20:18:40.680363 | INFO : Validation runtime: 0.0 hours, 0.0 minutes, 0.6549506187438965 seconds

(training_methods.py:268) 2025-06-06 20:18:40.680569 | INFO : Avg val. time: 0.0 hours, 0.0 minutes, 0.6549506187438965 seconds
(training_methods.py:269) 2025-06-06 20:18:40.680626 | INFO : Avg batch val. time: 0.1309901237487793 seconds
(training_methods.py:270) 2025-06-06 20:18:40.680673 | INFO : Avg sample val. time: 0.0021831687291463215 seconds
(training_methods.py:276) 2025-06-06 20:18:40.680723 | INFO : report:               precision    recall  f1-score   support

           0       0.00      0.00      0.00        12
           1       0.00      0.00      0.00         8
           2       0.25      0.12      0.16        26
           3       0.00      0.00      0.00        10
           4       0.00      0.00      0.00        19
           5       0.00      0.00      0.00         1
           6       0.08      0.20      0.12         5
           7       0.08      0.12      0.10         8
           8       0.17      0.09      0.11        23
           9       0.00      0.00      0.00         5
          10       0.00      0.00      0.00         7
          11       0.00      0.00      0.00        21
          12       0.08      0.17      0.11         6
          13       0.00      0.00      0.00         5
          14       0.00      0.00      0.00        18
          15       0.08      0.05      0.06        21
          16       0.17      0.22      0.19         9
          17       0.08      0.06      0.07        16
          18       0.25      0.14      0.18        21
          19       0.00      0.00      0.00         8
          20       0.00      0.00      0.00         9
          21       0.00      0.00      0.00         9
          22       0.00      0.00      0.00         9
          23       0.00      0.00      0.00        12
          24       0.08      0.08      0.08        12

    accuracy                           0.05       300
   macro avg       0.05      0.05      0.05       300
weighted avg       0.08      0.05      0.06       300

(training_methods.py:282) 2025-06-06 20:18:40.680809 | INFO : Epoch 0 Validation Summary: epoch: 0.000000 | loss: 0.000000 | accuracy: 0.053333 | 
(training_methods.py:312) 2025-06-06 20:18:40.683417 | INFO : ckpt updated.
(training_methods.py:254) 2025-06-06 20:18:40.941233 | INFO : Training Epoch 1   0.0% | batch:         0 of         5
	loss: 0.690808

(training_methods.py:257) 2025-06-06 20:18:41.173108 | INFO : Evaluating on validation set ...
(training_methods.py:254) 2025-06-06 20:18:41.773520 | INFO : Evaluating Epoch 1   0.0% | batch:         0 of         5
	loss: inf

(training_methods.py:262) 2025-06-06 20:18:41.822863 | INFO : Validation runtime: 0.0 hours, 0.0 minutes, 0.6494996547698975 seconds

(training_methods.py:268) 2025-06-06 20:18:41.823082 | INFO : Avg val. time: 0.0 hours, 0.0 minutes, 0.652225136756897 seconds
(training_methods.py:269) 2025-06-06 20:18:41.823138 | INFO : Avg batch val. time: 0.1304450273513794 seconds
(training_methods.py:270) 2025-06-06 20:18:41.823198 | INFO : Avg sample val. time: 0.0021740837891896566 seconds
(training_methods.py:276) 2025-06-06 20:18:41.823250 | INFO : report:               precision    recall  f1-score   support

           0       0.00      0.00      0.00        16
           1       0.00      0.00      0.00        14
           2       0.08      0.08      0.08        13
           3       0.00      0.00      0.00        13
           4       0.00      0.00      0.00        13
           5       0.00      0.00      0.00         6
           6       0.25      0.25      0.25        12
           7       0.17      0.13      0.15        15
           8       0.08      0.07      0.08        14
           9       0.00      0.00      0.00         7
          10       0.08      0.08      0.08        12
          11       0.00      0.00      0.00         8
          12       0.00      0.00      0.00        15
          13       0.00      0.00      0.00        10
          14       0.00      0.00      0.00        17
          15       0.00      0.00      0.00        24
          16       0.17      0.50      0.25         4
          17       0.00      0.00      0.00         7
          18       0.08      0.05      0.06        20
          19       0.00      0.00      0.00        13
          20       0.00      0.00      0.00         5
          21       0.00      0.00      0.00         6
          22       0.08      0.06      0.07        16
          23       0.00      0.00      0.00        12
          24       0.17      0.25      0.20         8

    accuracy                           0.05       300
   macro avg       0.05      0.06      0.05       300
weighted avg       0.05      0.05      0.04       300

(training_methods.py:282) 2025-06-06 20:18:41.823344 | INFO : Epoch 1 Validation Summary: epoch: 1.000000 | loss: 0.000000 | accuracy: 0.046667 | 
(training_methods.py:312) 2025-06-06 20:18:41.826148 | INFO : ckpt updated.
(training_methods.py:254) 2025-06-06 20:18:42.091187 | INFO : Training Epoch 2   0.0% | batch:         0 of         5
	loss: 0.688108

(training_methods.py:257) 2025-06-06 20:18:42.331475 | INFO : Evaluating on validation set ...
(training_methods.py:254) 2025-06-06 20:18:42.969943 | INFO : Evaluating Epoch 2   0.0% | batch:         0 of         5
	loss: inf

(training_methods.py:262) 2025-06-06 20:18:43.019025 | INFO : Validation runtime: 0.0 hours, 0.0 minutes, 0.6872861385345459 seconds

(training_methods.py:268) 2025-06-06 20:18:43.019237 | INFO : Avg val. time: 0.0 hours, 0.0 minutes, 0.6639121373494467 seconds
(training_methods.py:269) 2025-06-06 20:18:43.019295 | INFO : Avg batch val. time: 0.13278242746988933 seconds
(training_methods.py:270) 2025-06-06 20:18:43.019341 | INFO : Avg sample val. time: 0.0022130404578314888 seconds
(training_methods.py:276) 2025-06-06 20:18:43.019392 | INFO : report:               precision    recall  f1-score   support

           0       0.00      0.00      0.00         5
           1       0.00      0.00      0.00        14
           2       0.33      0.18      0.24        22
           3       0.00      0.00      0.00         8
           4       0.00      0.00      0.00        19
           5       0.00      0.00      0.00        12
           6       0.33      0.25      0.29        16
           7       0.08      0.08      0.08        12
           8       0.42      0.19      0.26        26
           9       0.00      0.00      0.00         9
          10       0.00      0.00      0.00        13
          11       0.00      0.00      0.00         5
          12       0.08      0.20      0.12         5
          13       0.00      0.00      0.00         5
          14       0.00      0.00      0.00        11
          15       0.25      0.15      0.19        20
          16       0.17      0.14      0.15        14
          17       0.08      0.09      0.09        11
          18       0.33      0.31      0.32        13
          19       0.17      0.25      0.20         8
          20       0.00      0.00      0.00        11
          21       0.00      0.00      0.00        11
          22       0.00      0.00      0.00         5
          23       0.00      0.00      0.00        15
          24       0.00      0.00      0.00        10

    accuracy                           0.09       300
   macro avg       0.09      0.07      0.08       300
weighted avg       0.13      0.09      0.10       300

(training_methods.py:282) 2025-06-06 20:18:43.019490 | INFO : Epoch 2 Validation Summary: epoch: 2.000000 | loss: 0.000000 | accuracy: 0.090000 | 
(training_methods.py:312) 2025-06-06 20:18:43.022142 | INFO : ckpt updated.
(training_methods.py:254) 2025-06-06 20:18:43.275639 | INFO : Training Epoch 3   0.0% | batch:         0 of         5
	loss: 0.683373

(training_methods.py:257) 2025-06-06 20:18:43.503201 | INFO : Evaluating on validation set ...
(training_methods.py:254) 2025-06-06 20:18:44.121216 | INFO : Evaluating Epoch 3   0.0% | batch:         0 of         5
	loss: inf

(training_methods.py:262) 2025-06-06 20:18:44.175459 | INFO : Validation runtime: 0.0 hours, 0.0 minutes, 0.6720192432403564 seconds

(training_methods.py:268) 2025-06-06 20:18:44.175659 | INFO : Avg val. time: 0.0 hours, 0.0 minutes, 0.6659389138221741 seconds
(training_methods.py:269) 2025-06-06 20:18:44.175724 | INFO : Avg batch val. time: 0.13318778276443483 seconds
(training_methods.py:270) 2025-06-06 20:18:44.175777 | INFO : Avg sample val. time: 0.002219796379407247 seconds
(training_methods.py:276) 2025-06-06 20:18:44.175836 | INFO : report:               precision    recall  f1-score   support

           0       0.00      0.00      0.00         4
           1       0.00      0.00      0.00        17
           2       0.33      0.13      0.19        31
           3       0.00      0.00      0.00         7
           4       0.00      0.00      0.00         5
           5       0.00      0.00      0.00         3
           6       0.25      0.75      0.38         4
           7       0.08      0.08      0.08        13
           8       0.25      0.11      0.15        28
           9       0.00      0.00      0.00         7
          10       0.00      0.00      0.00        15
          11       0.00      0.00      0.00        17
          12       0.00      0.00      0.00        11
          13       0.00      0.00      0.00         6
          14       0.00      0.00      0.00         7
          15       0.00      0.00      0.00        17
          16       0.25      0.27      0.26        11
          17       0.08      0.06      0.07        17
          18       0.08      0.17      0.11         6
          19       0.00      0.00      0.00        27
          20       0.00      0.00      0.00         9
          21       0.00      0.00      0.00        20
          22       0.00      0.00      0.00         2
          23       0.08      0.08      0.08        12
          24       0.00      0.00      0.00         4

    accuracy                           0.06       300
   macro avg       0.06      0.07      0.05       300
weighted avg       0.08      0.06      0.06       300

(training_methods.py:282) 2025-06-06 20:18:44.175925 | INFO : Epoch 3 Validation Summary: epoch: 3.000000 | loss: 0.000000 | accuracy: 0.056667 | 
(training_methods.py:312) 2025-06-06 20:18:44.178708 | INFO : ckpt updated.
(training_methods.py:254) 2025-06-06 20:18:44.430087 | INFO : Training Epoch 4   0.0% | batch:         0 of         5
	loss: 0.68721

(training_methods.py:257) 2025-06-06 20:18:44.679412 | INFO : Evaluating on validation set ...
(training_methods.py:254) 2025-06-06 20:18:45.327219 | INFO : Evaluating Epoch 4   0.0% | batch:         0 of         5
	loss: inf

(training_methods.py:262) 2025-06-06 20:18:45.375837 | INFO : Validation runtime: 0.0 hours, 0.0 minutes, 0.6961290836334229 seconds

(training_methods.py:268) 2025-06-06 20:18:45.376081 | INFO : Avg val. time: 0.0 hours, 0.0 minutes, 0.6719769477844239 seconds
(training_methods.py:269) 2025-06-06 20:18:45.376163 | INFO : Avg batch val. time: 0.13439538955688476 seconds
(training_methods.py:270) 2025-06-06 20:18:45.376228 | INFO : Avg sample val. time: 0.0022399231592814127 seconds
(training_methods.py:276) 2025-06-06 20:18:45.376318 | INFO : report:               precision    recall  f1-score   support

           0       0.00      0.00      0.00         4
           1       0.00      0.00      0.00         8
           2       0.33      0.15      0.21        27
           3       0.00      0.00      0.00        13
           4       0.00      0.00      0.00         3
           5       0.00      0.00      0.00         2
           6       0.00      0.00      0.00        15
           7       0.33      0.16      0.22        25
           8       0.08      0.04      0.05        26
           9       0.00      0.00      0.00         6
          10       0.08      0.08      0.08        13
          11       0.00      0.00      0.00        11
          12       0.00      0.00      0.00         4
          13       0.00      0.00      0.00         7
          14       0.00      0.00      0.00         3
          15       0.08      0.05      0.06        22
          16       0.25      0.12      0.16        25
          17       0.08      0.07      0.07        15
          18       0.08      0.33      0.13         3
          19       0.00      0.00      0.00         8
          20       0.00      0.00      0.00        16
          21       0.00      0.00      0.00        15
          22       0.00      0.00      0.00         9
          23       0.00      0.00      0.00        13
          24       0.00      0.00      0.00         7

    accuracy                           0.05       300
   macro avg       0.05      0.04      0.04       300
weighted avg       0.10      0.05      0.07       300

(training_methods.py:282) 2025-06-06 20:18:45.376436 | INFO : Epoch 4 Validation Summary: epoch: 4.000000 | loss: 0.000000 | accuracy: 0.053333 | 
(training_methods.py:312) 2025-06-06 20:18:45.379263 | INFO : ckpt updated.
(training_methods.py:254) 2025-06-06 20:18:45.645760 | INFO : Training Epoch 5   0.0% | batch:         0 of         5
	loss: 0.664631

(training_methods.py:257) 2025-06-06 20:18:45.917636 | INFO : Evaluating on validation set ...
(training_methods.py:254) 2025-06-06 20:18:46.511423 | INFO : Evaluating Epoch 5   0.0% | batch:         0 of         5
	loss: inf

(training_methods.py:262) 2025-06-06 20:18:46.566519 | INFO : Validation runtime: 0.0 hours, 0.0 minutes, 0.6485400199890137 seconds

(training_methods.py:268) 2025-06-06 20:18:46.566719 | INFO : Avg val. time: 0.0 hours, 0.0 minutes, 0.6680707931518555 seconds
(training_methods.py:269) 2025-06-06 20:18:46.566777 | INFO : Avg batch val. time: 0.1336141586303711 seconds
(training_methods.py:270) 2025-06-06 20:18:46.566823 | INFO : Avg sample val. time: 0.0022269026438395184 seconds
(training_methods.py:276) 2025-06-06 20:18:46.566875 | INFO : report:               precision    recall  f1-score   support

           0       0.00      0.00      0.00         7
           1       0.08      0.25      0.12         4
           2       0.33      0.20      0.25        20
           3       0.00      0.00      0.00         8
           4       0.00      0.00      0.00         8
           5       0.00      0.00      0.00         5
           6       0.08      0.50      0.14         2
           7       0.25      0.25      0.25        12
           8       0.08      0.04      0.05        27
           9       0.00      0.00      0.00        20
          10       0.00      0.00      0.00        14
          11       0.25      0.10      0.15        29
          12       0.00      0.00      0.00        10
          13       0.00      0.00      0.00         6
          14       0.00      0.00      0.00        10
          15       0.00      0.00      0.00        21
          16       0.08      0.10      0.09        10
          17       0.00      0.00      0.00        14
          18       0.25      0.38      0.30         8
          19       0.00      0.00      0.00        24
          20       0.00      0.00      0.00        10
          21       0.00      0.00      0.00         8
          22       0.00      0.00      0.00        10
          23       0.00      0.00      0.00         9
          24       0.00      0.00      0.00         4

    accuracy                           0.06       300
   macro avg       0.06      0.07      0.05       300
weighted avg       0.07      0.06      0.06       300

(training_methods.py:282) 2025-06-06 20:18:46.566964 | INFO : Epoch 5 Validation Summary: epoch: 5.000000 | loss: 0.000000 | accuracy: 0.056667 | 
(training_methods.py:312) 2025-06-06 20:18:46.569633 | INFO : ckpt updated.
(training_methods.py:254) 2025-06-06 20:18:46.815980 | INFO : Training Epoch 6   0.0% | batch:         0 of         5
	loss: 0.664096

(training_methods.py:257) 2025-06-06 20:18:47.044072 | INFO : Evaluating on validation set ...
(training_methods.py:254) 2025-06-06 20:18:47.615932 | INFO : Evaluating Epoch 6   0.0% | batch:         0 of         5
	loss: inf

(training_methods.py:262) 2025-06-06 20:18:47.663826 | INFO : Validation runtime: 0.0 hours, 0.0 minutes, 0.6194539070129395 seconds

(training_methods.py:268) 2025-06-06 20:18:47.664020 | INFO : Avg val. time: 0.0 hours, 0.0 minutes, 0.6611255237034389 seconds
(training_methods.py:269) 2025-06-06 20:18:47.664075 | INFO : Avg batch val. time: 0.13222510474068777 seconds
(training_methods.py:270) 2025-06-06 20:18:47.664121 | INFO : Avg sample val. time: 0.00220375174567813 seconds
(training_methods.py:276) 2025-06-06 20:18:47.664170 | INFO : report:               precision    recall  f1-score   support

           0       0.00      0.00      0.00         5
           1       0.00      0.00      0.00         3
           2       0.17      0.08      0.11        25
           3       0.00      0.00      0.00         7
           4       0.00      0.00      0.00         3
           5       0.00      0.00      0.00         6
           6       0.00      0.00      0.00         4
           7       0.17      0.14      0.15        14
           8       0.08      0.05      0.06        20
           9       0.00      0.00      0.00         2
          10       0.00      0.00      0.00         9
          11       0.00      0.00      0.00        25
          12       0.00      0.00      0.00         8
          13       0.00      0.00      0.00        10
          14       0.00      0.00      0.00        10
          15       0.42      0.33      0.37        15
          16       0.25      0.23      0.24        13
          17       0.08      0.05      0.06        19
          18       0.08      0.33      0.13         3
          19       0.00      0.00      0.00        26
          20       0.00      0.00      0.00        17
          21       0.00      0.00      0.00        24
          22       0.00      0.00      0.00        19
          23       0.00      0.00      0.00         9
          24       0.00      0.00      0.00         4

    accuracy                           0.05       300
   macro avg       0.05      0.05      0.05       300
weighted avg       0.06      0.05      0.05       300

(training_methods.py:282) 2025-06-06 20:18:47.664253 | INFO : Epoch 6 Validation Summary: epoch: 6.000000 | loss: 0.000000 | accuracy: 0.050000 | 
(training_methods.py:312) 2025-06-06 20:18:47.666785 | INFO : ckpt updated.
(training_methods.py:254) 2025-06-06 20:18:47.905411 | INFO : Training Epoch 7   0.0% | batch:         0 of         5
	loss: 0.664453

(training_methods.py:257) 2025-06-06 20:18:48.132410 | INFO : Evaluating on validation set ...
(training_methods.py:254) 2025-06-06 20:18:48.732672 | INFO : Evaluating Epoch 7   0.0% | batch:         0 of         5
	loss: inf

(training_methods.py:262) 2025-06-06 20:18:48.780475 | INFO : Validation runtime: 0.0 hours, 0.0 minutes, 0.6477973461151123 seconds

(training_methods.py:268) 2025-06-06 20:18:48.780674 | INFO : Avg val. time: 0.0 hours, 0.0 minutes, 0.6594595015048981 seconds
(training_methods.py:269) 2025-06-06 20:18:48.780730 | INFO : Avg batch val. time: 0.1318919003009796 seconds
(training_methods.py:270) 2025-06-06 20:18:48.780777 | INFO : Avg sample val. time: 0.00219819833834966 seconds
(training_methods.py:276) 2025-06-06 20:18:48.780844 | INFO : report:               precision    recall  f1-score   support

           0       0.00      0.00      0.00         6
           1       0.08      0.14      0.11         7
           2       0.00      0.00      0.00         5
           3       0.00      0.00      0.00        12
           4       0.00      0.00      0.00         3
           5       0.00      0.00      0.00         5
           6       0.00      0.00      0.00         2
           7       0.08      0.10      0.09        10
           8       0.33      0.33      0.33        12
           9       0.00      0.00      0.00         8
          10       0.00      0.00      0.00        22
          11       0.00      0.00      0.00        17
          12       0.00      0.00      0.00        10
          13       0.00      0.00      0.00         0
          14       0.00      0.00      0.00        18
          15       0.00      0.00      0.00        23
          16       0.08      0.11      0.10         9
          17       0.08      0.11      0.10         9
          18       0.08      0.05      0.06        21
          19       0.08      0.02      0.03        57
          20       0.00      0.00      0.00        13
          21       0.00      0.00      0.00        15
          22       0.08      0.17      0.11         6
          23       0.00      0.00      0.00         8
          24       0.00      0.00      0.00         2

    accuracy                           0.04       300
   macro avg       0.04      0.04      0.04       300
weighted avg       0.05      0.04      0.04       300

(training_methods.py:282) 2025-06-06 20:18:48.780944 | INFO : Epoch 7 Validation Summary: epoch: 7.000000 | loss: 0.000000 | accuracy: 0.036667 | 
(training_methods.py:312) 2025-06-06 20:18:48.783459 | INFO : ckpt updated.
(training_methods.py:254) 2025-06-06 20:18:49.020658 | INFO : Training Epoch 8   0.0% | batch:         0 of         5
	loss: 0.658597

(training_methods.py:257) 2025-06-06 20:18:49.264738 | INFO : Evaluating on validation set ...
(training_methods.py:254) 2025-06-06 20:18:49.873184 | INFO : Evaluating Epoch 8   0.0% | batch:         0 of         5
	loss: inf

(training_methods.py:262) 2025-06-06 20:18:49.923322 | INFO : Validation runtime: 0.0 hours, 0.0 minutes, 0.6583032608032227 seconds

(training_methods.py:268) 2025-06-06 20:18:49.923542 | INFO : Avg val. time: 0.0 hours, 0.0 minutes, 0.6593310303158231 seconds
(training_methods.py:269) 2025-06-06 20:18:49.923598 | INFO : Avg batch val. time: 0.13186620606316463 seconds
(training_methods.py:270) 2025-06-06 20:18:49.923643 | INFO : Avg sample val. time: 0.002197770101052744 seconds
(training_methods.py:276) 2025-06-06 20:18:49.923697 | INFO : report:               precision    recall  f1-score   support

           0       0.00      0.00      0.00         8
           1       0.00      0.00      0.00        10
           2       0.17      0.20      0.18        10
           3       0.00      0.00      0.00         7
           4       0.00      0.00      0.00         0
           5       0.00      0.00      0.00        16
           6       0.00      0.00      0.00         4
           7       0.42      0.45      0.43        11
           8       0.00      0.00      0.00        12
           9       0.00      0.00      0.00         5
          10       0.00      0.00      0.00         2
          11       0.00      0.00      0.00        16
          12       0.00      0.00      0.00         0
          13       0.00      0.00      0.00        14
          14       0.00      0.00      0.00        15
          15       0.00      0.00      0.00         6
          16       0.17      0.67      0.27         3
          17       0.08      0.07      0.08        14
          18       0.33      0.10      0.15        40
          19       0.00      0.00      0.00        46
          20       0.00      0.00      0.00        14
          21       0.00      0.00      0.00         8
          22       0.00      0.00      0.00         9
          23       0.08      0.08      0.08        13
          24       0.33      0.24      0.28        17

    accuracy                           0.06       300
   macro avg       0.06      0.07      0.06       300
weighted avg       0.09      0.06      0.07       300

(training_methods.py:282) 2025-06-06 20:18:49.923798 | INFO : Epoch 8 Validation Summary: epoch: 8.000000 | loss: 0.000000 | accuracy: 0.063333 | 
(training_methods.py:312) 2025-06-06 20:18:49.926555 | INFO : ckpt updated.
(training_methods.py:254) 2025-06-06 20:18:50.201960 | INFO : Training Epoch 9   0.0% | batch:         0 of         5
	loss: 0.667615

(training_methods.py:257) 2025-06-06 20:18:50.453568 | INFO : Evaluating on validation set ...
(training_methods.py:254) 2025-06-06 20:18:51.056660 | INFO : Evaluating Epoch 9   0.0% | batch:         0 of         5
	loss: inf

(training_methods.py:262) 2025-06-06 20:18:51.105428 | INFO : Validation runtime: 0.0 hours, 0.0 minutes, 0.6515641212463379 seconds

(training_methods.py:268) 2025-06-06 20:18:51.105624 | INFO : Avg val. time: 0.0 hours, 0.0 minutes, 0.6585543394088745 seconds
(training_methods.py:269) 2025-06-06 20:18:51.105679 | INFO : Avg batch val. time: 0.1317108678817749 seconds
(training_methods.py:270) 2025-06-06 20:18:51.105726 | INFO : Avg sample val. time: 0.002195181131362915 seconds
(training_methods.py:276) 2025-06-06 20:18:51.105777 | INFO : report:               precision    recall  f1-score   support

           0       0.00      0.00      0.00        14
           1       0.08      0.14      0.11         7
           2       0.08      0.25      0.12         4
           3       0.00      0.00      0.00        20
           4       0.00      0.00      0.00         0
           5       0.00      0.00      0.00         6
           6       0.00      0.00      0.00         9
           7       0.08      0.20      0.12         5
           8       0.00      0.00      0.00        23
           9       0.08      0.06      0.07        16
          10       0.17      0.17      0.17        12
          11       0.00      0.00      0.00        34
          12       0.00      0.00      0.00         0
          13       0.00      0.00      0.00        24
          14       0.00      0.00      0.00         4
          15       0.00      0.00      0.00         9
          16       0.17      0.33      0.22         6
          17       0.08      0.11      0.10         9
          18       0.33      0.11      0.16        37
          19       0.00      0.00      0.00         3
          20       0.00      0.00      0.00        25
          21       0.00      0.00      0.00         8
          22       0.17      0.29      0.21         7
          23       0.00      0.00      0.00         9
          24       0.00      0.00      0.00         9

    accuracy                           0.05       300
   macro avg       0.05      0.07      0.05       300
weighted avg       0.07      0.05      0.05       300

(training_methods.py:282) 2025-06-06 20:18:51.105868 | INFO : Epoch 9 Validation Summary: epoch: 9.000000 | loss: 0.000000 | accuracy: 0.050000 | 
(training_methods.py:312) 2025-06-06 20:18:51.108477 | INFO : ckpt updated.
(training_methods.py:254) 2025-06-06 20:18:51.368991 | INFO : Training Epoch 10   0.0% | batch:         0 of         5
	loss: 0.652107

(training_methods.py:257) 2025-06-06 20:18:51.611709 | INFO : Evaluating on validation set ...
(training_methods.py:254) 2025-06-06 20:18:52.284555 | INFO : Evaluating Epoch 10   0.0% | batch:         0 of         5
	loss: inf

(training_methods.py:262) 2025-06-06 20:18:52.340129 | INFO : Validation runtime: 0.0 hours, 0.0 minutes, 0.7281110286712646 seconds

(training_methods.py:268) 2025-06-06 20:18:52.340395 | INFO : Avg val. time: 0.0 hours, 0.0 minutes, 0.6648776747963645 seconds
(training_methods.py:269) 2025-06-06 20:18:52.340460 | INFO : Avg batch val. time: 0.1329755349592729 seconds
(training_methods.py:270) 2025-06-06 20:18:52.340509 | INFO : Avg sample val. time: 0.0022162589159878815 seconds
(training_methods.py:276) 2025-06-06 20:18:52.340573 | INFO : report:               precision    recall  f1-score   support

           0       0.00      0.00      0.00        15
           1       0.00      0.00      0.00         5
           2       0.08      0.25      0.12         4
           3       0.00      0.00      0.00        33
           4       0.00      0.00      0.00         0
           5       0.00      0.00      0.00         9
           6       0.00      0.00      0.00         4
           7       0.00      0.00      0.00         1
           8       0.00      0.00      0.00         1
           9       0.17      0.11      0.13        19
          10       0.00      0.00      0.00         4
          11       0.00      0.00      0.00        49
          12       0.00      0.00      0.00         0
          13       0.00      0.00      0.00        17
          14       0.00      0.00      0.00         4
          15       0.00      0.00      0.00        50
          16       0.00      0.00      0.00         0
          17       0.00      0.00      0.00        23
          18       0.17      0.17      0.17        12
          19       0.00      0.00      0.00         5
          20       0.00      0.00      0.00        13
          21       0.08      0.10      0.09        10
          22       0.00      0.00      0.00         3
          23       0.00      0.00      0.00         8
          24       0.17      0.18      0.17        11

    accuracy                           0.03       300
   macro avg       0.03      0.03      0.03       300
weighted avg       0.03      0.03      0.03       300

(training_methods.py:282) 2025-06-06 20:18:52.340682 | INFO : Epoch 10 Validation Summary: epoch: 10.000000 | loss: 0.000000 | accuracy: 0.026667 | 
(training_methods.py:312) 2025-06-06 20:18:52.344050 | INFO : ckpt updated.
(training_methods.py:254) 2025-06-06 20:18:52.575988 | INFO : Training Epoch 11   0.0% | batch:         0 of         5
	loss: 0.662862

(training_methods.py:257) 2025-06-06 20:18:52.804944 | INFO : Evaluating on validation set ...
(training_methods.py:254) 2025-06-06 20:18:53.445774 | INFO : Evaluating Epoch 11   0.0% | batch:         0 of         5
	loss: inf

(training_methods.py:262) 2025-06-06 20:18:53.500065 | INFO : Validation runtime: 0.0 hours, 0.0 minutes, 0.6948421001434326 seconds

(training_methods.py:268) 2025-06-06 20:18:53.500253 | INFO : Avg val. time: 0.0 hours, 0.0 minutes, 0.6673747102419535 seconds
(training_methods.py:269) 2025-06-06 20:18:53.500308 | INFO : Avg batch val. time: 0.1334749420483907 seconds
(training_methods.py:270) 2025-06-06 20:18:53.500353 | INFO : Avg sample val. time: 0.0022245823674731783 seconds
(training_methods.py:276) 2025-06-06 20:18:53.500403 | INFO : report:               precision    recall  f1-score   support

           0       0.00      0.00      0.00         4
           1       0.00      0.00      0.00        11
           2       0.00      0.00      0.00         8
           3       0.00      0.00      0.00        13
           4       0.00      0.00      0.00         1
           5       0.00      0.00      0.00         7
           6       0.00      0.00      0.00         0
           7       0.08      0.50      0.14         2
           8       0.42      0.17      0.24        30
           9       0.17      0.10      0.12        20
          10       0.00      0.00      0.00         0
          11       0.00      0.00      0.00        20
          12       0.00      0.00      0.00         0
          13       0.00      0.00      0.00        19
          14       0.00      0.00      0.00         2
          15       0.08      0.02      0.03        50
          16       0.08      0.50      0.14         2
          17       0.17      0.09      0.12        22
          18       0.50      0.14      0.22        43
          19       0.00      0.00      0.00         8
          20       0.00      0.00      0.00        25
          21       0.00      0.00      0.00         2
          22       0.00      0.00      0.00         0
          23       0.00      0.00      0.00         1
          24       0.17      0.20      0.18        10

    accuracy                           0.07       300
   macro avg       0.07      0.07      0.05       300
weighted avg       0.16      0.07      0.09       300

(training_methods.py:282) 2025-06-06 20:18:53.500492 | INFO : Epoch 11 Validation Summary: epoch: 11.000000 | loss: 0.000000 | accuracy: 0.066667 | 
(training_methods.py:312) 2025-06-06 20:18:53.503067 | INFO : ckpt updated.
(training_methods.py:254) 2025-06-06 20:18:53.738141 | INFO : Training Epoch 12   0.0% | batch:         0 of         5
	loss: 0.645277

(training_methods.py:257) 2025-06-06 20:18:53.956725 | INFO : Evaluating on validation set ...
(training_methods.py:254) 2025-06-06 20:18:54.612714 | INFO : Evaluating Epoch 12   0.0% | batch:         0 of         5
	loss: inf

(training_methods.py:262) 2025-06-06 20:18:54.661614 | INFO : Validation runtime: 0.0 hours, 0.0 minutes, 0.7046246528625488 seconds

(training_methods.py:268) 2025-06-06 20:18:54.661813 | INFO : Avg val. time: 0.0 hours, 0.0 minutes, 0.6702400904435378 seconds
(training_methods.py:269) 2025-06-06 20:18:54.661870 | INFO : Avg batch val. time: 0.13404801808870756 seconds
(training_methods.py:270) 2025-06-06 20:18:54.661916 | INFO : Avg sample val. time: 0.0022341336348117927 seconds
(training_methods.py:276) 2025-06-06 20:18:54.661966 | INFO : report:               precision    recall  f1-score   support

           0       0.33      0.16      0.22        25
           1       0.08      0.11      0.10         9
           2       0.33      0.14      0.20        28
           3       0.00      0.00      0.00        22
           4       0.00      0.00      0.00        17
           5       0.00      0.00      0.00        20
           6       0.00      0.00      0.00         8
           7       0.17      0.33      0.22         6
           8       0.75      0.64      0.69        14
           9       0.17      0.15      0.16        13
          10       0.00      0.00      0.00        13
          11       0.00      0.00      0.00        34
          12       0.00      0.00      0.00         3
          13       0.00      0.00      0.00         6
          14       0.00      0.00      0.00        26
          15       0.00      0.00      0.00         1
          16       0.00      0.00      0.00         4
          17       0.08      0.03      0.05        30
          18       0.08      0.50      0.14         2
          19       0.00      0.00      0.00         5
          20       0.00      0.00      0.00         0
          21       0.00      0.00      0.00         8
          22       0.00      0.00      0.00         0
          23       0.00      0.00      0.00         1
          24       0.00      0.00      0.00         5

    accuracy                           0.08       300
   macro avg       0.08      0.08      0.07       300
weighted avg       0.12      0.08      0.09       300

(training_methods.py:282) 2025-06-06 20:18:54.662040 | INFO : Epoch 12 Validation Summary: epoch: 12.000000 | loss: 0.000000 | accuracy: 0.080000 | 
(training_methods.py:312) 2025-06-06 20:18:54.664566 | INFO : ckpt updated.
(training_methods.py:254) 2025-06-06 20:18:54.886770 | INFO : Training Epoch 13   0.0% | batch:         0 of         5
	loss: 0.645121

(training_methods.py:257) 2025-06-06 20:18:55.125185 | INFO : Evaluating on validation set ...
(training_methods.py:254) 2025-06-06 20:18:55.782643 | INFO : Evaluating Epoch 13   0.0% | batch:         0 of         5
	loss: inf

(training_methods.py:262) 2025-06-06 20:18:55.829585 | INFO : Validation runtime: 0.0 hours, 0.0 minutes, 0.7041306495666504 seconds

(training_methods.py:268) 2025-06-06 20:18:55.829781 | INFO : Avg val. time: 0.0 hours, 0.0 minutes, 0.6726608446666172 seconds
(training_methods.py:269) 2025-06-06 20:18:55.829838 | INFO : Avg batch val. time: 0.13453216893332345 seconds
(training_methods.py:270) 2025-06-06 20:18:55.829885 | INFO : Avg sample val. time: 0.002242202815555391 seconds
(training_methods.py:276) 2025-06-06 20:18:55.829936 | INFO : report:               precision    recall  f1-score   support

           0       0.00      0.00      0.00         7
           1       0.17      0.50      0.25         4
           2       0.17      0.08      0.11        25
           3       0.00      0.00      0.00        25
           4       0.00      0.00      0.00        20
           5       0.00      0.00      0.00        12
           6       0.00      0.00      0.00         0
           7       0.17      0.22      0.19         9
           8       0.08      0.05      0.06        19
           9       0.17      0.25      0.20         8
          10       0.00      0.00      0.00        11
          11       0.00      0.00      0.00        30
          12       0.00      0.00      0.00         8
          13       0.00      0.00      0.00        10
          14       0.00      0.00      0.00        11
          15       0.00      0.00      0.00        12
          16       0.00      0.00      0.00         5
          17       0.00      0.00      0.00         8
          18       0.17      0.29      0.21         7
          19       0.00      0.00      0.00         4
          20       0.00      0.00      0.00         7
          21       0.00      0.00      0.00        10
          22       0.00      0.00      0.00        13
          23       0.00      0.00      0.00        27
          24       0.00      0.00      0.00         8

    accuracy                           0.04       300
   macro avg       0.04      0.06      0.04       300
weighted avg       0.03      0.04      0.03       300

(training_methods.py:282) 2025-06-06 20:18:55.830041 | INFO : Epoch 13 Validation Summary: epoch: 13.000000 | loss: 0.000000 | accuracy: 0.036667 | 
(training_methods.py:312) 2025-06-06 20:18:55.832629 | INFO : ckpt updated.
(training_methods.py:254) 2025-06-06 20:18:56.087277 | INFO : Training Epoch 14   0.0% | batch:         0 of         5
	loss: 0.650707

(training_methods.py:257) 2025-06-06 20:18:56.311621 | INFO : Evaluating on validation set ...
(training_methods.py:254) 2025-06-06 20:18:56.916324 | INFO : Evaluating Epoch 14   0.0% | batch:         0 of         5
	loss: inf

(training_methods.py:262) 2025-06-06 20:18:56.964472 | INFO : Validation runtime: 0.0 hours, 0.0 minutes, 0.6525380611419678 seconds

(training_methods.py:268) 2025-06-06 20:18:56.964667 | INFO : Avg val. time: 0.0 hours, 0.0 minutes, 0.671319325764974 seconds
(training_methods.py:269) 2025-06-06 20:18:56.964723 | INFO : Avg batch val. time: 0.1342638651529948 seconds
(training_methods.py:270) 2025-06-06 20:18:56.964769 | INFO : Avg sample val. time: 0.0022377310858832464 seconds
(training_methods.py:276) 2025-06-06 20:18:56.964820 | INFO : report:               precision    recall  f1-score   support

           0       0.00      0.00      0.00         9
           1       0.00      0.00      0.00         1
           2       0.17      0.22      0.19         9
           3       0.00      0.00      0.00         1
           4       0.00      0.00      0.00         1
           5       0.00      0.00      0.00        14
           6       0.00      0.00      0.00         1
           7       0.25      0.43      0.32         7
           8       0.00      0.00      0.00         4
           9       0.00      0.00      0.00        16
          10       0.00      0.00      0.00        12
          11       0.00      0.00      0.00        27
          12       0.00      0.00      0.00         9
          13       0.00      0.00      0.00        55
          14       0.00      0.00      0.00         2
          15       0.17      0.20      0.18        10
          16       0.25      0.14      0.18        21
          17       0.25      0.50      0.33         6
          18       0.00      0.00      0.00         0
          19       0.00      0.00      0.00         4
          20       0.00      0.00      0.00         4
          21       0.00      0.00      0.00         0
          22       0.00      0.00      0.00         1
          23       0.00      0.00      0.00        82
          24       0.00      0.00      0.00         4

    accuracy                           0.04       300
   macro avg       0.04      0.06      0.05       300
weighted avg       0.04      0.04      0.04       300

(training_methods.py:282) 2025-06-06 20:18:56.964910 | INFO : Epoch 14 Validation Summary: epoch: 14.000000 | loss: 0.000000 | accuracy: 0.043333 | 
(training_methods.py:312) 2025-06-06 20:18:56.967420 | INFO : ckpt updated.
(training_methods.py:254) 2025-06-06 20:18:57.190927 | INFO : Training Epoch 15   0.0% | batch:         0 of         5
	loss: 0.638989

(training_methods.py:257) 2025-06-06 20:18:57.435527 | INFO : Evaluating on validation set ...
(training_methods.py:254) 2025-06-06 20:18:58.106193 | INFO : Evaluating Epoch 15   0.0% | batch:         0 of         5
	loss: inf

(training_methods.py:262) 2025-06-06 20:18:58.155141 | INFO : Validation runtime: 0.0 hours, 0.0 minutes, 0.719292402267456 seconds

(training_methods.py:268) 2025-06-06 20:18:58.155371 | INFO : Avg val. time: 0.0 hours, 0.0 minutes, 0.6743176430463791 seconds
(training_methods.py:269) 2025-06-06 20:18:58.155429 | INFO : Avg batch val. time: 0.1348635286092758 seconds
(training_methods.py:270) 2025-06-06 20:18:58.155475 | INFO : Avg sample val. time: 0.002247725476821264 seconds
(training_methods.py:276) 2025-06-06 20:18:58.155530 | INFO : report:               precision    recall  f1-score   support

           0       0.00      0.00      0.00         6
           1       0.08      0.12      0.10         8
           2       0.08      0.17      0.11         6
           3       0.00      0.00      0.00        36
           4       0.00      0.00      0.00         4
           5       0.00      0.00      0.00         7
           6       0.00      0.00      0.00         1
           7       0.00      0.00      0.00         2
           8       0.00      0.00      0.00         8
           9       0.00      0.00      0.00         6
          10       0.00      0.00      0.00         7
          11       0.00      0.00      0.00        79
          12       0.00      0.00      0.00         2
          13       0.00      0.00      0.00        11
          14       0.00      0.00      0.00        10
          15       0.17      0.10      0.12        21
          16       0.00      0.00      0.00         9
          17       0.00      0.00      0.00        20
          18       0.08      0.50      0.14         2
          19       0.00      0.00      0.00         1
          20       0.00      0.00      0.00         1
          21       0.00      0.00      0.00         7
          22       0.00      0.00      0.00         2
          23       0.00      0.00      0.00        37
          24       0.00      0.00      0.00         7

    accuracy                           0.02       300
   macro avg       0.02      0.04      0.02       300
weighted avg       0.02      0.02      0.01       300

(training_methods.py:282) 2025-06-06 20:18:58.155607 | INFO : Epoch 15 Validation Summary: epoch: 15.000000 | loss: 0.000000 | accuracy: 0.016667 | 
(training_methods.py:312) 2025-06-06 20:18:58.158385 | INFO : ckpt updated.
(training_methods.py:254) 2025-06-06 20:18:58.404591 | INFO : Training Epoch 16   0.0% | batch:         0 of         5
	loss: 0.631401

(training_methods.py:257) 2025-06-06 20:18:58.658038 | INFO : Evaluating on validation set ...
(training_methods.py:254) 2025-06-06 20:18:59.306409 | INFO : Evaluating Epoch 16   0.0% | batch:         0 of         5
	loss: inf

(training_methods.py:262) 2025-06-06 20:18:59.361943 | INFO : Validation runtime: 0.0 hours, 0.0 minutes, 0.7036166191101074 seconds

(training_methods.py:268) 2025-06-06 20:18:59.362147 | INFO : Avg val. time: 0.0 hours, 0.0 minutes, 0.6760411122265984 seconds
(training_methods.py:269) 2025-06-06 20:18:59.362203 | INFO : Avg batch val. time: 0.13520822244531966 seconds
(training_methods.py:270) 2025-06-06 20:18:59.362252 | INFO : Avg sample val. time: 0.002253470374088661 seconds
(training_methods.py:276) 2025-06-06 20:18:59.362305 | INFO : report:               precision    recall  f1-score   support

           0       0.00      0.00      0.00         7
           1       0.08      0.33      0.13         3
           2       0.17      0.22      0.19         9
           3       0.08      0.07      0.07        15
           4       0.00      0.00      0.00         8
           5       0.00      0.00      0.00        12
           6       0.00      0.00      0.00         1
           7       0.00      0.00      0.00         8
           8       0.00      0.00      0.00        13
           9       0.08      0.07      0.08        14
          10       0.00      0.00      0.00         2
          11       0.00      0.00      0.00        33
          12       0.00      0.00      0.00         4
          13       0.08      0.08      0.08        12
          14       0.00      0.00      0.00        31
          15       0.25      0.14      0.18        21
          16       0.17      0.14      0.15        14
          17       0.08      0.11      0.10         9
          18       0.42      0.71      0.53         7
          19       0.00      0.00      0.00         3
          20       0.00      0.00      0.00         4
          21       0.00      0.00      0.00        13
          22       0.00      0.00      0.00         5
          23       0.00      0.00      0.00        41
          24       0.00      0.00      0.00        11

    accuracy                           0.06       300
   macro avg       0.06      0.08      0.06       300
weighted avg       0.05      0.06      0.05       300

(training_methods.py:282) 2025-06-06 20:18:59.362403 | INFO : Epoch 16 Validation Summary: epoch: 16.000000 | loss: 0.000000 | accuracy: 0.056667 | 
(training_methods.py:312) 2025-06-06 20:18:59.365327 | INFO : ckpt updated.
(training_methods.py:254) 2025-06-06 20:18:59.612692 | INFO : Training Epoch 17   0.0% | batch:         0 of         5
	loss: 0.617323

(training_methods.py:257) 2025-06-06 20:18:59.836371 | INFO : Evaluating on validation set ...
(training_methods.py:254) 2025-06-06 20:19:00.473249 | INFO : Evaluating Epoch 17   0.0% | batch:         0 of         5
	loss: inf

(training_methods.py:262) 2025-06-06 20:19:00.521760 | INFO : Validation runtime: 0.0 hours, 0.0 minutes, 0.6851198673248291 seconds

(training_methods.py:268) 2025-06-06 20:19:00.521960 | INFO : Avg val. time: 0.0 hours, 0.0 minutes, 0.6765454875098335 seconds
(training_methods.py:269) 2025-06-06 20:19:00.522016 | INFO : Avg batch val. time: 0.13530909750196668 seconds
(training_methods.py:270) 2025-06-06 20:19:00.522063 | INFO : Avg sample val. time: 0.002255151625032778 seconds
(training_methods.py:276) 2025-06-06 20:19:00.522114 | INFO : report:               precision    recall  f1-score   support

           0       0.00      0.00      0.00         3
           1       0.00      0.00      0.00         3
           2       0.08      0.33      0.13         3
           3       0.00      0.00      0.00        49
           4       0.00      0.00      0.00         8
           5       0.00      0.00      0.00         4
           6       0.00      0.00      0.00         3
           7       0.00      0.00      0.00         2
           8       0.00      0.00      0.00        16
           9       0.00      0.00      0.00         3
          10       0.17      0.22      0.19         9
          11       0.00      0.00      0.00        48
          12       0.00      0.00      0.00         0
          13       0.00      0.00      0.00        25
          14       0.00      0.00      0.00         4
          15       0.00      0.00      0.00         5
          16       0.00      0.00      0.00         4
          17       0.08      0.08      0.08        12
          18       0.08      0.17      0.11         6
          19       0.00      0.00      0.00         5
          20       0.00      0.00      0.00         3
          21       0.00      0.00      0.00        12
          22       0.00      0.00      0.00        10
          23       0.00      0.00      0.00        51
          24       0.00      0.00      0.00        12

    accuracy                           0.02       300
   macro avg       0.02      0.03      0.02       300
weighted avg       0.01      0.02      0.01       300

(training_methods.py:282) 2025-06-06 20:19:00.522208 | INFO : Epoch 17 Validation Summary: epoch: 17.000000 | loss: 0.000000 | accuracy: 0.016667 | 
(training_methods.py:312) 2025-06-06 20:19:00.524767 | INFO : ckpt updated.
(training_methods.py:254) 2025-06-06 20:19:00.784683 | INFO : Training Epoch 18   0.0% | batch:         0 of         5
	loss: 0.631525

(training_methods.py:257) 2025-06-06 20:19:01.022593 | INFO : Evaluating on validation set ...
(training_methods.py:254) 2025-06-06 20:19:01.706390 | INFO : Evaluating Epoch 18   0.0% | batch:         0 of         5
	loss: inf

(training_methods.py:262) 2025-06-06 20:19:01.757616 | INFO : Validation runtime: 0.0 hours, 0.0 minutes, 0.7347023487091064 seconds

(training_methods.py:268) 2025-06-06 20:19:01.757817 | INFO : Avg val. time: 0.0 hours, 0.0 minutes, 0.6796063749413741 seconds
(training_methods.py:269) 2025-06-06 20:19:01.757880 | INFO : Avg batch val. time: 0.13592127498827483 seconds
(training_methods.py:270) 2025-06-06 20:19:01.757931 | INFO : Avg sample val. time: 0.0022653545831379136 seconds
(training_methods.py:276) 2025-06-06 20:19:01.757987 | INFO : report:               precision    recall  f1-score   support

           0       0.00      0.00      0.00         4
           1       0.08      0.20      0.12         5
           2       0.17      0.33      0.22         6
           3       0.00      0.00      0.00        29
           4       0.00      0.00      0.00         8
           5       0.00      0.00      0.00         4
           6       0.00      0.00      0.00         7
           7       0.00      0.00      0.00         2
           8       0.00      0.00      0.00         7
           9       0.50      0.33      0.40        18
          10       0.00      0.00      0.00         5
          11       0.00      0.00      0.00        21
          12       0.00      0.00      0.00         4
          13       0.00      0.00      0.00        16
          14       0.00      0.00      0.00         9
          15       0.00      0.00      0.00        45
          16       0.00      0.00      0.00         7
          17       0.00      0.00      0.00        12
          18       0.08      0.17      0.11         6
          19       0.00      0.00      0.00         3
          20       0.00      0.00      0.00         2
          21       0.00      0.00      0.00        13
          22       0.00      0.00      0.00        29
          23       0.00      0.00      0.00        24
          24       0.00      0.00      0.00        14

    accuracy                           0.03       300
   macro avg       0.03      0.04      0.03       300
weighted avg       0.04      0.03      0.03       300

(training_methods.py:282) 2025-06-06 20:19:01.758077 | INFO : Epoch 18 Validation Summary: epoch: 18.000000 | loss: 0.000000 | accuracy: 0.033333 | 
(training_methods.py:312) 2025-06-06 20:19:01.760646 | INFO : ckpt updated.
(training_methods.py:254) 2025-06-06 20:19:02.026984 | INFO : Training Epoch 19   0.0% | batch:         0 of         5
	loss: 0.63252

(training_methods.py:257) 2025-06-06 20:19:02.254747 | INFO : Evaluating on validation set ...
(training_methods.py:254) 2025-06-06 20:19:02.907387 | INFO : Evaluating Epoch 19   0.0% | batch:         0 of         5
	loss: inf

(training_methods.py:262) 2025-06-06 20:19:02.962375 | INFO : Validation runtime: 0.0 hours, 0.0 minutes, 0.707345724105835 seconds

(training_methods.py:268) 2025-06-06 20:19:02.962581 | INFO : Avg val. time: 0.0 hours, 0.0 minutes, 0.6809933423995972 seconds
(training_methods.py:269) 2025-06-06 20:19:02.962639 | INFO : Avg batch val. time: 0.13619866847991943 seconds
(training_methods.py:270) 2025-06-06 20:19:02.962687 | INFO : Avg sample val. time: 0.0022699778079986574 seconds
(training_methods.py:276) 2025-06-06 20:19:02.962740 | INFO : report:               precision    recall  f1-score   support

           0       0.08      0.03      0.05        32
           1       0.33      0.24      0.28        17
           2       0.42      0.36      0.38        14
           3       0.00      0.00      0.00        34
           4       0.00      0.00      0.00         5
           5       0.00      0.00      0.00         5
           6       0.00      0.00      0.00         9
           7       0.00      0.00      0.00         0
           8       0.00      0.00      0.00         7
           9       0.08      0.50      0.14         2
          10       0.00      0.00      0.00         0
          11       0.00      0.00      0.00        27
          12       0.00      0.00      0.00         1
          13       0.00      0.00      0.00         5
          14       0.00      0.00      0.00        11
          15       0.00      0.00      0.00        22
          16       0.00      0.00      0.00         0
          17       0.17      1.00      0.29         2
          18       0.17      0.06      0.09        33
          19       0.00      0.00      0.00         2
          20       0.00      0.00      0.00         0
          21       0.00      0.00      0.00         7
          22       0.00      0.00      0.00         0
          23       0.00      0.00      0.00        62
          24       0.00      0.00      0.00         3

    accuracy                           0.05       300
   macro avg       0.05      0.09      0.05       300
weighted avg       0.07      0.05      0.05       300

(training_methods.py:282) 2025-06-06 20:19:02.962834 | INFO : Epoch 19 Validation Summary: epoch: 19.000000 | loss: 0.000000 | accuracy: 0.050000 | 
(training_methods.py:312) 2025-06-06 20:19:02.965651 | INFO : ckpt updated.
