(dataloaders.py:51) 2025-06-06 21:17:50.322692 | INFO : train_ds length: 275, valid_ds length: 300
(process_model.py:276) 2025-06-06 21:17:50.326176 | INFO : {'feat_dim': 9, 'seq_len': 144, 'device': 'cpu'}
(process_model.py:277) 2025-06-06 21:17:50.326303 | INFO : TNC(
  (encoder): RnnEncoder(
    (nn): Sequential(
      (0): Linear(in_features=200, out_features=10, bias=True)
    )
    (rnn): GRU(9, 100, bidirectional=True)
  )
  (disc_model): Discriminator(
    (model): Sequential(
      (0): Linear(in_features=20, out_features=40, bias=True)
      (1): ReLU(inplace=True)
      (2): Dropout(p=0.5, inplace=False)
      (3): Linear(in_features=40, out_features=1, bias=True)
    )
  )
)
(training_methods.py:254) 2025-06-06 21:17:51.024864 | INFO : Training Epoch 0   0.0% | batch:         0 of         5
	loss: 0.702907

(training_methods.py:257) 2025-06-06 21:17:51.150590 | INFO : Evaluating on validation set ...
(training_methods.py:254) 2025-06-06 21:17:51.677308 | INFO : Evaluating Epoch 0   0.0% | batch:         0 of         5
	loss: inf

(training_methods.py:262) 2025-06-06 21:17:51.728454 | INFO : Validation runtime: 0.0 hours, 0.0 minutes, 0.5776243209838867 seconds

(training_methods.py:268) 2025-06-06 21:17:51.728624 | INFO : Avg val. time: 0.0 hours, 0.0 minutes, 0.5776243209838867 seconds
(training_methods.py:269) 2025-06-06 21:17:51.728677 | INFO : Avg batch val. time: 0.11552486419677735 seconds
(training_methods.py:270) 2025-06-06 21:17:51.728724 | INFO : Avg sample val. time: 0.0019254144032796224 seconds
(training_methods.py:276) 2025-06-06 21:17:51.728776 | INFO : report:               precision    recall  f1-score   support

           0       0.00      0.00      0.00        12
           1       0.00      0.00      0.00         8
           2       0.25      0.12      0.16        26
           3       0.00      0.00      0.00        10
           4       0.00      0.00      0.00        19
           5       0.00      0.00      0.00         1
           6       0.08      0.20      0.12         5
           7       0.08      0.12      0.10         8
           8       0.17      0.09      0.11        23
           9       0.00      0.00      0.00         5
          10       0.00      0.00      0.00         7
          11       0.00      0.00      0.00        21
          12       0.08      0.17      0.11         6
          13       0.00      0.00      0.00         5
          14       0.00      0.00      0.00        18
          15       0.08      0.05      0.06        21
          16       0.17      0.22      0.19         9
          17       0.08      0.06      0.07        16
          18       0.25      0.14      0.18        21
          19       0.00      0.00      0.00         8
          20       0.00      0.00      0.00         9
          21       0.00      0.00      0.00         9
          22       0.00      0.00      0.00         9
          23       0.00      0.00      0.00        12
          24       0.08      0.08      0.08        12

    accuracy                           0.05       300
   macro avg       0.05      0.05      0.05       300
weighted avg       0.08      0.05      0.06       300

(training_methods.py:282) 2025-06-06 21:17:51.728869 | INFO : Epoch 0 Validation Summary: epoch: 0.000000 | loss: 0.000000 | accuracy: 0.053333 | 
(training_methods.py:312) 2025-06-06 21:17:51.731431 | INFO : ckpt updated.
(training_methods.py:254) 2025-06-06 21:17:51.905516 | INFO : Training Epoch 1   0.0% | batch:         0 of         5
	loss: 0.690808

(training_methods.py:257) 2025-06-06 21:17:52.040542 | INFO : Evaluating on validation set ...
(training_methods.py:254) 2025-06-06 21:17:52.557485 | INFO : Evaluating Epoch 1   0.0% | batch:         0 of         5
	loss: inf

(training_methods.py:262) 2025-06-06 21:17:52.603635 | INFO : Validation runtime: 0.0 hours, 0.0 minutes, 0.5628576278686523 seconds

(training_methods.py:268) 2025-06-06 21:17:52.603826 | INFO : Avg val. time: 0.0 hours, 0.0 minutes, 0.5702409744262695 seconds
(training_methods.py:269) 2025-06-06 21:17:52.603879 | INFO : Avg batch val. time: 0.1140481948852539 seconds
(training_methods.py:270) 2025-06-06 21:17:52.603938 | INFO : Avg sample val. time: 0.0019008032480875652 seconds
(training_methods.py:276) 2025-06-06 21:17:52.603993 | INFO : report:               precision    recall  f1-score   support

           0       0.00      0.00      0.00        16
           1       0.00      0.00      0.00        14
           2       0.08      0.08      0.08        13
           3       0.00      0.00      0.00        13
           4       0.00      0.00      0.00        13
           5       0.00      0.00      0.00         6
           6       0.25      0.25      0.25        12
           7       0.17      0.13      0.15        15
           8       0.08      0.07      0.08        14
           9       0.00      0.00      0.00         7
          10       0.08      0.08      0.08        12
          11       0.00      0.00      0.00         8
          12       0.00      0.00      0.00        15
          13       0.00      0.00      0.00        10
          14       0.00      0.00      0.00        17
          15       0.00      0.00      0.00        24
          16       0.17      0.50      0.25         4
          17       0.00      0.00      0.00         7
          18       0.08      0.05      0.06        20
          19       0.00      0.00      0.00        13
          20       0.00      0.00      0.00         5
          21       0.00      0.00      0.00         6
          22       0.08      0.06      0.07        16
          23       0.00      0.00      0.00        12
          24       0.17      0.25      0.20         8

    accuracy                           0.05       300
   macro avg       0.05      0.06      0.05       300
weighted avg       0.05      0.05      0.04       300

(training_methods.py:282) 2025-06-06 21:17:52.604067 | INFO : Epoch 1 Validation Summary: epoch: 1.000000 | loss: 0.000000 | accuracy: 0.046667 | 
(training_methods.py:312) 2025-06-06 21:17:52.606791 | INFO : ckpt updated.
(training_methods.py:254) 2025-06-06 21:17:52.793234 | INFO : Training Epoch 2   0.0% | batch:         0 of         5
	loss: 0.688108

(training_methods.py:257) 2025-06-06 21:17:52.922977 | INFO : Evaluating on validation set ...
(training_methods.py:254) 2025-06-06 21:17:53.462322 | INFO : Evaluating Epoch 2   0.0% | batch:         0 of         5
	loss: inf

(training_methods.py:262) 2025-06-06 21:17:53.509030 | INFO : Validation runtime: 0.0 hours, 0.0 minutes, 0.5857980251312256 seconds

(training_methods.py:268) 2025-06-06 21:17:53.509250 | INFO : Avg val. time: 0.0 hours, 0.0 minutes, 0.5754266579945883 seconds
(training_methods.py:269) 2025-06-06 21:17:53.509309 | INFO : Avg batch val. time: 0.11508533159891765 seconds
(training_methods.py:270) 2025-06-06 21:17:53.509355 | INFO : Avg sample val. time: 0.001918088859981961 seconds
(training_methods.py:276) 2025-06-06 21:17:53.509407 | INFO : report:               precision    recall  f1-score   support

           0       0.00      0.00      0.00         5
           1       0.00      0.00      0.00        14
           2       0.33      0.18      0.24        22
           3       0.00      0.00      0.00         8
           4       0.00      0.00      0.00        19
           5       0.00      0.00      0.00        12
           6       0.33      0.25      0.29        16
           7       0.08      0.08      0.08        12
           8       0.42      0.19      0.26        26
           9       0.00      0.00      0.00         9
          10       0.00      0.00      0.00        13
          11       0.00      0.00      0.00         5
          12       0.08      0.20      0.12         5
          13       0.00      0.00      0.00         5
          14       0.00      0.00      0.00        11
          15       0.25      0.15      0.19        20
          16       0.17      0.14      0.15        14
          17       0.08      0.09      0.09        11
          18       0.33      0.31      0.32        13
          19       0.17      0.25      0.20         8
          20       0.00      0.00      0.00        11
          21       0.00      0.00      0.00        11
          22       0.00      0.00      0.00         5
          23       0.00      0.00      0.00        15
          24       0.00      0.00      0.00        10

    accuracy                           0.09       300
   macro avg       0.09      0.07      0.08       300
weighted avg       0.13      0.09      0.10       300

(training_methods.py:282) 2025-06-06 21:17:53.509492 | INFO : Epoch 2 Validation Summary: epoch: 2.000000 | loss: 0.000000 | accuracy: 0.090000 | 
(training_methods.py:312) 2025-06-06 21:17:53.512011 | INFO : ckpt updated.
(training_methods.py:254) 2025-06-06 21:17:53.704040 | INFO : Training Epoch 3   0.0% | batch:         0 of         5
	loss: 0.683373

(training_methods.py:257) 2025-06-06 21:17:53.831861 | INFO : Evaluating on validation set ...
(training_methods.py:254) 2025-06-06 21:17:54.354866 | INFO : Evaluating Epoch 3   0.0% | batch:         0 of         5
	loss: inf

(training_methods.py:262) 2025-06-06 21:17:54.400287 | INFO : Validation runtime: 0.0 hours, 0.0 minutes, 0.5682017803192139 seconds

(training_methods.py:268) 2025-06-06 21:17:54.400460 | INFO : Avg val. time: 0.0 hours, 0.0 minutes, 0.5736204385757446 seconds
(training_methods.py:269) 2025-06-06 21:17:54.400511 | INFO : Avg batch val. time: 0.11472408771514893 seconds
(training_methods.py:270) 2025-06-06 21:17:54.400556 | INFO : Avg sample val. time: 0.0019120681285858154 seconds
(training_methods.py:276) 2025-06-06 21:17:54.400605 | INFO : report:               precision    recall  f1-score   support

           0       0.00      0.00      0.00         4
           1       0.00      0.00      0.00        17
           2       0.33      0.13      0.19        31
           3       0.00      0.00      0.00         7
           4       0.00      0.00      0.00         5
           5       0.00      0.00      0.00         3
           6       0.25      0.75      0.38         4
           7       0.08      0.08      0.08        13
           8       0.25      0.11      0.15        28
           9       0.00      0.00      0.00         7
          10       0.00      0.00      0.00        15
          11       0.00      0.00      0.00        17
          12       0.00      0.00      0.00        11
          13       0.00      0.00      0.00         6
          14       0.00      0.00      0.00         7
          15       0.00      0.00      0.00        17
          16       0.25      0.27      0.26        11
          17       0.08      0.06      0.07        17
          18       0.08      0.17      0.11         6
          19       0.00      0.00      0.00        27
          20       0.00      0.00      0.00         9
          21       0.00      0.00      0.00        20
          22       0.00      0.00      0.00         2
          23       0.08      0.08      0.08        12
          24       0.00      0.00      0.00         4

    accuracy                           0.06       300
   macro avg       0.06      0.07      0.05       300
weighted avg       0.08      0.06      0.06       300

(training_methods.py:282) 2025-06-06 21:17:54.400690 | INFO : Epoch 3 Validation Summary: epoch: 3.000000 | loss: 0.000000 | accuracy: 0.056667 | 
(training_methods.py:312) 2025-06-06 21:17:54.403170 | INFO : ckpt updated.
(training_methods.py:254) 2025-06-06 21:17:54.582717 | INFO : Training Epoch 4   0.0% | batch:         0 of         5
	loss: 0.68721

(training_methods.py:257) 2025-06-06 21:17:54.734706 | INFO : Evaluating on validation set ...
(training_methods.py:254) 2025-06-06 21:17:55.278658 | INFO : Evaluating Epoch 4   0.0% | batch:         0 of         5
	loss: inf

(training_methods.py:262) 2025-06-06 21:17:55.325113 | INFO : Validation runtime: 0.0 hours, 0.0 minutes, 0.5901198387145996 seconds

(training_methods.py:268) 2025-06-06 21:17:55.325310 | INFO : Avg val. time: 0.0 hours, 0.0 minutes, 0.5769203186035157 seconds
(training_methods.py:269) 2025-06-06 21:17:55.325366 | INFO : Avg batch val. time: 0.11538406372070313 seconds
(training_methods.py:270) 2025-06-06 21:17:55.325413 | INFO : Avg sample val. time: 0.0019230677286783855 seconds
(training_methods.py:276) 2025-06-06 21:17:55.325477 | INFO : report:               precision    recall  f1-score   support

           0       0.00      0.00      0.00         4
           1       0.00      0.00      0.00         8
           2       0.33      0.15      0.21        27
           3       0.00      0.00      0.00        13
           4       0.00      0.00      0.00         3
           5       0.00      0.00      0.00         2
           6       0.00      0.00      0.00        15
           7       0.33      0.16      0.22        25
           8       0.08      0.04      0.05        26
           9       0.00      0.00      0.00         6
          10       0.08      0.08      0.08        13
          11       0.00      0.00      0.00        11
          12       0.00      0.00      0.00         4
          13       0.00      0.00      0.00         7
          14       0.00      0.00      0.00         3
          15       0.08      0.05      0.06        22
          16       0.25      0.12      0.16        25
          17       0.08      0.07      0.07        15
          18       0.08      0.33      0.13         3
          19       0.00      0.00      0.00         8
          20       0.00      0.00      0.00        16
          21       0.00      0.00      0.00        15
          22       0.00      0.00      0.00         9
          23       0.00      0.00      0.00        13
          24       0.00      0.00      0.00         7

    accuracy                           0.05       300
   macro avg       0.05      0.04      0.04       300
weighted avg       0.10      0.05      0.07       300

(training_methods.py:282) 2025-06-06 21:17:55.325558 | INFO : Epoch 4 Validation Summary: epoch: 4.000000 | loss: 0.000000 | accuracy: 0.053333 | 
(training_methods.py:312) 2025-06-06 21:17:55.328090 | INFO : ckpt updated.
(training_methods.py:254) 2025-06-06 21:17:55.512315 | INFO : Training Epoch 5   0.0% | batch:         0 of         5
	loss: 0.664631

(training_methods.py:257) 2025-06-06 21:17:55.653617 | INFO : Evaluating on validation set ...
(training_methods.py:254) 2025-06-06 21:17:56.215906 | INFO : Evaluating Epoch 5   0.0% | batch:         0 of         5
	loss: inf

(training_methods.py:262) 2025-06-06 21:17:56.267096 | INFO : Validation runtime: 0.0 hours, 0.0 minutes, 0.6131949424743652 seconds

(training_methods.py:268) 2025-06-06 21:17:56.267274 | INFO : Avg val. time: 0.0 hours, 0.0 minutes, 0.5829660892486572 seconds
(training_methods.py:269) 2025-06-06 21:17:56.267327 | INFO : Avg batch val. time: 0.11659321784973145 seconds
(training_methods.py:270) 2025-06-06 21:17:56.267373 | INFO : Avg sample val. time: 0.0019432202974955242 seconds
(training_methods.py:276) 2025-06-06 21:17:56.267424 | INFO : report:               precision    recall  f1-score   support

           0       0.00      0.00      0.00         7
           1       0.08      0.25      0.12         4
           2       0.33      0.20      0.25        20
           3       0.00      0.00      0.00         8
           4       0.00      0.00      0.00         8
           5       0.00      0.00      0.00         5
           6       0.08      0.50      0.14         2
           7       0.25      0.25      0.25        12
           8       0.08      0.04      0.05        27
           9       0.00      0.00      0.00        20
          10       0.00      0.00      0.00        14
          11       0.25      0.10      0.15        29
          12       0.00      0.00      0.00        10
          13       0.00      0.00      0.00         6
          14       0.00      0.00      0.00        10
          15       0.00      0.00      0.00        21
          16       0.08      0.10      0.09        10
          17       0.00      0.00      0.00        14
          18       0.25      0.38      0.30         8
          19       0.00      0.00      0.00        24
          20       0.00      0.00      0.00        10
          21       0.00      0.00      0.00         8
          22       0.00      0.00      0.00        10
          23       0.00      0.00      0.00         9
          24       0.00      0.00      0.00         4

    accuracy                           0.06       300
   macro avg       0.06      0.07      0.05       300
weighted avg       0.07      0.06      0.06       300

(training_methods.py:282) 2025-06-06 21:17:56.267519 | INFO : Epoch 5 Validation Summary: epoch: 5.000000 | loss: 0.000000 | accuracy: 0.056667 | 
(training_methods.py:312) 2025-06-06 21:17:56.270041 | INFO : ckpt updated.
(training_methods.py:254) 2025-06-06 21:17:56.467263 | INFO : Training Epoch 6   0.0% | batch:         0 of         5
	loss: 0.664096

(training_methods.py:257) 2025-06-06 21:17:56.599068 | INFO : Evaluating on validation set ...
(training_methods.py:254) 2025-06-06 21:17:57.146545 | INFO : Evaluating Epoch 6   0.0% | batch:         0 of         5
	loss: inf

(training_methods.py:262) 2025-06-06 21:17:57.193867 | INFO : Validation runtime: 0.0 hours, 0.0 minutes, 0.5945479869842529 seconds

(training_methods.py:268) 2025-06-06 21:17:57.194042 | INFO : Avg val. time: 0.0 hours, 0.0 minutes, 0.584620646068028 seconds
(training_methods.py:269) 2025-06-06 21:17:57.194098 | INFO : Avg batch val. time: 0.1169241292136056 seconds
(training_methods.py:270) 2025-06-06 21:17:57.194146 | INFO : Avg sample val. time: 0.0019487354868934267 seconds
(training_methods.py:276) 2025-06-06 21:17:57.194200 | INFO : report:               precision    recall  f1-score   support

           0       0.00      0.00      0.00         5
           1       0.00      0.00      0.00         3
           2       0.17      0.08      0.11        25
           3       0.00      0.00      0.00         7
           4       0.00      0.00      0.00         3
           5       0.00      0.00      0.00         6
           6       0.00      0.00      0.00         4
           7       0.17      0.14      0.15        14
           8       0.08      0.05      0.06        20
           9       0.00      0.00      0.00         2
          10       0.00      0.00      0.00         9
          11       0.00      0.00      0.00        25
          12       0.00      0.00      0.00         8
          13       0.00      0.00      0.00        10
          14       0.00      0.00      0.00        10
          15       0.42      0.33      0.37        15
          16       0.25      0.23      0.24        13
          17       0.08      0.05      0.06        19
          18       0.08      0.33      0.13         3
          19       0.00      0.00      0.00        26
          20       0.00      0.00      0.00        17
          21       0.00      0.00      0.00        24
          22       0.00      0.00      0.00        19
          23       0.00      0.00      0.00         9
          24       0.00      0.00      0.00         4

    accuracy                           0.05       300
   macro avg       0.05      0.05      0.05       300
weighted avg       0.06      0.05      0.05       300

(training_methods.py:282) 2025-06-06 21:17:57.194267 | INFO : Epoch 6 Validation Summary: epoch: 6.000000 | loss: 0.000000 | accuracy: 0.050000 | 
(training_methods.py:312) 2025-06-06 21:17:57.196869 | INFO : ckpt updated.
(training_methods.py:254) 2025-06-06 21:17:57.419612 | INFO : Training Epoch 7   0.0% | batch:         0 of         5
	loss: 0.664453

(training_methods.py:257) 2025-06-06 21:17:57.546899 | INFO : Evaluating on validation set ...
(training_methods.py:254) 2025-06-06 21:17:58.105294 | INFO : Evaluating Epoch 7   0.0% | batch:         0 of         5
	loss: inf

(training_methods.py:262) 2025-06-06 21:17:58.154453 | INFO : Validation runtime: 0.0 hours, 0.0 minutes, 0.6072800159454346 seconds

(training_methods.py:268) 2025-06-06 21:17:58.154640 | INFO : Avg val. time: 0.0 hours, 0.0 minutes, 0.5874530673027039 seconds
(training_methods.py:269) 2025-06-06 21:17:58.154696 | INFO : Avg batch val. time: 0.11749061346054077 seconds
(training_methods.py:270) 2025-06-06 21:17:58.154742 | INFO : Avg sample val. time: 0.001958176891009013 seconds
(training_methods.py:276) 2025-06-06 21:17:58.154808 | INFO : report:               precision    recall  f1-score   support

           0       0.00      0.00      0.00         6
           1       0.08      0.14      0.11         7
           2       0.00      0.00      0.00         5
           3       0.00      0.00      0.00        12
           4       0.00      0.00      0.00         3
           5       0.00      0.00      0.00         5
           6       0.00      0.00      0.00         2
           7       0.08      0.10      0.09        10
           8       0.33      0.33      0.33        12
           9       0.00      0.00      0.00         8
          10       0.00      0.00      0.00        22
          11       0.00      0.00      0.00        17
          12       0.00      0.00      0.00        10
          13       0.00      0.00      0.00         0
          14       0.00      0.00      0.00        18
          15       0.00      0.00      0.00        23
          16       0.08      0.11      0.10         9
          17       0.08      0.11      0.10         9
          18       0.08      0.05      0.06        21
          19       0.08      0.02      0.03        57
          20       0.00      0.00      0.00        13
          21       0.00      0.00      0.00        15
          22       0.08      0.17      0.11         6
          23       0.00      0.00      0.00         8
          24       0.00      0.00      0.00         2

    accuracy                           0.04       300
   macro avg       0.04      0.04      0.04       300
weighted avg       0.05      0.04      0.04       300

(training_methods.py:282) 2025-06-06 21:17:58.154892 | INFO : Epoch 7 Validation Summary: epoch: 7.000000 | loss: 0.000000 | accuracy: 0.036667 | 
(training_methods.py:312) 2025-06-06 21:17:58.157762 | INFO : ckpt updated.
(training_methods.py:254) 2025-06-06 21:17:58.386851 | INFO : Training Epoch 8   0.0% | batch:         0 of         5
	loss: 0.658597

(training_methods.py:257) 2025-06-06 21:17:58.518515 | INFO : Evaluating on validation set ...
(training_methods.py:254) 2025-06-06 21:17:59.077165 | INFO : Evaluating Epoch 8   0.0% | batch:         0 of         5
	loss: inf

(training_methods.py:262) 2025-06-06 21:17:59.125401 | INFO : Validation runtime: 0.0 hours, 0.0 minutes, 0.6066427230834961 seconds

(training_methods.py:268) 2025-06-06 21:17:59.125573 | INFO : Avg val. time: 0.0 hours, 0.0 minutes, 0.5895852512783475 seconds
(training_methods.py:269) 2025-06-06 21:17:59.125628 | INFO : Avg batch val. time: 0.1179170502556695 seconds
(training_methods.py:270) 2025-06-06 21:17:59.125674 | INFO : Avg sample val. time: 0.001965284170927825 seconds
(training_methods.py:276) 2025-06-06 21:17:59.125726 | INFO : report:               precision    recall  f1-score   support

           0       0.00      0.00      0.00         8
           1       0.00      0.00      0.00        10
           2       0.17      0.20      0.18        10
           3       0.00      0.00      0.00         7
           4       0.00      0.00      0.00         0
           5       0.00      0.00      0.00        16
           6       0.00      0.00      0.00         4
           7       0.42      0.45      0.43        11
           8       0.00      0.00      0.00        12
           9       0.00      0.00      0.00         5
          10       0.00      0.00      0.00         2
          11       0.00      0.00      0.00        16
          12       0.00      0.00      0.00         0
          13       0.00      0.00      0.00        14
          14       0.00      0.00      0.00        15
          15       0.00      0.00      0.00         6
          16       0.17      0.67      0.27         3
          17       0.08      0.07      0.08        14
          18       0.33      0.10      0.15        40
          19       0.00      0.00      0.00        46
          20       0.00      0.00      0.00        14
          21       0.00      0.00      0.00         8
          22       0.00      0.00      0.00         9
          23       0.08      0.08      0.08        13
          24       0.33      0.24      0.28        17

    accuracy                           0.06       300
   macro avg       0.06      0.07      0.06       300
weighted avg       0.09      0.06      0.07       300

(training_methods.py:282) 2025-06-06 21:17:59.125811 | INFO : Epoch 8 Validation Summary: epoch: 8.000000 | loss: 0.000000 | accuracy: 0.063333 | 
(training_methods.py:312) 2025-06-06 21:17:59.128361 | INFO : ckpt updated.
(training_methods.py:254) 2025-06-06 21:17:59.361941 | INFO : Training Epoch 9   0.0% | batch:         0 of         5
	loss: 0.667615

(training_methods.py:257) 2025-06-06 21:17:59.500667 | INFO : Evaluating on validation set ...
(training_methods.py:254) 2025-06-06 21:18:00.070790 | INFO : Evaluating Epoch 9   0.0% | batch:         0 of         5
	loss: inf

(training_methods.py:262) 2025-06-06 21:18:00.116166 | INFO : Validation runtime: 0.0 hours, 0.0 minutes, 0.6152369976043701 seconds

(training_methods.py:268) 2025-06-06 21:18:00.116333 | INFO : Avg val. time: 0.0 hours, 0.0 minutes, 0.5921504259109497 seconds
(training_methods.py:269) 2025-06-06 21:18:00.116387 | INFO : Avg batch val. time: 0.11843008518218993 seconds
(training_methods.py:270) 2025-06-06 21:18:00.116432 | INFO : Avg sample val. time: 0.001973834753036499 seconds
(training_methods.py:276) 2025-06-06 21:18:00.116483 | INFO : report:               precision    recall  f1-score   support

           0       0.00      0.00      0.00        14
           1       0.08      0.14      0.11         7
           2       0.08      0.25      0.12         4
           3       0.00      0.00      0.00        20
           4       0.00      0.00      0.00         0
           5       0.00      0.00      0.00         6
           6       0.00      0.00      0.00         9
           7       0.08      0.20      0.12         5
           8       0.00      0.00      0.00        23
           9       0.08      0.06      0.07        16
          10       0.17      0.17      0.17        12
          11       0.00      0.00      0.00        34
          12       0.00      0.00      0.00         0
          13       0.00      0.00      0.00        24
          14       0.00      0.00      0.00         4
          15       0.00      0.00      0.00         9
          16       0.17      0.33      0.22         6
          17       0.08      0.11      0.10         9
          18       0.33      0.11      0.16        37
          19       0.00      0.00      0.00         3
          20       0.00      0.00      0.00        25
          21       0.00      0.00      0.00         8
          22       0.17      0.29      0.21         7
          23       0.00      0.00      0.00         9
          24       0.00      0.00      0.00         9

    accuracy                           0.05       300
   macro avg       0.05      0.07      0.05       300
weighted avg       0.07      0.05      0.05       300

(training_methods.py:282) 2025-06-06 21:18:00.116558 | INFO : Epoch 9 Validation Summary: epoch: 9.000000 | loss: 0.000000 | accuracy: 0.050000 | 
(training_methods.py:312) 2025-06-06 21:18:00.119097 | INFO : ckpt updated.
(training_methods.py:254) 2025-06-06 21:18:00.367776 | INFO : Training Epoch 10   0.0% | batch:         0 of         5
	loss: 0.652107

(training_methods.py:257) 2025-06-06 21:18:00.495701 | INFO : Evaluating on validation set ...
(training_methods.py:254) 2025-06-06 21:18:01.055545 | INFO : Evaluating Epoch 10   0.0% | batch:         0 of         5
	loss: inf

(training_methods.py:262) 2025-06-06 21:18:01.106552 | INFO : Validation runtime: 0.0 hours, 0.0 minutes, 0.6105892658233643 seconds

(training_methods.py:268) 2025-06-06 21:18:01.106726 | INFO : Avg val. time: 0.0 hours, 0.0 minutes, 0.5938266840848055 seconds
(training_methods.py:269) 2025-06-06 21:18:01.106776 | INFO : Avg batch val. time: 0.11876533681696111 seconds
(training_methods.py:270) 2025-06-06 21:18:01.106838 | INFO : Avg sample val. time: 0.0019794222802826853 seconds
(training_methods.py:276) 2025-06-06 21:18:01.106888 | INFO : report:               precision    recall  f1-score   support

           0       0.00      0.00      0.00        15
           1       0.00      0.00      0.00         5
           2       0.08      0.25      0.12         4
           3       0.00      0.00      0.00        33
           4       0.00      0.00      0.00         0
           5       0.00      0.00      0.00         9
           6       0.00      0.00      0.00         4
           7       0.00      0.00      0.00         1
           8       0.00      0.00      0.00         1
           9       0.17      0.11      0.13        19
          10       0.00      0.00      0.00         4
          11       0.00      0.00      0.00        49
          12       0.00      0.00      0.00         0
          13       0.00      0.00      0.00        17
          14       0.00      0.00      0.00         4
          15       0.00      0.00      0.00        50
          16       0.00      0.00      0.00         0
          17       0.00      0.00      0.00        23
          18       0.17      0.17      0.17        12
          19       0.00      0.00      0.00         5
          20       0.00      0.00      0.00        13
          21       0.08      0.10      0.09        10
          22       0.00      0.00      0.00         3
          23       0.00      0.00      0.00         8
          24       0.17      0.18      0.17        11

    accuracy                           0.03       300
   macro avg       0.03      0.03      0.03       300
weighted avg       0.03      0.03      0.03       300

(training_methods.py:282) 2025-06-06 21:18:01.106971 | INFO : Epoch 10 Validation Summary: epoch: 10.000000 | loss: 0.000000 | accuracy: 0.026667 | 
(training_methods.py:312) 2025-06-06 21:18:01.109598 | INFO : ckpt updated.
(training_methods.py:254) 2025-06-06 21:18:01.335042 | INFO : Training Epoch 11   0.0% | batch:         0 of         5
	loss: 0.662862

(training_methods.py:257) 2025-06-06 21:18:01.467788 | INFO : Evaluating on validation set ...
(training_methods.py:254) 2025-06-06 21:18:02.073899 | INFO : Evaluating Epoch 11   0.0% | batch:         0 of         5
	loss: inf

(training_methods.py:262) 2025-06-06 21:18:02.123750 | INFO : Validation runtime: 0.0 hours, 0.0 minutes, 0.6556892395019531 seconds

(training_methods.py:268) 2025-06-06 21:18:02.123928 | INFO : Avg val. time: 0.0 hours, 0.0 minutes, 0.5989818970362345 seconds
(training_methods.py:269) 2025-06-06 21:18:02.123978 | INFO : Avg batch val. time: 0.1197963794072469 seconds
(training_methods.py:270) 2025-06-06 21:18:02.124020 | INFO : Avg sample val. time: 0.001996606323454115 seconds
(training_methods.py:276) 2025-06-06 21:18:02.124069 | INFO : report:               precision    recall  f1-score   support

           0       0.00      0.00      0.00         4
           1       0.00      0.00      0.00        11
           2       0.00      0.00      0.00         8
           3       0.00      0.00      0.00        13
           4       0.00      0.00      0.00         1
           5       0.00      0.00      0.00         7
           6       0.00      0.00      0.00         0
           7       0.08      0.50      0.14         2
           8       0.42      0.17      0.24        30
           9       0.17      0.10      0.12        20
          10       0.00      0.00      0.00         0
          11       0.00      0.00      0.00        20
          12       0.00      0.00      0.00         0
          13       0.00      0.00      0.00        19
          14       0.00      0.00      0.00         2
          15       0.08      0.02      0.03        50
          16       0.08      0.50      0.14         2
          17       0.17      0.09      0.12        22
          18       0.50      0.14      0.22        43
          19       0.00      0.00      0.00         8
          20       0.00      0.00      0.00        25
          21       0.00      0.00      0.00         2
          22       0.00      0.00      0.00         0
          23       0.00      0.00      0.00         1
          24       0.17      0.20      0.18        10

    accuracy                           0.07       300
   macro avg       0.07      0.07      0.05       300
weighted avg       0.16      0.07      0.09       300

(training_methods.py:282) 2025-06-06 21:18:02.124163 | INFO : Epoch 11 Validation Summary: epoch: 11.000000 | loss: 0.000000 | accuracy: 0.066667 | 
(training_methods.py:312) 2025-06-06 21:18:02.126773 | INFO : ckpt updated.
(training_methods.py:254) 2025-06-06 21:18:02.308103 | INFO : Training Epoch 12   0.0% | batch:         0 of         5
	loss: 0.645277

(training_methods.py:257) 2025-06-06 21:18:02.442300 | INFO : Evaluating on validation set ...
(training_methods.py:254) 2025-06-06 21:18:03.015200 | INFO : Evaluating Epoch 12   0.0% | batch:         0 of         5
	loss: inf

(training_methods.py:262) 2025-06-06 21:18:03.062331 | INFO : Validation runtime: 0.0 hours, 0.0 minutes, 0.6197488307952881 seconds

(training_methods.py:268) 2025-06-06 21:18:03.062509 | INFO : Avg val. time: 0.0 hours, 0.0 minutes, 0.6005793534792386 seconds
(training_methods.py:269) 2025-06-06 21:18:03.062562 | INFO : Avg batch val. time: 0.12011587069584773 seconds
(training_methods.py:270) 2025-06-06 21:18:03.062606 | INFO : Avg sample val. time: 0.002001931178264129 seconds
(training_methods.py:276) 2025-06-06 21:18:03.062658 | INFO : report:               precision    recall  f1-score   support

           0       0.33      0.16      0.22        25
           1       0.08      0.11      0.10         9
           2       0.33      0.14      0.20        28
           3       0.00      0.00      0.00        22
           4       0.00      0.00      0.00        17
           5       0.00      0.00      0.00        20
           6       0.00      0.00      0.00         8
           7       0.17      0.33      0.22         6
           8       0.75      0.64      0.69        14
           9       0.17      0.15      0.16        13
          10       0.00      0.00      0.00        13
          11       0.00      0.00      0.00        34
          12       0.00      0.00      0.00         3
          13       0.00      0.00      0.00         6
          14       0.00      0.00      0.00        26
          15       0.00      0.00      0.00         1
          16       0.00      0.00      0.00         4
          17       0.08      0.03      0.05        30
          18       0.08      0.50      0.14         2
          19       0.00      0.00      0.00         5
          20       0.00      0.00      0.00         0
          21       0.00      0.00      0.00         8
          22       0.00      0.00      0.00         0
          23       0.00      0.00      0.00         1
          24       0.00      0.00      0.00         5

    accuracy                           0.08       300
   macro avg       0.08      0.08      0.07       300
weighted avg       0.12      0.08      0.09       300

(training_methods.py:282) 2025-06-06 21:18:03.062730 | INFO : Epoch 12 Validation Summary: epoch: 12.000000 | loss: 0.000000 | accuracy: 0.080000 | 
(training_methods.py:312) 2025-06-06 21:18:03.065291 | INFO : ckpt updated.
(training_methods.py:254) 2025-06-06 21:18:03.251331 | INFO : Training Epoch 13   0.0% | batch:         0 of         5
	loss: 0.645121

(training_methods.py:257) 2025-06-06 21:18:03.381645 | INFO : Evaluating on validation set ...
(training_methods.py:254) 2025-06-06 21:18:03.944832 | INFO : Evaluating Epoch 13   0.0% | batch:         0 of         5
	loss: inf

(training_methods.py:262) 2025-06-06 21:18:03.988711 | INFO : Validation runtime: 0.0 hours, 0.0 minutes, 0.606806755065918 seconds

(training_methods.py:268) 2025-06-06 21:18:03.988878 | INFO : Avg val. time: 0.0 hours, 0.0 minutes, 0.6010241678782872 seconds
(training_methods.py:269) 2025-06-06 21:18:03.988930 | INFO : Avg batch val. time: 0.12020483357565744 seconds
(training_methods.py:270) 2025-06-06 21:18:03.988974 | INFO : Avg sample val. time: 0.0020034138929276237 seconds
(training_methods.py:276) 2025-06-06 21:18:03.989024 | INFO : report:               precision    recall  f1-score   support

           0       0.00      0.00      0.00         7
           1       0.17      0.50      0.25         4
           2       0.17      0.08      0.11        25
           3       0.00      0.00      0.00        25
           4       0.00      0.00      0.00        20
           5       0.00      0.00      0.00        12
           6       0.00      0.00      0.00         0
           7       0.17      0.22      0.19         9
           8       0.08      0.05      0.06        19
           9       0.17      0.25      0.20         8
          10       0.00      0.00      0.00        11
          11       0.00      0.00      0.00        30
          12       0.00      0.00      0.00         8
          13       0.00      0.00      0.00        10
          14       0.00      0.00      0.00        11
          15       0.00      0.00      0.00        12
          16       0.00      0.00      0.00         5
          17       0.00      0.00      0.00         8
          18       0.17      0.29      0.21         7
          19       0.00      0.00      0.00         4
          20       0.00      0.00      0.00         7
          21       0.00      0.00      0.00        10
          22       0.00      0.00      0.00        13
          23       0.00      0.00      0.00        27
          24       0.00      0.00      0.00         8

    accuracy                           0.04       300
   macro avg       0.04      0.06      0.04       300
weighted avg       0.03      0.04      0.03       300

(training_methods.py:282) 2025-06-06 21:18:03.989108 | INFO : Epoch 13 Validation Summary: epoch: 13.000000 | loss: 0.000000 | accuracy: 0.036667 | 
(training_methods.py:312) 2025-06-06 21:18:03.991612 | INFO : ckpt updated.
(training_methods.py:254) 2025-06-06 21:18:04.171273 | INFO : Training Epoch 14   0.0% | batch:         0 of         5
	loss: 0.650707

(training_methods.py:257) 2025-06-06 21:18:04.302336 | INFO : Evaluating on validation set ...
(training_methods.py:254) 2025-06-06 21:18:04.869524 | INFO : Evaluating Epoch 14   0.0% | batch:         0 of         5
	loss: inf

(training_methods.py:262) 2025-06-06 21:18:04.919636 | INFO : Validation runtime: 0.0 hours, 0.0 minutes, 0.6170141696929932 seconds

(training_methods.py:268) 2025-06-06 21:18:04.919807 | INFO : Avg val. time: 0.0 hours, 0.0 minutes, 0.6020901679992676 seconds
(training_methods.py:269) 2025-06-06 21:18:04.919860 | INFO : Avg batch val. time: 0.12041803359985352 seconds
(training_methods.py:270) 2025-06-06 21:18:04.919905 | INFO : Avg sample val. time: 0.0020069672266642253 seconds
(training_methods.py:276) 2025-06-06 21:18:04.919955 | INFO : report:               precision    recall  f1-score   support

           0       0.00      0.00      0.00         9
           1       0.00      0.00      0.00         1
           2       0.17      0.22      0.19         9
           3       0.00      0.00      0.00         1
           4       0.00      0.00      0.00         1
           5       0.00      0.00      0.00        14
           6       0.00      0.00      0.00         1
           7       0.25      0.43      0.32         7
           8       0.00      0.00      0.00         4
           9       0.00      0.00      0.00        16
          10       0.00      0.00      0.00        12
          11       0.00      0.00      0.00        27
          12       0.00      0.00      0.00         9
          13       0.00      0.00      0.00        55
          14       0.00      0.00      0.00         2
          15       0.17      0.20      0.18        10
          16       0.25      0.14      0.18        21
          17       0.25      0.50      0.33         6
          18       0.00      0.00      0.00         0
          19       0.00      0.00      0.00         4
          20       0.00      0.00      0.00         4
          21       0.00      0.00      0.00         0
          22       0.00      0.00      0.00         1
          23       0.00      0.00      0.00        82
          24       0.00      0.00      0.00         4

    accuracy                           0.04       300
   macro avg       0.04      0.06      0.05       300
weighted avg       0.04      0.04      0.04       300

(training_methods.py:282) 2025-06-06 21:18:04.920038 | INFO : Epoch 14 Validation Summary: epoch: 14.000000 | loss: 0.000000 | accuracy: 0.043333 | 
(training_methods.py:312) 2025-06-06 21:18:04.922578 | INFO : ckpt updated.
(training_methods.py:254) 2025-06-06 21:18:05.123383 | INFO : Training Epoch 15   0.0% | batch:         0 of         5
	loss: 0.638989

(training_methods.py:257) 2025-06-06 21:18:05.254633 | INFO : Evaluating on validation set ...
(training_methods.py:254) 2025-06-06 21:18:05.822850 | INFO : Evaluating Epoch 15   0.0% | batch:         0 of         5
	loss: inf

(training_methods.py:262) 2025-06-06 21:18:05.867927 | INFO : Validation runtime: 0.0 hours, 0.0 minutes, 0.6130287647247314 seconds

(training_methods.py:268) 2025-06-06 21:18:05.868119 | INFO : Avg val. time: 0.0 hours, 0.0 minutes, 0.6027738302946091 seconds
(training_methods.py:269) 2025-06-06 21:18:05.868174 | INFO : Avg batch val. time: 0.12055476605892182 seconds
(training_methods.py:270) 2025-06-06 21:18:05.868221 | INFO : Avg sample val. time: 0.00200924610098203 seconds
(training_methods.py:276) 2025-06-06 21:18:05.868273 | INFO : report:               precision    recall  f1-score   support

           0       0.00      0.00      0.00         6
           1       0.08      0.12      0.10         8
           2       0.08      0.17      0.11         6
           3       0.00      0.00      0.00        36
           4       0.00      0.00      0.00         4
           5       0.00      0.00      0.00         7
           6       0.00      0.00      0.00         1
           7       0.00      0.00      0.00         2
           8       0.00      0.00      0.00         8
           9       0.00      0.00      0.00         6
          10       0.00      0.00      0.00         7
          11       0.00      0.00      0.00        79
          12       0.00      0.00      0.00         2
          13       0.00      0.00      0.00        11
          14       0.00      0.00      0.00        10
          15       0.17      0.10      0.12        21
          16       0.00      0.00      0.00         9
          17       0.00      0.00      0.00        20
          18       0.08      0.50      0.14         2
          19       0.00      0.00      0.00         1
          20       0.00      0.00      0.00         1
          21       0.00      0.00      0.00         7
          22       0.00      0.00      0.00         2
          23       0.00      0.00      0.00        37
          24       0.00      0.00      0.00         7

    accuracy                           0.02       300
   macro avg       0.02      0.04      0.02       300
weighted avg       0.02      0.02      0.01       300

(training_methods.py:282) 2025-06-06 21:18:05.868348 | INFO : Epoch 15 Validation Summary: epoch: 15.000000 | loss: 0.000000 | accuracy: 0.016667 | 
(training_methods.py:312) 2025-06-06 21:18:05.870886 | INFO : ckpt updated.
(training_methods.py:254) 2025-06-06 21:18:06.108441 | INFO : Training Epoch 16   0.0% | batch:         0 of         5
	loss: 0.631401

(training_methods.py:257) 2025-06-06 21:18:06.242776 | INFO : Evaluating on validation set ...
(training_methods.py:254) 2025-06-06 21:18:06.819630 | INFO : Evaluating Epoch 16   0.0% | batch:         0 of         5
	loss: inf

(training_methods.py:262) 2025-06-06 21:18:06.869692 | INFO : Validation runtime: 0.0 hours, 0.0 minutes, 0.6266353130340576 seconds

(training_methods.py:268) 2025-06-06 21:18:06.869908 | INFO : Avg val. time: 0.0 hours, 0.0 minutes, 0.6041774469263413 seconds
(training_methods.py:269) 2025-06-06 21:18:06.869962 | INFO : Avg batch val. time: 0.12083548938526827 seconds
(training_methods.py:270) 2025-06-06 21:18:06.870008 | INFO : Avg sample val. time: 0.0020139248230878043 seconds
(training_methods.py:276) 2025-06-06 21:18:06.870064 | INFO : report:               precision    recall  f1-score   support

           0       0.00      0.00      0.00         7
           1       0.08      0.33      0.13         3
           2       0.17      0.22      0.19         9
           3       0.08      0.07      0.07        15
           4       0.00      0.00      0.00         8
           5       0.00      0.00      0.00        12
           6       0.00      0.00      0.00         1
           7       0.00      0.00      0.00         8
           8       0.00      0.00      0.00        13
           9       0.08      0.07      0.08        14
          10       0.00      0.00      0.00         2
          11       0.00      0.00      0.00        33
          12       0.00      0.00      0.00         4
          13       0.08      0.08      0.08        12
          14       0.00      0.00      0.00        31
          15       0.25      0.14      0.18        21
          16       0.17      0.14      0.15        14
          17       0.08      0.11      0.10         9
          18       0.42      0.71      0.53         7
          19       0.00      0.00      0.00         3
          20       0.00      0.00      0.00         4
          21       0.00      0.00      0.00        13
          22       0.00      0.00      0.00         5
          23       0.00      0.00      0.00        41
          24       0.00      0.00      0.00        11

    accuracy                           0.06       300
   macro avg       0.06      0.08      0.06       300
weighted avg       0.05      0.06      0.05       300

(training_methods.py:282) 2025-06-06 21:18:06.870163 | INFO : Epoch 16 Validation Summary: epoch: 16.000000 | loss: 0.000000 | accuracy: 0.056667 | 
(training_methods.py:312) 2025-06-06 21:18:06.872975 | INFO : ckpt updated.
(training_methods.py:254) 2025-06-06 21:18:07.087823 | INFO : Training Epoch 17   0.0% | batch:         0 of         5
	loss: 0.617323

(training_methods.py:257) 2025-06-06 21:18:07.248815 | INFO : Evaluating on validation set ...
(training_methods.py:254) 2025-06-06 21:18:07.861102 | INFO : Evaluating Epoch 17   0.0% | batch:         0 of         5
	loss: inf

(training_methods.py:262) 2025-06-06 21:18:07.913804 | INFO : Validation runtime: 0.0 hours, 0.0 minutes, 0.6646192073822021 seconds

(training_methods.py:268) 2025-06-06 21:18:07.914018 | INFO : Avg val. time: 0.0 hours, 0.0 minutes, 0.6075353225072225 seconds
(training_methods.py:269) 2025-06-06 21:18:07.914072 | INFO : Avg batch val. time: 0.12150706450144451 seconds
(training_methods.py:270) 2025-06-06 21:18:07.914119 | INFO : Avg sample val. time: 0.0020251177416907417 seconds
(training_methods.py:276) 2025-06-06 21:18:07.914174 | INFO : report:               precision    recall  f1-score   support

           0       0.00      0.00      0.00         3
           1       0.00      0.00      0.00         3
           2       0.08      0.33      0.13         3
           3       0.00      0.00      0.00        49
           4       0.00      0.00      0.00         8
           5       0.00      0.00      0.00         4
           6       0.00      0.00      0.00         3
           7       0.00      0.00      0.00         2
           8       0.00      0.00      0.00        16
           9       0.00      0.00      0.00         3
          10       0.17      0.22      0.19         9
          11       0.00      0.00      0.00        48
          12       0.00      0.00      0.00         0
          13       0.00      0.00      0.00        25
          14       0.00      0.00      0.00         4
          15       0.00      0.00      0.00         5
          16       0.00      0.00      0.00         4
          17       0.08      0.08      0.08        12
          18       0.08      0.17      0.11         6
          19       0.00      0.00      0.00         5
          20       0.00      0.00      0.00         3
          21       0.00      0.00      0.00        12
          22       0.00      0.00      0.00        10
          23       0.00      0.00      0.00        51
          24       0.00      0.00      0.00        12

    accuracy                           0.02       300
   macro avg       0.02      0.03      0.02       300
weighted avg       0.01      0.02      0.01       300

(training_methods.py:282) 2025-06-06 21:18:07.914270 | INFO : Epoch 17 Validation Summary: epoch: 17.000000 | loss: 0.000000 | accuracy: 0.016667 | 
(training_methods.py:312) 2025-06-06 21:18:07.916986 | INFO : ckpt updated.
(training_methods.py:254) 2025-06-06 21:18:08.102875 | INFO : Training Epoch 18   0.0% | batch:         0 of         5
	loss: 0.631525

(training_methods.py:257) 2025-06-06 21:18:08.234854 | INFO : Evaluating on validation set ...
(training_methods.py:254) 2025-06-06 21:18:08.776009 | INFO : Evaluating Epoch 18   0.0% | batch:         0 of         5
	loss: inf

(training_methods.py:262) 2025-06-06 21:18:08.825889 | INFO : Validation runtime: 0.0 hours, 0.0 minutes, 0.5907647609710693 seconds

(training_methods.py:268) 2025-06-06 21:18:08.826064 | INFO : Avg val. time: 0.0 hours, 0.0 minutes, 0.6066526613737407 seconds
(training_methods.py:269) 2025-06-06 21:18:08.826117 | INFO : Avg batch val. time: 0.12133053227474815 seconds
(training_methods.py:270) 2025-06-06 21:18:08.826161 | INFO : Avg sample val. time: 0.002022175537912469 seconds
(training_methods.py:276) 2025-06-06 21:18:08.826210 | INFO : report:               precision    recall  f1-score   support

           0       0.00      0.00      0.00         4
           1       0.08      0.20      0.12         5
           2       0.17      0.33      0.22         6
           3       0.00      0.00      0.00        29
           4       0.00      0.00      0.00         8
           5       0.00      0.00      0.00         4
           6       0.00      0.00      0.00         7
           7       0.00      0.00      0.00         2
           8       0.00      0.00      0.00         7
           9       0.50      0.33      0.40        18
          10       0.00      0.00      0.00         5
          11       0.00      0.00      0.00        21
          12       0.00      0.00      0.00         4
          13       0.00      0.00      0.00        16
          14       0.00      0.00      0.00         9
          15       0.00      0.00      0.00        45
          16       0.00      0.00      0.00         7
          17       0.00      0.00      0.00        12
          18       0.08      0.17      0.11         6
          19       0.00      0.00      0.00         3
          20       0.00      0.00      0.00         2
          21       0.00      0.00      0.00        13
          22       0.00      0.00      0.00        29
          23       0.00      0.00      0.00        24
          24       0.00      0.00      0.00        14

    accuracy                           0.03       300
   macro avg       0.03      0.04      0.03       300
weighted avg       0.04      0.03      0.03       300

(training_methods.py:282) 2025-06-06 21:18:08.826296 | INFO : Epoch 18 Validation Summary: epoch: 18.000000 | loss: 0.000000 | accuracy: 0.033333 | 
(training_methods.py:312) 2025-06-06 21:18:08.828806 | INFO : ckpt updated.
(training_methods.py:254) 2025-06-06 21:18:09.013182 | INFO : Training Epoch 19   0.0% | batch:         0 of         5
	loss: 0.63252

(training_methods.py:257) 2025-06-06 21:18:09.142936 | INFO : Evaluating on validation set ...
(training_methods.py:254) 2025-06-06 21:18:09.769277 | INFO : Evaluating Epoch 19   0.0% | batch:         0 of         5
	loss: inf

(training_methods.py:262) 2025-06-06 21:18:09.824297 | INFO : Validation runtime: 0.0 hours, 0.0 minutes, 0.6811387538909912 seconds

(training_methods.py:268) 2025-06-06 21:18:09.824507 | INFO : Avg val. time: 0.0 hours, 0.0 minutes, 0.6103769659996032 seconds
(training_methods.py:269) 2025-06-06 21:18:09.824563 | INFO : Avg batch val. time: 0.12207539319992064 seconds
(training_methods.py:270) 2025-06-06 21:18:09.824610 | INFO : Avg sample val. time: 0.0020345898866653443 seconds
(training_methods.py:276) 2025-06-06 21:18:09.824665 | INFO : report:               precision    recall  f1-score   support

           0       0.08      0.03      0.05        32
           1       0.33      0.24      0.28        17
           2       0.42      0.36      0.38        14
           3       0.00      0.00      0.00        34
           4       0.00      0.00      0.00         5
           5       0.00      0.00      0.00         5
           6       0.00      0.00      0.00         9
           7       0.00      0.00      0.00         0
           8       0.00      0.00      0.00         7
           9       0.08      0.50      0.14         2
          10       0.00      0.00      0.00         0
          11       0.00      0.00      0.00        27
          12       0.00      0.00      0.00         1
          13       0.00      0.00      0.00         5
          14       0.00      0.00      0.00        11
          15       0.00      0.00      0.00        22
          16       0.00      0.00      0.00         0
          17       0.17      1.00      0.29         2
          18       0.17      0.06      0.09        33
          19       0.00      0.00      0.00         2
          20       0.00      0.00      0.00         0
          21       0.00      0.00      0.00         7
          22       0.00      0.00      0.00         0
          23       0.00      0.00      0.00        62
          24       0.00      0.00      0.00         3

    accuracy                           0.05       300
   macro avg       0.05      0.09      0.05       300
weighted avg       0.07      0.05      0.05       300

(training_methods.py:282) 2025-06-06 21:18:09.824751 | INFO : Epoch 19 Validation Summary: epoch: 19.000000 | loss: 0.000000 | accuracy: 0.050000 | 
(training_methods.py:312) 2025-06-06 21:18:09.827490 | INFO : ckpt updated.
