(dataloaders.py:51) 2025-06-06 22:27:47.630646 | INFO : train_ds length: 275, valid_ds length: 300
(process_model.py:276) 2025-06-06 22:27:47.634113 | INFO : {'feat_dim': 9, 'seq_len': 144, 'device': 'cpu'}
(process_model.py:277) 2025-06-06 22:27:47.634238 | INFO : TNC(
  (encoder): RnnEncoder(
    (nn): Sequential(
      (0): Linear(in_features=200, out_features=10, bias=True)
    )
    (rnn): GRU(9, 100, bidirectional=True)
  )
  (disc_model): Discriminator(
    (model): Sequential(
      (0): Linear(in_features=20, out_features=40, bias=True)
      (1): ReLU(inplace=True)
      (2): Dropout(p=0.5, inplace=False)
      (3): Linear(in_features=40, out_features=1, bias=True)
    )
  )
)
(training_methods.py:254) 2025-06-06 22:27:48.293532 | INFO : Training Epoch 0   0.0% | batch:         0 of         5
	loss: 0.702907

(training_methods.py:257) 2025-06-06 22:27:48.434291 | INFO : Evaluating on validation set ...
(training_methods.py:254) 2025-06-06 22:27:49.033464 | INFO : Evaluating Epoch 0   0.0% | batch:         0 of         5
	loss: inf

(training_methods.py:262) 2025-06-06 22:27:49.089095 | INFO : Validation runtime: 0.0 hours, 0.0 minutes, 0.6545159816741943 seconds

(training_methods.py:268) 2025-06-06 22:27:49.089357 | INFO : Avg val. time: 0.0 hours, 0.0 minutes, 0.6545159816741943 seconds
(training_methods.py:269) 2025-06-06 22:27:49.089417 | INFO : Avg batch val. time: 0.13090319633483888 seconds
(training_methods.py:270) 2025-06-06 22:27:49.089463 | INFO : Avg sample val. time: 0.0021817199389139812 seconds
(training_methods.py:276) 2025-06-06 22:27:49.089521 | INFO : report:               precision    recall  f1-score   support

           0       0.00      0.00      0.00        12
           1       0.00      0.00      0.00         8
           2       0.25      0.12      0.16        26
           3       0.00      0.00      0.00        10
           4       0.00      0.00      0.00        19
           5       0.00      0.00      0.00         1
           6       0.08      0.20      0.12         5
           7       0.08      0.12      0.10         8
           8       0.17      0.09      0.11        23
           9       0.00      0.00      0.00         5
          10       0.00      0.00      0.00         7
          11       0.00      0.00      0.00        21
          12       0.08      0.17      0.11         6
          13       0.00      0.00      0.00         5
          14       0.00      0.00      0.00        18
          15       0.08      0.05      0.06        21
          16       0.17      0.22      0.19         9
          17       0.08      0.06      0.07        16
          18       0.25      0.14      0.18        21
          19       0.00      0.00      0.00         8
          20       0.00      0.00      0.00         9
          21       0.00      0.00      0.00         9
          22       0.00      0.00      0.00         9
          23       0.00      0.00      0.00        12
          24       0.08      0.08      0.08        12

    accuracy                           0.05       300
   macro avg       0.05      0.05      0.05       300
weighted avg       0.08      0.05      0.06       300

(training_methods.py:282) 2025-06-06 22:27:49.089609 | INFO : Epoch 0 Validation Summary: epoch: 0.000000 | loss: 0.000000 | accuracy: 0.053333 | 
(training_methods.py:312) 2025-06-06 22:27:49.092591 | INFO : ckpt updated.
(training_methods.py:254) 2025-06-06 22:27:49.305077 | INFO : Training Epoch 1   0.0% | batch:         0 of         5
	loss: 0.690808

(training_methods.py:257) 2025-06-06 22:27:49.446705 | INFO : Evaluating on validation set ...
(training_methods.py:254) 2025-06-06 22:27:49.978196 | INFO : Evaluating Epoch 1   0.0% | batch:         0 of         5
	loss: inf

(training_methods.py:262) 2025-06-06 22:27:50.024771 | INFO : Validation runtime: 0.0 hours, 0.0 minutes, 0.5778193473815918 seconds

(training_methods.py:268) 2025-06-06 22:27:50.024952 | INFO : Avg val. time: 0.0 hours, 0.0 minutes, 0.6161676645278931 seconds
(training_methods.py:269) 2025-06-06 22:27:50.025021 | INFO : Avg batch val. time: 0.12323353290557862 seconds
(training_methods.py:270) 2025-06-06 22:27:50.025080 | INFO : Avg sample val. time: 0.0020538922150929767 seconds
(training_methods.py:276) 2025-06-06 22:27:50.025131 | INFO : report:               precision    recall  f1-score   support

           0       0.00      0.00      0.00        16
           1       0.00      0.00      0.00        14
           2       0.08      0.08      0.08        13
           3       0.00      0.00      0.00        13
           4       0.00      0.00      0.00        13
           5       0.00      0.00      0.00         6
           6       0.25      0.25      0.25        12
           7       0.17      0.13      0.15        15
           8       0.08      0.07      0.08        14
           9       0.00      0.00      0.00         7
          10       0.08      0.08      0.08        12
          11       0.00      0.00      0.00         8
          12       0.00      0.00      0.00        15
          13       0.00      0.00      0.00        10
          14       0.00      0.00      0.00        17
          15       0.00      0.00      0.00        24
          16       0.17      0.50      0.25         4
          17       0.00      0.00      0.00         7
          18       0.08      0.05      0.06        20
          19       0.00      0.00      0.00        13
          20       0.00      0.00      0.00         5
          21       0.00      0.00      0.00         6
          22       0.08      0.06      0.07        16
          23       0.00      0.00      0.00        12
          24       0.17      0.25      0.20         8

    accuracy                           0.05       300
   macro avg       0.05      0.06      0.05       300
weighted avg       0.05      0.05      0.04       300

(training_methods.py:282) 2025-06-06 22:27:50.025240 | INFO : Epoch 1 Validation Summary: epoch: 1.000000 | loss: 0.000000 | accuracy: 0.046667 | 
(training_methods.py:312) 2025-06-06 22:27:50.027716 | INFO : ckpt updated.
(training_methods.py:254) 2025-06-06 22:27:50.410918 | INFO : Training Epoch 2   0.0% | batch:         0 of         5
	loss: 0.688108

(training_methods.py:257) 2025-06-06 22:27:50.545688 | INFO : Evaluating on validation set ...
(training_methods.py:254) 2025-06-06 22:27:51.077881 | INFO : Evaluating Epoch 2   0.0% | batch:         0 of         5
	loss: inf

(training_methods.py:262) 2025-06-06 22:27:51.124234 | INFO : Validation runtime: 0.0 hours, 0.0 minutes, 0.5782907009124756 seconds

(training_methods.py:268) 2025-06-06 22:27:51.124434 | INFO : Avg val. time: 0.0 hours, 0.0 minutes, 0.6035420099894205 seconds
(training_methods.py:269) 2025-06-06 22:27:51.124493 | INFO : Avg batch val. time: 0.1207084019978841 seconds
(training_methods.py:270) 2025-06-06 22:27:51.124536 | INFO : Avg sample val. time: 0.002011806699964735 seconds
(training_methods.py:276) 2025-06-06 22:27:51.124587 | INFO : report:               precision    recall  f1-score   support

           0       0.00      0.00      0.00         5
           1       0.00      0.00      0.00        14
           2       0.33      0.18      0.24        22
           3       0.00      0.00      0.00         8
           4       0.00      0.00      0.00        19
           5       0.00      0.00      0.00        12
           6       0.33      0.25      0.29        16
           7       0.08      0.08      0.08        12
           8       0.42      0.19      0.26        26
           9       0.00      0.00      0.00         9
          10       0.00      0.00      0.00        13
          11       0.00      0.00      0.00         5
          12       0.08      0.20      0.12         5
          13       0.00      0.00      0.00         5
          14       0.00      0.00      0.00        11
          15       0.25      0.15      0.19        20
          16       0.17      0.14      0.15        14
          17       0.08      0.09      0.09        11
          18       0.33      0.31      0.32        13
          19       0.17      0.25      0.20         8
          20       0.00      0.00      0.00        11
          21       0.00      0.00      0.00        11
          22       0.00      0.00      0.00         5
          23       0.00      0.00      0.00        15
          24       0.00      0.00      0.00        10

    accuracy                           0.09       300
   macro avg       0.09      0.07      0.08       300
weighted avg       0.13      0.09      0.10       300

(training_methods.py:282) 2025-06-06 22:27:51.124689 | INFO : Epoch 2 Validation Summary: epoch: 2.000000 | loss: 0.000000 | accuracy: 0.090000 | 
(training_methods.py:312) 2025-06-06 22:27:51.127232 | INFO : ckpt updated.
(training_methods.py:254) 2025-06-06 22:27:51.355958 | INFO : Training Epoch 3   0.0% | batch:         0 of         5
	loss: 0.683373

(training_methods.py:257) 2025-06-06 22:27:51.485363 | INFO : Evaluating on validation set ...
(training_methods.py:254) 2025-06-06 22:27:52.024920 | INFO : Evaluating Epoch 3   0.0% | batch:         0 of         5
	loss: inf

(training_methods.py:262) 2025-06-06 22:27:52.071623 | INFO : Validation runtime: 0.0 hours, 0.0 minutes, 0.5860259532928467 seconds

(training_methods.py:268) 2025-06-06 22:27:52.071805 | INFO : Avg val. time: 0.0 hours, 0.0 minutes, 0.5991629958152771 seconds
(training_methods.py:269) 2025-06-06 22:27:52.071875 | INFO : Avg batch val. time: 0.11983259916305541 seconds
(training_methods.py:270) 2025-06-06 22:27:52.071920 | INFO : Avg sample val. time: 0.001997209986050924 seconds
(training_methods.py:276) 2025-06-06 22:27:52.071974 | INFO : report:               precision    recall  f1-score   support

           0       0.00      0.00      0.00         4
           1       0.00      0.00      0.00        17
           2       0.33      0.13      0.19        31
           3       0.00      0.00      0.00         7
           4       0.00      0.00      0.00         5
           5       0.00      0.00      0.00         3
           6       0.25      0.75      0.38         4
           7       0.08      0.08      0.08        13
           8       0.25      0.11      0.15        28
           9       0.00      0.00      0.00         7
          10       0.00      0.00      0.00        15
          11       0.00      0.00      0.00        17
          12       0.00      0.00      0.00        11
          13       0.00      0.00      0.00         6
          14       0.00      0.00      0.00         7
          15       0.00      0.00      0.00        17
          16       0.25      0.27      0.26        11
          17       0.08      0.06      0.07        17
          18       0.08      0.17      0.11         6
          19       0.00      0.00      0.00        27
          20       0.00      0.00      0.00         9
          21       0.00      0.00      0.00        20
          22       0.00      0.00      0.00         2
          23       0.08      0.08      0.08        12
          24       0.00      0.00      0.00         4

    accuracy                           0.06       300
   macro avg       0.06      0.07      0.05       300
weighted avg       0.08      0.06      0.06       300

(training_methods.py:282) 2025-06-06 22:27:52.072046 | INFO : Epoch 3 Validation Summary: epoch: 3.000000 | loss: 0.000000 | accuracy: 0.056667 | 
(training_methods.py:312) 2025-06-06 22:27:52.074746 | INFO : ckpt updated.
(training_methods.py:254) 2025-06-06 22:27:52.268496 | INFO : Training Epoch 4   0.0% | batch:         0 of         5
	loss: 0.68721

(training_methods.py:257) 2025-06-06 22:27:52.400705 | INFO : Evaluating on validation set ...
(training_methods.py:254) 2025-06-06 22:27:52.921626 | INFO : Evaluating Epoch 4   0.0% | batch:         0 of         5
	loss: inf

(training_methods.py:262) 2025-06-06 22:27:52.972443 | INFO : Validation runtime: 0.0 hours, 0.0 minutes, 0.5714836120605469 seconds

(training_methods.py:268) 2025-06-06 22:27:52.972625 | INFO : Avg val. time: 0.0 hours, 0.0 minutes, 0.5936271190643311 seconds
(training_methods.py:269) 2025-06-06 22:27:52.972683 | INFO : Avg batch val. time: 0.11872542381286622 seconds
(training_methods.py:270) 2025-06-06 22:27:52.972728 | INFO : Avg sample val. time: 0.00197875706354777 seconds
(training_methods.py:276) 2025-06-06 22:27:52.972793 | INFO : report:               precision    recall  f1-score   support

           0       0.00      0.00      0.00         4
           1       0.00      0.00      0.00         8
           2       0.33      0.15      0.21        27
           3       0.00      0.00      0.00        13
           4       0.00      0.00      0.00         3
           5       0.00      0.00      0.00         2
           6       0.00      0.00      0.00        15
           7       0.33      0.16      0.22        25
           8       0.08      0.04      0.05        26
           9       0.00      0.00      0.00         6
          10       0.08      0.08      0.08        13
          11       0.00      0.00      0.00        11
          12       0.00      0.00      0.00         4
          13       0.00      0.00      0.00         7
          14       0.00      0.00      0.00         3
          15       0.08      0.05      0.06        22
          16       0.25      0.12      0.16        25
          17       0.08      0.07      0.07        15
          18       0.08      0.33      0.13         3
          19       0.00      0.00      0.00         8
          20       0.00      0.00      0.00        16
          21       0.00      0.00      0.00        15
          22       0.00      0.00      0.00         9
          23       0.00      0.00      0.00        13
          24       0.00      0.00      0.00         7

    accuracy                           0.05       300
   macro avg       0.05      0.04      0.04       300
weighted avg       0.10      0.05      0.07       300

(training_methods.py:282) 2025-06-06 22:27:52.972881 | INFO : Epoch 4 Validation Summary: epoch: 4.000000 | loss: 0.000000 | accuracy: 0.053333 | 
(training_methods.py:312) 2025-06-06 22:27:52.975359 | INFO : ckpt updated.
(training_methods.py:254) 2025-06-06 22:27:53.196579 | INFO : Training Epoch 5   0.0% | batch:         0 of         5
	loss: 0.664631

(training_methods.py:257) 2025-06-06 22:27:53.328228 | INFO : Evaluating on validation set ...
(training_methods.py:254) 2025-06-06 22:27:53.879737 | INFO : Evaluating Epoch 5   0.0% | batch:         0 of         5
	loss: inf

(training_methods.py:262) 2025-06-06 22:27:53.925284 | INFO : Validation runtime: 0.0 hours, 0.0 minutes, 0.5968024730682373 seconds

(training_methods.py:268) 2025-06-06 22:27:53.925483 | INFO : Avg val. time: 0.0 hours, 0.0 minutes, 0.5941563447316488 seconds
(training_methods.py:269) 2025-06-06 22:27:53.925536 | INFO : Avg batch val. time: 0.11883126894632975 seconds
(training_methods.py:270) 2025-06-06 22:27:53.925581 | INFO : Avg sample val. time: 0.001980521149105496 seconds
(training_methods.py:276) 2025-06-06 22:27:53.925632 | INFO : report:               precision    recall  f1-score   support

           0       0.00      0.00      0.00         7
           1       0.08      0.25      0.12         4
           2       0.33      0.20      0.25        20
           3       0.00      0.00      0.00         8
           4       0.00      0.00      0.00         8
           5       0.00      0.00      0.00         5
           6       0.08      0.50      0.14         2
           7       0.25      0.25      0.25        12
           8       0.08      0.04      0.05        27
           9       0.00      0.00      0.00        20
          10       0.00      0.00      0.00        14
          11       0.25      0.10      0.15        29
          12       0.00      0.00      0.00        10
          13       0.00      0.00      0.00         6
          14       0.00      0.00      0.00        10
          15       0.00      0.00      0.00        21
          16       0.08      0.10      0.09        10
          17       0.00      0.00      0.00        14
          18       0.25      0.38      0.30         8
          19       0.00      0.00      0.00        24
          20       0.00      0.00      0.00        10
          21       0.00      0.00      0.00         8
          22       0.00      0.00      0.00        10
          23       0.00      0.00      0.00         9
          24       0.00      0.00      0.00         4

    accuracy                           0.06       300
   macro avg       0.06      0.07      0.05       300
weighted avg       0.07      0.06      0.06       300

(training_methods.py:282) 2025-06-06 22:27:53.925739 | INFO : Epoch 5 Validation Summary: epoch: 5.000000 | loss: 0.000000 | accuracy: 0.056667 | 
(training_methods.py:312) 2025-06-06 22:27:53.928235 | INFO : ckpt updated.
(training_methods.py:254) 2025-06-06 22:27:54.127759 | INFO : Training Epoch 6   0.0% | batch:         0 of         5
	loss: 0.664096

(training_methods.py:257) 2025-06-06 22:27:54.260195 | INFO : Evaluating on validation set ...
(training_methods.py:254) 2025-06-06 22:27:54.786574 | INFO : Evaluating Epoch 6   0.0% | batch:         0 of         5
	loss: inf

(training_methods.py:262) 2025-06-06 22:27:54.837369 | INFO : Validation runtime: 0.0 hours, 0.0 minutes, 0.5769517421722412 seconds

(training_methods.py:268) 2025-06-06 22:27:54.837573 | INFO : Avg val. time: 0.0 hours, 0.0 minutes, 0.5916985443660191 seconds
(training_methods.py:269) 2025-06-06 22:27:54.837627 | INFO : Avg batch val. time: 0.11833970887320382 seconds
(training_methods.py:270) 2025-06-06 22:27:54.837672 | INFO : Avg sample val. time: 0.0019723284812200636 seconds
(training_methods.py:276) 2025-06-06 22:27:54.837725 | INFO : report:               precision    recall  f1-score   support

           0       0.00      0.00      0.00         5
           1       0.00      0.00      0.00         3
           2       0.17      0.08      0.11        25
           3       0.00      0.00      0.00         7
           4       0.00      0.00      0.00         3
           5       0.00      0.00      0.00         6
           6       0.00      0.00      0.00         4
           7       0.17      0.14      0.15        14
           8       0.08      0.05      0.06        20
           9       0.00      0.00      0.00         2
          10       0.00      0.00      0.00         9
          11       0.00      0.00      0.00        25
          12       0.00      0.00      0.00         8
          13       0.00      0.00      0.00        10
          14       0.00      0.00      0.00        10
          15       0.42      0.33      0.37        15
          16       0.25      0.23      0.24        13
          17       0.08      0.05      0.06        19
          18       0.08      0.33      0.13         3
          19       0.00      0.00      0.00        26
          20       0.00      0.00      0.00        17
          21       0.00      0.00      0.00        24
          22       0.00      0.00      0.00        19
          23       0.00      0.00      0.00         9
          24       0.00      0.00      0.00         4

    accuracy                           0.05       300
   macro avg       0.05      0.05      0.05       300
weighted avg       0.06      0.05      0.05       300

(training_methods.py:282) 2025-06-06 22:27:54.837803 | INFO : Epoch 6 Validation Summary: epoch: 6.000000 | loss: 0.000000 | accuracy: 0.050000 | 
(training_methods.py:312) 2025-06-06 22:27:54.840341 | INFO : ckpt updated.
(training_methods.py:254) 2025-06-06 22:27:55.047902 | INFO : Training Epoch 7   0.0% | batch:         0 of         5
	loss: 0.664453

(training_methods.py:257) 2025-06-06 22:27:55.176524 | INFO : Evaluating on validation set ...
(training_methods.py:254) 2025-06-06 22:27:55.726826 | INFO : Evaluating Epoch 7   0.0% | batch:         0 of         5
	loss: inf

(training_methods.py:262) 2025-06-06 22:27:55.772907 | INFO : Validation runtime: 0.0 hours, 0.0 minutes, 0.5961282253265381 seconds

(training_methods.py:268) 2025-06-06 22:27:55.773081 | INFO : Avg val. time: 0.0 hours, 0.0 minutes, 0.592252254486084 seconds
(training_methods.py:269) 2025-06-06 22:27:55.773157 | INFO : Avg batch val. time: 0.1184504508972168 seconds
(training_methods.py:270) 2025-06-06 22:27:55.773204 | INFO : Avg sample val. time: 0.00197417418162028 seconds
(training_methods.py:276) 2025-06-06 22:27:55.773267 | INFO : report:               precision    recall  f1-score   support

           0       0.00      0.00      0.00         6
           1       0.08      0.14      0.11         7
           2       0.00      0.00      0.00         5
           3       0.00      0.00      0.00        12
           4       0.00      0.00      0.00         3
           5       0.00      0.00      0.00         5
           6       0.00      0.00      0.00         2
           7       0.08      0.10      0.09        10
           8       0.33      0.33      0.33        12
           9       0.00      0.00      0.00         8
          10       0.00      0.00      0.00        22
          11       0.00      0.00      0.00        17
          12       0.00      0.00      0.00        10
          13       0.00      0.00      0.00         0
          14       0.00      0.00      0.00        18
          15       0.00      0.00      0.00        23
          16       0.08      0.11      0.10         9
          17       0.08      0.11      0.10         9
          18       0.08      0.05      0.06        21
          19       0.08      0.02      0.03        57
          20       0.00      0.00      0.00        13
          21       0.00      0.00      0.00        15
          22       0.08      0.17      0.11         6
          23       0.00      0.00      0.00         8
          24       0.00      0.00      0.00         2

    accuracy                           0.04       300
   macro avg       0.04      0.04      0.04       300
weighted avg       0.05      0.04      0.04       300

(training_methods.py:282) 2025-06-06 22:27:55.773341 | INFO : Epoch 7 Validation Summary: epoch: 7.000000 | loss: 0.000000 | accuracy: 0.036667 | 
(training_methods.py:312) 2025-06-06 22:27:55.775782 | INFO : ckpt updated.
(training_methods.py:254) 2025-06-06 22:27:55.976014 | INFO : Training Epoch 8   0.0% | batch:         0 of         5
	loss: 0.658597

(training_methods.py:257) 2025-06-06 22:27:56.106180 | INFO : Evaluating on validation set ...
(training_methods.py:254) 2025-06-06 22:27:56.647689 | INFO : Evaluating Epoch 8   0.0% | batch:         0 of         5
	loss: inf

(training_methods.py:262) 2025-06-06 22:27:56.778822 | INFO : Validation runtime: 0.0 hours, 0.0 minutes, 0.6723721027374268 seconds

(training_methods.py:268) 2025-06-06 22:27:56.778994 | INFO : Avg val. time: 0.0 hours, 0.0 minutes, 0.6011544598473443 seconds
(training_methods.py:269) 2025-06-06 22:27:56.779062 | INFO : Avg batch val. time: 0.12023089196946886 seconds
(training_methods.py:270) 2025-06-06 22:27:56.779107 | INFO : Avg sample val. time: 0.0020038481994911475 seconds
(training_methods.py:276) 2025-06-06 22:27:56.779158 | INFO : report:               precision    recall  f1-score   support

           0       0.00      0.00      0.00         8
           1       0.00      0.00      0.00        10
           2       0.17      0.20      0.18        10
           3       0.00      0.00      0.00         7
           4       0.00      0.00      0.00         0
           5       0.00      0.00      0.00        16
           6       0.00      0.00      0.00         4
           7       0.42      0.45      0.43        11
           8       0.00      0.00      0.00        12
           9       0.00      0.00      0.00         5
          10       0.00      0.00      0.00         2
          11       0.00      0.00      0.00        16
          12       0.00      0.00      0.00         0
          13       0.00      0.00      0.00        14
          14       0.00      0.00      0.00        15
          15       0.00      0.00      0.00         6
          16       0.17      0.67      0.27         3
          17       0.08      0.07      0.08        14
          18       0.33      0.10      0.15        40
          19       0.00      0.00      0.00        46
          20       0.00      0.00      0.00        14
          21       0.00      0.00      0.00         8
          22       0.00      0.00      0.00         9
          23       0.08      0.08      0.08        13
          24       0.33      0.24      0.28        17

    accuracy                           0.06       300
   macro avg       0.06      0.07      0.06       300
weighted avg       0.09      0.06      0.07       300

(training_methods.py:282) 2025-06-06 22:27:56.779243 | INFO : Epoch 8 Validation Summary: epoch: 8.000000 | loss: 0.000000 | accuracy: 0.063333 | 
(training_methods.py:312) 2025-06-06 22:27:56.781703 | INFO : ckpt updated.
(training_methods.py:254) 2025-06-06 22:27:56.976230 | INFO : Training Epoch 9   0.0% | batch:         0 of         5
	loss: 0.667615

(training_methods.py:257) 2025-06-06 22:27:57.108942 | INFO : Evaluating on validation set ...
(training_methods.py:254) 2025-06-06 22:27:57.654660 | INFO : Evaluating Epoch 9   0.0% | batch:         0 of         5
	loss: inf

(training_methods.py:262) 2025-06-06 22:27:57.700586 | INFO : Validation runtime: 0.0 hours, 0.0 minutes, 0.5914266109466553 seconds

(training_methods.py:268) 2025-06-06 22:27:57.700766 | INFO : Avg val. time: 0.0 hours, 0.0 minutes, 0.6001816749572754 seconds
(training_methods.py:269) 2025-06-06 22:27:57.700834 | INFO : Avg batch val. time: 0.12003633499145508 seconds
(training_methods.py:270) 2025-06-06 22:27:57.700879 | INFO : Avg sample val. time: 0.002000605583190918 seconds
(training_methods.py:276) 2025-06-06 22:27:57.700929 | INFO : report:               precision    recall  f1-score   support

           0       0.00      0.00      0.00        14
           1       0.08      0.14      0.11         7
           2       0.08      0.25      0.12         4
           3       0.00      0.00      0.00        20
           4       0.00      0.00      0.00         0
           5       0.00      0.00      0.00         6
           6       0.00      0.00      0.00         9
           7       0.08      0.20      0.12         5
           8       0.00      0.00      0.00        23
           9       0.08      0.06      0.07        16
          10       0.17      0.17      0.17        12
          11       0.00      0.00      0.00        34
          12       0.00      0.00      0.00         0
          13       0.00      0.00      0.00        24
          14       0.00      0.00      0.00         4
          15       0.00      0.00      0.00         9
          16       0.17      0.33      0.22         6
          17       0.08      0.11      0.10         9
          18       0.33      0.11      0.16        37
          19       0.00      0.00      0.00         3
          20       0.00      0.00      0.00        25
          21       0.00      0.00      0.00         8
          22       0.17      0.29      0.21         7
          23       0.00      0.00      0.00         9
          24       0.00      0.00      0.00         9

    accuracy                           0.05       300
   macro avg       0.05      0.07      0.05       300
weighted avg       0.07      0.05      0.05       300

(training_methods.py:282) 2025-06-06 22:27:57.701004 | INFO : Epoch 9 Validation Summary: epoch: 9.000000 | loss: 0.000000 | accuracy: 0.050000 | 
(training_methods.py:312) 2025-06-06 22:27:57.703552 | INFO : ckpt updated.
(training_methods.py:254) 2025-06-06 22:27:57.899605 | INFO : Training Epoch 10   0.0% | batch:         0 of         5
	loss: 0.652107

(training_methods.py:257) 2025-06-06 22:27:58.032336 | INFO : Evaluating on validation set ...
(training_methods.py:254) 2025-06-06 22:27:58.640030 | INFO : Evaluating Epoch 10   0.0% | batch:         0 of         5
	loss: inf

(training_methods.py:262) 2025-06-06 22:27:58.691366 | INFO : Validation runtime: 0.0 hours, 0.0 minutes, 0.6587707996368408 seconds

(training_methods.py:268) 2025-06-06 22:27:58.691547 | INFO : Avg val. time: 0.0 hours, 0.0 minutes, 0.6055079590190541 seconds
(training_methods.py:269) 2025-06-06 22:27:58.691617 | INFO : Avg batch val. time: 0.12110159180381082 seconds
(training_methods.py:270) 2025-06-06 22:27:58.691661 | INFO : Avg sample val. time: 0.002018359863396847 seconds
(training_methods.py:276) 2025-06-06 22:27:58.691713 | INFO : report:               precision    recall  f1-score   support

           0       0.00      0.00      0.00        15
           1       0.00      0.00      0.00         5
           2       0.08      0.25      0.12         4
           3       0.00      0.00      0.00        33
           4       0.00      0.00      0.00         0
           5       0.00      0.00      0.00         9
           6       0.00      0.00      0.00         4
           7       0.00      0.00      0.00         1
           8       0.00      0.00      0.00         1
           9       0.17      0.11      0.13        19
          10       0.00      0.00      0.00         4
          11       0.00      0.00      0.00        49
          12       0.00      0.00      0.00         0
          13       0.00      0.00      0.00        17
          14       0.00      0.00      0.00         4
          15       0.00      0.00      0.00        50
          16       0.00      0.00      0.00         0
          17       0.00      0.00      0.00        23
          18       0.17      0.17      0.17        12
          19       0.00      0.00      0.00         5
          20       0.00      0.00      0.00        13
          21       0.08      0.10      0.09        10
          22       0.00      0.00      0.00         3
          23       0.00      0.00      0.00         8
          24       0.17      0.18      0.17        11

    accuracy                           0.03       300
   macro avg       0.03      0.03      0.03       300
weighted avg       0.03      0.03      0.03       300

(training_methods.py:282) 2025-06-06 22:27:58.691798 | INFO : Epoch 10 Validation Summary: epoch: 10.000000 | loss: 0.000000 | accuracy: 0.026667 | 
(training_methods.py:312) 2025-06-06 22:27:58.694341 | INFO : ckpt updated.
(training_methods.py:254) 2025-06-06 22:27:58.896785 | INFO : Training Epoch 11   0.0% | batch:         0 of         5
	loss: 0.662862

(training_methods.py:257) 2025-06-06 22:27:59.027568 | INFO : Evaluating on validation set ...
(training_methods.py:254) 2025-06-06 22:27:59.602407 | INFO : Evaluating Epoch 11   0.0% | batch:         0 of         5
	loss: inf

(training_methods.py:262) 2025-06-06 22:27:59.650672 | INFO : Validation runtime: 0.0 hours, 0.0 minutes, 0.6228408813476562 seconds

(training_methods.py:268) 2025-06-06 22:27:59.650851 | INFO : Avg val. time: 0.0 hours, 0.0 minutes, 0.6069523692131042 seconds
(training_methods.py:269) 2025-06-06 22:27:59.650918 | INFO : Avg batch val. time: 0.12139047384262085 seconds
(training_methods.py:270) 2025-06-06 22:27:59.650964 | INFO : Avg sample val. time: 0.0020231745640436807 seconds
(training_methods.py:276) 2025-06-06 22:27:59.651015 | INFO : report:               precision    recall  f1-score   support

           0       0.00      0.00      0.00         4
           1       0.00      0.00      0.00        11
           2       0.00      0.00      0.00         8
           3       0.00      0.00      0.00        13
           4       0.00      0.00      0.00         1
           5       0.00      0.00      0.00         7
           6       0.00      0.00      0.00         0
           7       0.08      0.50      0.14         2
           8       0.42      0.17      0.24        30
           9       0.17      0.10      0.12        20
          10       0.00      0.00      0.00         0
          11       0.00      0.00      0.00        20
          12       0.00      0.00      0.00         0
          13       0.00      0.00      0.00        19
          14       0.00      0.00      0.00         2
          15       0.08      0.02      0.03        50
          16       0.08      0.50      0.14         2
          17       0.17      0.09      0.12        22
          18       0.50      0.14      0.22        43
          19       0.00      0.00      0.00         8
          20       0.00      0.00      0.00        25
          21       0.00      0.00      0.00         2
          22       0.00      0.00      0.00         0
          23       0.00      0.00      0.00         1
          24       0.17      0.20      0.18        10

    accuracy                           0.07       300
   macro avg       0.07      0.07      0.05       300
weighted avg       0.16      0.07      0.09       300

(training_methods.py:282) 2025-06-06 22:27:59.651114 | INFO : Epoch 11 Validation Summary: epoch: 11.000000 | loss: 0.000000 | accuracy: 0.066667 | 
(training_methods.py:312) 2025-06-06 22:27:59.653621 | INFO : ckpt updated.
(training_methods.py:254) 2025-06-06 22:27:59.853533 | INFO : Training Epoch 12   0.0% | batch:         0 of         5
	loss: 0.645277

(training_methods.py:257) 2025-06-06 22:27:59.985040 | INFO : Evaluating on validation set ...
(training_methods.py:254) 2025-06-06 22:28:00.565478 | INFO : Evaluating Epoch 12   0.0% | batch:         0 of         5
	loss: inf

(training_methods.py:262) 2025-06-06 22:28:00.610573 | INFO : Validation runtime: 0.0 hours, 0.0 minutes, 0.6252448558807373 seconds

(training_methods.py:268) 2025-06-06 22:28:00.610784 | INFO : Avg val. time: 0.0 hours, 0.0 minutes, 0.608359483572153 seconds
(training_methods.py:269) 2025-06-06 22:28:00.610838 | INFO : Avg batch val. time: 0.1216718967144306 seconds
(training_methods.py:270) 2025-06-06 22:28:00.610882 | INFO : Avg sample val. time: 0.00202786494524051 seconds
(training_methods.py:276) 2025-06-06 22:28:00.610934 | INFO : report:               precision    recall  f1-score   support

           0       0.33      0.16      0.22        25
           1       0.08      0.11      0.10         9
           2       0.33      0.14      0.20        28
           3       0.00      0.00      0.00        22
           4       0.00      0.00      0.00        17
           5       0.00      0.00      0.00        20
           6       0.00      0.00      0.00         8
           7       0.17      0.33      0.22         6
           8       0.75      0.64      0.69        14
           9       0.17      0.15      0.16        13
          10       0.00      0.00      0.00        13
          11       0.00      0.00      0.00        34
          12       0.00      0.00      0.00         3
          13       0.00      0.00      0.00         6
          14       0.00      0.00      0.00        26
          15       0.00      0.00      0.00         1
          16       0.00      0.00      0.00         4
          17       0.08      0.03      0.05        30
          18       0.08      0.50      0.14         2
          19       0.00      0.00      0.00         5
          20       0.00      0.00      0.00         0
          21       0.00      0.00      0.00         8
          22       0.00      0.00      0.00         0
          23       0.00      0.00      0.00         1
          24       0.00      0.00      0.00         5

    accuracy                           0.08       300
   macro avg       0.08      0.08      0.07       300
weighted avg       0.12      0.08      0.09       300

(training_methods.py:282) 2025-06-06 22:28:00.611028 | INFO : Epoch 12 Validation Summary: epoch: 12.000000 | loss: 0.000000 | accuracy: 0.080000 | 
(training_methods.py:312) 2025-06-06 22:28:00.613765 | INFO : ckpt updated.
(training_methods.py:254) 2025-06-06 22:28:00.804597 | INFO : Training Epoch 13   0.0% | batch:         0 of         5
	loss: 0.645121

(training_methods.py:257) 2025-06-06 22:28:00.937003 | INFO : Evaluating on validation set ...
(training_methods.py:254) 2025-06-06 22:28:01.547799 | INFO : Evaluating Epoch 13   0.0% | batch:         0 of         5
	loss: inf

(training_methods.py:262) 2025-06-06 22:28:01.599780 | INFO : Validation runtime: 0.0 hours, 0.0 minutes, 0.662482500076294 seconds

(training_methods.py:268) 2025-06-06 22:28:01.599977 | INFO : Avg val. time: 0.0 hours, 0.0 minutes, 0.6122254133224487 seconds
(training_methods.py:269) 2025-06-06 22:28:01.600047 | INFO : Avg batch val. time: 0.12244508266448975 seconds
(training_methods.py:270) 2025-06-06 22:28:01.600092 | INFO : Avg sample val. time: 0.0020407513777414956 seconds
(training_methods.py:276) 2025-06-06 22:28:01.600145 | INFO : report:               precision    recall  f1-score   support

           0       0.00      0.00      0.00         7
           1       0.17      0.50      0.25         4
           2       0.17      0.08      0.11        25
           3       0.00      0.00      0.00        25
           4       0.00      0.00      0.00        20
           5       0.00      0.00      0.00        12
           6       0.00      0.00      0.00         0
           7       0.17      0.22      0.19         9
           8       0.08      0.05      0.06        19
           9       0.17      0.25      0.20         8
          10       0.00      0.00      0.00        11
          11       0.00      0.00      0.00        30
          12       0.00      0.00      0.00         8
          13       0.00      0.00      0.00        10
          14       0.00      0.00      0.00        11
          15       0.00      0.00      0.00        12
          16       0.00      0.00      0.00         5
          17       0.00      0.00      0.00         8
          18       0.17      0.29      0.21         7
          19       0.00      0.00      0.00         4
          20       0.00      0.00      0.00         7
          21       0.00      0.00      0.00        10
          22       0.00      0.00      0.00        13
          23       0.00      0.00      0.00        27
          24       0.00      0.00      0.00         8

    accuracy                           0.04       300
   macro avg       0.04      0.06      0.04       300
weighted avg       0.03      0.04      0.03       300

(training_methods.py:282) 2025-06-06 22:28:01.600233 | INFO : Epoch 13 Validation Summary: epoch: 13.000000 | loss: 0.000000 | accuracy: 0.036667 | 
(training_methods.py:312) 2025-06-06 22:28:01.602989 | INFO : ckpt updated.
(training_methods.py:254) 2025-06-06 22:28:01.805891 | INFO : Training Epoch 14   0.0% | batch:         0 of         5
	loss: 0.650707

(training_methods.py:257) 2025-06-06 22:28:01.938125 | INFO : Evaluating on validation set ...
(training_methods.py:254) 2025-06-06 22:28:02.499536 | INFO : Evaluating Epoch 14   0.0% | batch:         0 of         5
	loss: inf

(training_methods.py:262) 2025-06-06 22:28:02.544034 | INFO : Validation runtime: 0.0 hours, 0.0 minutes, 0.6056220531463623 seconds

(training_methods.py:268) 2025-06-06 22:28:02.544242 | INFO : Avg val. time: 0.0 hours, 0.0 minutes, 0.6117851893107097 seconds
(training_methods.py:269) 2025-06-06 22:28:02.544297 | INFO : Avg batch val. time: 0.12235703786214194 seconds
(training_methods.py:270) 2025-06-06 22:28:02.544343 | INFO : Avg sample val. time: 0.0020392839643690324 seconds
(training_methods.py:276) 2025-06-06 22:28:02.544395 | INFO : report:               precision    recall  f1-score   support

           0       0.00      0.00      0.00         9
           1       0.00      0.00      0.00         1
           2       0.17      0.22      0.19         9
           3       0.00      0.00      0.00         1
           4       0.00      0.00      0.00         1
           5       0.00      0.00      0.00        14
           6       0.00      0.00      0.00         1
           7       0.25      0.43      0.32         7
           8       0.00      0.00      0.00         4
           9       0.00      0.00      0.00        16
          10       0.00      0.00      0.00        12
          11       0.00      0.00      0.00        27
          12       0.00      0.00      0.00         9
          13       0.00      0.00      0.00        55
          14       0.00      0.00      0.00         2
          15       0.17      0.20      0.18        10
          16       0.25      0.14      0.18        21
          17       0.25      0.50      0.33         6
          18       0.00      0.00      0.00         0
          19       0.00      0.00      0.00         4
          20       0.00      0.00      0.00         4
          21       0.00      0.00      0.00         0
          22       0.00      0.00      0.00         1
          23       0.00      0.00      0.00        82
          24       0.00      0.00      0.00         4

    accuracy                           0.04       300
   macro avg       0.04      0.06      0.05       300
weighted avg       0.04      0.04      0.04       300

(training_methods.py:282) 2025-06-06 22:28:02.544496 | INFO : Epoch 14 Validation Summary: epoch: 14.000000 | loss: 0.000000 | accuracy: 0.043333 | 
(training_methods.py:312) 2025-06-06 22:28:02.547241 | INFO : ckpt updated.
(training_methods.py:254) 2025-06-06 22:28:02.739541 | INFO : Training Epoch 15   0.0% | batch:         0 of         5
	loss: 0.638989

(training_methods.py:257) 2025-06-06 22:28:02.883857 | INFO : Evaluating on validation set ...
(training_methods.py:254) 2025-06-06 22:28:03.457972 | INFO : Evaluating Epoch 15   0.0% | batch:         0 of         5
	loss: inf

(training_methods.py:262) 2025-06-06 22:28:03.512626 | INFO : Validation runtime: 0.0 hours, 0.0 minutes, 0.6285123825073242 seconds

(training_methods.py:268) 2025-06-06 22:28:03.512924 | INFO : Avg val. time: 0.0 hours, 0.0 minutes, 0.612830638885498 seconds
(training_methods.py:269) 2025-06-06 22:28:03.512983 | INFO : Avg batch val. time: 0.1225661277770996 seconds
(training_methods.py:270) 2025-06-06 22:28:03.513030 | INFO : Avg sample val. time: 0.0020427687962849936 seconds
(training_methods.py:276) 2025-06-06 22:28:03.513087 | INFO : report:               precision    recall  f1-score   support

           0       0.00      0.00      0.00         6
           1       0.08      0.12      0.10         8
           2       0.08      0.17      0.11         6
           3       0.00      0.00      0.00        36
           4       0.00      0.00      0.00         4
           5       0.00      0.00      0.00         7
           6       0.00      0.00      0.00         1
           7       0.00      0.00      0.00         2
           8       0.00      0.00      0.00         8
           9       0.00      0.00      0.00         6
          10       0.00      0.00      0.00         7
          11       0.00      0.00      0.00        79
          12       0.00      0.00      0.00         2
          13       0.00      0.00      0.00        11
          14       0.00      0.00      0.00        10
          15       0.17      0.10      0.12        21
          16       0.00      0.00      0.00         9
          17       0.00      0.00      0.00        20
          18       0.08      0.50      0.14         2
          19       0.00      0.00      0.00         1
          20       0.00      0.00      0.00         1
          21       0.00      0.00      0.00         7
          22       0.00      0.00      0.00         2
          23       0.00      0.00      0.00        37
          24       0.00      0.00      0.00         7

    accuracy                           0.02       300
   macro avg       0.02      0.04      0.02       300
weighted avg       0.02      0.02      0.01       300

(training_methods.py:282) 2025-06-06 22:28:03.513197 | INFO : Epoch 15 Validation Summary: epoch: 15.000000 | loss: 0.000000 | accuracy: 0.016667 | 
(training_methods.py:312) 2025-06-06 22:28:03.515989 | INFO : ckpt updated.
(training_methods.py:254) 2025-06-06 22:28:03.732686 | INFO : Training Epoch 16   0.0% | batch:         0 of         5
	loss: 0.631401

(training_methods.py:257) 2025-06-06 22:28:03.866461 | INFO : Evaluating on validation set ...
(training_methods.py:254) 2025-06-06 22:28:04.438694 | INFO : Evaluating Epoch 16   0.0% | batch:         0 of         5
	loss: inf

(training_methods.py:262) 2025-06-06 22:28:04.483568 | INFO : Validation runtime: 0.0 hours, 0.0 minutes, 0.6168317794799805 seconds

(training_methods.py:268) 2025-06-06 22:28:04.483753 | INFO : Avg val. time: 0.0 hours, 0.0 minutes, 0.6130660000969382 seconds
(training_methods.py:269) 2025-06-06 22:28:04.483823 | INFO : Avg batch val. time: 0.12261320001938765 seconds
(training_methods.py:270) 2025-06-06 22:28:04.483868 | INFO : Avg sample val. time: 0.0020435533336564606 seconds
(training_methods.py:276) 2025-06-06 22:28:04.483920 | INFO : report:               precision    recall  f1-score   support

           0       0.00      0.00      0.00         7
           1       0.08      0.33      0.13         3
           2       0.17      0.22      0.19         9
           3       0.08      0.07      0.07        15
           4       0.00      0.00      0.00         8
           5       0.00      0.00      0.00        12
           6       0.00      0.00      0.00         1
           7       0.00      0.00      0.00         8
           8       0.00      0.00      0.00        13
           9       0.08      0.07      0.08        14
          10       0.00      0.00      0.00         2
          11       0.00      0.00      0.00        33
          12       0.00      0.00      0.00         4
          13       0.08      0.08      0.08        12
          14       0.00      0.00      0.00        31
          15       0.25      0.14      0.18        21
          16       0.17      0.14      0.15        14
          17       0.08      0.11      0.10         9
          18       0.42      0.71      0.53         7
          19       0.00      0.00      0.00         3
          20       0.00      0.00      0.00         4
          21       0.00      0.00      0.00        13
          22       0.00      0.00      0.00         5
          23       0.00      0.00      0.00        41
          24       0.00      0.00      0.00        11

    accuracy                           0.06       300
   macro avg       0.06      0.08      0.06       300
weighted avg       0.05      0.06      0.05       300

(training_methods.py:282) 2025-06-06 22:28:04.484045 | INFO : Epoch 16 Validation Summary: epoch: 16.000000 | loss: 0.000000 | accuracy: 0.056667 | 
(training_methods.py:312) 2025-06-06 22:28:04.486675 | INFO : ckpt updated.
(training_methods.py:254) 2025-06-06 22:28:04.682934 | INFO : Training Epoch 17   0.0% | batch:         0 of         5
	loss: 0.617323

(training_methods.py:257) 2025-06-06 22:28:04.814352 | INFO : Evaluating on validation set ...
(training_methods.py:254) 2025-06-06 22:28:05.388159 | INFO : Evaluating Epoch 17   0.0% | batch:         0 of         5
	loss: inf

(training_methods.py:262) 2025-06-06 22:28:05.440067 | INFO : Validation runtime: 0.0 hours, 0.0 minutes, 0.6254472732543945 seconds

(training_methods.py:268) 2025-06-06 22:28:05.440246 | INFO : Avg val. time: 0.0 hours, 0.0 minutes, 0.6137538486056857 seconds
(training_methods.py:269) 2025-06-06 22:28:05.440316 | INFO : Avg batch val. time: 0.12275076972113715 seconds
(training_methods.py:270) 2025-06-06 22:28:05.440360 | INFO : Avg sample val. time: 0.0020458461620189525 seconds
(training_methods.py:276) 2025-06-06 22:28:05.440411 | INFO : report:               precision    recall  f1-score   support

           0       0.00      0.00      0.00         3
           1       0.00      0.00      0.00         3
           2       0.08      0.33      0.13         3
           3       0.00      0.00      0.00        49
           4       0.00      0.00      0.00         8
           5       0.00      0.00      0.00         4
           6       0.00      0.00      0.00         3
           7       0.00      0.00      0.00         2
           8       0.00      0.00      0.00        16
           9       0.00      0.00      0.00         3
          10       0.17      0.22      0.19         9
          11       0.00      0.00      0.00        48
          12       0.00      0.00      0.00         0
          13       0.00      0.00      0.00        25
          14       0.00      0.00      0.00         4
          15       0.00      0.00      0.00         5
          16       0.00      0.00      0.00         4
          17       0.08      0.08      0.08        12
          18       0.08      0.17      0.11         6
          19       0.00      0.00      0.00         5
          20       0.00      0.00      0.00         3
          21       0.00      0.00      0.00        12
          22       0.00      0.00      0.00        10
          23       0.00      0.00      0.00        51
          24       0.00      0.00      0.00        12

    accuracy                           0.02       300
   macro avg       0.02      0.03      0.02       300
weighted avg       0.01      0.02      0.01       300

(training_methods.py:282) 2025-06-06 22:28:05.440521 | INFO : Epoch 17 Validation Summary: epoch: 17.000000 | loss: 0.000000 | accuracy: 0.016667 | 
(training_methods.py:312) 2025-06-06 22:28:05.442976 | INFO : ckpt updated.
(training_methods.py:254) 2025-06-06 22:28:05.660306 | INFO : Training Epoch 18   0.0% | batch:         0 of         5
	loss: 0.631525

(training_methods.py:257) 2025-06-06 22:28:05.800732 | INFO : Evaluating on validation set ...
(training_methods.py:254) 2025-06-06 22:28:06.369564 | INFO : Evaluating Epoch 18   0.0% | batch:         0 of         5
	loss: inf

(training_methods.py:262) 2025-06-06 22:28:06.413691 | INFO : Validation runtime: 0.0 hours, 0.0 minutes, 0.6127102375030518 seconds

(training_methods.py:268) 2025-06-06 22:28:06.413885 | INFO : Avg val. time: 0.0 hours, 0.0 minutes, 0.6136989217055472 seconds
(training_methods.py:269) 2025-06-06 22:28:06.413957 | INFO : Avg batch val. time: 0.12273978434110944 seconds
(training_methods.py:270) 2025-06-06 22:28:06.414014 | INFO : Avg sample val. time: 0.002045663072351824 seconds
(training_methods.py:276) 2025-06-06 22:28:06.414066 | INFO : report:               precision    recall  f1-score   support

           0       0.00      0.00      0.00         4
           1       0.08      0.20      0.12         5
           2       0.17      0.33      0.22         6
           3       0.00      0.00      0.00        29
           4       0.00      0.00      0.00         8
           5       0.00      0.00      0.00         4
           6       0.00      0.00      0.00         7
           7       0.00      0.00      0.00         2
           8       0.00      0.00      0.00         7
           9       0.50      0.33      0.40        18
          10       0.00      0.00      0.00         5
          11       0.00      0.00      0.00        21
          12       0.00      0.00      0.00         4
          13       0.00      0.00      0.00        16
          14       0.00      0.00      0.00         9
          15       0.00      0.00      0.00        45
          16       0.00      0.00      0.00         7
          17       0.00      0.00      0.00        12
          18       0.08      0.17      0.11         6
          19       0.00      0.00      0.00         3
          20       0.00      0.00      0.00         2
          21       0.00      0.00      0.00        13
          22       0.00      0.00      0.00        29
          23       0.00      0.00      0.00        24
          24       0.00      0.00      0.00        14

    accuracy                           0.03       300
   macro avg       0.03      0.04      0.03       300
weighted avg       0.04      0.03      0.03       300

(training_methods.py:282) 2025-06-06 22:28:06.414157 | INFO : Epoch 18 Validation Summary: epoch: 18.000000 | loss: 0.000000 | accuracy: 0.033333 | 
(training_methods.py:312) 2025-06-06 22:28:06.416714 | INFO : ckpt updated.
(training_methods.py:254) 2025-06-06 22:28:06.675045 | INFO : Training Epoch 19   0.0% | batch:         0 of         5
	loss: 0.63252

(training_methods.py:257) 2025-06-06 22:28:06.812004 | INFO : Evaluating on validation set ...
(training_methods.py:254) 2025-06-06 22:28:07.393276 | INFO : Evaluating Epoch 19   0.0% | batch:         0 of         5
	loss: inf

(training_methods.py:262) 2025-06-06 22:28:07.445079 | INFO : Validation runtime: 0.0 hours, 0.0 minutes, 0.6328334808349609 seconds

(training_methods.py:268) 2025-06-06 22:28:07.445305 | INFO : Avg val. time: 0.0 hours, 0.0 minutes, 0.6146556496620178 seconds
(training_methods.py:269) 2025-06-06 22:28:07.445362 | INFO : Avg batch val. time: 0.12293112993240356 seconds
(training_methods.py:270) 2025-06-06 22:28:07.445408 | INFO : Avg sample val. time: 0.0020488521655400594 seconds
(training_methods.py:276) 2025-06-06 22:28:07.445460 | INFO : report:               precision    recall  f1-score   support

           0       0.08      0.03      0.05        32
           1       0.33      0.24      0.28        17
           2       0.42      0.36      0.38        14
           3       0.00      0.00      0.00        34
           4       0.00      0.00      0.00         5
           5       0.00      0.00      0.00         5
           6       0.00      0.00      0.00         9
           7       0.00      0.00      0.00         0
           8       0.00      0.00      0.00         7
           9       0.08      0.50      0.14         2
          10       0.00      0.00      0.00         0
          11       0.00      0.00      0.00        27
          12       0.00      0.00      0.00         1
          13       0.00      0.00      0.00         5
          14       0.00      0.00      0.00        11
          15       0.00      0.00      0.00        22
          16       0.00      0.00      0.00         0
          17       0.17      1.00      0.29         2
          18       0.17      0.06      0.09        33
          19       0.00      0.00      0.00         2
          20       0.00      0.00      0.00         0
          21       0.00      0.00      0.00         7
          22       0.00      0.00      0.00         0
          23       0.00      0.00      0.00        62
          24       0.00      0.00      0.00         3

    accuracy                           0.05       300
   macro avg       0.05      0.09      0.05       300
weighted avg       0.07      0.05      0.05       300

(training_methods.py:282) 2025-06-06 22:28:07.445565 | INFO : Epoch 19 Validation Summary: epoch: 19.000000 | loss: 0.000000 | accuracy: 0.050000 | 
(training_methods.py:312) 2025-06-06 22:28:07.448140 | INFO : ckpt updated.
