(dataloaders.py:51) 2025-06-06 22:51:01.865422 | INFO : train_ds length: 1375, valid_ds length: 300
(process_model.py:276) 2025-06-06 22:51:01.888672 | INFO : {'hidden_size': 100, 'kernel_size': 3, 'encoding_size': 10, 'feat_dim': 9, 'seq_len': 144, 'device': 'cpu'}
(process_model.py:277) 2025-06-06 22:51:01.888849 | INFO : TNC(
  (encoder): RnnEncoder(
    (nn): Sequential(
      (0): Linear(in_features=200, out_features=10, bias=True)
    )
    (rnn): GRU(9, 100, bidirectional=True)
  )
  (disc_model): Discriminator(
    (model): Sequential(
      (0): Linear(in_features=20, out_features=40, bias=True)
      (1): ReLU(inplace=True)
      (2): Dropout(p=0.5, inplace=False)
      (3): Linear(in_features=40, out_features=1, bias=True)
    )
  )
)
(training_methods.py:254) 2025-06-06 22:51:03.035986 | INFO : Training Epoch 0   0.0% | batch:         0 of        11
	loss: 0.7023

(training_methods.py:254) 2025-06-06 22:51:03.698354 | INFO : Training Epoch 0  90.9% | batch:        10 of        11
	loss: 0.682469

(training_methods.py:257) 2025-06-06 22:51:03.727515 | INFO : Evaluating on validation set ...
(training_methods.py:254) 2025-06-06 22:51:07.460639 | INFO : Evaluating Epoch 0   0.0% | batch:         0 of         3
	loss: inf

(training_methods.py:262) 2025-06-06 22:51:07.650974 | INFO : Validation runtime: 0.0 hours, 0.0 minutes, 3.9232475757598877 seconds

(training_methods.py:268) 2025-06-06 22:51:07.651212 | INFO : Avg val. time: 0.0 hours, 0.0 minutes, 3.9232475757598877 seconds
(training_methods.py:269) 2025-06-06 22:51:07.651268 | INFO : Avg batch val. time: 1.3077491919199626 seconds
(training_methods.py:270) 2025-06-06 22:51:07.651314 | INFO : Avg sample val. time: 0.013077491919199626 seconds
(training_methods.py:276) 2025-06-06 22:51:07.651386 | INFO : report:               precision    recall  f1-score   support

           0       0.00      0.00      0.00        11
           1       0.00      0.00      0.00         5
           2       0.25      0.11      0.15        27
           3       0.00      0.00      0.00        12
           4       0.00      0.00      0.00        13
           5       0.00      0.00      0.00         3
           6       0.00      0.00      0.00         6
           7       0.25      0.33      0.29         9
           8       0.25      0.14      0.18        22
           9       0.00      0.00      0.00        12
          10       0.00      0.00      0.00         5
          11       0.00      0.00      0.00         6
          12       0.00      0.00      0.00        10
          13       0.00      0.00      0.00         8
          14       0.00      0.00      0.00        15
          15       0.08      0.03      0.04        33
          16       0.25      0.33      0.29         9
          17       0.08      0.07      0.08        14
          18       0.08      0.06      0.07        18
          19       0.08      0.09      0.09        11
          20       0.00      0.00      0.00        13
          21       0.00      0.00      0.00         8
          22       0.00      0.00      0.00         8
          23       0.00      0.00      0.00        14
          24       0.00      0.00      0.00         8

    accuracy                           0.05       300
   macro avg       0.05      0.05      0.05       300
weighted avg       0.08      0.05      0.06       300

(training_methods.py:282) 2025-06-06 22:51:07.651464 | INFO : Epoch 0 Validation Summary: epoch: 0.000000 | loss: 0.000000 | accuracy: 0.053333 | 
(training_methods.py:312) 2025-06-06 22:51:07.654623 | INFO : ckpt updated.
(training_methods.py:254) 2025-06-06 22:51:08.178703 | INFO : Training Epoch 1   0.0% | batch:         0 of        11
	loss: 0.685906

(training_methods.py:254) 2025-06-06 22:51:08.820314 | INFO : Training Epoch 1  90.9% | batch:        10 of        11
	loss: 0.682104

(training_methods.py:257) 2025-06-06 22:51:08.854556 | INFO : Evaluating on validation set ...
(training_methods.py:254) 2025-06-06 22:51:12.553430 | INFO : Evaluating Epoch 1   0.0% | batch:         0 of         3
	loss: inf

(training_methods.py:262) 2025-06-06 22:51:12.734353 | INFO : Validation runtime: 0.0 hours, 0.0 minutes, 3.8795413970947266 seconds

(training_methods.py:268) 2025-06-06 22:51:12.734658 | INFO : Avg val. time: 0.0 hours, 0.0 minutes, 3.901394486427307 seconds
(training_methods.py:269) 2025-06-06 22:51:12.734716 | INFO : Avg batch val. time: 1.3004648288091023 seconds
(training_methods.py:270) 2025-06-06 22:51:12.734764 | INFO : Avg sample val. time: 0.013004648288091024 seconds
(training_methods.py:276) 2025-06-06 22:51:12.734823 | INFO : report:               precision    recall  f1-score   support

           0       0.00      0.00      0.00         3
           1       0.00      0.00      0.00        10
           2       0.33      0.20      0.25        20
           3       0.00      0.00      0.00        20
           4       0.00      0.00      0.00        10
           5       0.00      0.00      0.00         6
           6       0.08      0.12      0.10         8
           7       0.00      0.00      0.00         5
           8       0.00      0.00      0.00        12
           9       0.00      0.00      0.00        13
          10       0.00      0.00      0.00         5
          11       0.00      0.00      0.00        15
          12       0.00      0.00      0.00         4
          13       0.00      0.00      0.00        15
          14       0.00      0.00      0.00        14
          15       0.08      0.06      0.07        16
          16       0.25      0.19      0.21        16
          17       0.08      0.10      0.09        10
          18       0.33      0.14      0.20        29
          19       0.08      0.05      0.06        20
          20       0.00      0.00      0.00        12
          21       0.00      0.00      0.00        19
          22       0.00      0.00      0.00         3
          23       0.00      0.00      0.00         4
          24       0.08      0.09      0.09        11

    accuracy                           0.05       300
   macro avg       0.05      0.04      0.04       300
weighted avg       0.09      0.05      0.06       300

(training_methods.py:282) 2025-06-06 22:51:12.734915 | INFO : Epoch 1 Validation Summary: epoch: 1.000000 | loss: 0.000000 | accuracy: 0.053333 | 
(training_methods.py:312) 2025-06-06 22:51:12.738171 | INFO : ckpt updated.
(training_methods.py:254) 2025-06-06 22:51:14.191311 | INFO : Training Epoch 2   0.0% | batch:         0 of        11
	loss: 0.682259

(training_methods.py:254) 2025-06-06 22:51:14.837412 | INFO : Training Epoch 2  90.9% | batch:        10 of        11
	loss: 0.682304

(training_methods.py:257) 2025-06-06 22:51:14.872334 | INFO : Evaluating on validation set ...
(training_methods.py:254) 2025-06-06 22:51:18.733283 | INFO : Evaluating Epoch 2   0.0% | batch:         0 of         3
	loss: inf

(training_methods.py:262) 2025-06-06 22:51:18.922061 | INFO : Validation runtime: 0.0 hours, 0.0 minutes, 4.049476385116577 seconds

(training_methods.py:268) 2025-06-06 22:51:18.922306 | INFO : Avg val. time: 0.0 hours, 0.0 minutes, 3.9507551193237305 seconds
(training_methods.py:269) 2025-06-06 22:51:18.922363 | INFO : Avg batch val. time: 1.3169183731079102 seconds
(training_methods.py:270) 2025-06-06 22:51:18.922410 | INFO : Avg sample val. time: 0.013169183731079101 seconds
(training_methods.py:276) 2025-06-06 22:51:18.922480 | INFO : report:               precision    recall  f1-score   support

           0       0.00      0.00      0.00        16
           1       0.00      0.00      0.00        10
           2       0.25      0.14      0.18        21
           3       0.00      0.00      0.00         4
           4       0.00      0.00      0.00        23
           5       0.00      0.00      0.00         6
           6       0.33      0.27      0.30        15
           7       0.00      0.00      0.00         4
           8       0.33      0.29      0.31        14
           9       0.00      0.00      0.00        10
          10       0.00      0.00      0.00         5
          11       0.00      0.00      0.00         8
          12       0.00      0.00      0.00         3
          13       0.00      0.00      0.00         9
          14       0.00      0.00      0.00        11
          15       0.08      0.08      0.08        13
          16       0.08      0.11      0.10         9
          17       0.08      0.07      0.07        15
          18       0.33      0.17      0.22        24
          19       0.08      0.04      0.05        28
          20       0.00      0.00      0.00        20
          21       0.00      0.00      0.00         9
          22       0.00      0.00      0.00         6
          23       0.00      0.00      0.00         2
          24       0.08      0.07      0.07        15

    accuracy                           0.07       300
   macro avg       0.07      0.05      0.06       300
weighted avg       0.10      0.07      0.08       300

(training_methods.py:282) 2025-06-06 22:51:18.922587 | INFO : Epoch 2 Validation Summary: epoch: 2.000000 | loss: 0.000000 | accuracy: 0.066667 | 
(training_methods.py:312) 2025-06-06 22:51:18.925705 | INFO : ckpt updated.
(training_methods.py:254) 2025-06-06 22:51:20.001011 | INFO : Training Epoch 3   0.0% | batch:         0 of        11
	loss: 0.682802

(training_methods.py:254) 2025-06-06 22:51:20.652735 | INFO : Training Epoch 3  90.9% | batch:        10 of        11
	loss: 0.666934

(training_methods.py:257) 2025-06-06 22:51:20.690748 | INFO : Evaluating on validation set ...
(training_methods.py:254) 2025-06-06 22:51:24.625559 | INFO : Evaluating Epoch 3   0.0% | batch:         0 of         3
	loss: inf

(training_methods.py:262) 2025-06-06 22:51:24.837669 | INFO : Validation runtime: 0.0 hours, 0.0 minutes, 4.1466546058654785 seconds

(training_methods.py:268) 2025-06-06 22:51:24.837945 | INFO : Avg val. time: 0.0 hours, 0.0 minutes, 3.9997299909591675 seconds
(training_methods.py:269) 2025-06-06 22:51:24.838005 | INFO : Avg batch val. time: 1.3332433303197224 seconds
(training_methods.py:270) 2025-06-06 22:51:24.838052 | INFO : Avg sample val. time: 0.013332433303197225 seconds
(training_methods.py:276) 2025-06-06 22:51:24.838111 | INFO : report:               precision    recall  f1-score   support

           0       0.00      0.00      0.00         8
           1       0.00      0.00      0.00        13
           2       0.75      0.26      0.38        35
           3       0.00      0.00      0.00        19
           4       0.00      0.00      0.00         5
           5       0.00      0.00      0.00         6
           6       0.25      0.38      0.30         8
           7       0.25      0.27      0.26        11
           8       0.17      0.22      0.19         9
           9       0.00      0.00      0.00         7
          10       0.00      0.00      0.00         3
          11       0.00      0.00      0.00         3
          12       0.00      0.00      0.00         6
          13       0.00      0.00      0.00        11
          14       0.00      0.00      0.00        12
          15       0.33      0.12      0.18        32
          16       0.08      0.20      0.12         5
          17       0.08      0.08      0.08        12
          18       0.17      0.15      0.16        13
          19       0.00      0.00      0.00        22
          20       0.00      0.00      0.00        10
          21       0.17      0.09      0.11        23
          22       0.00      0.00      0.00         6
          23       0.00      0.00      0.00         9
          24       0.00      0.00      0.00        12

    accuracy                           0.09       300
   macro avg       0.09      0.07      0.07       300
weighted avg       0.17      0.09      0.11       300

(training_methods.py:282) 2025-06-06 22:51:24.838191 | INFO : Epoch 3 Validation Summary: epoch: 3.000000 | loss: 0.000000 | accuracy: 0.090000 | 
(training_methods.py:312) 2025-06-06 22:51:24.841069 | INFO : ckpt updated.
(training_methods.py:254) 2025-06-06 22:51:25.957966 | INFO : Training Epoch 4   0.0% | batch:         0 of        11
	loss: 0.673604

(training_methods.py:254) 2025-06-06 22:51:26.606265 | INFO : Training Epoch 4  90.9% | batch:        10 of        11
	loss: 0.66761

(training_methods.py:257) 2025-06-06 22:51:26.641455 | INFO : Evaluating on validation set ...
(training_methods.py:254) 2025-06-06 22:51:30.745054 | INFO : Evaluating Epoch 4   0.0% | batch:         0 of         3
	loss: inf

(training_methods.py:262) 2025-06-06 22:51:30.934852 | INFO : Validation runtime: 0.0 hours, 0.0 minutes, 4.293164014816284 seconds

(training_methods.py:268) 2025-06-06 22:51:30.935102 | INFO : Avg val. time: 0.0 hours, 0.0 minutes, 4.058416795730591 seconds
(training_methods.py:269) 2025-06-06 22:51:30.935158 | INFO : Avg batch val. time: 1.3528055985768637 seconds
(training_methods.py:270) 2025-06-06 22:51:30.935204 | INFO : Avg sample val. time: 0.013528055985768637 seconds
(training_methods.py:276) 2025-06-06 22:51:30.935261 | INFO : report:               precision    recall  f1-score   support

           0       0.00      0.00      0.00        10
           1       0.00      0.00      0.00        15
           2       0.67      0.36      0.47        22
           3       0.00      0.00      0.00        31
           4       0.00      0.00      0.00         5
           5       0.00      0.00      0.00         1
           6       0.42      0.45      0.43        11
           7       0.33      0.50      0.40         8
           8       0.17      0.22      0.19         9
           9       0.00      0.00      0.00        17
          10       0.00      0.00      0.00         4
          11       0.00      0.00      0.00         3
          12       0.00      0.00      0.00         1
          13       0.00      0.00      0.00         8
          14       0.00      0.00      0.00        25
          15       0.00      0.00      0.00        25
          16       0.00      0.00      0.00         2
          17       0.08      0.06      0.07        18
          18       0.17      0.20      0.18        10
          19       0.00      0.00      0.00        21
          20       0.00      0.00      0.00        17
          21       0.00      0.00      0.00        21
          22       0.08      0.25      0.12         4
          23       0.00      0.00      0.00         2
          24       0.17      0.20      0.18        10

    accuracy                           0.08       300
   macro avg       0.08      0.09      0.08       300
weighted avg       0.10      0.08      0.08       300

(training_methods.py:282) 2025-06-06 22:51:30.935336 | INFO : Epoch 4 Validation Summary: epoch: 4.000000 | loss: 0.000000 | accuracy: 0.083333 | 
(training_methods.py:312) 2025-06-06 22:51:30.938317 | INFO : ckpt updated.
(training_methods.py:254) 2025-06-06 22:51:31.986904 | INFO : Training Epoch 5   0.0% | batch:         0 of        11
	loss: 0.680356

(training_methods.py:254) 2025-06-06 22:51:32.644801 | INFO : Training Epoch 5  90.9% | batch:        10 of        11
	loss: 0.674097

(training_methods.py:257) 2025-06-06 22:51:32.679110 | INFO : Evaluating on validation set ...
(training_methods.py:254) 2025-06-06 22:51:36.926397 | INFO : Evaluating Epoch 5   0.0% | batch:         0 of         3
	loss: inf

(training_methods.py:262) 2025-06-06 22:51:37.117353 | INFO : Validation runtime: 0.0 hours, 0.0 minutes, 4.43799352645874 seconds

(training_methods.py:268) 2025-06-06 22:51:37.117587 | INFO : Avg val. time: 0.0 hours, 0.0 minutes, 4.121679584185283 seconds
(training_methods.py:269) 2025-06-06 22:51:37.117641 | INFO : Avg batch val. time: 1.3738931947284276 seconds
(training_methods.py:270) 2025-06-06 22:51:37.117687 | INFO : Avg sample val. time: 0.013738931947284276 seconds
(training_methods.py:276) 2025-06-06 22:51:37.117744 | INFO : report:               precision    recall  f1-score   support

           0       0.00      0.00      0.00        11
           1       0.00      0.00      0.00        28
           2       0.25      0.25      0.25        12
           3       0.00      0.00      0.00         7
           4       0.00      0.00      0.00         4
           5       0.00      0.00      0.00         5
           6       0.25      0.43      0.32         7
           7       0.25      0.19      0.21        16
           8       0.00      0.00      0.00         1
           9       0.08      0.04      0.05        27
          10       0.00      0.00      0.00        15
          11       0.00      0.00      0.00         1
          12       0.00      0.00      0.00         5
          13       0.00      0.00      0.00         5
          14       0.00      0.00      0.00        19
          15       0.17      0.08      0.11        25
          16       0.00      0.00      0.00         2
          17       0.08      0.07      0.07        15
          18       0.17      0.06      0.09        33
          19       0.00      0.00      0.00        18
          20       0.00      0.00      0.00        11
          21       0.00      0.00      0.00        21
          22       0.00      0.00      0.00         6
          23       0.00      0.00      0.00         0
          24       0.00      0.00      0.00         6

    accuracy                           0.05       300
   macro avg       0.05      0.04      0.04       300
weighted avg       0.07      0.05      0.06       300

(training_methods.py:282) 2025-06-06 22:51:37.117831 | INFO : Epoch 5 Validation Summary: epoch: 5.000000 | loss: 0.000000 | accuracy: 0.050000 | 
(training_methods.py:312) 2025-06-06 22:51:37.120962 | INFO : ckpt updated.
(training_methods.py:254) 2025-06-06 22:51:38.114350 | INFO : Training Epoch 6   0.0% | batch:         0 of        11
	loss: 0.667248

(training_methods.py:254) 2025-06-06 22:51:38.770549 | INFO : Training Epoch 6  90.9% | batch:        10 of        11
	loss: 0.678348

(training_methods.py:257) 2025-06-06 22:51:38.805709 | INFO : Evaluating on validation set ...
(training_methods.py:254) 2025-06-06 22:51:43.131226 | INFO : Evaluating Epoch 6   0.0% | batch:         0 of         3
	loss: inf

(training_methods.py:262) 2025-06-06 22:51:43.316000 | INFO : Validation runtime: 0.0 hours, 0.0 minutes, 4.510051727294922 seconds

(training_methods.py:268) 2025-06-06 22:51:43.316233 | INFO : Avg val. time: 0.0 hours, 0.0 minutes, 4.177161318915231 seconds
(training_methods.py:269) 2025-06-06 22:51:43.316286 | INFO : Avg batch val. time: 1.392387106305077 seconds
(training_methods.py:270) 2025-06-06 22:51:43.316360 | INFO : Avg sample val. time: 0.01392387106305077 seconds
(training_methods.py:276) 2025-06-06 22:51:43.316417 | INFO : report:               precision    recall  f1-score   support

           0       0.00      0.00      0.00        14
           1       0.00      0.00      0.00         6
           2       0.83      0.36      0.50        28
           3       0.00      0.00      0.00        16
           4       0.00      0.00      0.00         2
           5       0.00      0.00      0.00         6
           6       0.00      0.00      0.00         1
           7       0.08      0.05      0.06        20
           8       0.00      0.00      0.00         7
           9       0.42      0.19      0.26        26
          10       0.00      0.00      0.00        14
          11       0.00      0.00      0.00         5
          12       0.00      0.00      0.00         8
          13       0.00      0.00      0.00         4
          14       0.00      0.00      0.00        11
          15       0.00      0.00      0.00        24
          16       0.00      0.00      0.00         2
          17       0.00      0.00      0.00        22
          18       0.00      0.00      0.00        16
          19       0.00      0.00      0.00        14
          20       0.00      0.00      0.00         5
          21       0.08      0.05      0.06        21
          22       0.00      0.00      0.00         8
          23       0.00      0.00      0.00         2
          24       0.42      0.28      0.33        18

    accuracy                           0.07       300
   macro avg       0.07      0.04      0.05       300
weighted avg       0.15      0.07      0.10       300

(training_methods.py:282) 2025-06-06 22:51:43.316489 | INFO : Epoch 6 Validation Summary: epoch: 6.000000 | loss: 0.000000 | accuracy: 0.073333 | 
(training_methods.py:312) 2025-06-06 22:51:43.319480 | INFO : ckpt updated.
(training_methods.py:254) 2025-06-06 22:51:44.540541 | INFO : Training Epoch 7   0.0% | batch:         0 of        11
	loss: 0.668449

(training_methods.py:254) 2025-06-06 22:51:45.192791 | INFO : Training Epoch 7  90.9% | batch:        10 of        11
	loss: 0.659201

(training_methods.py:257) 2025-06-06 22:51:45.232220 | INFO : Evaluating on validation set ...
(training_methods.py:254) 2025-06-06 22:51:49.753213 | INFO : Evaluating Epoch 7   0.0% | batch:         0 of         3
	loss: inf

(training_methods.py:262) 2025-06-06 22:51:49.933909 | INFO : Validation runtime: 0.0 hours, 0.0 minutes, 4.701449394226074 seconds

(training_methods.py:268) 2025-06-06 22:51:49.934154 | INFO : Avg val. time: 0.0 hours, 0.0 minutes, 4.242697328329086 seconds
(training_methods.py:269) 2025-06-06 22:51:49.934211 | INFO : Avg batch val. time: 1.4142324427763622 seconds
(training_methods.py:270) 2025-06-06 22:51:49.934258 | INFO : Avg sample val. time: 0.014142324427763621 seconds
(training_methods.py:276) 2025-06-06 22:51:49.934315 | INFO : report:               precision    recall  f1-score   support

           0       0.00      0.00      0.00        19
           1       0.00      0.00      0.00        25
           2       0.50      0.26      0.34        23
           3       0.00      0.00      0.00        11
           4       0.00      0.00      0.00         2
           5       0.00      0.00      0.00         3
           6       0.00      0.00      0.00         1
           7       0.00      0.00      0.00        17
           8       0.00      0.00      0.00        10
           9       0.00      0.00      0.00        28
          10       0.08      0.14      0.11         7
          11       0.00      0.00      0.00        19
          12       0.00      0.00      0.00         5
          13       0.00      0.00      0.00        11
          14       0.00      0.00      0.00        24
          15       0.00      0.00      0.00        13
          16       0.00      0.00      0.00         1
          17       0.00      0.00      0.00        13
          18       0.00      0.00      0.00        11
          19       0.00      0.00      0.00         8
          20       0.00      0.00      0.00         6
          21       0.00      0.00      0.00        15
          22       0.00      0.00      0.00         6
          23       0.00      0.00      0.00         1
          24       0.42      0.24      0.30        21

    accuracy                           0.04       300
   macro avg       0.04      0.03      0.03       300
weighted avg       0.07      0.04      0.05       300

(training_methods.py:282) 2025-06-06 22:51:49.934437 | INFO : Epoch 7 Validation Summary: epoch: 7.000000 | loss: 0.000000 | accuracy: 0.040000 | 
(training_methods.py:312) 2025-06-06 22:51:49.937248 | INFO : ckpt updated.
(training_methods.py:254) 2025-06-06 22:51:51.031650 | INFO : Training Epoch 8   0.0% | batch:         0 of        11
	loss: 0.65963

(training_methods.py:254) 2025-06-06 22:51:51.679419 | INFO : Training Epoch 8  90.9% | batch:        10 of        11
	loss: 0.660252

(training_methods.py:257) 2025-06-06 22:51:51.714126 | INFO : Evaluating on validation set ...
(training_methods.py:254) 2025-06-06 22:51:56.397334 | INFO : Evaluating Epoch 8   0.0% | batch:         0 of         3
	loss: inf

(training_methods.py:262) 2025-06-06 22:51:56.576685 | INFO : Validation runtime: 0.0 hours, 0.0 minutes, 4.86230206489563 seconds

(training_methods.py:268) 2025-06-06 22:51:56.576900 | INFO : Avg val. time: 0.0 hours, 0.0 minutes, 4.3115422990587025 seconds
(training_methods.py:269) 2025-06-06 22:51:56.576952 | INFO : Avg batch val. time: 1.4371807663529008 seconds
(training_methods.py:270) 2025-06-06 22:51:56.576995 | INFO : Avg sample val. time: 0.014371807663529008 seconds
(training_methods.py:276) 2025-06-06 22:51:56.577049 | INFO : report:               precision    recall  f1-score   support

           0       0.00      0.00      0.00         9
           1       0.00      0.00      0.00        36
           2       0.08      0.17      0.11         6
           3       0.00      0.00      0.00        11
           4       0.00      0.00      0.00         3
           5       0.00      0.00      0.00         4
           6       0.00      0.00      0.00         0
           7       0.00      0.00      0.00        11
           8       0.00      0.00      0.00         6
           9       0.08      0.03      0.04        34
          10       0.08      0.07      0.07        15
          11       0.00      0.00      0.00        21
          12       0.00      0.00      0.00         0
          13       0.00      0.00      0.00         9
          14       0.00      0.00      0.00        24
          15       0.00      0.00      0.00        23
          16       0.00      0.00      0.00         6
          17       0.00      0.00      0.00        18
          18       0.00      0.00      0.00         5
          19       0.00      0.00      0.00         8
          20       0.00      0.00      0.00         4
          21       0.00      0.00      0.00         6
          22       0.00      0.00      0.00        10
          23       0.00      0.00      0.00         0
          24       0.50      0.19      0.28        31

    accuracy                           0.03       300
   macro avg       0.03      0.02      0.02       300
weighted avg       0.07      0.03      0.04       300

(training_methods.py:282) 2025-06-06 22:51:56.577178 | INFO : Epoch 8 Validation Summary: epoch: 8.000000 | loss: 0.000000 | accuracy: 0.030000 | 
(training_methods.py:312) 2025-06-06 22:51:56.579866 | INFO : ckpt updated.
(training_methods.py:254) 2025-06-06 22:51:57.655313 | INFO : Training Epoch 9   0.0% | batch:         0 of        11
	loss: 0.658887

(training_methods.py:254) 2025-06-06 22:51:58.311212 | INFO : Training Epoch 9  90.9% | batch:        10 of        11
	loss: 0.672753

(training_methods.py:257) 2025-06-06 22:51:58.345681 | INFO : Evaluating on validation set ...
(training_methods.py:254) 2025-06-06 22:52:03.169767 | INFO : Evaluating Epoch 9   0.0% | batch:         0 of         3
	loss: inf

(training_methods.py:262) 2025-06-06 22:52:03.354596 | INFO : Validation runtime: 0.0 hours, 0.0 minutes, 5.0086829662323 seconds

(training_methods.py:268) 2025-06-06 22:52:03.354827 | INFO : Avg val. time: 0.0 hours, 0.0 minutes, 4.381256365776062 seconds
(training_methods.py:269) 2025-06-06 22:52:03.354879 | INFO : Avg batch val. time: 1.4604187885920208 seconds
(training_methods.py:270) 2025-06-06 22:52:03.354923 | INFO : Avg sample val. time: 0.014604187885920208 seconds
(training_methods.py:276) 2025-06-06 22:52:03.354977 | INFO : report:               precision    recall  f1-score   support

           0       0.00      0.00      0.00        15
           1       0.00      0.00      0.00         9
           2       0.00      0.00      0.00         1
           3       0.00      0.00      0.00        22
           4       0.00      0.00      0.00         0
           5       0.00      0.00      0.00        11
           6       0.08      1.00      0.15         1
           7       0.00      0.00      0.00        15
           8       0.00      0.00      0.00         3
           9       0.17      0.06      0.09        34
          10       0.25      0.21      0.23        14
          11       0.00      0.00      0.00        35
          12       0.00      0.00      0.00         2
          13       0.00      0.00      0.00        22
          14       0.00      0.00      0.00        27
          15       0.00      0.00      0.00        15
          16       0.00      0.00      0.00         1
          17       0.00      0.00      0.00        16
          18       0.08      0.08      0.08        13
          19       0.00      0.00      0.00         2
          20       0.00      0.00      0.00         5
          21       0.00      0.00      0.00         6
          22       0.00      0.00      0.00         3
          23       0.00      0.00      0.00         0
          24       0.67      0.29      0.40        28

    accuracy                           0.05       300
   macro avg       0.05      0.07      0.04       300
weighted avg       0.10      0.05      0.06       300

(training_methods.py:282) 2025-06-06 22:52:03.355079 | INFO : Epoch 9 Validation Summary: epoch: 9.000000 | loss: 0.000000 | accuracy: 0.050000 | 
(training_methods.py:312) 2025-06-06 22:52:03.358078 | INFO : ckpt updated.
(training_methods.py:254) 2025-06-06 22:52:04.429673 | INFO : Training Epoch 10   0.0% | batch:         0 of        11
	loss: 0.662309

(training_methods.py:254) 2025-06-06 22:52:05.091607 | INFO : Training Epoch 10  90.9% | batch:        10 of        11
	loss: 0.652602

(training_methods.py:257) 2025-06-06 22:52:05.126650 | INFO : Evaluating on validation set ...
(training_methods.py:254) 2025-06-06 22:52:10.515875 | INFO : Evaluating Epoch 10   0.0% | batch:         0 of         3
	loss: inf

(training_methods.py:262) 2025-06-06 22:52:10.696588 | INFO : Validation runtime: 0.0 hours, 0.0 minutes, 5.569689035415649 seconds

(training_methods.py:268) 2025-06-06 22:52:10.696820 | INFO : Avg val. time: 0.0 hours, 0.0 minutes, 4.489295699379661 seconds
(training_methods.py:269) 2025-06-06 22:52:10.696898 | INFO : Avg batch val. time: 1.4964318997932204 seconds
(training_methods.py:270) 2025-06-06 22:52:10.696944 | INFO : Avg sample val. time: 0.014964318997932203 seconds
(training_methods.py:276) 2025-06-06 22:52:10.697001 | INFO : report:               precision    recall  f1-score   support

           0       0.00      0.00      0.00        19
           1       0.00      0.00      0.00        11
           2       0.00      0.00      0.00         1
           3       0.00      0.00      0.00        24
           4       0.00      0.00      0.00         0
           5       0.00      0.00      0.00        11
           6       0.00      0.00      0.00         0
           7       0.00      0.00      0.00         9
           8       0.00      0.00      0.00         1
           9       0.58      0.18      0.28        38
          10       0.17      0.14      0.15        14
          11       0.00      0.00      0.00        26
          12       0.00      0.00      0.00         4
          13       0.00      0.00      0.00         9
          14       0.00      0.00      0.00         7
          15       0.00      0.00      0.00        35
          16       0.00      0.00      0.00         4
          17       0.00      0.00      0.00         9
          18       0.00      0.00      0.00        15
          19       0.00      0.00      0.00         1
          20       0.00      0.00      0.00         0
          21       0.00      0.00      0.00         5
          22       0.00      0.00      0.00         0
          23       0.00      0.00      0.00         0
          24       0.83      0.18      0.29        57

    accuracy                           0.06       300
   macro avg       0.06      0.02      0.03       300
weighted avg       0.24      0.06      0.10       300

(training_methods.py:282) 2025-06-06 22:52:10.697093 | INFO : Epoch 10 Validation Summary: epoch: 10.000000 | loss: 0.000000 | accuracy: 0.063333 | 
(training_methods.py:312) 2025-06-06 22:52:10.700115 | INFO : ckpt updated.
(training_methods.py:254) 2025-06-06 22:52:11.801969 | INFO : Training Epoch 11   0.0% | batch:         0 of        11
	loss: 0.652532

(training_methods.py:254) 2025-06-06 22:52:12.459219 | INFO : Training Epoch 11  90.9% | batch:        10 of        11
	loss: 0.643902

(training_methods.py:257) 2025-06-06 22:52:12.495883 | INFO : Evaluating on validation set ...
(training_methods.py:254) 2025-06-06 22:52:18.342512 | INFO : Evaluating Epoch 11   0.0% | batch:         0 of         3
	loss: inf

(training_methods.py:262) 2025-06-06 22:52:18.529270 | INFO : Validation runtime: 0.0 hours, 0.0 minutes, 6.033146381378174 seconds

(training_methods.py:268) 2025-06-06 22:52:18.529507 | INFO : Avg val. time: 0.0 hours, 0.0 minutes, 4.617949922879537 seconds
(training_methods.py:269) 2025-06-06 22:52:18.529576 | INFO : Avg batch val. time: 1.5393166409598456 seconds
(training_methods.py:270) 2025-06-06 22:52:18.529623 | INFO : Avg sample val. time: 0.015393166409598456 seconds
(training_methods.py:276) 2025-06-06 22:52:18.529680 | INFO : report:               precision    recall  f1-score   support

           0       0.00      0.00      0.00        12
           1       0.00      0.00      0.00         3
           2       0.00      0.00      0.00         0
           3       0.00      0.00      0.00        56
           4       0.00      0.00      0.00         0
           5       0.00      0.00      0.00         3
           6       0.00      0.00      0.00         0
           7       0.00      0.00      0.00        22
           8       0.00      0.00      0.00         2
           9       0.33      0.40      0.36        10
          10       0.00      0.00      0.00         2
          11       0.00      0.00      0.00        56
          12       0.00      0.00      0.00         2
          13       0.00      0.00      0.00         4
          14       0.00      0.00      0.00        29
          15       0.00      0.00      0.00        24
          16       0.00      0.00      0.00         0
          17       0.00      0.00      0.00        19
          18       0.17      0.06      0.09        33
          19       0.00      0.00      0.00         3
          20       0.08      0.50      0.14         2
          21       0.00      0.00      0.00         0
          22       0.00      0.00      0.00         0
          23       0.00      0.00      0.00         0
          24       0.08      0.06      0.07        18

    accuracy                           0.03       300
   macro avg       0.03      0.04      0.03       300
weighted avg       0.03      0.03      0.03       300

(training_methods.py:282) 2025-06-06 22:52:18.529770 | INFO : Epoch 11 Validation Summary: epoch: 11.000000 | loss: 0.000000 | accuracy: 0.026667 | 
(training_methods.py:312) 2025-06-06 22:52:18.532779 | INFO : ckpt updated.
(training_methods.py:254) 2025-06-06 22:52:19.661256 | INFO : Training Epoch 12   0.0% | batch:         0 of        11
	loss: 0.648085

(training_methods.py:254) 2025-06-06 22:52:20.317198 | INFO : Training Epoch 12  90.9% | batch:        10 of        11
	loss: 0.654237

(training_methods.py:257) 2025-06-06 22:52:20.352997 | INFO : Evaluating on validation set ...
(training_methods.py:254) 2025-06-06 22:52:27.827496 | INFO : Evaluating Epoch 12   0.0% | batch:         0 of         3
	loss: inf

(training_methods.py:262) 2025-06-06 22:52:28.009941 | INFO : Validation runtime: 0.0 hours, 0.0 minutes, 7.656684398651123 seconds

(training_methods.py:268) 2025-06-06 22:52:28.010168 | INFO : Avg val. time: 0.0 hours, 0.0 minutes, 4.85169872870812 seconds
(training_methods.py:269) 2025-06-06 22:52:28.010248 | INFO : Avg batch val. time: 1.6172329095693734 seconds
(training_methods.py:270) 2025-06-06 22:52:28.010293 | INFO : Avg sample val. time: 0.016172329095693733 seconds
(training_methods.py:276) 2025-06-06 22:52:28.010354 | INFO : report:               precision    recall  f1-score   support

           0       0.25      0.07      0.10        46
           1       0.00      0.00      0.00         0
           2       0.00      0.00      0.00         1
           3       0.00      0.00      0.00        40
           4       0.00      0.00      0.00         2
           5       0.08      0.02      0.03        46
           6       0.00      0.00      0.00         0
           7       0.00      0.00      0.00         7
           8       0.00      0.00      0.00         0
           9       0.00      0.00      0.00         1
          10       0.25      0.05      0.09        55
          11       0.00      0.00      0.00        15
          12       0.00      0.00      0.00         1
          13       0.00      0.00      0.00         1
          14       0.00      0.00      0.00        11
          15       0.00      0.00      0.00         3
          16       0.00      0.00      0.00         0
          17       0.42      0.10      0.16        51
          18       0.00      0.00      0.00         3
          19       0.00      0.00      0.00         0
          20       0.00      0.00      0.00         0
          21       0.00      0.00      0.00        14
          22       0.00      0.00      0.00         0
          23       0.00      0.00      0.00         3
          24       0.00      0.00      0.00         0

    accuracy                           0.04       300
   macro avg       0.04      0.01      0.02       300
weighted avg       0.17      0.04      0.06       300

(training_methods.py:282) 2025-06-06 22:52:28.010442 | INFO : Epoch 12 Validation Summary: epoch: 12.000000 | loss: 0.000000 | accuracy: 0.040000 | 
(training_methods.py:312) 2025-06-06 22:52:28.013405 | INFO : ckpt updated.
(training_methods.py:254) 2025-06-06 22:52:29.120629 | INFO : Training Epoch 13   0.0% | batch:         0 of        11
	loss: 0.642436

(training_methods.py:254) 2025-06-06 22:52:29.794656 | INFO : Training Epoch 13  90.9% | batch:        10 of        11
	loss: 0.622806

(training_methods.py:257) 2025-06-06 22:52:29.829658 | INFO : Evaluating on validation set ...
(training_methods.py:254) 2025-06-06 22:52:36.820859 | INFO : Evaluating Epoch 13   0.0% | batch:         0 of         3
	loss: inf

(training_methods.py:262) 2025-06-06 22:52:37.014222 | INFO : Validation runtime: 0.0 hours, 0.0 minutes, 7.184290409088135 seconds

(training_methods.py:268) 2025-06-06 22:52:37.014576 | INFO : Avg val. time: 0.0 hours, 0.0 minutes, 5.018312420163836 seconds
(training_methods.py:269) 2025-06-06 22:52:37.014635 | INFO : Avg batch val. time: 1.6727708067212788 seconds
(training_methods.py:270) 2025-06-06 22:52:37.014681 | INFO : Avg sample val. time: 0.01672770806721279 seconds
(training_methods.py:276) 2025-06-06 22:52:37.014767 | INFO : report:               precision    recall  f1-score   support

           0       0.00      0.00      0.00        70
           1       0.00      0.00      0.00         0
           2       0.00      0.00      0.00         0
           3       0.00      0.00      0.00         0
           4       0.00      0.00      0.00         0
           5       0.00      0.00      0.00        23
           6       0.00      0.00      0.00         0
           7       0.50      0.06      0.10       106
           8       0.00      0.00      0.00         0
           9       0.00      0.00      0.00         0
          10       0.00      0.00      0.00         6
          11       0.00      0.00      0.00        40
          12       0.00      0.00      0.00         0
          13       0.00      0.00      0.00         0
          14       0.00      0.00      0.00         0
          15       0.00      0.00      0.00         4
          16       0.00      0.00      0.00         0
          17       0.00      0.00      0.00         0
          18       0.25      0.16      0.19        19
          19       0.25      0.11      0.15        28
          20       0.00      0.00      0.00         0
          21       0.00      0.00      0.00         0
          22       0.00      0.00      0.00         1
          23       0.00      0.00      0.00         3
          24       0.00      0.00      0.00         0

    accuracy                           0.04       300
   macro avg       0.04      0.01      0.02       300
weighted avg       0.22      0.04      0.06       300

(training_methods.py:282) 2025-06-06 22:52:37.014852 | INFO : Epoch 13 Validation Summary: epoch: 13.000000 | loss: 0.000000 | accuracy: 0.040000 | 
(training_methods.py:312) 2025-06-06 22:52:37.018294 | INFO : ckpt updated.
(training_methods.py:254) 2025-06-06 22:52:38.136826 | INFO : Training Epoch 14   0.0% | batch:         0 of        11
	loss: 0.638602

(training_methods.py:254) 2025-06-06 22:52:38.798072 | INFO : Training Epoch 14  90.9% | batch:        10 of        11
	loss: 0.633878

(training_methods.py:257) 2025-06-06 22:52:38.835886 | INFO : Evaluating on validation set ...
(training_methods.py:254) 2025-06-06 22:52:46.670096 | INFO : Evaluating Epoch 14   0.0% | batch:         0 of         3
	loss: inf

(training_methods.py:262) 2025-06-06 22:52:46.852656 | INFO : Validation runtime: 0.0 hours, 0.0 minutes, 8.01653504371643 seconds

(training_methods.py:268) 2025-06-06 22:52:46.852879 | INFO : Avg val. time: 0.0 hours, 0.0 minutes, 5.218193928400676 seconds
(training_methods.py:269) 2025-06-06 22:52:46.852940 | INFO : Avg batch val. time: 1.7393979761335585 seconds
(training_methods.py:270) 2025-06-06 22:52:46.853000 | INFO : Avg sample val. time: 0.017393979761335585 seconds
(training_methods.py:276) 2025-06-06 22:52:46.853104 | INFO : report:               precision    recall  f1-score   support

           0       0.67      0.06      0.11       128
           1       0.08      0.17      0.11         6
           2       0.00      0.00      0.00         0
           3       0.00      0.00      0.00        42
           4       0.00      0.00      0.00         4
           5       0.00      0.00      0.00         4
           6       0.00      0.00      0.00         0
           7       0.00      0.00      0.00         2
           8       0.00      0.00      0.00         4
           9       0.00      0.00      0.00         0
          10       0.00      0.00      0.00         5
          11       0.00      0.00      0.00         0
          12       0.00      0.00      0.00         1
          13       0.00      0.00      0.00         1
          14       0.00      0.00      0.00         0
          15       0.00      0.00      0.00         0
          16       0.00      0.00      0.00         0
          17       0.08      0.03      0.05        30
          18       0.58      0.14      0.23        50
          19       0.00      0.00      0.00        16
          20       0.00      0.00      0.00         0
          21       0.08      0.17      0.11         6
          22       0.00      0.00      0.00         0
          23       0.00      0.00      0.00         0
          24       0.00      0.00      0.00         1

    accuracy                           0.06       300
   macro avg       0.06      0.02      0.02       300
weighted avg       0.39      0.06      0.10       300

(training_methods.py:282) 2025-06-06 22:52:46.853236 | INFO : Epoch 14 Validation Summary: epoch: 14.000000 | loss: 0.000000 | accuracy: 0.060000 | 
(training_methods.py:312) 2025-06-06 22:52:46.856207 | INFO : ckpt updated.
(training_methods.py:254) 2025-06-06 22:52:47.789477 | INFO : Training Epoch 15   0.0% | batch:         0 of        11
	loss: 0.633684

(training_methods.py:254) 2025-06-06 22:52:48.464917 | INFO : Training Epoch 15  90.9% | batch:        10 of        11
	loss: 0.640713

(training_methods.py:257) 2025-06-06 22:52:48.503148 | INFO : Evaluating on validation set ...
(training_methods.py:254) 2025-06-06 22:52:56.123865 | INFO : Evaluating Epoch 15   0.0% | batch:         0 of         3
	loss: inf

(training_methods.py:262) 2025-06-06 22:52:56.304386 | INFO : Validation runtime: 0.0 hours, 0.0 minutes, 7.8009984493255615 seconds

(training_methods.py:268) 2025-06-06 22:52:56.304618 | INFO : Avg val. time: 0.0 hours, 0.0 minutes, 5.379619210958481 seconds
(training_methods.py:269) 2025-06-06 22:52:56.304687 | INFO : Avg batch val. time: 1.793206403652827 seconds
(training_methods.py:270) 2025-06-06 22:52:56.304733 | INFO : Avg sample val. time: 0.01793206403652827 seconds
(training_methods.py:276) 2025-06-06 22:52:56.304788 | INFO : report:               precision    recall  f1-score   support

           0       0.50      0.06      0.11       100
           1       0.00      0.00      0.00         0
           2       0.00      0.00      0.00         0
           3       0.00      0.00      0.00         0
           4       0.00      0.00      0.00        13
           5       0.00      0.00      0.00        14
           6       0.00      0.00      0.00         0
           7       0.00      0.00      0.00         7
           8       0.00      0.00      0.00         0
           9       0.08      0.11      0.10         9
          10       0.58      0.16      0.25        44
          11       0.00      0.00      0.00        22
          12       0.00      0.00      0.00         2
          13       0.00      0.00      0.00         1
          14       0.00      0.00      0.00         0
          15       0.00      0.00      0.00         0
          16       0.00      0.00      0.00         0
          17       0.17      0.05      0.08        39
          18       0.00      0.00      0.00         0
          19       0.08      0.03      0.05        32
          20       0.00      0.00      0.00         0
          21       0.00      0.00      0.00         1
          22       0.00      0.00      0.00         0
          23       0.00      0.00      0.00         0
          24       0.17      0.12      0.14        16

    accuracy                           0.06       300
   macro avg       0.06      0.02      0.03       300
weighted avg       0.29      0.06      0.10       300

(training_methods.py:282) 2025-06-06 22:52:56.304896 | INFO : Epoch 15 Validation Summary: epoch: 15.000000 | loss: 0.000000 | accuracy: 0.063333 | 
(training_methods.py:312) 2025-06-06 22:52:56.307957 | INFO : ckpt updated.
(training_methods.py:254) 2025-06-06 22:52:57.238324 | INFO : Training Epoch 16   0.0% | batch:         0 of        11
	loss: 0.633001

(training_methods.py:254) 2025-06-06 22:52:57.884323 | INFO : Training Epoch 16  90.9% | batch:        10 of        11
	loss: 0.634082

(training_methods.py:257) 2025-06-06 22:52:57.918209 | INFO : Evaluating on validation set ...
(training_methods.py:254) 2025-06-06 22:53:05.743953 | INFO : Evaluating Epoch 16   0.0% | batch:         0 of         3
	loss: inf

(training_methods.py:262) 2025-06-06 22:53:05.927634 | INFO : Validation runtime: 0.0 hours, 0.0 minutes, 8.009185075759888 seconds

(training_methods.py:268) 2025-06-06 22:53:05.927864 | INFO : Avg val. time: 0.0 hours, 0.0 minutes, 5.534299555946799 seconds
(training_methods.py:269) 2025-06-06 22:53:05.927933 | INFO : Avg batch val. time: 1.8447665186489328 seconds
(training_methods.py:270) 2025-06-06 22:53:05.927980 | INFO : Avg sample val. time: 0.01844766518648933 seconds
(training_methods.py:276) 2025-06-06 22:53:05.928037 | INFO : report:               precision    recall  f1-score   support

           0       0.58      0.05      0.10       132
           1       0.00      0.00      0.00         0
           2       0.00      0.00      0.00         0
           3       0.00      0.00      0.00         0
           4       0.00      0.00      0.00        14
           5       0.00      0.00      0.00        13
           6       0.00      0.00      0.00         0
           7       0.00      0.00      0.00         5
           8       0.00      0.00      0.00         0
           9       0.00      0.00      0.00         0
          10       0.83      0.15      0.25        67
          11       0.00      0.00      0.00        48
          12       0.00      0.00      0.00         0
          13       0.00      0.00      0.00         0
          14       0.00      0.00      0.00         1
          15       0.00      0.00      0.00         3
          16       0.00      0.00      0.00         0
          17       0.08      0.07      0.08        14
          18       0.00      0.00      0.00         0
          19       0.00      0.00      0.00         0
          20       0.00      0.00      0.00         0
          21       0.00      0.00      0.00         3
          22       0.00      0.00      0.00         0
          23       0.00      0.00      0.00         0
          24       0.00      0.00      0.00         0

    accuracy                           0.06       300
   macro avg       0.06      0.01      0.02       300
weighted avg       0.45      0.06      0.10       300

(training_methods.py:282) 2025-06-06 22:53:05.928129 | INFO : Epoch 16 Validation Summary: epoch: 16.000000 | loss: 0.000000 | accuracy: 0.060000 | 
(training_methods.py:312) 2025-06-06 22:53:05.931188 | INFO : ckpt updated.
(training_methods.py:254) 2025-06-06 22:53:07.031898 | INFO : Training Epoch 17   0.0% | batch:         0 of        11
	loss: 0.633627

(training_methods.py:254) 2025-06-06 22:53:07.701333 | INFO : Training Epoch 17  90.9% | batch:        10 of        11
	loss: 0.635842

(training_methods.py:257) 2025-06-06 22:53:07.736059 | INFO : Evaluating on validation set ...
(training_methods.py:254) 2025-06-06 22:53:15.258574 | INFO : Evaluating Epoch 17   0.0% | batch:         0 of         3
	loss: inf

(training_methods.py:262) 2025-06-06 22:53:15.438046 | INFO : Validation runtime: 0.0 hours, 0.0 minutes, 7.7017340660095215 seconds

(training_methods.py:268) 2025-06-06 22:53:15.438282 | INFO : Avg val. time: 0.0 hours, 0.0 minutes, 5.654712584283617 seconds
(training_methods.py:269) 2025-06-06 22:53:15.438361 | INFO : Avg batch val. time: 1.8849041947612057 seconds
(training_methods.py:270) 2025-06-06 22:53:15.438406 | INFO : Avg sample val. time: 0.018849041947612055 seconds
(training_methods.py:276) 2025-06-06 22:53:15.438463 | INFO : report:               precision    recall  f1-score   support

           0       0.00      0.00      0.00         0
           1       0.00      0.00      0.00         0
           2       0.00      0.00      0.00         0
           3       0.00      0.00      0.00         1
           4       0.00      0.00      0.00         0
           5       0.00      0.00      0.00        32
           6       0.00      0.00      0.00         0
           7       0.92      0.07      0.13       157
           8       0.00      0.00      0.00         0
           9       0.00      0.00      0.00         0
          10       0.00      0.00      0.00        15
          11       0.00      0.00      0.00         0
          12       0.00      0.00      0.00         0
          13       0.00      0.00      0.00         0
          14       0.00      0.00      0.00         1
          15       0.00      0.00      0.00         1
          16       0.00      0.00      0.00         0
          17       0.00      0.00      0.00         0
          18       0.08      0.03      0.05        32
          19       0.00      0.00      0.00         4
          20       0.00      0.00      0.00         0
          21       0.00      0.00      0.00         0
          22       0.00      0.00      0.00         1
          23       0.00      0.00      0.00        56
          24       0.00      0.00      0.00         0

    accuracy                           0.04       300
   macro avg       0.04      0.00      0.01       300
weighted avg       0.49      0.04      0.07       300

(training_methods.py:282) 2025-06-06 22:53:15.438553 | INFO : Epoch 17 Validation Summary: epoch: 17.000000 | loss: 0.000000 | accuracy: 0.040000 | 
(training_methods.py:312) 2025-06-06 22:53:15.441591 | INFO : ckpt updated.
(training_methods.py:254) 2025-06-06 22:53:16.555617 | INFO : Training Epoch 18   0.0% | batch:         0 of        11
	loss: 0.639141

(training_methods.py:254) 2025-06-06 22:53:17.207169 | INFO : Training Epoch 18  90.9% | batch:        10 of        11
	loss: 0.627153

(training_methods.py:257) 2025-06-06 22:53:17.243887 | INFO : Evaluating on validation set ...
(training_methods.py:254) 2025-06-06 22:53:25.078696 | INFO : Evaluating Epoch 18   0.0% | batch:         0 of         3
	loss: inf

(training_methods.py:262) 2025-06-06 22:53:25.259851 | INFO : Validation runtime: 0.0 hours, 0.0 minutes, 8.015736818313599 seconds

(training_methods.py:268) 2025-06-06 22:53:25.260080 | INFO : Avg val. time: 0.0 hours, 0.0 minutes, 5.778977017653616 seconds
(training_methods.py:269) 2025-06-06 22:53:25.260131 | INFO : Avg batch val. time: 1.9263256725512052 seconds
(training_methods.py:270) 2025-06-06 22:53:25.260173 | INFO : Avg sample val. time: 0.019263256725512053 seconds
(training_methods.py:276) 2025-06-06 22:53:25.260226 | INFO : report:               precision    recall  f1-score   support

           0       0.33      0.03      0.06       129
           1       0.00      0.00      0.00         0
           2       0.00      0.00      0.00         0
           3       0.00      0.00      0.00         0
           4       0.00      0.00      0.00         9
           5       0.00      0.00      0.00         9
           6       0.00      0.00      0.00         0
           7       0.00      0.00      0.00        19
           8       0.00      0.00      0.00         2
           9       0.00      0.00      0.00         0
          10       0.25      0.19      0.21        16
          11       0.00      0.00      0.00        20
          12       0.00      0.00      0.00         0
          13       0.00      0.00      0.00         5
          14       0.00      0.00      0.00         0
          15       0.00      0.00      0.00         8
          16       0.00      0.00      0.00         0
          17       0.08      0.07      0.08        14
          18       1.00      0.24      0.39        50
          19       0.00      0.00      0.00         0
          20       0.00      0.00      0.00         0
          21       0.00      0.00      0.00        10
          22       0.00      0.00      0.00         0
          23       0.00      0.00      0.00         8
          24       0.00      0.00      0.00         1

    accuracy                           0.07       300
   macro avg       0.07      0.02      0.03       300
weighted avg       0.33      0.07      0.10       300

(training_methods.py:282) 2025-06-06 22:53:25.260329 | INFO : Epoch 18 Validation Summary: epoch: 18.000000 | loss: 0.000000 | accuracy: 0.066667 | 
(training_methods.py:312) 2025-06-06 22:53:25.263145 | INFO : ckpt updated.
(training_methods.py:254) 2025-06-06 22:53:26.391369 | INFO : Training Epoch 19   0.0% | batch:         0 of        11
	loss: 0.625088

(training_methods.py:254) 2025-06-06 22:53:27.046568 | INFO : Training Epoch 19  90.9% | batch:        10 of        11
	loss: 0.640237

(training_methods.py:257) 2025-06-06 22:53:27.081782 | INFO : Evaluating on validation set ...
(training_methods.py:254) 2025-06-06 22:53:33.969736 | INFO : Evaluating Epoch 19   0.0% | batch:         0 of         3
	loss: inf

(training_methods.py:262) 2025-06-06 22:53:34.160248 | INFO : Validation runtime: 0.0 hours, 0.0 minutes, 7.078211545944214 seconds

(training_methods.py:268) 2025-06-06 22:53:34.160517 | INFO : Avg val. time: 0.0 hours, 0.0 minutes, 5.843938744068145 seconds
(training_methods.py:269) 2025-06-06 22:53:34.160571 | INFO : Avg batch val. time: 1.9479795813560485 seconds
(training_methods.py:270) 2025-06-06 22:53:34.160632 | INFO : Avg sample val. time: 0.019479795813560484 seconds
(training_methods.py:276) 2025-06-06 22:53:34.160689 | INFO : report:               precision    recall  f1-score   support

           0       0.00      0.00      0.00         0
           1       0.00      0.00      0.00         0
           2       0.00      0.00      0.00         0
           3       0.00      0.00      0.00         1
           4       0.00      0.00      0.00         2
           5       0.00      0.00      0.00        51
           6       0.00      0.00      0.00         0
           7       0.92      0.10      0.17       115
           8       0.00      0.00      0.00         0
           9       0.00      0.00      0.00         0
          10       0.00      0.00      0.00        10
          11       0.00      0.00      0.00         1
          12       0.00      0.00      0.00         0
          13       0.00      0.00      0.00         1
          14       0.00      0.00      0.00         0
          15       0.00      0.00      0.00         0
          16       0.08      1.00      0.15         1
          17       0.00      0.00      0.00         2
          18       0.50      0.12      0.19        52
          19       0.00      0.00      0.00         3
          20       0.00      0.00      0.00         0
          21       0.00      0.00      0.00         0
          22       0.00      0.00      0.00         1
          23       0.00      0.00      0.00        60
          24       0.00      0.00      0.00         0

    accuracy                           0.06       300
   macro avg       0.06      0.05      0.02       300
weighted avg       0.44      0.06      0.10       300

(training_methods.py:282) 2025-06-06 22:53:34.160775 | INFO : Epoch 19 Validation Summary: epoch: 19.000000 | loss: 0.000000 | accuracy: 0.060000 | 
(training_methods.py:312) 2025-06-06 22:53:34.163852 | INFO : ckpt updated.
