(dataloaders.py:51) 2025-06-06 22:44:39.982181 | INFO : train_ds length: 1375, valid_ds length: 300
(process_model.py:276) 2025-06-06 22:44:40.004633 | INFO : {'feat_dim': 9, 'seq_len': 144, 'device': 'cpu'}
(process_model.py:277) 2025-06-06 22:44:40.004762 | INFO : TNC(
  (encoder): RnnEncoder(
    (nn): Sequential(
      (0): Linear(in_features=200, out_features=10, bias=True)
    )
    (rnn): GRU(9, 100, bidirectional=True)
  )
  (disc_model): Discriminator(
    (model): Sequential(
      (0): Linear(in_features=20, out_features=40, bias=True)
      (1): ReLU(inplace=True)
      (2): Dropout(p=0.5, inplace=False)
      (3): Linear(in_features=40, out_features=1, bias=True)
    )
  )
)
(training_methods.py:254) 2025-06-06 22:44:41.210139 | INFO : Training Epoch 0   0.0% | batch:         0 of        22
	loss: 0.702235

(training_methods.py:254) 2025-06-06 22:44:41.623410 | INFO : Training Epoch 0  45.5% | batch:        10 of        22
	loss: 0.693486

(training_methods.py:254) 2025-06-06 22:44:42.028693 | INFO : Training Epoch 0  90.9% | batch:        20 of        22
	loss: 0.68036

(training_methods.py:257) 2025-06-06 22:44:42.085124 | INFO : Evaluating on validation set ...
(training_methods.py:254) 2025-06-06 22:44:45.818131 | INFO : Evaluating Epoch 0   0.0% | batch:         0 of         5
	loss: inf

(training_methods.py:262) 2025-06-06 22:44:46.006245 | INFO : Validation runtime: 0.0 hours, 0.0 minutes, 3.920802593231201 seconds

(training_methods.py:268) 2025-06-06 22:44:46.006502 | INFO : Avg val. time: 0.0 hours, 0.0 minutes, 3.920802593231201 seconds
(training_methods.py:269) 2025-06-06 22:44:46.006557 | INFO : Avg batch val. time: 0.7841605186462403 seconds
(training_methods.py:270) 2025-06-06 22:44:46.006603 | INFO : Avg sample val. time: 0.013069341977437338 seconds
(training_methods.py:276) 2025-06-06 22:44:46.006673 | INFO : report:               precision    recall  f1-score   support

           0       0.00      0.00      0.00         6
           1       0.00      0.00      0.00        10
           2       0.33      0.14      0.20        29
           3       0.00      0.00      0.00        11
           4       0.00      0.00      0.00        19
           5       0.00      0.00      0.00         9
           6       0.08      0.10      0.09        10
           7       0.25      0.23      0.24        13
           8       0.00      0.00      0.00        11
           9       0.00      0.00      0.00        11
          10       0.08      0.09      0.09        11
          11       0.00      0.00      0.00        14
          12       0.00      0.00      0.00        10
          13       0.00      0.00      0.00        13
          14       0.00      0.00      0.00         8
          15       0.00      0.00      0.00        34
          16       0.25      0.27      0.26        11
          17       0.08      0.17      0.11         6
          18       0.08      0.11      0.10         9
          19       0.00      0.00      0.00        12
          20       0.00      0.00      0.00         9
          21       0.00      0.00      0.00         4
          22       0.00      0.00      0.00         9
          23       0.00      0.00      0.00        15
          24       0.08      0.17      0.11         6

    accuracy                           0.05       300
   macro avg       0.05      0.05      0.05       300
weighted avg       0.06      0.05      0.05       300

(training_methods.py:282) 2025-06-06 22:44:46.006756 | INFO : Epoch 0 Validation Summary: epoch: 0.000000 | loss: 0.000000 | accuracy: 0.050000 | 
(training_methods.py:312) 2025-06-06 22:44:46.009726 | INFO : ckpt updated.
(training_methods.py:254) 2025-06-06 22:44:46.441489 | INFO : Training Epoch 1   0.0% | batch:         0 of        22
	loss: 0.676606

(training_methods.py:254) 2025-06-06 22:44:46.855559 | INFO : Training Epoch 1  45.5% | batch:        10 of        22
	loss: 0.676508

(training_methods.py:254) 2025-06-06 22:44:47.252685 | INFO : Training Epoch 1  90.9% | batch:        20 of        22
	loss: 0.679592

(training_methods.py:257) 2025-06-06 22:44:47.314161 | INFO : Evaluating on validation set ...
(training_methods.py:254) 2025-06-06 22:44:51.310032 | INFO : Evaluating Epoch 1   0.0% | batch:         0 of         5
	loss: inf

(training_methods.py:262) 2025-06-06 22:44:51.513269 | INFO : Validation runtime: 0.0 hours, 0.0 minutes, 4.198834180831909 seconds

(training_methods.py:268) 2025-06-06 22:44:51.513529 | INFO : Avg val. time: 0.0 hours, 0.0 minutes, 4.059818387031555 seconds
(training_methods.py:269) 2025-06-06 22:44:51.513588 | INFO : Avg batch val. time: 0.811963677406311 seconds
(training_methods.py:270) 2025-06-06 22:44:51.513635 | INFO : Avg sample val. time: 0.01353272795677185 seconds
(training_methods.py:276) 2025-06-06 22:44:51.513693 | INFO : report:               precision    recall  f1-score   support

           0       0.00      0.00      0.00         0
           1       0.00      0.00      0.00        18
           2       0.58      0.13      0.22        53
           3       0.00      0.00      0.00        24
           4       0.00      0.00      0.00         7
           5       0.00      0.00      0.00         5
           6       0.58      0.37      0.45        19
           7       0.08      0.14      0.11         7
           8       0.00      0.00      0.00        10
           9       0.00      0.00      0.00        15
          10       0.08      0.12      0.10         8
          11       0.00      0.00      0.00         9
          12       0.08      0.33      0.13         3
          13       0.00      0.00      0.00         7
          14       0.00      0.00      0.00         3
          15       0.00      0.00      0.00        25
          16       0.25      0.43      0.32         7
          17       0.08      0.25      0.12         4
          18       0.00      0.00      0.00         5
          19       0.08      0.04      0.06        24
          20       0.00      0.00      0.00         8
          21       0.00      0.00      0.00         8
          22       0.00      0.00      0.00         6
          23       0.00      0.00      0.00         2
          24       0.00      0.00      0.00        23

    accuracy                           0.07       300
   macro avg       0.07      0.07      0.06       300
weighted avg       0.16      0.07      0.09       300

(training_methods.py:282) 2025-06-06 22:44:51.513769 | INFO : Epoch 1 Validation Summary: epoch: 1.000000 | loss: 0.000000 | accuracy: 0.073333 | 
(training_methods.py:312) 2025-06-06 22:44:51.516752 | INFO : ckpt updated.
(training_methods.py:254) 2025-06-06 22:44:52.440958 | INFO : Training Epoch 2   0.0% | batch:         0 of        22
	loss: 0.674314

(training_methods.py:254) 2025-06-06 22:44:52.856894 | INFO : Training Epoch 2  45.5% | batch:        10 of        22
	loss: 0.672118

(training_methods.py:254) 2025-06-06 22:44:53.257511 | INFO : Training Epoch 2  90.9% | batch:        20 of        22
	loss: 0.674471

(training_methods.py:257) 2025-06-06 22:44:53.319178 | INFO : Evaluating on validation set ...
(training_methods.py:254) 2025-06-06 22:44:57.463184 | INFO : Evaluating Epoch 2   0.0% | batch:         0 of         5
	loss: inf

(training_methods.py:262) 2025-06-06 22:44:57.652729 | INFO : Validation runtime: 0.0 hours, 0.0 minutes, 4.333278656005859 seconds

(training_methods.py:268) 2025-06-06 22:44:57.652957 | INFO : Avg val. time: 0.0 hours, 0.0 minutes, 4.15097181002299 seconds
(training_methods.py:269) 2025-06-06 22:44:57.653020 | INFO : Avg batch val. time: 0.8301943620045981 seconds
(training_methods.py:270) 2025-06-06 22:44:57.653070 | INFO : Avg sample val. time: 0.013836572700076634 seconds
(training_methods.py:276) 2025-06-06 22:44:57.653128 | INFO : report:               precision    recall  f1-score   support

           0       0.00      0.00      0.00         4
           1       0.00      0.00      0.00        27
           2       0.42      0.22      0.29        23
           3       0.00      0.00      0.00        18
           4       0.00      0.00      0.00         5
           5       0.00      0.00      0.00         1
           6       0.58      0.50      0.54        14
           7       0.08      0.20      0.12         5
           8       0.00      0.00      0.00         7
           9       0.00      0.00      0.00        19
          10       0.00      0.00      0.00         7
          11       0.00      0.00      0.00         0
          12       0.00      0.00      0.00         7
          13       0.00      0.00      0.00        18
          14       0.00      0.00      0.00        26
          15       0.17      0.07      0.10        27
          16       0.08      0.50      0.14         2
          17       0.08      0.08      0.08        13
          18       0.08      0.05      0.06        19
          19       0.00      0.00      0.00        15
          20       0.00      0.00      0.00        12
          21       0.00      0.00      0.00         6
          22       0.00      0.00      0.00        13
          23       0.00      0.00      0.00         6
          24       0.00      0.00      0.00         6

    accuracy                           0.06       300
   macro avg       0.06      0.06      0.05       300
weighted avg       0.09      0.06      0.07       300

(training_methods.py:282) 2025-06-06 22:44:57.653241 | INFO : Epoch 2 Validation Summary: epoch: 2.000000 | loss: 0.000000 | accuracy: 0.060000 | 
(training_methods.py:312) 2025-06-06 22:44:57.656175 | INFO : ckpt updated.
(training_methods.py:254) 2025-06-06 22:44:58.475189 | INFO : Training Epoch 3   0.0% | batch:         0 of        22
	loss: 0.680179

(training_methods.py:254) 2025-06-06 22:44:58.888805 | INFO : Training Epoch 3  45.5% | batch:        10 of        22
	loss: 0.674686

(training_methods.py:254) 2025-06-06 22:44:59.290045 | INFO : Training Epoch 3  90.9% | batch:        20 of        22
	loss: 0.67151

(training_methods.py:257) 2025-06-06 22:44:59.365564 | INFO : Evaluating on validation set ...
(training_methods.py:254) 2025-06-06 22:45:03.757625 | INFO : Evaluating Epoch 3   0.0% | batch:         0 of         5
	loss: inf

(training_methods.py:262) 2025-06-06 22:45:03.945089 | INFO : Validation runtime: 0.0 hours, 0.0 minutes, 4.579227685928345 seconds

(training_methods.py:268) 2025-06-06 22:45:03.945351 | INFO : Avg val. time: 0.0 hours, 0.0 minutes, 4.258035778999329 seconds
(training_methods.py:269) 2025-06-06 22:45:03.945407 | INFO : Avg batch val. time: 0.8516071557998657 seconds
(training_methods.py:270) 2025-06-06 22:45:03.945454 | INFO : Avg sample val. time: 0.014193452596664428 seconds
(training_methods.py:276) 2025-06-06 22:45:03.945509 | INFO : report:               precision    recall  f1-score   support

           0       0.00      0.00      0.00         4
           1       0.00      0.00      0.00        41
           2       0.67      0.28      0.39        29
           3       0.00      0.00      0.00        14
           4       0.00      0.00      0.00         4
           5       0.00      0.00      0.00         5
           6       0.25      0.33      0.29         9
           7       0.17      0.13      0.15        15
           8       0.00      0.00      0.00         3
           9       0.00      0.00      0.00         8
          10       0.00      0.00      0.00         4
          11       0.00      0.00      0.00         1
          12       0.00      0.00      0.00        10
          13       0.00      0.00      0.00         4
          14       0.00      0.00      0.00        26
          15       0.08      0.04      0.05        25
          16       0.08      0.50      0.14         2
          17       0.08      0.07      0.08        14
          18       0.08      0.06      0.07        17
          19       0.00      0.00      0.00        22
          20       0.00      0.00      0.00         8
          21       0.00      0.00      0.00         7
          22       0.00      0.00      0.00        11
          23       0.00      0.00      0.00         3
          24       0.33      0.29      0.31        14

    accuracy                           0.07       300
   macro avg       0.07      0.07      0.06       300
weighted avg       0.11      0.07      0.08       300

(training_methods.py:282) 2025-06-06 22:45:03.945611 | INFO : Epoch 3 Validation Summary: epoch: 3.000000 | loss: 0.000000 | accuracy: 0.070000 | 
(training_methods.py:312) 2025-06-06 22:45:03.948374 | INFO : ckpt updated.
(training_methods.py:254) 2025-06-06 22:45:04.792327 | INFO : Training Epoch 4   0.0% | batch:         0 of        22
	loss: 0.68445

(training_methods.py:254) 2025-06-06 22:45:05.209246 | INFO : Training Epoch 4  45.5% | batch:        10 of        22
	loss: 0.660081

(training_methods.py:254) 2025-06-06 22:45:05.614424 | INFO : Training Epoch 4  90.9% | batch:        20 of        22
	loss: 0.67246

(training_methods.py:257) 2025-06-06 22:45:05.678825 | INFO : Evaluating on validation set ...
(training_methods.py:254) 2025-06-06 22:45:10.371317 | INFO : Evaluating Epoch 4   0.0% | batch:         0 of         5
	loss: inf

(training_methods.py:262) 2025-06-06 22:45:10.559719 | INFO : Validation runtime: 0.0 hours, 0.0 minutes, 4.8805999755859375 seconds

(training_methods.py:268) 2025-06-06 22:45:10.559948 | INFO : Avg val. time: 0.0 hours, 0.0 minutes, 4.38254861831665 seconds
(training_methods.py:269) 2025-06-06 22:45:10.560024 | INFO : Avg batch val. time: 0.87650972366333 seconds
(training_methods.py:270) 2025-06-06 22:45:10.560070 | INFO : Avg sample val. time: 0.014608495394388833 seconds
(training_methods.py:276) 2025-06-06 22:45:10.560126 | INFO : report:               precision    recall  f1-score   support

           0       0.00      0.00      0.00         9
           1       0.00      0.00      0.00        18
           2       0.33      0.14      0.20        29
           3       0.00      0.00      0.00        20
           4       0.00      0.00      0.00         7
           5       0.00      0.00      0.00         2
           6       0.00      0.00      0.00         3
           7       0.00      0.00      0.00        13
           8       0.00      0.00      0.00         4
           9       0.25      0.08      0.12        38
          10       0.00      0.00      0.00         5
          11       0.00      0.00      0.00         7
          12       0.00      0.00      0.00         4
          13       0.00      0.00      0.00        10
          14       0.00      0.00      0.00        10
          15       0.00      0.00      0.00        30
          16       0.00      0.00      0.00         0
          17       0.08      0.05      0.06        19
          18       0.08      0.20      0.12         5
          19       0.00      0.00      0.00        22
          20       0.00      0.00      0.00        10
          21       0.25      0.19      0.21        16
          22       0.00      0.00      0.00         5
          23       0.00      0.00      0.00         1
          24       0.25      0.23      0.24        13

    accuracy                           0.05       300
   macro avg       0.05      0.04      0.04       300
weighted avg       0.09      0.05      0.06       300

(training_methods.py:282) 2025-06-06 22:45:10.560222 | INFO : Epoch 4 Validation Summary: epoch: 4.000000 | loss: 0.000000 | accuracy: 0.050000 | 
(training_methods.py:312) 2025-06-06 22:45:10.563434 | INFO : ckpt updated.
(training_methods.py:254) 2025-06-06 22:45:11.628449 | INFO : Training Epoch 5   0.0% | batch:         0 of        22
	loss: 0.673669

(training_methods.py:254) 2025-06-06 22:45:12.039468 | INFO : Training Epoch 5  45.5% | batch:        10 of        22
	loss: 0.671354

(training_methods.py:254) 2025-06-06 22:45:12.443312 | INFO : Training Epoch 5  90.9% | batch:        20 of        22
	loss: 0.661528

(training_methods.py:257) 2025-06-06 22:45:12.506259 | INFO : Evaluating on validation set ...
(training_methods.py:254) 2025-06-06 22:45:17.390405 | INFO : Evaluating Epoch 5   0.0% | batch:         0 of         5
	loss: inf

(training_methods.py:262) 2025-06-06 22:45:17.584895 | INFO : Validation runtime: 0.0 hours, 0.0 minutes, 5.078330039978027 seconds

(training_methods.py:268) 2025-06-06 22:45:17.585128 | INFO : Avg val. time: 0.0 hours, 0.0 minutes, 4.498512188593547 seconds
(training_methods.py:269) 2025-06-06 22:45:17.585244 | INFO : Avg batch val. time: 0.8997024377187094 seconds
(training_methods.py:270) 2025-06-06 22:45:17.585313 | INFO : Avg sample val. time: 0.014995040628645156 seconds
(training_methods.py:276) 2025-06-06 22:45:17.585394 | INFO : report:               precision    recall  f1-score   support

           0       0.00      0.00      0.00         3
           1       0.00      0.00      0.00        12
           2       0.58      0.17      0.26        42
           3       0.00      0.00      0.00        17
           4       0.00      0.00      0.00         2
           5       0.00      0.00      0.00         2
           6       0.00      0.00      0.00         7
           7       0.00      0.00      0.00        13
           8       0.00      0.00      0.00         8
           9       0.17      0.10      0.12        21
          10       0.00      0.00      0.00         7
          11       0.00      0.00      0.00        26
          12       0.00      0.00      0.00         6
          13       0.00      0.00      0.00        17
          14       0.00      0.00      0.00        23
          15       0.00      0.00      0.00        10
          16       0.00      0.00      0.00         0
          17       0.08      0.05      0.06        21
          18       0.08      0.05      0.06        21
          19       0.00      0.00      0.00         8
          20       0.00      0.00      0.00         0
          21       0.00      0.00      0.00        15
          22       0.00      0.00      0.00         1
          23       0.00      0.00      0.00         0
          24       0.08      0.06      0.07        18

    accuracy                           0.04       300
   macro avg       0.04      0.02      0.02       300
weighted avg       0.11      0.04      0.06       300

(training_methods.py:282) 2025-06-06 22:45:17.585513 | INFO : Epoch 5 Validation Summary: epoch: 5.000000 | loss: 0.000000 | accuracy: 0.040000 | 
(training_methods.py:312) 2025-06-06 22:45:17.588758 | INFO : ckpt updated.
(training_methods.py:254) 2025-06-06 22:45:18.603897 | INFO : Training Epoch 6   0.0% | batch:         0 of        22
	loss: 0.655498

(training_methods.py:254) 2025-06-06 22:45:19.015218 | INFO : Training Epoch 6  45.5% | batch:        10 of        22
	loss: 0.645299

(training_methods.py:254) 2025-06-06 22:45:19.416208 | INFO : Training Epoch 6  90.9% | batch:        20 of        22
	loss: 0.646232

(training_methods.py:257) 2025-06-06 22:45:19.523626 | INFO : Evaluating on validation set ...
(training_methods.py:254) 2025-06-06 22:45:25.650212 | INFO : Evaluating Epoch 6   0.0% | batch:         0 of         5
	loss: inf

(training_methods.py:262) 2025-06-06 22:45:25.837985 | INFO : Validation runtime: 0.0 hours, 0.0 minutes, 6.3140869140625 seconds

(training_methods.py:268) 2025-06-06 22:45:25.838211 | INFO : Avg val. time: 0.0 hours, 0.0 minutes, 4.7578800065176825 seconds
(training_methods.py:269) 2025-06-06 22:45:25.838274 | INFO : Avg batch val. time: 0.9515760013035365 seconds
(training_methods.py:270) 2025-06-06 22:45:25.838350 | INFO : Avg sample val. time: 0.01585960002172561 seconds
(training_methods.py:276) 2025-06-06 22:45:25.838432 | INFO : report:               precision    recall  f1-score   support

           0       0.00      0.00      0.00         1
           1       0.00      0.00      0.00         9
           2       0.00      0.00      0.00         3
           3       0.00      0.00      0.00        10
           4       0.00      0.00      0.00         2
           5       0.00      0.00      0.00         5
           6       0.00      0.00      0.00         5
           7       0.17      0.17      0.17        12
           8       0.00      0.00      0.00         8
           9       0.17      0.07      0.10        29
          10       0.00      0.00      0.00         2
          11       0.00      0.00      0.00        23
          12       0.00      0.00      0.00         0
          13       0.00      0.00      0.00         1
          14       0.00      0.00      0.00        26
          15       0.00      0.00      0.00        16
          16       0.00      0.00      0.00         8
          17       0.00      0.00      0.00        10
          18       0.17      0.04      0.07        46
          19       0.00      0.00      0.00         2
          20       0.00      0.00      0.00        10
          21       0.08      0.03      0.05        29
          22       0.00      0.00      0.00         3
          23       0.00      0.00      0.00         0
          24       0.25      0.07      0.12        40

    accuracy                           0.03       300
   macro avg       0.03      0.02      0.02       300
weighted avg       0.09      0.03      0.05       300

(training_methods.py:282) 2025-06-06 22:45:25.838561 | INFO : Epoch 6 Validation Summary: epoch: 6.000000 | loss: 0.000000 | accuracy: 0.033333 | 
(training_methods.py:312) 2025-06-06 22:45:25.841581 | INFO : ckpt updated.
(training_methods.py:254) 2025-06-06 22:45:26.889053 | INFO : Training Epoch 7   0.0% | batch:         0 of        22
	loss: 0.647973

(training_methods.py:254) 2025-06-06 22:45:27.300216 | INFO : Training Epoch 7  45.5% | batch:        10 of        22
	loss: 0.655201

(training_methods.py:254) 2025-06-06 22:45:27.706852 | INFO : Training Epoch 7  90.9% | batch:        20 of        22
	loss: 0.65441

(training_methods.py:257) 2025-06-06 22:45:27.772947 | INFO : Evaluating on validation set ...
(training_methods.py:254) 2025-06-06 22:45:34.391841 | INFO : Evaluating Epoch 7   0.0% | batch:         0 of         5
	loss: inf

(training_methods.py:262) 2025-06-06 22:45:34.579518 | INFO : Validation runtime: 0.0 hours, 0.0 minutes, 6.806273937225342 seconds

(training_methods.py:268) 2025-06-06 22:45:34.579742 | INFO : Avg val. time: 0.0 hours, 0.0 minutes, 5.01392924785614 seconds
(training_methods.py:269) 2025-06-06 22:45:34.579814 | INFO : Avg batch val. time: 1.002785849571228 seconds
(training_methods.py:270) 2025-06-06 22:45:34.579859 | INFO : Avg sample val. time: 0.0167130974928538 seconds
(training_methods.py:276) 2025-06-06 22:45:34.579915 | INFO : report:               precision    recall  f1-score   support

           0       0.00      0.00      0.00         3
           1       0.00      0.00      0.00         2
           2       0.00      0.00      0.00        12
           3       0.00      0.00      0.00        43
           4       0.00      0.00      0.00         5
           5       0.00      0.00      0.00         7
           6       0.00      0.00      0.00         0
           7       0.00      0.00      0.00        13
           8       0.00      0.00      0.00         2
           9       0.08      0.10      0.09        10
          10       0.00      0.00      0.00        33
          11       0.00      0.00      0.00        33
          12       0.00      0.00      0.00         2
          13       0.00      0.00      0.00         8
          14       0.00      0.00      0.00        29
          15       0.00      0.00      0.00        16
          16       0.00      0.00      0.00         1
          17       0.00      0.00      0.00         6
          18       0.42      0.11      0.18        44
          19       0.00      0.00      0.00         0
          20       0.00      0.00      0.00         0
          21       0.08      0.04      0.06        24
          22       0.00      0.00      0.00         0
          23       0.00      0.00      0.00         1
          24       0.17      0.33      0.22         6

    accuracy                           0.03       300
   macro avg       0.03      0.02      0.02       300
weighted avg       0.07      0.03      0.04       300

(training_methods.py:282) 2025-06-06 22:45:34.580005 | INFO : Epoch 7 Validation Summary: epoch: 7.000000 | loss: 0.000000 | accuracy: 0.030000 | 
(training_methods.py:312) 2025-06-06 22:45:34.582953 | INFO : ckpt updated.
(training_methods.py:254) 2025-06-06 22:45:35.694159 | INFO : Training Epoch 8   0.0% | batch:         0 of        22
	loss: 0.629183

(training_methods.py:254) 2025-06-06 22:45:36.112013 | INFO : Training Epoch 8  45.5% | batch:        10 of        22
	loss: 0.645443

(training_methods.py:254) 2025-06-06 22:45:36.518732 | INFO : Training Epoch 8  90.9% | batch:        20 of        22
	loss: 0.637037

(training_methods.py:257) 2025-06-06 22:45:36.580863 | INFO : Evaluating on validation set ...
(training_methods.py:254) 2025-06-06 22:45:43.995579 | INFO : Evaluating Epoch 8   0.0% | batch:         0 of         5
	loss: inf

(training_methods.py:262) 2025-06-06 22:45:44.191493 | INFO : Validation runtime: 0.0 hours, 0.0 minutes, 7.610336542129517 seconds

(training_methods.py:268) 2025-06-06 22:45:44.191733 | INFO : Avg val. time: 0.0 hours, 0.0 minutes, 5.302418947219849 seconds
(training_methods.py:269) 2025-06-06 22:45:44.191789 | INFO : Avg batch val. time: 1.0604837894439698 seconds
(training_methods.py:270) 2025-06-06 22:45:44.191841 | INFO : Avg sample val. time: 0.017674729824066163 seconds
(training_methods.py:276) 2025-06-06 22:45:44.191899 | INFO : report:               precision    recall  f1-score   support

           0       0.08      0.05      0.06        20
           1       0.00      0.00      0.00         0
           2       0.00      0.00      0.00         0
           3       0.00      0.00      0.00         4
           4       0.00      0.00      0.00        20
           5       0.00      0.00      0.00        41
           6       0.00      0.00      0.00         0
           7       0.00      0.00      0.00        12
           8       0.00      0.00      0.00         0
           9       0.00      0.00      0.00         1
          10       0.00      0.00      0.00        10
          11       0.00      0.00      0.00         0
          12       0.00      0.00      0.00         0
          13       0.00      0.00      0.00         0
          14       0.00      0.00      0.00         6
          15       0.00      0.00      0.00         0
          16       0.00      0.00      0.00         1
          17       0.08      0.03      0.05        29
          18       0.92      0.10      0.18       109
          19       0.00      0.00      0.00         1
          20       0.00      0.00      0.00         0
          21       0.00      0.00      0.00        15
          22       0.00      0.00      0.00         0
          23       0.00      0.00      0.00         0
          24       0.50      0.19      0.28        31

    accuracy                           0.06       300
   macro avg       0.06      0.02      0.02       300
weighted avg       0.40      0.06      0.10       300

(training_methods.py:282) 2025-06-06 22:45:44.191983 | INFO : Epoch 8 Validation Summary: epoch: 8.000000 | loss: 0.000000 | accuracy: 0.063333 | 
(training_methods.py:312) 2025-06-06 22:45:44.200675 | INFO : ckpt updated.
(training_methods.py:254) 2025-06-06 22:45:45.341079 | INFO : Training Epoch 9   0.0% | batch:         0 of        22
	loss: 0.629359

(training_methods.py:254) 2025-06-06 22:45:45.749470 | INFO : Training Epoch 9  45.5% | batch:        10 of        22
	loss: 0.635438

(training_methods.py:254) 2025-06-06 22:45:46.148865 | INFO : Training Epoch 9  90.9% | batch:        20 of        22
	loss: 0.629588

(training_methods.py:257) 2025-06-06 22:45:46.210520 | INFO : Evaluating on validation set ...
(training_methods.py:254) 2025-06-06 22:45:53.621643 | INFO : Evaluating Epoch 9   0.0% | batch:         0 of         5
	loss: inf

(training_methods.py:262) 2025-06-06 22:45:53.811112 | INFO : Validation runtime: 0.0 hours, 0.0 minutes, 7.600317001342773 seconds

(training_methods.py:268) 2025-06-06 22:45:53.811345 | INFO : Avg val. time: 0.0 hours, 0.0 minutes, 5.532208752632141 seconds
(training_methods.py:269) 2025-06-06 22:45:53.811419 | INFO : Avg batch val. time: 1.1064417505264283 seconds
(training_methods.py:270) 2025-06-06 22:45:53.811466 | INFO : Avg sample val. time: 0.018440695842107137 seconds
(training_methods.py:276) 2025-06-06 22:45:53.811524 | INFO : report:               precision    recall  f1-score   support

           0       0.25      0.30      0.27        10
           1       0.00      0.00      0.00         0
           2       0.00      0.00      0.00         0
           3       0.00      0.00      0.00         0
           4       0.00      0.00      0.00         0
           5       0.25      0.05      0.08        64
           6       0.00      0.00      0.00         0
           7       0.00      0.00      0.00         8
           8       0.00      0.00      0.00         0
           9       0.00      0.00      0.00         0
          10       1.00      0.17      0.29        71
          11       0.00      0.00      0.00        24
          12       0.00      0.00      0.00         0
          13       0.00      0.00      0.00         2
          14       0.00      0.00      0.00         0
          15       0.00      0.00      0.00        81
          16       0.00      0.00      0.00         0
          17       0.00      0.00      0.00         6
          18       0.00      0.00      0.00         0
          19       0.00      0.00      0.00         0
          20       0.00      0.00      0.00         0
          21       0.00      0.00      0.00         0
          22       0.00      0.00      0.00         0
          23       0.00      0.00      0.00        34
          24       0.00      0.00      0.00         0

    accuracy                           0.06       300
   macro avg       0.06      0.02      0.03       300
weighted avg       0.30      0.06      0.09       300

(training_methods.py:282) 2025-06-06 22:45:53.811620 | INFO : Epoch 9 Validation Summary: epoch: 9.000000 | loss: 0.000000 | accuracy: 0.060000 | 
(training_methods.py:312) 2025-06-06 22:45:53.814687 | INFO : ckpt updated.
(training_methods.py:254) 2025-06-06 22:45:54.584399 | INFO : Training Epoch 10   0.0% | batch:         0 of        22
	loss: 0.622459

(training_methods.py:254) 2025-06-06 22:45:55.001933 | INFO : Training Epoch 10  45.5% | batch:        10 of        22
	loss: 0.642996

(training_methods.py:254) 2025-06-06 22:45:55.407787 | INFO : Training Epoch 10  90.9% | batch:        20 of        22
	loss: 0.637711

(training_methods.py:257) 2025-06-06 22:45:55.476312 | INFO : Evaluating on validation set ...
(training_methods.py:254) 2025-06-06 22:46:01.530517 | INFO : Evaluating Epoch 10   0.0% | batch:         0 of         5
	loss: inf

(training_methods.py:262) 2025-06-06 22:46:01.723111 | INFO : Validation runtime: 0.0 hours, 0.0 minutes, 6.2465057373046875 seconds

(training_methods.py:268) 2025-06-06 22:46:01.723334 | INFO : Avg val. time: 0.0 hours, 0.0 minutes, 5.597144842147827 seconds
(training_methods.py:269) 2025-06-06 22:46:01.723404 | INFO : Avg batch val. time: 1.1194289684295655 seconds
(training_methods.py:270) 2025-06-06 22:46:01.723450 | INFO : Avg sample val. time: 0.01865714947382609 seconds
(training_methods.py:276) 2025-06-06 22:46:01.723506 | INFO : report:               precision    recall  f1-score   support

           0       0.00      0.00      0.00        24
           1       0.00      0.00      0.00         0
           2       0.00      0.00      0.00         1
           3       0.00      0.00      0.00        72
           4       0.00      0.00      0.00         4
           5       0.00      0.00      0.00         5
           6       0.00      0.00      0.00         0
           7       1.00      0.15      0.26        79
           8       0.08      0.14      0.11         7
           9       0.00      0.00      0.00         0
          10       0.00      0.00      0.00         7
          11       0.00      0.00      0.00        19
          12       0.00      0.00      0.00         1
          13       0.00      0.00      0.00         1
          14       0.00      0.00      0.00         6
          15       0.00      0.00      0.00        10
          16       0.00      0.00      0.00         0
          17       0.00      0.00      0.00        18
          18       0.00      0.00      0.00        15
          19       0.00      0.00      0.00         0
          20       0.00      0.00      0.00        11
          21       0.00      0.00      0.00         0
          22       0.00      0.00      0.00         5
          23       0.00      0.00      0.00         3
          24       0.08      0.08      0.08        12

    accuracy                           0.05       300
   macro avg       0.05      0.02      0.02       300
weighted avg       0.27      0.05      0.08       300

(training_methods.py:282) 2025-06-06 22:46:01.723620 | INFO : Epoch 10 Validation Summary: epoch: 10.000000 | loss: 0.000000 | accuracy: 0.046667 | 
(training_methods.py:312) 2025-06-06 22:46:01.726728 | INFO : ckpt updated.
(training_methods.py:254) 2025-06-06 22:46:02.694003 | INFO : Training Epoch 11   0.0% | batch:         0 of        22
	loss: 0.625452

(training_methods.py:254) 2025-06-06 22:46:03.114159 | INFO : Training Epoch 11  45.5% | batch:        10 of        22
	loss: 0.6501

(training_methods.py:254) 2025-06-06 22:46:03.517211 | INFO : Training Epoch 11  90.9% | batch:        20 of        22
	loss: 0.625572

(training_methods.py:257) 2025-06-06 22:46:03.579194 | INFO : Evaluating on validation set ...
(training_methods.py:254) 2025-06-06 22:46:10.096981 | INFO : Evaluating Epoch 11   0.0% | batch:         0 of         5
	loss: inf

(training_methods.py:262) 2025-06-06 22:46:10.286651 | INFO : Validation runtime: 0.0 hours, 0.0 minutes, 6.707126617431641 seconds

(training_methods.py:268) 2025-06-06 22:46:10.286981 | INFO : Avg val. time: 0.0 hours, 0.0 minutes, 5.689643323421478 seconds
(training_methods.py:269) 2025-06-06 22:46:10.287053 | INFO : Avg batch val. time: 1.1379286646842957 seconds
(training_methods.py:270) 2025-06-06 22:46:10.287099 | INFO : Avg sample val. time: 0.018965477744738262 seconds
(training_methods.py:276) 2025-06-06 22:46:10.287165 | INFO : report:               precision    recall  f1-score   support

           0       0.00      0.00      0.00        24
           1       0.00      0.00      0.00         8
           2       0.00      0.00      0.00         0
           3       0.17      0.02      0.03       104
           4       0.00      0.00      0.00        13
           5       0.00      0.00      0.00         3
           6       0.00      0.00      0.00         0
           7       0.00      0.00      0.00        21
           8       0.08      0.12      0.10         8
           9       0.00      0.00      0.00         2
          10       0.00      0.00      0.00         2
          11       0.17      0.06      0.08        36
          12       0.00      0.00      0.00         3
          13       0.00      0.00      0.00        11
          14       0.00      0.00      0.00         2
          15       0.00      0.00      0.00         1
          16       0.00      0.00      0.00         1
          17       0.17      0.15      0.16        13
          18       0.00      0.00      0.00         3
          19       0.08      0.14      0.11         7
          20       0.00      0.00      0.00         0
          21       0.00      0.00      0.00         0
          22       0.00      0.00      0.00         9
          23       0.00      0.00      0.00         2
          24       0.50      0.22      0.31        27

    accuracy                           0.05       300
   macro avg       0.05      0.03      0.03       300
weighted avg       0.13      0.05      0.06       300

(training_methods.py:282) 2025-06-06 22:46:10.287252 | INFO : Epoch 11 Validation Summary: epoch: 11.000000 | loss: 0.000000 | accuracy: 0.046667 | 
(training_methods.py:312) 2025-06-06 22:46:10.290474 | INFO : ckpt updated.
(training_methods.py:254) 2025-06-06 22:46:11.253934 | INFO : Training Epoch 12   0.0% | batch:         0 of        22
	loss: 0.631393

(training_methods.py:254) 2025-06-06 22:46:11.674164 | INFO : Training Epoch 12  45.5% | batch:        10 of        22
	loss: 0.641968

(training_methods.py:254) 2025-06-06 22:46:12.083093 | INFO : Training Epoch 12  90.9% | batch:        20 of        22
	loss: 0.625376

(training_methods.py:257) 2025-06-06 22:46:12.144968 | INFO : Evaluating on validation set ...
(training_methods.py:254) 2025-06-06 22:46:17.770781 | INFO : Evaluating Epoch 12   0.0% | batch:         0 of         5
	loss: inf

(training_methods.py:262) 2025-06-06 22:46:17.960739 | INFO : Validation runtime: 0.0 hours, 0.0 minutes, 5.815446376800537 seconds

(training_methods.py:268) 2025-06-06 22:46:17.960992 | INFO : Avg val. time: 0.0 hours, 0.0 minutes, 5.6993204813737135 seconds
(training_methods.py:269) 2025-06-06 22:46:17.961053 | INFO : Avg batch val. time: 1.1398640962747426 seconds
(training_methods.py:270) 2025-06-06 22:46:17.961099 | INFO : Avg sample val. time: 0.01899773493791238 seconds
(training_methods.py:276) 2025-06-06 22:46:17.961160 | INFO : report:               precision    recall  f1-score   support

           0       0.00      0.00      0.00         2
           1       0.00      0.00      0.00         0
           2       0.00      0.00      0.00         0
           3       0.08      0.02      0.04        43
           4       0.00      0.00      0.00         0
           5       0.00      0.00      0.00         0
           6       0.00      0.00      0.00         0
           7       0.00      0.00      0.00         0
           8       0.00      0.00      0.00         1
           9       0.00      0.00      0.00         8
          10       0.00      0.00      0.00         0
          11       0.00      0.00      0.00         4
          12       0.00      0.00      0.00         0
          13       0.00      0.00      0.00         7
          14       0.00      0.00      0.00        82
          15       0.00      0.00      0.00         1
          16       0.00      0.00      0.00         2
          17       0.17      0.06      0.09        35
          18       0.00      0.00      0.00        18
          19       0.50      0.07      0.12        92
          20       0.00      0.00      0.00         1
          21       0.00      0.00      0.00         0
          22       0.00      0.00      0.00         0
          23       0.00      0.00      0.00         0
          24       0.00      0.00      0.00         4

    accuracy                           0.03       300
   macro avg       0.03      0.01      0.01       300
weighted avg       0.18      0.03      0.05       300

(training_methods.py:282) 2025-06-06 22:46:17.961264 | INFO : Epoch 12 Validation Summary: epoch: 12.000000 | loss: 0.000000 | accuracy: 0.030000 | 
(training_methods.py:312) 2025-06-06 22:46:17.964046 | INFO : ckpt updated.
(training_methods.py:254) 2025-06-06 22:46:18.892063 | INFO : Training Epoch 13   0.0% | batch:         0 of        22
	loss: 0.633282

(training_methods.py:254) 2025-06-06 22:46:19.321503 | INFO : Training Epoch 13  45.5% | batch:        10 of        22
	loss: 0.647389

(training_methods.py:254) 2025-06-06 22:46:19.737791 | INFO : Training Epoch 13  90.9% | batch:        20 of        22
	loss: 0.66782

(training_methods.py:257) 2025-06-06 22:46:19.798573 | INFO : Evaluating on validation set ...
(training_methods.py:254) 2025-06-06 22:46:25.458451 | INFO : Evaluating Epoch 13   0.0% | batch:         0 of         5
	loss: inf

(training_methods.py:262) 2025-06-06 22:46:25.646704 | INFO : Validation runtime: 0.0 hours, 0.0 minutes, 5.847831964492798 seconds

(training_methods.py:268) 2025-06-06 22:46:25.646934 | INFO : Avg val. time: 0.0 hours, 0.0 minutes, 5.709928444453648 seconds
(training_methods.py:269) 2025-06-06 22:46:25.646986 | INFO : Avg batch val. time: 1.1419856888907296 seconds
(training_methods.py:270) 2025-06-06 22:46:25.647031 | INFO : Avg sample val. time: 0.019033094814845494 seconds
(training_methods.py:276) 2025-06-06 22:46:25.647102 | INFO : report:               precision    recall  f1-score   support

           0       0.00      0.00      0.00         3
           1       0.00      0.00      0.00         0
           2       0.00      0.00      0.00         0
           3       0.00      0.00      0.00        21
           4       0.58      0.06      0.11       119
           5       0.00      0.00      0.00         0
           6       0.00      0.00      0.00         0
           7       0.00      0.00      0.00        35
           8       0.00      0.00      0.00         0
           9       0.00      0.00      0.00         0
          10       0.00      0.00      0.00        13
          11       0.00      0.00      0.00         1
          12       0.00      0.00      0.00         0
          13       0.00      0.00      0.00         0
          14       0.00      0.00      0.00         0
          15       0.00      0.00      0.00         0
          16       0.00      0.00      0.00         0
          17       0.00      0.00      0.00         0
          18       0.00      0.00      0.00         0
          19       0.58      0.07      0.12       101
          20       0.00      0.00      0.00         0
          21       0.00      0.00      0.00         0
          22       0.00      0.00      0.00         0
          23       0.00      0.00      0.00         7
          24       0.00      0.00      0.00         0

    accuracy                           0.05       300
   macro avg       0.05      0.01      0.01       300
weighted avg       0.43      0.05      0.08       300

(training_methods.py:282) 2025-06-06 22:46:25.647192 | INFO : Epoch 13 Validation Summary: epoch: 13.000000 | loss: 0.000000 | accuracy: 0.046667 | 
(training_methods.py:312) 2025-06-06 22:46:25.650005 | INFO : ckpt updated.
(training_methods.py:254) 2025-06-06 22:46:26.574935 | INFO : Training Epoch 14   0.0% | batch:         0 of        22
	loss: 0.644379

(training_methods.py:254) 2025-06-06 22:46:27.003032 | INFO : Training Epoch 14  45.5% | batch:        10 of        22
	loss: 0.637915

(training_methods.py:254) 2025-06-06 22:46:27.408344 | INFO : Training Epoch 14  90.9% | batch:        20 of        22
	loss: 0.642689

(training_methods.py:257) 2025-06-06 22:46:27.473084 | INFO : Evaluating on validation set ...
(training_methods.py:254) 2025-06-06 22:46:34.120739 | INFO : Evaluating Epoch 14   0.0% | batch:         0 of         5
	loss: inf

(training_methods.py:262) 2025-06-06 22:46:34.312016 | INFO : Validation runtime: 0.0 hours, 0.0 minutes, 6.83861517906189 seconds

(training_methods.py:268) 2025-06-06 22:46:34.312241 | INFO : Avg val. time: 0.0 hours, 0.0 minutes, 5.785174226760864 seconds
(training_methods.py:269) 2025-06-06 22:46:34.312311 | INFO : Avg batch val. time: 1.1570348453521728 seconds
(training_methods.py:270) 2025-06-06 22:46:34.312358 | INFO : Avg sample val. time: 0.01928391408920288 seconds
(training_methods.py:276) 2025-06-06 22:46:34.312413 | INFO : report:               precision    recall  f1-score   support

           0       0.00      0.00      0.00         9
           1       0.00      0.00      0.00         0
           2       0.00      0.00      0.00         0
           3       0.00      0.00      0.00         5
           4       0.17      0.03      0.05        66
           5       0.00      0.00      0.00         1
           6       0.00      0.00      0.00         0
           7       0.25      0.05      0.08        62
           8       0.00      0.00      0.00         8
           9       0.00      0.00      0.00         0
          10       0.17      0.05      0.08        39
          11       0.00      0.00      0.00        17
          12       0.00      0.00      0.00         0
          13       0.00      0.00      0.00        18
          14       0.00      0.00      0.00         0
          15       0.00      0.00      0.00        26
          16       0.00      0.00      0.00         0
          17       0.00      0.00      0.00         0
          18       0.00      0.00      0.00         0
          19       0.67      0.18      0.29        44
          20       0.00      0.00      0.00         0
          21       0.00      0.00      0.00         0
          22       0.00      0.00      0.00         0
          23       0.00      0.00      0.00         5
          24       0.00      0.00      0.00         0

    accuracy                           0.05       300
   macro avg       0.05      0.01      0.02       300
weighted avg       0.21      0.05      0.08       300

(training_methods.py:282) 2025-06-06 22:46:34.312535 | INFO : Epoch 14 Validation Summary: epoch: 14.000000 | loss: 0.000000 | accuracy: 0.050000 | 
(training_methods.py:312) 2025-06-06 22:46:34.316451 | INFO : ckpt updated.
(training_methods.py:254) 2025-06-06 22:46:35.536949 | INFO : Training Epoch 15   0.0% | batch:         0 of        22
	loss: 0.635436

(training_methods.py:254) 2025-06-06 22:46:35.955536 | INFO : Training Epoch 15  45.5% | batch:        10 of        22
	loss: 0.630395

(training_methods.py:254) 2025-06-06 22:46:36.359753 | INFO : Training Epoch 15  90.9% | batch:        20 of        22
	loss: 0.645696

(training_methods.py:257) 2025-06-06 22:46:36.420557 | INFO : Evaluating on validation set ...
(training_methods.py:254) 2025-06-06 22:46:42.563000 | INFO : Evaluating Epoch 15   0.0% | batch:         0 of         5
	loss: inf

(training_methods.py:262) 2025-06-06 22:46:42.760840 | INFO : Validation runtime: 0.0 hours, 0.0 minutes, 6.339991092681885 seconds

(training_methods.py:268) 2025-06-06 22:46:42.761096 | INFO : Avg val. time: 0.0 hours, 0.0 minutes, 5.819850280880928 seconds
(training_methods.py:269) 2025-06-06 22:46:42.761174 | INFO : Avg batch val. time: 1.1639700561761857 seconds
(training_methods.py:270) 2025-06-06 22:46:42.761230 | INFO : Avg sample val. time: 0.01939950093626976 seconds
(training_methods.py:276) 2025-06-06 22:46:42.761287 | INFO : report:               precision    recall  f1-score   support

           0       0.00      0.00      0.00         0
           1       0.00      0.00      0.00         0
           2       0.00      0.00      0.00         0
           3       0.00      0.00      0.00         2
           4       0.00      0.00      0.00         1
           5       0.00      0.00      0.00         0
           6       0.00      0.00      0.00         0
           7       0.00      0.00      0.00         1
           8       0.00      0.00      0.00        10
           9       0.00      0.00      0.00         0
          10       0.00      0.00      0.00        96
          11       0.00      0.00      0.00        11
          12       0.00      0.00      0.00         0
          13       0.00      0.00      0.00         6
          14       0.00      0.00      0.00         0
          15       0.00      0.00      0.00         0
          16       0.00      0.00      0.00         0
          17       0.00      0.00      0.00         2
          18       0.00      0.00      0.00        19
          19       1.00      0.08      0.16       142
          20       0.00      0.00      0.00         3
          21       0.00      0.00      0.00         7
          22       0.00      0.00      0.00         0
          23       0.00      0.00      0.00         0
          24       0.00      0.00      0.00         0

    accuracy                           0.04       300
   macro avg       0.04      0.00      0.01       300
weighted avg       0.47      0.04      0.07       300

(training_methods.py:282) 2025-06-06 22:46:42.761370 | INFO : Epoch 15 Validation Summary: epoch: 15.000000 | loss: 0.000000 | accuracy: 0.040000 | 
(training_methods.py:312) 2025-06-06 22:46:42.764165 | INFO : ckpt updated.
(training_methods.py:254) 2025-06-06 22:46:43.677128 | INFO : Training Epoch 16   0.0% | batch:         0 of        22
	loss: 0.628447

(training_methods.py:254) 2025-06-06 22:46:44.088616 | INFO : Training Epoch 16  45.5% | batch:        10 of        22
	loss: 0.652344

(training_methods.py:254) 2025-06-06 22:46:44.488165 | INFO : Training Epoch 16  90.9% | batch:        20 of        22
	loss: 0.608838

(training_methods.py:257) 2025-06-06 22:46:44.586233 | INFO : Evaluating on validation set ...
(training_methods.py:254) 2025-06-06 22:46:51.305870 | INFO : Evaluating Epoch 16   0.0% | batch:         0 of         5
	loss: inf

(training_methods.py:262) 2025-06-06 22:46:51.499714 | INFO : Validation runtime: 0.0 hours, 0.0 minutes, 6.913201093673706 seconds

(training_methods.py:268) 2025-06-06 22:46:51.499966 | INFO : Avg val. time: 0.0 hours, 0.0 minutes, 5.884165034574621 seconds
(training_methods.py:269) 2025-06-06 22:46:51.500038 | INFO : Avg batch val. time: 1.1768330069149242 seconds
(training_methods.py:270) 2025-06-06 22:46:51.500084 | INFO : Avg sample val. time: 0.01961388344858207 seconds
(training_methods.py:276) 2025-06-06 22:46:51.500138 | INFO : report:               precision    recall  f1-score   support

           0       0.00      0.00      0.00         9
           1       0.00      0.00      0.00         0
           2       0.00      0.00      0.00         0
           3       0.00      0.00      0.00        40
           4       0.17      0.04      0.06        52
           5       0.00      0.00      0.00         3
           6       0.00      0.00      0.00         3
           7       0.50      0.16      0.24        37
           8       0.00      0.00      0.00        10
           9       0.00      0.00      0.00         0
          10       0.00      0.00      0.00         2
          11       0.00      0.00      0.00         1
          12       0.00      0.00      0.00         6
          13       0.00      0.00      0.00         8
          14       0.00      0.00      0.00         0
          15       0.08      0.50      0.14         2
          16       0.00      0.00      0.00         1
          17       0.00      0.00      0.00         3
          18       0.00      0.00      0.00        13
          19       0.58      0.08      0.14        86
          20       0.00      0.00      0.00         1
          21       0.00      0.00      0.00         0
          22       0.00      0.00      0.00         1
          23       0.08      0.05      0.06        22
          24       0.00      0.00      0.00         0

    accuracy                           0.06       300
   macro avg       0.06      0.03      0.03       300
weighted avg       0.26      0.06      0.09       300

(training_methods.py:282) 2025-06-06 22:46:51.500242 | INFO : Epoch 16 Validation Summary: epoch: 16.000000 | loss: 0.000000 | accuracy: 0.056667 | 
(training_methods.py:312) 2025-06-06 22:46:51.503151 | INFO : ckpt updated.
(training_methods.py:254) 2025-06-06 22:46:52.496274 | INFO : Training Epoch 17   0.0% | batch:         0 of        22
	loss: 0.640925

(training_methods.py:254) 2025-06-06 22:46:52.905762 | INFO : Training Epoch 17  45.5% | batch:        10 of        22
	loss: 0.623395

(training_methods.py:254) 2025-06-06 22:46:53.309951 | INFO : Training Epoch 17  90.9% | batch:        20 of        22
	loss: 0.6369

(training_methods.py:257) 2025-06-06 22:46:53.372587 | INFO : Evaluating on validation set ...
(training_methods.py:254) 2025-06-06 22:46:59.780131 | INFO : Evaluating Epoch 17   0.0% | batch:         0 of         5
	loss: inf

(training_methods.py:262) 2025-06-06 22:46:59.973024 | INFO : Validation runtime: 0.0 hours, 0.0 minutes, 6.600155830383301 seconds

(training_methods.py:268) 2025-06-06 22:46:59.973280 | INFO : Avg val. time: 0.0 hours, 0.0 minutes, 5.923942301008436 seconds
(training_methods.py:269) 2025-06-06 22:46:59.973338 | INFO : Avg batch val. time: 1.1847884602016872 seconds
(training_methods.py:270) 2025-06-06 22:46:59.973385 | INFO : Avg sample val. time: 0.019746474336694787 seconds
(training_methods.py:276) 2025-06-06 22:46:59.973459 | INFO : report:               precision    recall  f1-score   support

           0       0.00      0.00      0.00         6
           1       0.00      0.00      0.00         0
           2       0.00      0.00      0.00         0
           3       0.00      0.00      0.00        15
           4       0.08      0.02      0.04        43
           5       0.00      0.00      0.00         6
           6       0.00      0.00      0.00         0
           7       0.00      0.00      0.00         4
           8       0.00      0.00      0.00        11
           9       0.00      0.00      0.00        15
          10       0.00      0.00      0.00         7
          11       0.00      0.00      0.00         8
          12       0.00      0.00      0.00         0
          13       0.00      0.00      0.00        12
          14       0.00      0.00      0.00         0
          15       0.00      0.00      0.00         0
          16       0.00      0.00      0.00         0
          17       0.00      0.00      0.00         8
          18       0.00      0.00      0.00         8
          19       1.00      0.11      0.20       107
          20       0.00      0.00      0.00         0
          21       0.00      0.00      0.00        47
          22       0.00      0.00      0.00         0
          23       0.00      0.00      0.00         3
          24       0.00      0.00      0.00         0

    accuracy                           0.04       300
   macro avg       0.04      0.01      0.01       300
weighted avg       0.37      0.04      0.08       300

(training_methods.py:282) 2025-06-06 22:46:59.973559 | INFO : Epoch 17 Validation Summary: epoch: 17.000000 | loss: 0.000000 | accuracy: 0.043333 | 
(training_methods.py:312) 2025-06-06 22:46:59.976582 | INFO : ckpt updated.
(training_methods.py:254) 2025-06-06 22:47:01.292781 | INFO : Training Epoch 18   0.0% | batch:         0 of        22
	loss: 0.638514

(training_methods.py:254) 2025-06-06 22:47:01.708066 | INFO : Training Epoch 18  45.5% | batch:        10 of        22
	loss: 0.615541

(training_methods.py:254) 2025-06-06 22:47:02.112949 | INFO : Training Epoch 18  90.9% | batch:        20 of        22
	loss: 0.622891

(training_methods.py:257) 2025-06-06 22:47:02.181115 | INFO : Evaluating on validation set ...
(training_methods.py:254) 2025-06-06 22:47:09.014828 | INFO : Evaluating Epoch 18   0.0% | batch:         0 of         5
	loss: inf

(training_methods.py:262) 2025-06-06 22:47:09.211278 | INFO : Validation runtime: 0.0 hours, 0.0 minutes, 7.02985692024231 seconds

(training_methods.py:268) 2025-06-06 22:47:09.211544 | INFO : Avg val. time: 0.0 hours, 0.0 minutes, 5.982148333599693 seconds
(training_methods.py:269) 2025-06-06 22:47:09.211600 | INFO : Avg batch val. time: 1.1964296667199386 seconds
(training_methods.py:270) 2025-06-06 22:47:09.211647 | INFO : Avg sample val. time: 0.019940494445332312 seconds
(training_methods.py:276) 2025-06-06 22:47:09.211720 | INFO : report:               precision    recall  f1-score   support

           0       0.00      0.00      0.00         5
           1       0.00      0.00      0.00        26
           2       0.00      0.00      0.00         0
           3       0.08      0.02      0.03        48
           4       0.00      0.00      0.00         0
           5       0.00      0.00      0.00         0
           6       0.00      0.00      0.00         3
           7       0.17      0.03      0.05        67
           8       0.00      0.00      0.00         7
           9       0.08      0.07      0.07        15
          10       0.17      0.20      0.18        10
          11       0.00      0.00      0.00        35
          12       0.00      0.00      0.00         6
          13       0.00      0.00      0.00        11
          14       0.00      0.00      0.00        22
          15       0.00      0.00      0.00         0
          16       0.00      0.00      0.00         0
          17       0.00      0.00      0.00         1
          18       0.00      0.00      0.00        11
          19       0.17      0.17      0.17        12
          20       0.00      0.00      0.00         7
          21       0.00      0.00      0.00        11
          22       0.00      0.00      0.00         0
          23       0.00      0.00      0.00         1
          24       0.00      0.00      0.00         2

    accuracy                           0.03       300
   macro avg       0.03      0.02      0.02       300
weighted avg       0.07      0.03      0.03       300

(training_methods.py:282) 2025-06-06 22:47:09.211804 | INFO : Epoch 18 Validation Summary: epoch: 18.000000 | loss: 0.000000 | accuracy: 0.026667 | 
(training_methods.py:312) 2025-06-06 22:47:09.247711 | INFO : ckpt updated.
(training_methods.py:254) 2025-06-06 22:47:10.271380 | INFO : Training Epoch 19   0.0% | batch:         0 of        22
	loss: 0.630872

(training_methods.py:254) 2025-06-06 22:47:10.691062 | INFO : Training Epoch 19  45.5% | batch:        10 of        22
	loss: 0.643771

(training_methods.py:254) 2025-06-06 22:47:11.094211 | INFO : Training Epoch 19  90.9% | batch:        20 of        22
	loss: 0.642046

(training_methods.py:257) 2025-06-06 22:47:11.156107 | INFO : Evaluating on validation set ...
(training_methods.py:254) 2025-06-06 22:47:17.749308 | INFO : Evaluating Epoch 19   0.0% | batch:         0 of         5
	loss: inf

(training_methods.py:262) 2025-06-06 22:47:17.938643 | INFO : Validation runtime: 0.0 hours, 0.0 minutes, 6.782244443893433 seconds

(training_methods.py:268) 2025-06-06 22:47:17.938871 | INFO : Avg val. time: 0.0 hours, 0.0 minutes, 6.02215313911438 seconds
(training_methods.py:269) 2025-06-06 22:47:17.938950 | INFO : Avg batch val. time: 1.204430627822876 seconds
(training_methods.py:270) 2025-06-06 22:47:17.938997 | INFO : Avg sample val. time: 0.020073843797047932 seconds
(training_methods.py:276) 2025-06-06 22:47:17.939054 | INFO : report:               precision    recall  f1-score   support

           0       0.00      0.00      0.00         0
           1       0.00      0.00      0.00         0
           2       0.00      0.00      0.00         0
           3       0.00      0.00      0.00        43
           4       0.00      0.00      0.00         6
           5       0.00      0.00      0.00         0
           6       0.00      0.00      0.00         0
           7       0.00      0.00      0.00         4
           8       0.00      0.00      0.00         6
           9       0.17      0.18      0.17        11
          10       0.00      0.00      0.00        15
          11       0.00      0.00      0.00         0
          12       0.00      0.00      0.00         0
          13       0.00      0.00      0.00        10
          14       0.00      0.00      0.00         0
          15       0.00      0.00      0.00         1
          16       0.00      0.00      0.00         0
          17       0.00      0.00      0.00        16
          18       0.75      0.10      0.18        87
          19       0.08      0.02      0.03        54
          20       0.00      0.00      0.00         1
          21       0.00      0.00      0.00        42
          22       0.00      0.00      0.00         3
          23       0.00      0.00      0.00         1
          24       0.00      0.00      0.00         0

    accuracy                           0.04       300
   macro avg       0.04      0.01      0.02       300
weighted avg       0.24      0.04      0.06       300

(training_methods.py:282) 2025-06-06 22:47:17.939151 | INFO : Epoch 19 Validation Summary: epoch: 19.000000 | loss: 0.000000 | accuracy: 0.040000 | 
(training_methods.py:312) 2025-06-06 22:47:17.941966 | INFO : ckpt updated.
