(dataloaders.py:51) 2025-06-05 23:19:56.274745 | INFO : train_ds length: 275, valid_ds length: 300
(process_model.py:276) 2025-06-05 23:19:56.296625 | INFO : {'feat_dim': 9, 'seq_len': 144, 'device': 'cpu'}
(process_model.py:277) 2025-06-05 23:19:56.296761 | INFO : TNC(
  (encoder): RnnEncoder(
    (nn): Sequential(
      (0): Linear(in_features=200, out_features=10, bias=True)
    )
    (rnn): GRU(9, 100, bidirectional=True)
  )
  (disc_model): Discriminator(
    (model): Sequential(
      (0): Linear(in_features=20, out_features=40, bias=True)
      (1): ReLU(inplace=True)
      (2): Dropout(p=0.5, inplace=False)
      (3): Linear(in_features=40, out_features=1, bias=True)
    )
  )
)
(training_methods.py:254) 2025-06-05 23:19:56.917747 | INFO : Training Epoch 0   0.0% | batch:         0 of         5
	loss: 0.702907

(training_methods.py:257) 2025-06-05 23:19:57.043787 | INFO : Evaluating on validation set ...
(training_methods.py:254) 2025-06-05 23:19:57.586660 | INFO : Evaluating Epoch 0   0.0% | batch:         0 of         5
	loss: inf

(training_methods.py:262) 2025-06-05 23:19:57.636241 | INFO : Validation runtime: 0.0 hours, 0.0 minutes, 0.5921916961669922 seconds

(training_methods.py:268) 2025-06-05 23:19:57.636428 | INFO : Avg val. time: 0.0 hours, 0.0 minutes, 0.5921916961669922 seconds
(training_methods.py:269) 2025-06-05 23:19:57.636481 | INFO : Avg batch val. time: 0.11843833923339844 seconds
(training_methods.py:270) 2025-06-05 23:19:57.636525 | INFO : Avg sample val. time: 0.0019739723205566407 seconds
(training_methods.py:276) 2025-06-05 23:19:57.636575 | INFO : report:               precision    recall  f1-score   support

           0       0.00      0.00      0.00        12
           1       0.00      0.00      0.00         8
           2       0.25      0.12      0.16        26
           3       0.00      0.00      0.00        10
           4       0.00      0.00      0.00        19
           5       0.00      0.00      0.00         1
           6       0.08      0.20      0.12         5
           7       0.08      0.12      0.10         8
           8       0.17      0.09      0.11        23
           9       0.00      0.00      0.00         5
          10       0.00      0.00      0.00         7
          11       0.00      0.00      0.00        21
          12       0.08      0.17      0.11         6
          13       0.00      0.00      0.00         5
          14       0.00      0.00      0.00        18
          15       0.08      0.05      0.06        21
          16       0.17      0.22      0.19         9
          17       0.08      0.06      0.07        16
          18       0.25      0.14      0.18        21
          19       0.00      0.00      0.00         8
          20       0.00      0.00      0.00         9
          21       0.00      0.00      0.00         9
          22       0.00      0.00      0.00         9
          23       0.00      0.00      0.00        12
          24       0.08      0.08      0.08        12

    accuracy                           0.05       300
   macro avg       0.05      0.05      0.05       300
weighted avg       0.08      0.05      0.06       300

(training_methods.py:282) 2025-06-05 23:19:57.636659 | INFO : Epoch 0 Validation Summary: epoch: 0.000000 | loss: 0.000000 | accuracy: 0.053333 | 
(training_methods.py:312) 2025-06-05 23:19:57.639258 | INFO : ckpt updated.
(training_methods.py:254) 2025-06-05 23:19:57.825234 | INFO : Training Epoch 1   0.0% | batch:         0 of         5
	loss: 0.690808

(training_methods.py:257) 2025-06-05 23:19:57.964023 | INFO : Evaluating on validation set ...
(training_methods.py:254) 2025-06-05 23:19:58.537600 | INFO : Evaluating Epoch 1   0.0% | batch:         0 of         5
	loss: inf

(training_methods.py:262) 2025-06-05 23:19:58.589130 | INFO : Validation runtime: 0.0 hours, 0.0 minutes, 0.624809741973877 seconds

(training_methods.py:268) 2025-06-05 23:19:58.589429 | INFO : Avg val. time: 0.0 hours, 0.0 minutes, 0.6085007190704346 seconds
(training_methods.py:269) 2025-06-05 23:19:58.589489 | INFO : Avg batch val. time: 0.12170014381408692 seconds
(training_methods.py:270) 2025-06-05 23:19:58.589552 | INFO : Avg sample val. time: 0.002028335730234782 seconds
(training_methods.py:276) 2025-06-05 23:19:58.589612 | INFO : report:               precision    recall  f1-score   support

           0       0.00      0.00      0.00        16
           1       0.00      0.00      0.00        14
           2       0.08      0.08      0.08        13
           3       0.00      0.00      0.00        13
           4       0.00      0.00      0.00        13
           5       0.00      0.00      0.00         6
           6       0.25      0.25      0.25        12
           7       0.17      0.13      0.15        15
           8       0.08      0.07      0.08        14
           9       0.00      0.00      0.00         7
          10       0.08      0.08      0.08        12
          11       0.00      0.00      0.00         8
          12       0.00      0.00      0.00        15
          13       0.00      0.00      0.00        10
          14       0.00      0.00      0.00        17
          15       0.00      0.00      0.00        24
          16       0.17      0.50      0.25         4
          17       0.00      0.00      0.00         7
          18       0.08      0.05      0.06        20
          19       0.00      0.00      0.00        13
          20       0.00      0.00      0.00         5
          21       0.00      0.00      0.00         6
          22       0.08      0.06      0.07        16
          23       0.00      0.00      0.00        12
          24       0.17      0.25      0.20         8

    accuracy                           0.05       300
   macro avg       0.05      0.06      0.05       300
weighted avg       0.05      0.05      0.04       300

(training_methods.py:282) 2025-06-05 23:19:58.589690 | INFO : Epoch 1 Validation Summary: epoch: 1.000000 | loss: 0.000000 | accuracy: 0.046667 | 
(training_methods.py:312) 2025-06-05 23:19:58.592704 | INFO : ckpt updated.
(training_methods.py:254) 2025-06-05 23:19:58.870872 | INFO : Training Epoch 2   0.0% | batch:         0 of         5
	loss: 0.688108

(training_methods.py:257) 2025-06-05 23:19:59.008794 | INFO : Evaluating on validation set ...
(training_methods.py:254) 2025-06-05 23:19:59.572168 | INFO : Evaluating Epoch 2   0.0% | batch:         0 of         5
	loss: inf

(training_methods.py:262) 2025-06-05 23:19:59.617220 | INFO : Validation runtime: 0.0 hours, 0.0 minutes, 0.608151912689209 seconds

(training_methods.py:268) 2025-06-05 23:19:59.617426 | INFO : Avg val. time: 0.0 hours, 0.0 minutes, 0.6083844502766927 seconds
(training_methods.py:269) 2025-06-05 23:19:59.617482 | INFO : Avg batch val. time: 0.12167689005533855 seconds
(training_methods.py:270) 2025-06-05 23:19:59.617529 | INFO : Avg sample val. time: 0.002027948167588976 seconds
(training_methods.py:276) 2025-06-05 23:19:59.617581 | INFO : report:               precision    recall  f1-score   support

           0       0.00      0.00      0.00         5
           1       0.00      0.00      0.00        14
           2       0.33      0.18      0.24        22
           3       0.00      0.00      0.00         8
           4       0.00      0.00      0.00        19
           5       0.00      0.00      0.00        12
           6       0.33      0.25      0.29        16
           7       0.08      0.08      0.08        12
           8       0.42      0.19      0.26        26
           9       0.00      0.00      0.00         9
          10       0.00      0.00      0.00        13
          11       0.00      0.00      0.00         5
          12       0.08      0.20      0.12         5
          13       0.00      0.00      0.00         5
          14       0.00      0.00      0.00        11
          15       0.25      0.15      0.19        20
          16       0.17      0.14      0.15        14
          17       0.08      0.09      0.09        11
          18       0.33      0.31      0.32        13
          19       0.17      0.25      0.20         8
          20       0.00      0.00      0.00        11
          21       0.00      0.00      0.00        11
          22       0.00      0.00      0.00         5
          23       0.00      0.00      0.00        15
          24       0.00      0.00      0.00        10

    accuracy                           0.09       300
   macro avg       0.09      0.07      0.08       300
weighted avg       0.13      0.09      0.10       300

(training_methods.py:282) 2025-06-05 23:19:59.617659 | INFO : Epoch 2 Validation Summary: epoch: 2.000000 | loss: 0.000000 | accuracy: 0.090000 | 
(training_methods.py:312) 2025-06-05 23:19:59.620101 | INFO : ckpt updated.
(training_methods.py:254) 2025-06-05 23:19:59.853380 | INFO : Training Epoch 3   0.0% | batch:         0 of         5
	loss: 0.683373

(training_methods.py:257) 2025-06-05 23:19:59.986424 | INFO : Evaluating on validation set ...
(training_methods.py:254) 2025-06-05 23:20:00.514940 | INFO : Evaluating Epoch 3   0.0% | batch:         0 of         5
	loss: inf

(training_methods.py:262) 2025-06-05 23:20:00.561735 | INFO : Validation runtime: 0.0 hours, 0.0 minutes, 0.5750458240509033 seconds

(training_methods.py:268) 2025-06-05 23:20:00.561933 | INFO : Avg val. time: 0.0 hours, 0.0 minutes, 0.6000497937202454 seconds
(training_methods.py:269) 2025-06-05 23:20:00.561990 | INFO : Avg batch val. time: 0.12000995874404907 seconds
(training_methods.py:270) 2025-06-05 23:20:00.562038 | INFO : Avg sample val. time: 0.0020001659790674846 seconds
(training_methods.py:276) 2025-06-05 23:20:00.562095 | INFO : report:               precision    recall  f1-score   support

           0       0.00      0.00      0.00         4
           1       0.00      0.00      0.00        17
           2       0.33      0.13      0.19        31
           3       0.00      0.00      0.00         7
           4       0.00      0.00      0.00         5
           5       0.00      0.00      0.00         3
           6       0.25      0.75      0.38         4
           7       0.08      0.08      0.08        13
           8       0.25      0.11      0.15        28
           9       0.00      0.00      0.00         7
          10       0.00      0.00      0.00        15
          11       0.00      0.00      0.00        17
          12       0.00      0.00      0.00        11
          13       0.00      0.00      0.00         6
          14       0.00      0.00      0.00         7
          15       0.00      0.00      0.00        17
          16       0.25      0.27      0.26        11
          17       0.08      0.06      0.07        17
          18       0.08      0.17      0.11         6
          19       0.00      0.00      0.00        27
          20       0.00      0.00      0.00         9
          21       0.00      0.00      0.00        20
          22       0.00      0.00      0.00         2
          23       0.08      0.08      0.08        12
          24       0.00      0.00      0.00         4

    accuracy                           0.06       300
   macro avg       0.06      0.07      0.05       300
weighted avg       0.08      0.06      0.06       300

(training_methods.py:282) 2025-06-05 23:20:00.562165 | INFO : Epoch 3 Validation Summary: epoch: 3.000000 | loss: 0.000000 | accuracy: 0.056667 | 
(training_methods.py:312) 2025-06-05 23:20:00.564613 | INFO : ckpt updated.
(training_methods.py:254) 2025-06-05 23:20:00.812133 | INFO : Training Epoch 4   0.0% | batch:         0 of         5
	loss: 0.68721

(training_methods.py:257) 2025-06-05 23:20:00.942233 | INFO : Evaluating on validation set ...
(training_methods.py:254) 2025-06-05 23:20:01.467626 | INFO : Evaluating Epoch 4   0.0% | batch:         0 of         5
	loss: inf

(training_methods.py:262) 2025-06-05 23:20:01.512483 | INFO : Validation runtime: 0.0 hours, 0.0 minutes, 0.5699517726898193 seconds

(training_methods.py:268) 2025-06-05 23:20:01.520493 | INFO : Avg val. time: 0.0 hours, 0.0 minutes, 0.5940301895141602 seconds
(training_methods.py:269) 2025-06-05 23:20:01.520634 | INFO : Avg batch val. time: 0.11880603790283203 seconds
(training_methods.py:270) 2025-06-05 23:20:01.520684 | INFO : Avg sample val. time: 0.0019801006317138672 seconds
(training_methods.py:276) 2025-06-05 23:20:01.520773 | INFO : report:               precision    recall  f1-score   support

           0       0.00      0.00      0.00         4
           1       0.00      0.00      0.00         8
           2       0.33      0.15      0.21        27
           3       0.00      0.00      0.00        13
           4       0.00      0.00      0.00         3
           5       0.00      0.00      0.00         2
           6       0.00      0.00      0.00        15
           7       0.33      0.16      0.22        25
           8       0.08      0.04      0.05        26
           9       0.00      0.00      0.00         6
          10       0.08      0.08      0.08        13
          11       0.00      0.00      0.00        11
          12       0.00      0.00      0.00         4
          13       0.00      0.00      0.00         7
          14       0.00      0.00      0.00         3
          15       0.08      0.05      0.06        22
          16       0.25      0.12      0.16        25
          17       0.08      0.07      0.07        15
          18       0.08      0.33      0.13         3
          19       0.00      0.00      0.00         8
          20       0.00      0.00      0.00        16
          21       0.00      0.00      0.00        15
          22       0.00      0.00      0.00         9
          23       0.00      0.00      0.00        13
          24       0.00      0.00      0.00         7

    accuracy                           0.05       300
   macro avg       0.05      0.04      0.04       300
weighted avg       0.10      0.05      0.07       300

(training_methods.py:282) 2025-06-05 23:20:01.520844 | INFO : Epoch 4 Validation Summary: epoch: 4.000000 | loss: 0.000000 | accuracy: 0.053333 | 
(training_methods.py:312) 2025-06-05 23:20:01.523339 | INFO : ckpt updated.
(training_methods.py:254) 2025-06-05 23:20:01.724966 | INFO : Training Epoch 5   0.0% | batch:         0 of         5
	loss: 0.664631

(training_methods.py:257) 2025-06-05 23:20:01.857478 | INFO : Evaluating on validation set ...
(training_methods.py:254) 2025-06-05 23:20:02.401066 | INFO : Evaluating Epoch 5   0.0% | batch:         0 of         5
	loss: inf

(training_methods.py:262) 2025-06-05 23:20:02.445962 | INFO : Validation runtime: 0.0 hours, 0.0 minutes, 0.588219165802002 seconds

(training_methods.py:268) 2025-06-05 23:20:02.446150 | INFO : Avg val. time: 0.0 hours, 0.0 minutes, 0.5930616855621338 seconds
(training_methods.py:269) 2025-06-05 23:20:02.446203 | INFO : Avg batch val. time: 0.11861233711242676 seconds
(training_methods.py:270) 2025-06-05 23:20:02.446247 | INFO : Avg sample val. time: 0.0019768722852071124 seconds
(training_methods.py:276) 2025-06-05 23:20:02.446297 | INFO : report:               precision    recall  f1-score   support

           0       0.00      0.00      0.00         7
           1       0.08      0.25      0.12         4
           2       0.33      0.20      0.25        20
           3       0.00      0.00      0.00         8
           4       0.00      0.00      0.00         8
           5       0.00      0.00      0.00         5
           6       0.08      0.50      0.14         2
           7       0.25      0.25      0.25        12
           8       0.08      0.04      0.05        27
           9       0.00      0.00      0.00        20
          10       0.00      0.00      0.00        14
          11       0.25      0.10      0.15        29
          12       0.00      0.00      0.00        10
          13       0.00      0.00      0.00         6
          14       0.00      0.00      0.00        10
          15       0.00      0.00      0.00        21
          16       0.08      0.10      0.09        10
          17       0.00      0.00      0.00        14
          18       0.25      0.38      0.30         8
          19       0.00      0.00      0.00        24
          20       0.00      0.00      0.00        10
          21       0.00      0.00      0.00         8
          22       0.00      0.00      0.00        10
          23       0.00      0.00      0.00         9
          24       0.00      0.00      0.00         4

    accuracy                           0.06       300
   macro avg       0.06      0.07      0.05       300
weighted avg       0.07      0.06      0.06       300

(training_methods.py:282) 2025-06-05 23:20:02.446389 | INFO : Epoch 5 Validation Summary: epoch: 5.000000 | loss: 0.000000 | accuracy: 0.056667 | 
(training_methods.py:312) 2025-06-05 23:20:02.448874 | INFO : ckpt updated.
(training_methods.py:254) 2025-06-05 23:20:02.681935 | INFO : Training Epoch 6   0.0% | batch:         0 of         5
	loss: 0.664096

(training_methods.py:257) 2025-06-05 23:20:02.810846 | INFO : Evaluating on validation set ...
(training_methods.py:254) 2025-06-05 23:20:03.352857 | INFO : Evaluating Epoch 6   0.0% | batch:         0 of         5
	loss: inf

(training_methods.py:262) 2025-06-05 23:20:03.398077 | INFO : Validation runtime: 0.0 hours, 0.0 minutes, 0.586970329284668 seconds

(training_methods.py:268) 2025-06-05 23:20:03.398263 | INFO : Avg val. time: 0.0 hours, 0.0 minutes, 0.5921914918082101 seconds
(training_methods.py:269) 2025-06-05 23:20:03.398319 | INFO : Avg batch val. time: 0.11843829836164202 seconds
(training_methods.py:270) 2025-06-05 23:20:03.398365 | INFO : Avg sample val. time: 0.0019739716393607004 seconds
(training_methods.py:276) 2025-06-05 23:20:03.398417 | INFO : report:               precision    recall  f1-score   support

           0       0.00      0.00      0.00         5
           1       0.00      0.00      0.00         3
           2       0.17      0.08      0.11        25
           3       0.00      0.00      0.00         7
           4       0.00      0.00      0.00         3
           5       0.00      0.00      0.00         6
           6       0.00      0.00      0.00         4
           7       0.17      0.14      0.15        14
           8       0.08      0.05      0.06        20
           9       0.00      0.00      0.00         2
          10       0.00      0.00      0.00         9
          11       0.00      0.00      0.00        25
          12       0.00      0.00      0.00         8
          13       0.00      0.00      0.00        10
          14       0.00      0.00      0.00        10
          15       0.42      0.33      0.37        15
          16       0.25      0.23      0.24        13
          17       0.08      0.05      0.06        19
          18       0.08      0.33      0.13         3
          19       0.00      0.00      0.00        26
          20       0.00      0.00      0.00        17
          21       0.00      0.00      0.00        24
          22       0.00      0.00      0.00        19
          23       0.00      0.00      0.00         9
          24       0.00      0.00      0.00         4

    accuracy                           0.05       300
   macro avg       0.05      0.05      0.05       300
weighted avg       0.06      0.05      0.05       300

(training_methods.py:282) 2025-06-05 23:20:03.398516 | INFO : Epoch 6 Validation Summary: epoch: 6.000000 | loss: 0.000000 | accuracy: 0.050000 | 
(training_methods.py:312) 2025-06-05 23:20:03.400904 | INFO : ckpt updated.
(training_methods.py:254) 2025-06-05 23:20:03.604221 | INFO : Training Epoch 7   0.0% | batch:         0 of         5
	loss: 0.664453

(training_methods.py:257) 2025-06-05 23:20:03.735940 | INFO : Evaluating on validation set ...
(training_methods.py:254) 2025-06-05 23:20:04.297884 | INFO : Evaluating Epoch 7   0.0% | batch:         0 of         5
	loss: inf

(training_methods.py:262) 2025-06-05 23:20:04.343782 | INFO : Validation runtime: 0.0 hours, 0.0 minutes, 0.6075994968414307 seconds

(training_methods.py:268) 2025-06-05 23:20:04.343988 | INFO : Avg val. time: 0.0 hours, 0.0 minutes, 0.5941174924373627 seconds
(training_methods.py:269) 2025-06-05 23:20:04.344044 | INFO : Avg batch val. time: 0.11882349848747253 seconds
(training_methods.py:270) 2025-06-05 23:20:04.344089 | INFO : Avg sample val. time: 0.0019803916414578757 seconds
(training_methods.py:276) 2025-06-05 23:20:04.344148 | INFO : report:               precision    recall  f1-score   support

           0       0.00      0.00      0.00         6
           1       0.08      0.14      0.11         7
           2       0.00      0.00      0.00         5
           3       0.00      0.00      0.00        12
           4       0.00      0.00      0.00         3
           5       0.00      0.00      0.00         5
           6       0.00      0.00      0.00         2
           7       0.08      0.10      0.09        10
           8       0.33      0.33      0.33        12
           9       0.00      0.00      0.00         8
          10       0.00      0.00      0.00        22
          11       0.00      0.00      0.00        17
          12       0.00      0.00      0.00        10
          13       0.00      0.00      0.00         0
          14       0.00      0.00      0.00        18
          15       0.00      0.00      0.00        23
          16       0.08      0.11      0.10         9
          17       0.08      0.11      0.10         9
          18       0.08      0.05      0.06        21
          19       0.08      0.02      0.03        57
          20       0.00      0.00      0.00        13
          21       0.00      0.00      0.00        15
          22       0.08      0.17      0.11         6
          23       0.00      0.00      0.00         8
          24       0.00      0.00      0.00         2

    accuracy                           0.04       300
   macro avg       0.04      0.04      0.04       300
weighted avg       0.05      0.04      0.04       300

(training_methods.py:282) 2025-06-05 23:20:04.344239 | INFO : Epoch 7 Validation Summary: epoch: 7.000000 | loss: 0.000000 | accuracy: 0.036667 | 
(training_methods.py:312) 2025-06-05 23:20:04.346893 | INFO : ckpt updated.
(training_methods.py:254) 2025-06-05 23:20:04.569789 | INFO : Training Epoch 8   0.0% | batch:         0 of         5
	loss: 0.658597

(training_methods.py:257) 2025-06-05 23:20:04.706607 | INFO : Evaluating on validation set ...
(training_methods.py:254) 2025-06-05 23:20:05.276010 | INFO : Evaluating Epoch 8   0.0% | batch:         0 of         5
	loss: inf

(training_methods.py:262) 2025-06-05 23:20:05.321151 | INFO : Validation runtime: 0.0 hours, 0.0 minutes, 0.6142580509185791 seconds

(training_methods.py:268) 2025-06-05 23:20:05.321370 | INFO : Avg val. time: 0.0 hours, 0.0 minutes, 0.5963553322686089 seconds
(training_methods.py:269) 2025-06-05 23:20:05.321427 | INFO : Avg batch val. time: 0.11927106645372179 seconds
(training_methods.py:270) 2025-06-05 23:20:05.321475 | INFO : Avg sample val. time: 0.0019878511075620297 seconds
(training_methods.py:276) 2025-06-05 23:20:05.321530 | INFO : report:               precision    recall  f1-score   support

           0       0.00      0.00      0.00         8
           1       0.00      0.00      0.00        10
           2       0.17      0.20      0.18        10
           3       0.00      0.00      0.00         7
           4       0.00      0.00      0.00         0
           5       0.00      0.00      0.00        16
           6       0.00      0.00      0.00         4
           7       0.42      0.45      0.43        11
           8       0.00      0.00      0.00        12
           9       0.00      0.00      0.00         5
          10       0.00      0.00      0.00         2
          11       0.00      0.00      0.00        16
          12       0.00      0.00      0.00         0
          13       0.00      0.00      0.00        14
          14       0.00      0.00      0.00        15
          15       0.00      0.00      0.00         6
          16       0.17      0.67      0.27         3
          17       0.08      0.07      0.08        14
          18       0.33      0.10      0.15        40
          19       0.00      0.00      0.00        46
          20       0.00      0.00      0.00        14
          21       0.00      0.00      0.00         8
          22       0.00      0.00      0.00         9
          23       0.08      0.08      0.08        13
          24       0.33      0.24      0.28        17

    accuracy                           0.06       300
   macro avg       0.06      0.07      0.06       300
weighted avg       0.09      0.06      0.07       300

(training_methods.py:282) 2025-06-05 23:20:05.321614 | INFO : Epoch 8 Validation Summary: epoch: 8.000000 | loss: 0.000000 | accuracy: 0.063333 | 
(training_methods.py:312) 2025-06-05 23:20:05.324076 | INFO : ckpt updated.
(training_methods.py:254) 2025-06-05 23:20:05.537523 | INFO : Training Epoch 9   0.0% | batch:         0 of         5
	loss: 0.667615

(training_methods.py:257) 2025-06-05 23:20:05.667389 | INFO : Evaluating on validation set ...
(training_methods.py:254) 2025-06-05 23:20:06.243776 | INFO : Evaluating Epoch 9   0.0% | batch:         0 of         5
	loss: inf

(training_methods.py:262) 2025-06-05 23:20:06.289047 | INFO : Validation runtime: 0.0 hours, 0.0 minutes, 0.6213943958282471 seconds

(training_methods.py:268) 2025-06-05 23:20:06.289245 | INFO : Avg val. time: 0.0 hours, 0.0 minutes, 0.5988592386245728 seconds
(training_methods.py:269) 2025-06-05 23:20:06.289301 | INFO : Avg batch val. time: 0.11977184772491456 seconds
(training_methods.py:270) 2025-06-05 23:20:06.289348 | INFO : Avg sample val. time: 0.0019961974620819095 seconds
(training_methods.py:276) 2025-06-05 23:20:06.289405 | INFO : report:               precision    recall  f1-score   support

           0       0.00      0.00      0.00        14
           1       0.08      0.14      0.11         7
           2       0.08      0.25      0.12         4
           3       0.00      0.00      0.00        20
           4       0.00      0.00      0.00         0
           5       0.00      0.00      0.00         6
           6       0.00      0.00      0.00         9
           7       0.08      0.20      0.12         5
           8       0.00      0.00      0.00        23
           9       0.08      0.06      0.07        16
          10       0.17      0.17      0.17        12
          11       0.00      0.00      0.00        34
          12       0.00      0.00      0.00         0
          13       0.00      0.00      0.00        24
          14       0.00      0.00      0.00         4
          15       0.00      0.00      0.00         9
          16       0.17      0.33      0.22         6
          17       0.08      0.11      0.10         9
          18       0.33      0.11      0.16        37
          19       0.00      0.00      0.00         3
          20       0.00      0.00      0.00        25
          21       0.00      0.00      0.00         8
          22       0.17      0.29      0.21         7
          23       0.00      0.00      0.00         9
          24       0.00      0.00      0.00         9

    accuracy                           0.05       300
   macro avg       0.05      0.07      0.05       300
weighted avg       0.07      0.05      0.05       300

(training_methods.py:282) 2025-06-05 23:20:06.289488 | INFO : Epoch 9 Validation Summary: epoch: 9.000000 | loss: 0.000000 | accuracy: 0.050000 | 
(training_methods.py:312) 2025-06-05 23:20:06.292216 | INFO : ckpt updated.
(training_methods.py:254) 2025-06-05 23:20:06.496854 | INFO : Training Epoch 10   0.0% | batch:         0 of         5
	loss: 0.652107

(training_methods.py:257) 2025-06-05 23:20:06.632178 | INFO : Evaluating on validation set ...
(training_methods.py:254) 2025-06-05 23:20:07.173767 | INFO : Evaluating Epoch 10   0.0% | batch:         0 of         5
	loss: inf

(training_methods.py:262) 2025-06-05 23:20:07.218053 | INFO : Validation runtime: 0.0 hours, 0.0 minutes, 0.5856122970581055 seconds

(training_methods.py:268) 2025-06-05 23:20:07.218256 | INFO : Avg val. time: 0.0 hours, 0.0 minutes, 0.5976549712094393 seconds
(training_methods.py:269) 2025-06-05 23:20:07.218311 | INFO : Avg batch val. time: 0.11953099424188787 seconds
(training_methods.py:270) 2025-06-05 23:20:07.218356 | INFO : Avg sample val. time: 0.0019921832373647978 seconds
(training_methods.py:276) 2025-06-05 23:20:07.218408 | INFO : report:               precision    recall  f1-score   support

           0       0.00      0.00      0.00        15
           1       0.00      0.00      0.00         5
           2       0.08      0.25      0.12         4
           3       0.00      0.00      0.00        33
           4       0.00      0.00      0.00         0
           5       0.00      0.00      0.00         9
           6       0.00      0.00      0.00         4
           7       0.00      0.00      0.00         1
           8       0.00      0.00      0.00         1
           9       0.17      0.11      0.13        19
          10       0.00      0.00      0.00         4
          11       0.00      0.00      0.00        49
          12       0.00      0.00      0.00         0
          13       0.00      0.00      0.00        17
          14       0.00      0.00      0.00         4
          15       0.00      0.00      0.00        50
          16       0.00      0.00      0.00         0
          17       0.00      0.00      0.00        23
          18       0.17      0.17      0.17        12
          19       0.00      0.00      0.00         5
          20       0.00      0.00      0.00        13
          21       0.08      0.10      0.09        10
          22       0.00      0.00      0.00         3
          23       0.00      0.00      0.00         8
          24       0.17      0.18      0.17        11

    accuracy                           0.03       300
   macro avg       0.03      0.03      0.03       300
weighted avg       0.03      0.03      0.03       300

(training_methods.py:282) 2025-06-05 23:20:07.218483 | INFO : Epoch 10 Validation Summary: epoch: 10.000000 | loss: 0.000000 | accuracy: 0.026667 | 
(training_methods.py:312) 2025-06-05 23:20:07.221173 | INFO : ckpt updated.
(training_methods.py:254) 2025-06-05 23:20:07.420581 | INFO : Training Epoch 11   0.0% | batch:         0 of         5
	loss: 0.662862

(training_methods.py:257) 2025-06-05 23:20:07.551852 | INFO : Evaluating on validation set ...
(training_methods.py:254) 2025-06-05 23:20:08.150344 | INFO : Evaluating Epoch 11   0.0% | batch:         0 of         5
	loss: inf

(training_methods.py:262) 2025-06-05 23:20:08.202496 | INFO : Validation runtime: 0.0 hours, 0.0 minutes, 0.6503558158874512 seconds

(training_methods.py:268) 2025-06-05 23:20:08.202745 | INFO : Avg val. time: 0.0 hours, 0.0 minutes, 0.6020467082659403 seconds
(training_methods.py:269) 2025-06-05 23:20:08.202804 | INFO : Avg batch val. time: 0.12040934165318806 seconds
(training_methods.py:270) 2025-06-05 23:20:08.202851 | INFO : Avg sample val. time: 0.0020068223608864675 seconds
(training_methods.py:276) 2025-06-05 23:20:08.202906 | INFO : report:               precision    recall  f1-score   support

           0       0.00      0.00      0.00         4
           1       0.00      0.00      0.00        11
           2       0.00      0.00      0.00         8
           3       0.00      0.00      0.00        13
           4       0.00      0.00      0.00         1
           5       0.00      0.00      0.00         7
           6       0.00      0.00      0.00         0
           7       0.08      0.50      0.14         2
           8       0.42      0.17      0.24        30
           9       0.17      0.10      0.12        20
          10       0.00      0.00      0.00         0
          11       0.00      0.00      0.00        20
          12       0.00      0.00      0.00         0
          13       0.00      0.00      0.00        19
          14       0.00      0.00      0.00         2
          15       0.08      0.02      0.03        50
          16       0.08      0.50      0.14         2
          17       0.17      0.09      0.12        22
          18       0.50      0.14      0.22        43
          19       0.00      0.00      0.00         8
          20       0.00      0.00      0.00        25
          21       0.00      0.00      0.00         2
          22       0.00      0.00      0.00         0
          23       0.00      0.00      0.00         1
          24       0.17      0.20      0.18        10

    accuracy                           0.07       300
   macro avg       0.07      0.07      0.05       300
weighted avg       0.16      0.07      0.09       300

(training_methods.py:282) 2025-06-05 23:20:08.202991 | INFO : Epoch 11 Validation Summary: epoch: 11.000000 | loss: 0.000000 | accuracy: 0.066667 | 
(training_methods.py:312) 2025-06-05 23:20:08.205900 | INFO : ckpt updated.
(training_methods.py:254) 2025-06-05 23:20:08.407048 | INFO : Training Epoch 12   0.0% | batch:         0 of         5
	loss: 0.645277

(training_methods.py:257) 2025-06-05 23:20:08.541995 | INFO : Evaluating on validation set ...
(training_methods.py:254) 2025-06-05 23:20:09.120635 | INFO : Evaluating Epoch 12   0.0% | batch:         0 of         5
	loss: inf

(training_methods.py:262) 2025-06-05 23:20:09.165920 | INFO : Validation runtime: 0.0 hours, 0.0 minutes, 0.6236581802368164 seconds

(training_methods.py:268) 2025-06-05 23:20:09.166118 | INFO : Avg val. time: 0.0 hours, 0.0 minutes, 0.603709129186777 seconds
(training_methods.py:269) 2025-06-05 23:20:09.166176 | INFO : Avg batch val. time: 0.1207418258373554 seconds
(training_methods.py:270) 2025-06-05 23:20:09.166222 | INFO : Avg sample val. time: 0.0020123637639559233 seconds
(training_methods.py:276) 2025-06-05 23:20:09.166276 | INFO : report:               precision    recall  f1-score   support

           0       0.33      0.16      0.22        25
           1       0.08      0.11      0.10         9
           2       0.33      0.14      0.20        28
           3       0.00      0.00      0.00        22
           4       0.00      0.00      0.00        17
           5       0.00      0.00      0.00        20
           6       0.00      0.00      0.00         8
           7       0.17      0.33      0.22         6
           8       0.75      0.64      0.69        14
           9       0.17      0.15      0.16        13
          10       0.00      0.00      0.00        13
          11       0.00      0.00      0.00        34
          12       0.00      0.00      0.00         3
          13       0.00      0.00      0.00         6
          14       0.00      0.00      0.00        26
          15       0.00      0.00      0.00         1
          16       0.00      0.00      0.00         4
          17       0.08      0.03      0.05        30
          18       0.08      0.50      0.14         2
          19       0.00      0.00      0.00         5
          20       0.00      0.00      0.00         0
          21       0.00      0.00      0.00         8
          22       0.00      0.00      0.00         0
          23       0.00      0.00      0.00         1
          24       0.00      0.00      0.00         5

    accuracy                           0.08       300
   macro avg       0.08      0.08      0.07       300
weighted avg       0.12      0.08      0.09       300

(training_methods.py:282) 2025-06-05 23:20:09.166351 | INFO : Epoch 12 Validation Summary: epoch: 12.000000 | loss: 0.000000 | accuracy: 0.080000 | 
(training_methods.py:312) 2025-06-05 23:20:09.168868 | INFO : ckpt updated.
(training_methods.py:254) 2025-06-05 23:20:09.371667 | INFO : Training Epoch 13   0.0% | batch:         0 of         5
	loss: 0.645121

(training_methods.py:257) 2025-06-05 23:20:09.504403 | INFO : Evaluating on validation set ...
(training_methods.py:254) 2025-06-05 23:20:10.090668 | INFO : Evaluating Epoch 13   0.0% | batch:         0 of         5
	loss: inf

(training_methods.py:262) 2025-06-05 23:20:10.134788 | INFO : Validation runtime: 0.0 hours, 0.0 minutes, 0.6301100254058838 seconds

(training_methods.py:268) 2025-06-05 23:20:10.134992 | INFO : Avg val. time: 0.0 hours, 0.0 minutes, 0.6055949074881417 seconds
(training_methods.py:269) 2025-06-05 23:20:10.135046 | INFO : Avg batch val. time: 0.12111898149762834 seconds
(training_methods.py:270) 2025-06-05 23:20:10.135090 | INFO : Avg sample val. time: 0.002018649691627139 seconds
(training_methods.py:276) 2025-06-05 23:20:10.135143 | INFO : report:               precision    recall  f1-score   support

           0       0.00      0.00      0.00         7
           1       0.17      0.50      0.25         4
           2       0.17      0.08      0.11        25
           3       0.00      0.00      0.00        25
           4       0.00      0.00      0.00        20
           5       0.00      0.00      0.00        12
           6       0.00      0.00      0.00         0
           7       0.17      0.22      0.19         9
           8       0.08      0.05      0.06        19
           9       0.17      0.25      0.20         8
          10       0.00      0.00      0.00        11
          11       0.00      0.00      0.00        30
          12       0.00      0.00      0.00         8
          13       0.00      0.00      0.00        10
          14       0.00      0.00      0.00        11
          15       0.00      0.00      0.00        12
          16       0.00      0.00      0.00         5
          17       0.00      0.00      0.00         8
          18       0.17      0.29      0.21         7
          19       0.00      0.00      0.00         4
          20       0.00      0.00      0.00         7
          21       0.00      0.00      0.00        10
          22       0.00      0.00      0.00        13
          23       0.00      0.00      0.00        27
          24       0.00      0.00      0.00         8

    accuracy                           0.04       300
   macro avg       0.04      0.06      0.04       300
weighted avg       0.03      0.04      0.03       300

(training_methods.py:282) 2025-06-05 23:20:10.135242 | INFO : Epoch 13 Validation Summary: epoch: 13.000000 | loss: 0.000000 | accuracy: 0.036667 | 
(training_methods.py:312) 2025-06-05 23:20:10.137759 | INFO : ckpt updated.
(training_methods.py:254) 2025-06-05 23:20:10.335383 | INFO : Training Epoch 14   0.0% | batch:         0 of         5
	loss: 0.650707

(training_methods.py:257) 2025-06-05 23:20:10.481501 | INFO : Evaluating on validation set ...
(training_methods.py:254) 2025-06-05 23:20:11.083771 | INFO : Evaluating Epoch 14   0.0% | batch:         0 of         5
	loss: inf

(training_methods.py:262) 2025-06-05 23:20:11.132662 | INFO : Validation runtime: 0.0 hours, 0.0 minutes, 0.6508803367614746 seconds

(training_methods.py:268) 2025-06-05 23:20:11.132866 | INFO : Avg val. time: 0.0 hours, 0.0 minutes, 0.6086139361063639 seconds
(training_methods.py:269) 2025-06-05 23:20:11.132922 | INFO : Avg batch val. time: 0.12172278722127279 seconds
(training_methods.py:270) 2025-06-05 23:20:11.132967 | INFO : Avg sample val. time: 0.0020287131203545463 seconds
(training_methods.py:276) 2025-06-05 23:20:11.133029 | INFO : report:               precision    recall  f1-score   support

           0       0.00      0.00      0.00         9
           1       0.00      0.00      0.00         1
           2       0.17      0.22      0.19         9
           3       0.00      0.00      0.00         1
           4       0.00      0.00      0.00         1
           5       0.00      0.00      0.00        14
           6       0.00      0.00      0.00         1
           7       0.25      0.43      0.32         7
           8       0.00      0.00      0.00         4
           9       0.00      0.00      0.00        16
          10       0.00      0.00      0.00        12
          11       0.00      0.00      0.00        27
          12       0.00      0.00      0.00         9
          13       0.00      0.00      0.00        55
          14       0.00      0.00      0.00         2
          15       0.17      0.20      0.18        10
          16       0.25      0.14      0.18        21
          17       0.25      0.50      0.33         6
          18       0.00      0.00      0.00         0
          19       0.00      0.00      0.00         4
          20       0.00      0.00      0.00         4
          21       0.00      0.00      0.00         0
          22       0.00      0.00      0.00         1
          23       0.00      0.00      0.00        82
          24       0.00      0.00      0.00         4

    accuracy                           0.04       300
   macro avg       0.04      0.06      0.05       300
weighted avg       0.04      0.04      0.04       300

(training_methods.py:282) 2025-06-05 23:20:11.133139 | INFO : Epoch 14 Validation Summary: epoch: 14.000000 | loss: 0.000000 | accuracy: 0.043333 | 
(training_methods.py:312) 2025-06-05 23:20:11.135964 | INFO : ckpt updated.
(training_methods.py:254) 2025-06-05 23:20:11.333503 | INFO : Training Epoch 15   0.0% | batch:         0 of         5
	loss: 0.638989

(training_methods.py:257) 2025-06-05 23:20:11.465935 | INFO : Evaluating on validation set ...
(training_methods.py:254) 2025-06-05 23:20:12.043551 | INFO : Evaluating Epoch 15   0.0% | batch:         0 of         5
	loss: inf

(training_methods.py:262) 2025-06-05 23:20:12.090506 | INFO : Validation runtime: 0.0 hours, 0.0 minutes, 0.6243040561676025 seconds

(training_methods.py:268) 2025-06-05 23:20:12.090698 | INFO : Avg val. time: 0.0 hours, 0.0 minutes, 0.6095945686101913 seconds
(training_methods.py:269) 2025-06-05 23:20:12.090777 | INFO : Avg batch val. time: 0.12191891372203827 seconds
(training_methods.py:270) 2025-06-05 23:20:12.090823 | INFO : Avg sample val. time: 0.0020319818953673046 seconds
(training_methods.py:276) 2025-06-05 23:20:12.090878 | INFO : report:               precision    recall  f1-score   support

           0       0.00      0.00      0.00         6
           1       0.08      0.12      0.10         8
           2       0.08      0.17      0.11         6
           3       0.00      0.00      0.00        36
           4       0.00      0.00      0.00         4
           5       0.00      0.00      0.00         7
           6       0.00      0.00      0.00         1
           7       0.00      0.00      0.00         2
           8       0.00      0.00      0.00         8
           9       0.00      0.00      0.00         6
          10       0.00      0.00      0.00         7
          11       0.00      0.00      0.00        79
          12       0.00      0.00      0.00         2
          13       0.00      0.00      0.00        11
          14       0.00      0.00      0.00        10
          15       0.17      0.10      0.12        21
          16       0.00      0.00      0.00         9
          17       0.00      0.00      0.00        20
          18       0.08      0.50      0.14         2
          19       0.00      0.00      0.00         1
          20       0.00      0.00      0.00         1
          21       0.00      0.00      0.00         7
          22       0.00      0.00      0.00         2
          23       0.00      0.00      0.00        37
          24       0.00      0.00      0.00         7

    accuracy                           0.02       300
   macro avg       0.02      0.04      0.02       300
weighted avg       0.02      0.02      0.01       300

(training_methods.py:282) 2025-06-05 23:20:12.090954 | INFO : Epoch 15 Validation Summary: epoch: 15.000000 | loss: 0.000000 | accuracy: 0.016667 | 
(training_methods.py:312) 2025-06-05 23:20:12.093601 | INFO : ckpt updated.
(training_methods.py:254) 2025-06-05 23:20:12.302534 | INFO : Training Epoch 16   0.0% | batch:         0 of         5
	loss: 0.631401

(training_methods.py:257) 2025-06-05 23:20:12.434786 | INFO : Evaluating on validation set ...
(training_methods.py:254) 2025-06-05 23:20:12.998660 | INFO : Evaluating Epoch 16   0.0% | batch:         0 of         5
	loss: inf

(training_methods.py:262) 2025-06-05 23:20:13.042516 | INFO : Validation runtime: 0.0 hours, 0.0 minutes, 0.6074638366699219 seconds

(training_methods.py:268) 2025-06-05 23:20:13.042712 | INFO : Avg val. time: 0.0 hours, 0.0 minutes, 0.6094692314372343 seconds
(training_methods.py:269) 2025-06-05 23:20:13.042784 | INFO : Avg batch val. time: 0.12189384628744686 seconds
(training_methods.py:270) 2025-06-05 23:20:13.042832 | INFO : Avg sample val. time: 0.002031564104790781 seconds
(training_methods.py:276) 2025-06-05 23:20:13.042885 | INFO : report:               precision    recall  f1-score   support

           0       0.00      0.00      0.00         7
           1       0.08      0.33      0.13         3
           2       0.17      0.22      0.19         9
           3       0.08      0.07      0.07        15
           4       0.00      0.00      0.00         8
           5       0.00      0.00      0.00        12
           6       0.00      0.00      0.00         1
           7       0.00      0.00      0.00         8
           8       0.00      0.00      0.00        13
           9       0.08      0.07      0.08        14
          10       0.00      0.00      0.00         2
          11       0.00      0.00      0.00        33
          12       0.00      0.00      0.00         4
          13       0.08      0.08      0.08        12
          14       0.00      0.00      0.00        31
          15       0.25      0.14      0.18        21
          16       0.17      0.14      0.15        14
          17       0.08      0.11      0.10         9
          18       0.42      0.71      0.53         7
          19       0.00      0.00      0.00         3
          20       0.00      0.00      0.00         4
          21       0.00      0.00      0.00        13
          22       0.00      0.00      0.00         5
          23       0.00      0.00      0.00        41
          24       0.00      0.00      0.00        11

    accuracy                           0.06       300
   macro avg       0.06      0.08      0.06       300
weighted avg       0.05      0.06      0.05       300

(training_methods.py:282) 2025-06-05 23:20:13.042978 | INFO : Epoch 16 Validation Summary: epoch: 16.000000 | loss: 0.000000 | accuracy: 0.056667 | 
(training_methods.py:312) 2025-06-05 23:20:13.045534 | INFO : ckpt updated.
(training_methods.py:254) 2025-06-05 23:20:13.255116 | INFO : Training Epoch 17   0.0% | batch:         0 of         5
	loss: 0.617323

(training_methods.py:257) 2025-06-05 23:20:13.387287 | INFO : Evaluating on validation set ...
(training_methods.py:254) 2025-06-05 23:20:13.977546 | INFO : Evaluating Epoch 17   0.0% | batch:         0 of         5
	loss: inf

(training_methods.py:262) 2025-06-05 23:20:14.025480 | INFO : Validation runtime: 0.0 hours, 0.0 minutes, 0.6379296779632568 seconds

(training_methods.py:268) 2025-06-05 23:20:14.025697 | INFO : Avg val. time: 0.0 hours, 0.0 minutes, 0.6110503673553467 seconds
(training_methods.py:269) 2025-06-05 23:20:14.025756 | INFO : Avg batch val. time: 0.12221007347106934 seconds
(training_methods.py:270) 2025-06-05 23:20:14.025801 | INFO : Avg sample val. time: 0.0020368345578511554 seconds
(training_methods.py:276) 2025-06-05 23:20:14.025853 | INFO : report:               precision    recall  f1-score   support

           0       0.00      0.00      0.00         3
           1       0.00      0.00      0.00         3
           2       0.08      0.33      0.13         3
           3       0.00      0.00      0.00        49
           4       0.00      0.00      0.00         8
           5       0.00      0.00      0.00         4
           6       0.00      0.00      0.00         3
           7       0.00      0.00      0.00         2
           8       0.00      0.00      0.00        16
           9       0.00      0.00      0.00         3
          10       0.17      0.22      0.19         9
          11       0.00      0.00      0.00        48
          12       0.00      0.00      0.00         0
          13       0.00      0.00      0.00        25
          14       0.00      0.00      0.00         4
          15       0.00      0.00      0.00         5
          16       0.00      0.00      0.00         4
          17       0.08      0.08      0.08        12
          18       0.08      0.17      0.11         6
          19       0.00      0.00      0.00         5
          20       0.00      0.00      0.00         3
          21       0.00      0.00      0.00        12
          22       0.00      0.00      0.00        10
          23       0.00      0.00      0.00        51
          24       0.00      0.00      0.00        12

    accuracy                           0.02       300
   macro avg       0.02      0.03      0.02       300
weighted avg       0.01      0.02      0.01       300

(training_methods.py:282) 2025-06-05 23:20:14.025949 | INFO : Epoch 17 Validation Summary: epoch: 17.000000 | loss: 0.000000 | accuracy: 0.016667 | 
(training_methods.py:312) 2025-06-05 23:20:14.028717 | INFO : ckpt updated.
(training_methods.py:254) 2025-06-05 23:20:14.243147 | INFO : Training Epoch 18   0.0% | batch:         0 of         5
	loss: 0.631525

(training_methods.py:257) 2025-06-05 23:20:14.376788 | INFO : Evaluating on validation set ...
(training_methods.py:254) 2025-06-05 23:20:14.977193 | INFO : Evaluating Epoch 18   0.0% | batch:         0 of         5
	loss: inf

(training_methods.py:262) 2025-06-05 23:20:15.023640 | INFO : Validation runtime: 0.0 hours, 0.0 minutes, 0.6465818881988525 seconds

(training_methods.py:268) 2025-06-05 23:20:15.023838 | INFO : Avg val. time: 0.0 hours, 0.0 minutes, 0.6129204473997417 seconds
(training_methods.py:269) 2025-06-05 23:20:15.023910 | INFO : Avg batch val. time: 0.12258408947994834 seconds
(training_methods.py:270) 2025-06-05 23:20:15.023978 | INFO : Avg sample val. time: 0.0020430681579991393 seconds
(training_methods.py:276) 2025-06-05 23:20:15.024053 | INFO : report:               precision    recall  f1-score   support

           0       0.00      0.00      0.00         4
           1       0.08      0.20      0.12         5
           2       0.17      0.33      0.22         6
           3       0.00      0.00      0.00        29
           4       0.00      0.00      0.00         8
           5       0.00      0.00      0.00         4
           6       0.00      0.00      0.00         7
           7       0.00      0.00      0.00         2
           8       0.00      0.00      0.00         7
           9       0.50      0.33      0.40        18
          10       0.00      0.00      0.00         5
          11       0.00      0.00      0.00        21
          12       0.00      0.00      0.00         4
          13       0.00      0.00      0.00        16
          14       0.00      0.00      0.00         9
          15       0.00      0.00      0.00        45
          16       0.00      0.00      0.00         7
          17       0.00      0.00      0.00        12
          18       0.08      0.17      0.11         6
          19       0.00      0.00      0.00         3
          20       0.00      0.00      0.00         2
          21       0.00      0.00      0.00        13
          22       0.00      0.00      0.00        29
          23       0.00      0.00      0.00        24
          24       0.00      0.00      0.00        14

    accuracy                           0.03       300
   macro avg       0.03      0.04      0.03       300
weighted avg       0.04      0.03      0.03       300

(training_methods.py:282) 2025-06-05 23:20:15.024170 | INFO : Epoch 18 Validation Summary: epoch: 18.000000 | loss: 0.000000 | accuracy: 0.033333 | 
(training_methods.py:312) 2025-06-05 23:20:15.027155 | INFO : ckpt updated.
(training_methods.py:254) 2025-06-05 23:20:15.224745 | INFO : Training Epoch 19   0.0% | batch:         0 of         5
	loss: 0.63252

(training_methods.py:257) 2025-06-05 23:20:15.355960 | INFO : Evaluating on validation set ...
(training_methods.py:254) 2025-06-05 23:20:15.925987 | INFO : Evaluating Epoch 19   0.0% | batch:         0 of         5
	loss: inf

(training_methods.py:262) 2025-06-05 23:20:15.971967 | INFO : Validation runtime: 0.0 hours, 0.0 minutes, 0.6157410144805908 seconds

(training_methods.py:268) 2025-06-05 23:20:15.972151 | INFO : Avg val. time: 0.0 hours, 0.0 minutes, 0.6130614757537842 seconds
(training_methods.py:269) 2025-06-05 23:20:15.972221 | INFO : Avg batch val. time: 0.12261229515075685 seconds
(training_methods.py:270) 2025-06-05 23:20:15.972267 | INFO : Avg sample val. time: 0.0020435382525126142 seconds
(training_methods.py:276) 2025-06-05 23:20:15.972320 | INFO : report:               precision    recall  f1-score   support

           0       0.08      0.03      0.05        32
           1       0.33      0.24      0.28        17
           2       0.42      0.36      0.38        14
           3       0.00      0.00      0.00        34
           4       0.00      0.00      0.00         5
           5       0.00      0.00      0.00         5
           6       0.00      0.00      0.00         9
           7       0.00      0.00      0.00         0
           8       0.00      0.00      0.00         7
           9       0.08      0.50      0.14         2
          10       0.00      0.00      0.00         0
          11       0.00      0.00      0.00        27
          12       0.00      0.00      0.00         1
          13       0.00      0.00      0.00         5
          14       0.00      0.00      0.00        11
          15       0.00      0.00      0.00        22
          16       0.00      0.00      0.00         0
          17       0.17      1.00      0.29         2
          18       0.17      0.06      0.09        33
          19       0.00      0.00      0.00         2
          20       0.00      0.00      0.00         0
          21       0.00      0.00      0.00         7
          22       0.00      0.00      0.00         0
          23       0.00      0.00      0.00        62
          24       0.00      0.00      0.00         3

    accuracy                           0.05       300
   macro avg       0.05      0.09      0.05       300
weighted avg       0.07      0.05      0.05       300

(training_methods.py:282) 2025-06-05 23:20:15.972415 | INFO : Epoch 19 Validation Summary: epoch: 19.000000 | loss: 0.000000 | accuracy: 0.050000 | 
(training_methods.py:312) 2025-06-05 23:20:15.974981 | INFO : ckpt updated.
