(dataloaders.py:51) 2025-06-06 18:32:25.286576 | INFO : train_ds length: 275, valid_ds length: 300
(process_model.py:276) 2025-06-06 18:32:25.367582 | INFO : {'feat_dim': 9, 'seq_len': 144, 'device': 'cpu'}
(process_model.py:277) 2025-06-06 18:32:25.367738 | INFO : TNC(
  (encoder): RnnEncoder(
    (nn): Sequential(
      (0): Linear(in_features=200, out_features=10, bias=True)
    )
    (rnn): GRU(9, 100, bidirectional=True)
  )
  (disc_model): Discriminator(
    (model): Sequential(
      (0): Linear(in_features=20, out_features=40, bias=True)
      (1): ReLU(inplace=True)
      (2): Dropout(p=0.5, inplace=False)
      (3): Linear(in_features=40, out_features=1, bias=True)
    )
  )
)
(training_methods.py:254) 2025-06-06 18:32:27.733214 | INFO : Training Epoch 0   0.0% | batch:         0 of         5
	loss: 0.702907

(training_methods.py:257) 2025-06-06 18:32:27.863560 | INFO : Evaluating on validation set ...
(training_methods.py:254) 2025-06-06 18:32:28.441499 | INFO : Evaluating Epoch 0   0.0% | batch:         0 of         5
	loss: inf

(training_methods.py:262) 2025-06-06 18:32:28.498029 | INFO : Validation runtime: 0.0 hours, 0.0 minutes, 0.6341941356658936 seconds

(training_methods.py:268) 2025-06-06 18:32:28.498235 | INFO : Avg val. time: 0.0 hours, 0.0 minutes, 0.6341941356658936 seconds
(training_methods.py:269) 2025-06-06 18:32:28.498291 | INFO : Avg batch val. time: 0.1268388271331787 seconds
(training_methods.py:270) 2025-06-06 18:32:28.498345 | INFO : Avg sample val. time: 0.002113980452219645 seconds
(training_methods.py:276) 2025-06-06 18:32:28.498414 | INFO : report:               precision    recall  f1-score   support

           0       0.00      0.00      0.00        12
           1       0.00      0.00      0.00         8
           2       0.25      0.12      0.16        26
           3       0.00      0.00      0.00        10
           4       0.00      0.00      0.00        19
           5       0.00      0.00      0.00         1
           6       0.08      0.20      0.12         5
           7       0.08      0.12      0.10         8
           8       0.17      0.09      0.11        23
           9       0.00      0.00      0.00         5
          10       0.00      0.00      0.00         7
          11       0.00      0.00      0.00        21
          12       0.08      0.17      0.11         6
          13       0.00      0.00      0.00         5
          14       0.00      0.00      0.00        18
          15       0.08      0.05      0.06        21
          16       0.17      0.22      0.19         9
          17       0.08      0.06      0.07        16
          18       0.25      0.14      0.18        21
          19       0.00      0.00      0.00         8
          20       0.00      0.00      0.00         9
          21       0.00      0.00      0.00         9
          22       0.00      0.00      0.00         9
          23       0.00      0.00      0.00        12
          24       0.08      0.08      0.08        12

    accuracy                           0.05       300
   macro avg       0.05      0.05      0.05       300
weighted avg       0.08      0.05      0.06       300

(training_methods.py:282) 2025-06-06 18:32:28.498483 | INFO : Epoch 0 Validation Summary: epoch: 0.000000 | loss: 0.000000 | accuracy: 0.053333 | 
(training_methods.py:312) 2025-06-06 18:32:28.502830 | INFO : ckpt updated.
(training_methods.py:254) 2025-06-06 18:32:28.710783 | INFO : Training Epoch 1   0.0% | batch:         0 of         5
	loss: 0.690808

(training_methods.py:257) 2025-06-06 18:32:28.852613 | INFO : Evaluating on validation set ...
(training_methods.py:254) 2025-06-06 18:32:29.399472 | INFO : Evaluating Epoch 1   0.0% | batch:         0 of         5
	loss: inf

(training_methods.py:262) 2025-06-06 18:32:29.446704 | INFO : Validation runtime: 0.0 hours, 0.0 minutes, 0.5938048362731934 seconds

(training_methods.py:268) 2025-06-06 18:32:29.446931 | INFO : Avg val. time: 0.0 hours, 0.0 minutes, 0.6139994859695435 seconds
(training_methods.py:269) 2025-06-06 18:32:29.446993 | INFO : Avg batch val. time: 0.12279989719390869 seconds
(training_methods.py:270) 2025-06-06 18:32:29.447051 | INFO : Avg sample val. time: 0.0020466649532318113 seconds
(training_methods.py:276) 2025-06-06 18:32:29.447104 | INFO : report:               precision    recall  f1-score   support

           0       0.00      0.00      0.00        16
           1       0.00      0.00      0.00        14
           2       0.08      0.08      0.08        13
           3       0.00      0.00      0.00        13
           4       0.00      0.00      0.00        13
           5       0.00      0.00      0.00         6
           6       0.25      0.25      0.25        12
           7       0.17      0.13      0.15        15
           8       0.08      0.07      0.08        14
           9       0.00      0.00      0.00         7
          10       0.08      0.08      0.08        12
          11       0.00      0.00      0.00         8
          12       0.00      0.00      0.00        15
          13       0.00      0.00      0.00        10
          14       0.00      0.00      0.00        17
          15       0.00      0.00      0.00        24
          16       0.17      0.50      0.25         4
          17       0.00      0.00      0.00         7
          18       0.08      0.05      0.06        20
          19       0.00      0.00      0.00        13
          20       0.00      0.00      0.00         5
          21       0.00      0.00      0.00         6
          22       0.08      0.06      0.07        16
          23       0.00      0.00      0.00        12
          24       0.17      0.25      0.20         8

    accuracy                           0.05       300
   macro avg       0.05      0.06      0.05       300
weighted avg       0.05      0.05      0.04       300

(training_methods.py:282) 2025-06-06 18:32:29.447171 | INFO : Epoch 1 Validation Summary: epoch: 1.000000 | loss: 0.000000 | accuracy: 0.046667 | 
(training_methods.py:312) 2025-06-06 18:32:29.449798 | INFO : ckpt updated.
(training_methods.py:254) 2025-06-06 18:32:29.729325 | INFO : Training Epoch 2   0.0% | batch:         0 of         5
	loss: 0.688108

(training_methods.py:257) 2025-06-06 18:32:29.863239 | INFO : Evaluating on validation set ...
(training_methods.py:254) 2025-06-06 18:32:30.409962 | INFO : Evaluating Epoch 2   0.0% | batch:         0 of         5
	loss: inf

(training_methods.py:262) 2025-06-06 18:32:30.456429 | INFO : Validation runtime: 0.0 hours, 0.0 minutes, 0.5928997993469238 seconds

(training_methods.py:268) 2025-06-06 18:32:30.456634 | INFO : Avg val. time: 0.0 hours, 0.0 minutes, 0.6069662570953369 seconds
(training_methods.py:269) 2025-06-06 18:32:30.456684 | INFO : Avg batch val. time: 0.12139325141906739 seconds
(training_methods.py:270) 2025-06-06 18:32:30.456726 | INFO : Avg sample val. time: 0.0020232208569844565 seconds
(training_methods.py:276) 2025-06-06 18:32:30.456777 | INFO : report:               precision    recall  f1-score   support

           0       0.00      0.00      0.00         5
           1       0.00      0.00      0.00        14
           2       0.33      0.18      0.24        22
           3       0.00      0.00      0.00         8
           4       0.00      0.00      0.00        19
           5       0.00      0.00      0.00        12
           6       0.33      0.25      0.29        16
           7       0.08      0.08      0.08        12
           8       0.42      0.19      0.26        26
           9       0.00      0.00      0.00         9
          10       0.00      0.00      0.00        13
          11       0.00      0.00      0.00         5
          12       0.08      0.20      0.12         5
          13       0.00      0.00      0.00         5
          14       0.00      0.00      0.00        11
          15       0.25      0.15      0.19        20
          16       0.17      0.14      0.15        14
          17       0.08      0.09      0.09        11
          18       0.33      0.31      0.32        13
          19       0.17      0.25      0.20         8
          20       0.00      0.00      0.00        11
          21       0.00      0.00      0.00        11
          22       0.00      0.00      0.00         5
          23       0.00      0.00      0.00        15
          24       0.00      0.00      0.00        10

    accuracy                           0.09       300
   macro avg       0.09      0.07      0.08       300
weighted avg       0.13      0.09      0.10       300

(training_methods.py:282) 2025-06-06 18:32:30.456879 | INFO : Epoch 2 Validation Summary: epoch: 2.000000 | loss: 0.000000 | accuracy: 0.090000 | 
(training_methods.py:312) 2025-06-06 18:32:30.459540 | INFO : ckpt updated.
(training_methods.py:254) 2025-06-06 18:32:30.747038 | INFO : Training Epoch 3   0.0% | batch:         0 of         5
	loss: 0.683373

(training_methods.py:257) 2025-06-06 18:32:30.881476 | INFO : Evaluating on validation set ...
(training_methods.py:254) 2025-06-06 18:32:31.448085 | INFO : Evaluating Epoch 3   0.0% | batch:         0 of         5
	loss: inf

(training_methods.py:262) 2025-06-06 18:32:31.507435 | INFO : Validation runtime: 0.0 hours, 0.0 minutes, 0.6256768703460693 seconds

(training_methods.py:268) 2025-06-06 18:32:31.507688 | INFO : Avg val. time: 0.0 hours, 0.0 minutes, 0.61164391040802 seconds
(training_methods.py:269) 2025-06-06 18:32:31.507739 | INFO : Avg batch val. time: 0.122328782081604 seconds
(training_methods.py:270) 2025-06-06 18:32:31.507781 | INFO : Avg sample val. time: 0.0020388130346934 seconds
(training_methods.py:276) 2025-06-06 18:32:31.507836 | INFO : report:               precision    recall  f1-score   support

           0       0.00      0.00      0.00         4
           1       0.00      0.00      0.00        17
           2       0.33      0.13      0.19        31
           3       0.00      0.00      0.00         7
           4       0.00      0.00      0.00         5
           5       0.00      0.00      0.00         3
           6       0.25      0.75      0.38         4
           7       0.08      0.08      0.08        13
           8       0.25      0.11      0.15        28
           9       0.00      0.00      0.00         7
          10       0.00      0.00      0.00        15
          11       0.00      0.00      0.00        17
          12       0.00      0.00      0.00        11
          13       0.00      0.00      0.00         6
          14       0.00      0.00      0.00         7
          15       0.00      0.00      0.00        17
          16       0.25      0.27      0.26        11
          17       0.08      0.06      0.07        17
          18       0.08      0.17      0.11         6
          19       0.00      0.00      0.00        27
          20       0.00      0.00      0.00         9
          21       0.00      0.00      0.00        20
          22       0.00      0.00      0.00         2
          23       0.08      0.08      0.08        12
          24       0.00      0.00      0.00         4

    accuracy                           0.06       300
   macro avg       0.06      0.07      0.05       300
weighted avg       0.08      0.06      0.06       300

(training_methods.py:282) 2025-06-06 18:32:31.507925 | INFO : Epoch 3 Validation Summary: epoch: 3.000000 | loss: 0.000000 | accuracy: 0.056667 | 
(training_methods.py:312) 2025-06-06 18:32:31.511003 | INFO : ckpt updated.
(training_methods.py:254) 2025-06-06 18:32:31.715353 | INFO : Training Epoch 4   0.0% | batch:         0 of         5
	loss: 0.68721

(training_methods.py:257) 2025-06-06 18:32:31.851440 | INFO : Evaluating on validation set ...
(training_methods.py:254) 2025-06-06 18:32:32.394777 | INFO : Evaluating Epoch 4   0.0% | batch:         0 of         5
	loss: inf

(training_methods.py:262) 2025-06-06 18:32:32.439347 | INFO : Validation runtime: 0.0 hours, 0.0 minutes, 0.5876691341400146 seconds

(training_methods.py:268) 2025-06-06 18:32:32.439535 | INFO : Avg val. time: 0.0 hours, 0.0 minutes, 0.606848955154419 seconds
(training_methods.py:269) 2025-06-06 18:32:32.439585 | INFO : Avg batch val. time: 0.12136979103088379 seconds
(training_methods.py:270) 2025-06-06 18:32:32.439633 | INFO : Avg sample val. time: 0.0020228298505147297 seconds
(training_methods.py:276) 2025-06-06 18:32:32.439705 | INFO : report:               precision    recall  f1-score   support

           0       0.00      0.00      0.00         4
           1       0.00      0.00      0.00         8
           2       0.33      0.15      0.21        27
           3       0.00      0.00      0.00        13
           4       0.00      0.00      0.00         3
           5       0.00      0.00      0.00         2
           6       0.00      0.00      0.00        15
           7       0.33      0.16      0.22        25
           8       0.08      0.04      0.05        26
           9       0.00      0.00      0.00         6
          10       0.08      0.08      0.08        13
          11       0.00      0.00      0.00        11
          12       0.00      0.00      0.00         4
          13       0.00      0.00      0.00         7
          14       0.00      0.00      0.00         3
          15       0.08      0.05      0.06        22
          16       0.25      0.12      0.16        25
          17       0.08      0.07      0.07        15
          18       0.08      0.33      0.13         3
          19       0.00      0.00      0.00         8
          20       0.00      0.00      0.00        16
          21       0.00      0.00      0.00        15
          22       0.00      0.00      0.00         9
          23       0.00      0.00      0.00        13
          24       0.00      0.00      0.00         7

    accuracy                           0.05       300
   macro avg       0.05      0.04      0.04       300
weighted avg       0.10      0.05      0.07       300

(training_methods.py:282) 2025-06-06 18:32:32.439789 | INFO : Epoch 4 Validation Summary: epoch: 4.000000 | loss: 0.000000 | accuracy: 0.053333 | 
(training_methods.py:312) 2025-06-06 18:32:32.442279 | INFO : ckpt updated.
(training_methods.py:254) 2025-06-06 18:32:32.666014 | INFO : Training Epoch 5   0.0% | batch:         0 of         5
	loss: 0.664631

(training_methods.py:257) 2025-06-06 18:32:32.813422 | INFO : Evaluating on validation set ...
(training_methods.py:254) 2025-06-06 18:32:33.369936 | INFO : Evaluating Epoch 5   0.0% | batch:         0 of         5
	loss: inf

(training_methods.py:262) 2025-06-06 18:32:33.422653 | INFO : Validation runtime: 0.0 hours, 0.0 minutes, 0.6089134216308594 seconds

(training_methods.py:268) 2025-06-06 18:32:33.422873 | INFO : Avg val. time: 0.0 hours, 0.0 minutes, 0.6071930329004923 seconds
(training_methods.py:269) 2025-06-06 18:32:33.422941 | INFO : Avg batch val. time: 0.12143860658009846 seconds
(training_methods.py:270) 2025-06-06 18:32:33.422990 | INFO : Avg sample val. time: 0.0020239767763349744 seconds
(training_methods.py:276) 2025-06-06 18:32:33.423040 | INFO : report:               precision    recall  f1-score   support

           0       0.00      0.00      0.00         7
           1       0.08      0.25      0.12         4
           2       0.33      0.20      0.25        20
           3       0.00      0.00      0.00         8
           4       0.00      0.00      0.00         8
           5       0.00      0.00      0.00         5
           6       0.08      0.50      0.14         2
           7       0.25      0.25      0.25        12
           8       0.08      0.04      0.05        27
           9       0.00      0.00      0.00        20
          10       0.00      0.00      0.00        14
          11       0.25      0.10      0.15        29
          12       0.00      0.00      0.00        10
          13       0.00      0.00      0.00         6
          14       0.00      0.00      0.00        10
          15       0.00      0.00      0.00        21
          16       0.08      0.10      0.09        10
          17       0.00      0.00      0.00        14
          18       0.25      0.38      0.30         8
          19       0.00      0.00      0.00        24
          20       0.00      0.00      0.00        10
          21       0.00      0.00      0.00         8
          22       0.00      0.00      0.00        10
          23       0.00      0.00      0.00         9
          24       0.00      0.00      0.00         4

    accuracy                           0.06       300
   macro avg       0.06      0.07      0.05       300
weighted avg       0.07      0.06      0.06       300

(training_methods.py:282) 2025-06-06 18:32:33.423126 | INFO : Epoch 5 Validation Summary: epoch: 5.000000 | loss: 0.000000 | accuracy: 0.056667 | 
(training_methods.py:312) 2025-06-06 18:32:33.425896 | INFO : ckpt updated.
(training_methods.py:254) 2025-06-06 18:32:33.634534 | INFO : Training Epoch 6   0.0% | batch:         0 of         5
	loss: 0.664096

(training_methods.py:257) 2025-06-06 18:32:33.773616 | INFO : Evaluating on validation set ...
(training_methods.py:254) 2025-06-06 18:32:34.336337 | INFO : Evaluating Epoch 6   0.0% | batch:         0 of         5
	loss: inf

(training_methods.py:262) 2025-06-06 18:32:34.399158 | INFO : Validation runtime: 0.0 hours, 0.0 minutes, 0.6252231597900391 seconds

(training_methods.py:268) 2025-06-06 18:32:34.399361 | INFO : Avg val. time: 0.0 hours, 0.0 minutes, 0.6097687653132847 seconds
(training_methods.py:269) 2025-06-06 18:32:34.399412 | INFO : Avg batch val. time: 0.12195375306265695 seconds
(training_methods.py:270) 2025-06-06 18:32:34.399454 | INFO : Avg sample val. time: 0.0020325625510442826 seconds
(training_methods.py:276) 2025-06-06 18:32:34.399503 | INFO : report:               precision    recall  f1-score   support

           0       0.00      0.00      0.00         5
           1       0.00      0.00      0.00         3
           2       0.17      0.08      0.11        25
           3       0.00      0.00      0.00         7
           4       0.00      0.00      0.00         3
           5       0.00      0.00      0.00         6
           6       0.00      0.00      0.00         4
           7       0.17      0.14      0.15        14
           8       0.08      0.05      0.06        20
           9       0.00      0.00      0.00         2
          10       0.00      0.00      0.00         9
          11       0.00      0.00      0.00        25
          12       0.00      0.00      0.00         8
          13       0.00      0.00      0.00        10
          14       0.00      0.00      0.00        10
          15       0.42      0.33      0.37        15
          16       0.25      0.23      0.24        13
          17       0.08      0.05      0.06        19
          18       0.08      0.33      0.13         3
          19       0.00      0.00      0.00        26
          20       0.00      0.00      0.00        17
          21       0.00      0.00      0.00        24
          22       0.00      0.00      0.00        19
          23       0.00      0.00      0.00         9
          24       0.00      0.00      0.00         4

    accuracy                           0.05       300
   macro avg       0.05      0.05      0.05       300
weighted avg       0.06      0.05      0.05       300

(training_methods.py:282) 2025-06-06 18:32:34.399588 | INFO : Epoch 6 Validation Summary: epoch: 6.000000 | loss: 0.000000 | accuracy: 0.050000 | 
(training_methods.py:312) 2025-06-06 18:32:34.402372 | INFO : ckpt updated.
(training_methods.py:254) 2025-06-06 18:32:34.618201 | INFO : Training Epoch 7   0.0% | batch:         0 of         5
	loss: 0.664453

(training_methods.py:257) 2025-06-06 18:32:34.767128 | INFO : Evaluating on validation set ...
(training_methods.py:254) 2025-06-06 18:32:35.322227 | INFO : Evaluating Epoch 7   0.0% | batch:         0 of         5
	loss: inf

(training_methods.py:262) 2025-06-06 18:32:35.366764 | INFO : Validation runtime: 0.0 hours, 0.0 minutes, 0.599341630935669 seconds

(training_methods.py:268) 2025-06-06 18:32:35.366966 | INFO : Avg val. time: 0.0 hours, 0.0 minutes, 0.6084653735160828 seconds
(training_methods.py:269) 2025-06-06 18:32:35.367019 | INFO : Avg batch val. time: 0.12169307470321655 seconds
(training_methods.py:270) 2025-06-06 18:32:35.367062 | INFO : Avg sample val. time: 0.002028217911720276 seconds
(training_methods.py:276) 2025-06-06 18:32:35.367122 | INFO : report:               precision    recall  f1-score   support

           0       0.00      0.00      0.00         6
           1       0.08      0.14      0.11         7
           2       0.00      0.00      0.00         5
           3       0.00      0.00      0.00        12
           4       0.00      0.00      0.00         3
           5       0.00      0.00      0.00         5
           6       0.00      0.00      0.00         2
           7       0.08      0.10      0.09        10
           8       0.33      0.33      0.33        12
           9       0.00      0.00      0.00         8
          10       0.00      0.00      0.00        22
          11       0.00      0.00      0.00        17
          12       0.00      0.00      0.00        10
          13       0.00      0.00      0.00         0
          14       0.00      0.00      0.00        18
          15       0.00      0.00      0.00        23
          16       0.08      0.11      0.10         9
          17       0.08      0.11      0.10         9
          18       0.08      0.05      0.06        21
          19       0.08      0.02      0.03        57
          20       0.00      0.00      0.00        13
          21       0.00      0.00      0.00        15
          22       0.08      0.17      0.11         6
          23       0.00      0.00      0.00         8
          24       0.00      0.00      0.00         2

    accuracy                           0.04       300
   macro avg       0.04      0.04      0.04       300
weighted avg       0.05      0.04      0.04       300

(training_methods.py:282) 2025-06-06 18:32:35.367203 | INFO : Epoch 7 Validation Summary: epoch: 7.000000 | loss: 0.000000 | accuracy: 0.036667 | 
(training_methods.py:312) 2025-06-06 18:32:35.369797 | INFO : ckpt updated.
(training_methods.py:254) 2025-06-06 18:32:35.585641 | INFO : Training Epoch 8   0.0% | batch:         0 of         5
	loss: 0.658597

(training_methods.py:257) 2025-06-06 18:32:35.724931 | INFO : Evaluating on validation set ...
(training_methods.py:254) 2025-06-06 18:32:36.292940 | INFO : Evaluating Epoch 8   0.0% | batch:         0 of         5
	loss: inf

(training_methods.py:262) 2025-06-06 18:32:36.344528 | INFO : Validation runtime: 0.0 hours, 0.0 minutes, 0.6192967891693115 seconds

(training_methods.py:268) 2025-06-06 18:32:36.344725 | INFO : Avg val. time: 0.0 hours, 0.0 minutes, 0.6096688641442193 seconds
(training_methods.py:269) 2025-06-06 18:32:36.344778 | INFO : Avg batch val. time: 0.12193377282884385 seconds
(training_methods.py:270) 2025-06-06 18:32:36.344820 | INFO : Avg sample val. time: 0.0020322295471473977 seconds
(training_methods.py:276) 2025-06-06 18:32:36.344870 | INFO : report:               precision    recall  f1-score   support

           0       0.00      0.00      0.00         8
           1       0.00      0.00      0.00        10
           2       0.17      0.20      0.18        10
           3       0.00      0.00      0.00         7
           4       0.00      0.00      0.00         0
           5       0.00      0.00      0.00        16
           6       0.00      0.00      0.00         4
           7       0.42      0.45      0.43        11
           8       0.00      0.00      0.00        12
           9       0.00      0.00      0.00         5
          10       0.00      0.00      0.00         2
          11       0.00      0.00      0.00        16
          12       0.00      0.00      0.00         0
          13       0.00      0.00      0.00        14
          14       0.00      0.00      0.00        15
          15       0.00      0.00      0.00         6
          16       0.17      0.67      0.27         3
          17       0.08      0.07      0.08        14
          18       0.33      0.10      0.15        40
          19       0.00      0.00      0.00        46
          20       0.00      0.00      0.00        14
          21       0.00      0.00      0.00         8
          22       0.00      0.00      0.00         9
          23       0.08      0.08      0.08        13
          24       0.33      0.24      0.28        17

    accuracy                           0.06       300
   macro avg       0.06      0.07      0.06       300
weighted avg       0.09      0.06      0.07       300

(training_methods.py:282) 2025-06-06 18:32:36.344963 | INFO : Epoch 8 Validation Summary: epoch: 8.000000 | loss: 0.000000 | accuracy: 0.063333 | 
(training_methods.py:312) 2025-06-06 18:32:36.347636 | INFO : ckpt updated.
(training_methods.py:254) 2025-06-06 18:32:36.612691 | INFO : Training Epoch 9   0.0% | batch:         0 of         5
	loss: 0.667615

(training_methods.py:257) 2025-06-06 18:32:36.750499 | INFO : Evaluating on validation set ...
(training_methods.py:254) 2025-06-06 18:32:37.337995 | INFO : Evaluating Epoch 9   0.0% | batch:         0 of         5
	loss: inf

(training_methods.py:262) 2025-06-06 18:32:37.388439 | INFO : Validation runtime: 0.0 hours, 0.0 minutes, 0.6376016139984131 seconds

(training_methods.py:268) 2025-06-06 18:32:37.388638 | INFO : Avg val. time: 0.0 hours, 0.0 minutes, 0.6124621391296386 seconds
(training_methods.py:269) 2025-06-06 18:32:37.388698 | INFO : Avg batch val. time: 0.12249242782592773 seconds
(training_methods.py:270) 2025-06-06 18:32:37.388750 | INFO : Avg sample val. time: 0.0020415404637654623 seconds
(training_methods.py:276) 2025-06-06 18:32:37.388803 | INFO : report:               precision    recall  f1-score   support

           0       0.00      0.00      0.00        14
           1       0.08      0.14      0.11         7
           2       0.08      0.25      0.12         4
           3       0.00      0.00      0.00        20
           4       0.00      0.00      0.00         0
           5       0.00      0.00      0.00         6
           6       0.00      0.00      0.00         9
           7       0.08      0.20      0.12         5
           8       0.00      0.00      0.00        23
           9       0.08      0.06      0.07        16
          10       0.17      0.17      0.17        12
          11       0.00      0.00      0.00        34
          12       0.00      0.00      0.00         0
          13       0.00      0.00      0.00        24
          14       0.00      0.00      0.00         4
          15       0.00      0.00      0.00         9
          16       0.17      0.33      0.22         6
          17       0.08      0.11      0.10         9
          18       0.33      0.11      0.16        37
          19       0.00      0.00      0.00         3
          20       0.00      0.00      0.00        25
          21       0.00      0.00      0.00         8
          22       0.17      0.29      0.21         7
          23       0.00      0.00      0.00         9
          24       0.00      0.00      0.00         9

    accuracy                           0.05       300
   macro avg       0.05      0.07      0.05       300
weighted avg       0.07      0.05      0.05       300

(training_methods.py:282) 2025-06-06 18:32:37.388867 | INFO : Epoch 9 Validation Summary: epoch: 9.000000 | loss: 0.000000 | accuracy: 0.050000 | 
(training_methods.py:312) 2025-06-06 18:32:37.391634 | INFO : ckpt updated.
(training_methods.py:254) 2025-06-06 18:32:37.607535 | INFO : Training Epoch 10   0.0% | batch:         0 of         5
	loss: 0.652107

(training_methods.py:257) 2025-06-06 18:32:37.744811 | INFO : Evaluating on validation set ...
(training_methods.py:254) 2025-06-06 18:32:38.311022 | INFO : Evaluating Epoch 10   0.0% | batch:         0 of         5
	loss: inf

(training_methods.py:262) 2025-06-06 18:32:38.362348 | INFO : Validation runtime: 0.0 hours, 0.0 minutes, 0.6172282695770264 seconds

(training_methods.py:268) 2025-06-06 18:32:38.362545 | INFO : Avg val. time: 0.0 hours, 0.0 minutes, 0.6128954237157648 seconds
(training_methods.py:269) 2025-06-06 18:32:38.362596 | INFO : Avg batch val. time: 0.12257908474315296 seconds
(training_methods.py:270) 2025-06-06 18:32:38.362637 | INFO : Avg sample val. time: 0.002042984745719216 seconds
(training_methods.py:276) 2025-06-06 18:32:38.362686 | INFO : report:               precision    recall  f1-score   support

           0       0.00      0.00      0.00        15
           1       0.00      0.00      0.00         5
           2       0.08      0.25      0.12         4
           3       0.00      0.00      0.00        33
           4       0.00      0.00      0.00         0
           5       0.00      0.00      0.00         9
           6       0.00      0.00      0.00         4
           7       0.00      0.00      0.00         1
           8       0.00      0.00      0.00         1
           9       0.17      0.11      0.13        19
          10       0.00      0.00      0.00         4
          11       0.00      0.00      0.00        49
          12       0.00      0.00      0.00         0
          13       0.00      0.00      0.00        17
          14       0.00      0.00      0.00         4
          15       0.00      0.00      0.00        50
          16       0.00      0.00      0.00         0
          17       0.00      0.00      0.00        23
          18       0.17      0.17      0.17        12
          19       0.00      0.00      0.00         5
          20       0.00      0.00      0.00        13
          21       0.08      0.10      0.09        10
          22       0.00      0.00      0.00         3
          23       0.00      0.00      0.00         8
          24       0.17      0.18      0.17        11

    accuracy                           0.03       300
   macro avg       0.03      0.03      0.03       300
weighted avg       0.03      0.03      0.03       300

(training_methods.py:282) 2025-06-06 18:32:38.362780 | INFO : Epoch 10 Validation Summary: epoch: 10.000000 | loss: 0.000000 | accuracy: 0.026667 | 
(training_methods.py:312) 2025-06-06 18:32:38.365381 | INFO : ckpt updated.
(training_methods.py:254) 2025-06-06 18:32:38.575189 | INFO : Training Epoch 11   0.0% | batch:         0 of         5
	loss: 0.662862

(training_methods.py:257) 2025-06-06 18:32:38.714263 | INFO : Evaluating on validation set ...
(training_methods.py:254) 2025-06-06 18:32:39.290985 | INFO : Evaluating Epoch 11   0.0% | batch:         0 of         5
	loss: inf

(training_methods.py:262) 2025-06-06 18:32:39.338891 | INFO : Validation runtime: 0.0 hours, 0.0 minutes, 0.6242930889129639 seconds

(training_methods.py:268) 2025-06-06 18:32:39.344591 | INFO : Avg val. time: 0.0 hours, 0.0 minutes, 0.6138452291488647 seconds
(training_methods.py:269) 2025-06-06 18:32:39.344668 | INFO : Avg batch val. time: 0.12276904582977295 seconds
(training_methods.py:270) 2025-06-06 18:32:39.344716 | INFO : Avg sample val. time: 0.002046150763829549 seconds
(training_methods.py:276) 2025-06-06 18:32:39.344769 | INFO : report:               precision    recall  f1-score   support

           0       0.00      0.00      0.00         4
           1       0.00      0.00      0.00        11
           2       0.00      0.00      0.00         8
           3       0.00      0.00      0.00        13
           4       0.00      0.00      0.00         1
           5       0.00      0.00      0.00         7
           6       0.00      0.00      0.00         0
           7       0.08      0.50      0.14         2
           8       0.42      0.17      0.24        30
           9       0.17      0.10      0.12        20
          10       0.00      0.00      0.00         0
          11       0.00      0.00      0.00        20
          12       0.00      0.00      0.00         0
          13       0.00      0.00      0.00        19
          14       0.00      0.00      0.00         2
          15       0.08      0.02      0.03        50
          16       0.08      0.50      0.14         2
          17       0.17      0.09      0.12        22
          18       0.50      0.14      0.22        43
          19       0.00      0.00      0.00         8
          20       0.00      0.00      0.00        25
          21       0.00      0.00      0.00         2
          22       0.00      0.00      0.00         0
          23       0.00      0.00      0.00         1
          24       0.17      0.20      0.18        10

    accuracy                           0.07       300
   macro avg       0.07      0.07      0.05       300
weighted avg       0.16      0.07      0.09       300

(training_methods.py:282) 2025-06-06 18:32:39.344857 | INFO : Epoch 11 Validation Summary: epoch: 11.000000 | loss: 0.000000 | accuracy: 0.066667 | 
(training_methods.py:312) 2025-06-06 18:32:39.347464 | INFO : ckpt updated.
(training_methods.py:254) 2025-06-06 18:32:39.556794 | INFO : Training Epoch 12   0.0% | batch:         0 of         5
	loss: 0.645277

(training_methods.py:257) 2025-06-06 18:32:39.690696 | INFO : Evaluating on validation set ...
(training_methods.py:254) 2025-06-06 18:32:40.287418 | INFO : Evaluating Epoch 12   0.0% | batch:         0 of         5
	loss: inf

(training_methods.py:262) 2025-06-06 18:32:40.330941 | INFO : Validation runtime: 0.0 hours, 0.0 minutes, 0.6399562358856201 seconds

(training_methods.py:268) 2025-06-06 18:32:40.331170 | INFO : Avg val. time: 0.0 hours, 0.0 minutes, 0.6158537681286151 seconds
(training_methods.py:269) 2025-06-06 18:32:40.331225 | INFO : Avg batch val. time: 0.12317075362572302 seconds
(training_methods.py:270) 2025-06-06 18:32:40.331270 | INFO : Avg sample val. time: 0.0020528458937620507 seconds
(training_methods.py:276) 2025-06-06 18:32:40.331321 | INFO : report:               precision    recall  f1-score   support

           0       0.33      0.16      0.22        25
           1       0.08      0.11      0.10         9
           2       0.33      0.14      0.20        28
           3       0.00      0.00      0.00        22
           4       0.00      0.00      0.00        17
           5       0.00      0.00      0.00        20
           6       0.00      0.00      0.00         8
           7       0.17      0.33      0.22         6
           8       0.75      0.64      0.69        14
           9       0.17      0.15      0.16        13
          10       0.00      0.00      0.00        13
          11       0.00      0.00      0.00        34
          12       0.00      0.00      0.00         3
          13       0.00      0.00      0.00         6
          14       0.00      0.00      0.00        26
          15       0.00      0.00      0.00         1
          16       0.00      0.00      0.00         4
          17       0.08      0.03      0.05        30
          18       0.08      0.50      0.14         2
          19       0.00      0.00      0.00         5
          20       0.00      0.00      0.00         0
          21       0.00      0.00      0.00         8
          22       0.00      0.00      0.00         0
          23       0.00      0.00      0.00         1
          24       0.00      0.00      0.00         5

    accuracy                           0.08       300
   macro avg       0.08      0.08      0.07       300
weighted avg       0.12      0.08      0.09       300

(training_methods.py:282) 2025-06-06 18:32:40.331411 | INFO : Epoch 12 Validation Summary: epoch: 12.000000 | loss: 0.000000 | accuracy: 0.080000 | 
(training_methods.py:312) 2025-06-06 18:32:40.334152 | INFO : ckpt updated.
(training_methods.py:254) 2025-06-06 18:32:40.540974 | INFO : Training Epoch 13   0.0% | batch:         0 of         5
	loss: 0.645121

(training_methods.py:257) 2025-06-06 18:32:40.682173 | INFO : Evaluating on validation set ...
(training_methods.py:254) 2025-06-06 18:32:41.267783 | INFO : Evaluating Epoch 13   0.0% | batch:         0 of         5
	loss: inf

(training_methods.py:262) 2025-06-06 18:32:41.311452 | INFO : Validation runtime: 0.0 hours, 0.0 minutes, 0.6290194988250732 seconds

(training_methods.py:268) 2025-06-06 18:32:41.311652 | INFO : Avg val. time: 0.0 hours, 0.0 minutes, 0.6167941774640765 seconds
(training_methods.py:269) 2025-06-06 18:32:41.311706 | INFO : Avg batch val. time: 0.1233588354928153 seconds
(training_methods.py:270) 2025-06-06 18:32:41.311750 | INFO : Avg sample val. time: 0.0020559805915469215 seconds
(training_methods.py:276) 2025-06-06 18:32:41.311801 | INFO : report:               precision    recall  f1-score   support

           0       0.00      0.00      0.00         7
           1       0.17      0.50      0.25         4
           2       0.17      0.08      0.11        25
           3       0.00      0.00      0.00        25
           4       0.00      0.00      0.00        20
           5       0.00      0.00      0.00        12
           6       0.00      0.00      0.00         0
           7       0.17      0.22      0.19         9
           8       0.08      0.05      0.06        19
           9       0.17      0.25      0.20         8
          10       0.00      0.00      0.00        11
          11       0.00      0.00      0.00        30
          12       0.00      0.00      0.00         8
          13       0.00      0.00      0.00        10
          14       0.00      0.00      0.00        11
          15       0.00      0.00      0.00        12
          16       0.00      0.00      0.00         5
          17       0.00      0.00      0.00         8
          18       0.17      0.29      0.21         7
          19       0.00      0.00      0.00         4
          20       0.00      0.00      0.00         7
          21       0.00      0.00      0.00        10
          22       0.00      0.00      0.00        13
          23       0.00      0.00      0.00        27
          24       0.00      0.00      0.00         8

    accuracy                           0.04       300
   macro avg       0.04      0.06      0.04       300
weighted avg       0.03      0.04      0.03       300

(training_methods.py:282) 2025-06-06 18:32:41.311900 | INFO : Epoch 13 Validation Summary: epoch: 13.000000 | loss: 0.000000 | accuracy: 0.036667 | 
(training_methods.py:312) 2025-06-06 18:32:41.314407 | INFO : ckpt updated.
(training_methods.py:254) 2025-06-06 18:32:41.523926 | INFO : Training Epoch 14   0.0% | batch:         0 of         5
	loss: 0.650707

(training_methods.py:257) 2025-06-06 18:32:41.665322 | INFO : Evaluating on validation set ...
(training_methods.py:254) 2025-06-06 18:32:42.226036 | INFO : Evaluating Epoch 14   0.0% | batch:         0 of         5
	loss: inf

(training_methods.py:262) 2025-06-06 18:32:42.271096 | INFO : Validation runtime: 0.0 hours, 0.0 minutes, 0.605461835861206 seconds

(training_methods.py:268) 2025-06-06 18:32:42.271313 | INFO : Avg val. time: 0.0 hours, 0.0 minutes, 0.6160386880238851 seconds
(training_methods.py:269) 2025-06-06 18:32:42.271382 | INFO : Avg batch val. time: 0.12320773760477702 seconds
(training_methods.py:270) 2025-06-06 18:32:42.271427 | INFO : Avg sample val. time: 0.00205346229341295 seconds
(training_methods.py:276) 2025-06-06 18:32:42.271477 | INFO : report:               precision    recall  f1-score   support

           0       0.00      0.00      0.00         9
           1       0.00      0.00      0.00         1
           2       0.17      0.22      0.19         9
           3       0.00      0.00      0.00         1
           4       0.00      0.00      0.00         1
           5       0.00      0.00      0.00        14
           6       0.00      0.00      0.00         1
           7       0.25      0.43      0.32         7
           8       0.00      0.00      0.00         4
           9       0.00      0.00      0.00        16
          10       0.00      0.00      0.00        12
          11       0.00      0.00      0.00        27
          12       0.00      0.00      0.00         9
          13       0.00      0.00      0.00        55
          14       0.00      0.00      0.00         2
          15       0.17      0.20      0.18        10
          16       0.25      0.14      0.18        21
          17       0.25      0.50      0.33         6
          18       0.00      0.00      0.00         0
          19       0.00      0.00      0.00         4
          20       0.00      0.00      0.00         4
          21       0.00      0.00      0.00         0
          22       0.00      0.00      0.00         1
          23       0.00      0.00      0.00        82
          24       0.00      0.00      0.00         4

    accuracy                           0.04       300
   macro avg       0.04      0.06      0.05       300
weighted avg       0.04      0.04      0.04       300

(training_methods.py:282) 2025-06-06 18:32:42.271560 | INFO : Epoch 14 Validation Summary: epoch: 14.000000 | loss: 0.000000 | accuracy: 0.043333 | 
(training_methods.py:312) 2025-06-06 18:32:42.274279 | INFO : ckpt updated.
(training_methods.py:254) 2025-06-06 18:32:42.486634 | INFO : Training Epoch 15   0.0% | batch:         0 of         5
	loss: 0.638989

(training_methods.py:257) 2025-06-06 18:32:42.621602 | INFO : Evaluating on validation set ...
(training_methods.py:254) 2025-06-06 18:32:43.228791 | INFO : Evaluating Epoch 15   0.0% | batch:         0 of         5
	loss: inf

(training_methods.py:262) 2025-06-06 18:32:43.280580 | INFO : Validation runtime: 0.0 hours, 0.0 minutes, 0.6587202548980713 seconds

(training_methods.py:268) 2025-06-06 18:32:43.280773 | INFO : Avg val. time: 0.0 hours, 0.0 minutes, 0.6187062859535217 seconds
(training_methods.py:269) 2025-06-06 18:32:43.280842 | INFO : Avg batch val. time: 0.12374125719070435 seconds
(training_methods.py:270) 2025-06-06 18:32:43.280886 | INFO : Avg sample val. time: 0.002062354286511739 seconds
(training_methods.py:276) 2025-06-06 18:32:43.280936 | INFO : report:               precision    recall  f1-score   support

           0       0.00      0.00      0.00         6
           1       0.08      0.12      0.10         8
           2       0.08      0.17      0.11         6
           3       0.00      0.00      0.00        36
           4       0.00      0.00      0.00         4
           5       0.00      0.00      0.00         7
           6       0.00      0.00      0.00         1
           7       0.00      0.00      0.00         2
           8       0.00      0.00      0.00         8
           9       0.00      0.00      0.00         6
          10       0.00      0.00      0.00         7
          11       0.00      0.00      0.00        79
          12       0.00      0.00      0.00         2
          13       0.00      0.00      0.00        11
          14       0.00      0.00      0.00        10
          15       0.17      0.10      0.12        21
          16       0.00      0.00      0.00         9
          17       0.00      0.00      0.00        20
          18       0.08      0.50      0.14         2
          19       0.00      0.00      0.00         1
          20       0.00      0.00      0.00         1
          21       0.00      0.00      0.00         7
          22       0.00      0.00      0.00         2
          23       0.00      0.00      0.00        37
          24       0.00      0.00      0.00         7

    accuracy                           0.02       300
   macro avg       0.02      0.04      0.02       300
weighted avg       0.02      0.02      0.01       300

(training_methods.py:282) 2025-06-06 18:32:43.281005 | INFO : Epoch 15 Validation Summary: epoch: 15.000000 | loss: 0.000000 | accuracy: 0.016667 | 
(training_methods.py:312) 2025-06-06 18:32:43.283599 | INFO : ckpt updated.
(training_methods.py:254) 2025-06-06 18:32:43.505677 | INFO : Training Epoch 16   0.0% | batch:         0 of         5
	loss: 0.631401

(training_methods.py:257) 2025-06-06 18:32:43.653766 | INFO : Evaluating on validation set ...
(training_methods.py:254) 2025-06-06 18:32:44.253369 | INFO : Evaluating Epoch 16   0.0% | batch:         0 of         5
	loss: inf

(training_methods.py:262) 2025-06-06 18:32:44.304176 | INFO : Validation runtime: 0.0 hours, 0.0 minutes, 0.6501080989837646 seconds

(training_methods.py:268) 2025-06-06 18:32:44.304360 | INFO : Avg val. time: 0.0 hours, 0.0 minutes, 0.6205534514258889 seconds
(training_methods.py:269) 2025-06-06 18:32:44.304427 | INFO : Avg batch val. time: 0.12411069028517778 seconds
(training_methods.py:270) 2025-06-06 18:32:44.304471 | INFO : Avg sample val. time: 0.0020685115047529633 seconds
(training_methods.py:276) 2025-06-06 18:32:44.304522 | INFO : report:               precision    recall  f1-score   support

           0       0.00      0.00      0.00         7
           1       0.08      0.33      0.13         3
           2       0.17      0.22      0.19         9
           3       0.08      0.07      0.07        15
           4       0.00      0.00      0.00         8
           5       0.00      0.00      0.00        12
           6       0.00      0.00      0.00         1
           7       0.00      0.00      0.00         8
           8       0.00      0.00      0.00        13
           9       0.08      0.07      0.08        14
          10       0.00      0.00      0.00         2
          11       0.00      0.00      0.00        33
          12       0.00      0.00      0.00         4
          13       0.08      0.08      0.08        12
          14       0.00      0.00      0.00        31
          15       0.25      0.14      0.18        21
          16       0.17      0.14      0.15        14
          17       0.08      0.11      0.10         9
          18       0.42      0.71      0.53         7
          19       0.00      0.00      0.00         3
          20       0.00      0.00      0.00         4
          21       0.00      0.00      0.00        13
          22       0.00      0.00      0.00         5
          23       0.00      0.00      0.00        41
          24       0.00      0.00      0.00        11

    accuracy                           0.06       300
   macro avg       0.06      0.08      0.06       300
weighted avg       0.05      0.06      0.05       300

(training_methods.py:282) 2025-06-06 18:32:44.304607 | INFO : Epoch 16 Validation Summary: epoch: 16.000000 | loss: 0.000000 | accuracy: 0.056667 | 
(training_methods.py:312) 2025-06-06 18:32:44.307428 | INFO : ckpt updated.
(training_methods.py:254) 2025-06-06 18:32:44.639220 | INFO : Training Epoch 17   0.0% | batch:         0 of         5
	loss: 0.617323

(training_methods.py:257) 2025-06-06 18:32:44.775225 | INFO : Evaluating on validation set ...
(training_methods.py:254) 2025-06-06 18:32:45.368287 | INFO : Evaluating Epoch 17   0.0% | batch:         0 of         5
	loss: inf

(training_methods.py:262) 2025-06-06 18:32:45.421643 | INFO : Validation runtime: 0.0 hours, 0.0 minutes, 0.6461138725280762 seconds

(training_methods.py:268) 2025-06-06 18:32:45.421884 | INFO : Avg val. time: 0.0 hours, 0.0 minutes, 0.621973474820455 seconds
(training_methods.py:269) 2025-06-06 18:32:45.421942 | INFO : Avg batch val. time: 0.12439469496409099 seconds
(training_methods.py:270) 2025-06-06 18:32:45.421991 | INFO : Avg sample val. time: 0.0020732449160681832 seconds
(training_methods.py:276) 2025-06-06 18:32:45.422043 | INFO : report:               precision    recall  f1-score   support

           0       0.00      0.00      0.00         3
           1       0.00      0.00      0.00         3
           2       0.08      0.33      0.13         3
           3       0.00      0.00      0.00        49
           4       0.00      0.00      0.00         8
           5       0.00      0.00      0.00         4
           6       0.00      0.00      0.00         3
           7       0.00      0.00      0.00         2
           8       0.00      0.00      0.00        16
           9       0.00      0.00      0.00         3
          10       0.17      0.22      0.19         9
          11       0.00      0.00      0.00        48
          12       0.00      0.00      0.00         0
          13       0.00      0.00      0.00        25
          14       0.00      0.00      0.00         4
          15       0.00      0.00      0.00         5
          16       0.00      0.00      0.00         4
          17       0.08      0.08      0.08        12
          18       0.08      0.17      0.11         6
          19       0.00      0.00      0.00         5
          20       0.00      0.00      0.00         3
          21       0.00      0.00      0.00        12
          22       0.00      0.00      0.00        10
          23       0.00      0.00      0.00        51
          24       0.00      0.00      0.00        12

    accuracy                           0.02       300
   macro avg       0.02      0.03      0.02       300
weighted avg       0.01      0.02      0.01       300

(training_methods.py:282) 2025-06-06 18:32:45.422140 | INFO : Epoch 17 Validation Summary: epoch: 17.000000 | loss: 0.000000 | accuracy: 0.016667 | 
(training_methods.py:312) 2025-06-06 18:32:45.424930 | INFO : ckpt updated.
(training_methods.py:254) 2025-06-06 18:32:45.643541 | INFO : Training Epoch 18   0.0% | batch:         0 of         5
	loss: 0.631525

(training_methods.py:257) 2025-06-06 18:32:45.777003 | INFO : Evaluating on validation set ...
(training_methods.py:254) 2025-06-06 18:32:46.337833 | INFO : Evaluating Epoch 18   0.0% | batch:         0 of         5
	loss: inf

(training_methods.py:262) 2025-06-06 18:32:46.381565 | INFO : Validation runtime: 0.0 hours, 0.0 minutes, 0.6041767597198486 seconds

(training_methods.py:268) 2025-06-06 18:32:46.381769 | INFO : Avg val. time: 0.0 hours, 0.0 minutes, 0.6210368056046335 seconds
(training_methods.py:269) 2025-06-06 18:32:46.381839 | INFO : Avg batch val. time: 0.1242073611209267 seconds
(training_methods.py:270) 2025-06-06 18:32:46.381884 | INFO : Avg sample val. time: 0.0020701226853487784 seconds
(training_methods.py:276) 2025-06-06 18:32:46.381935 | INFO : report:               precision    recall  f1-score   support

           0       0.00      0.00      0.00         4
           1       0.08      0.20      0.12         5
           2       0.17      0.33      0.22         6
           3       0.00      0.00      0.00        29
           4       0.00      0.00      0.00         8
           5       0.00      0.00      0.00         4
           6       0.00      0.00      0.00         7
           7       0.00      0.00      0.00         2
           8       0.00      0.00      0.00         7
           9       0.50      0.33      0.40        18
          10       0.00      0.00      0.00         5
          11       0.00      0.00      0.00        21
          12       0.00      0.00      0.00         4
          13       0.00      0.00      0.00        16
          14       0.00      0.00      0.00         9
          15       0.00      0.00      0.00        45
          16       0.00      0.00      0.00         7
          17       0.00      0.00      0.00        12
          18       0.08      0.17      0.11         6
          19       0.00      0.00      0.00         3
          20       0.00      0.00      0.00         2
          21       0.00      0.00      0.00        13
          22       0.00      0.00      0.00        29
          23       0.00      0.00      0.00        24
          24       0.00      0.00      0.00        14

    accuracy                           0.03       300
   macro avg       0.03      0.04      0.03       300
weighted avg       0.04      0.03      0.03       300

(training_methods.py:282) 2025-06-06 18:32:46.382010 | INFO : Epoch 18 Validation Summary: epoch: 18.000000 | loss: 0.000000 | accuracy: 0.033333 | 
(training_methods.py:312) 2025-06-06 18:32:46.384658 | INFO : ckpt updated.
(training_methods.py:254) 2025-06-06 18:32:46.597420 | INFO : Training Epoch 19   0.0% | batch:         0 of         5
	loss: 0.63252

(training_methods.py:257) 2025-06-06 18:32:46.734932 | INFO : Evaluating on validation set ...
(training_methods.py:254) 2025-06-06 18:32:47.300865 | INFO : Evaluating Epoch 19   0.0% | batch:         0 of         5
	loss: inf

(training_methods.py:262) 2025-06-06 18:32:47.351451 | INFO : Validation runtime: 0.0 hours, 0.0 minutes, 0.6162235736846924 seconds

(training_methods.py:268) 2025-06-06 18:32:47.351658 | INFO : Avg val. time: 0.0 hours, 0.0 minutes, 0.6207961440086365 seconds
(training_methods.py:269) 2025-06-06 18:32:47.351727 | INFO : Avg batch val. time: 0.12415922880172729 seconds
(training_methods.py:270) 2025-06-06 18:32:47.351772 | INFO : Avg sample val. time: 0.0020693204800287883 seconds
(training_methods.py:276) 2025-06-06 18:32:47.351823 | INFO : report:               precision    recall  f1-score   support

           0       0.08      0.03      0.05        32
           1       0.33      0.24      0.28        17
           2       0.42      0.36      0.38        14
           3       0.00      0.00      0.00        34
           4       0.00      0.00      0.00         5
           5       0.00      0.00      0.00         5
           6       0.00      0.00      0.00         9
           7       0.00      0.00      0.00         0
           8       0.00      0.00      0.00         7
           9       0.08      0.50      0.14         2
          10       0.00      0.00      0.00         0
          11       0.00      0.00      0.00        27
          12       0.00      0.00      0.00         1
          13       0.00      0.00      0.00         5
          14       0.00      0.00      0.00        11
          15       0.00      0.00      0.00        22
          16       0.00      0.00      0.00         0
          17       0.17      1.00      0.29         2
          18       0.17      0.06      0.09        33
          19       0.00      0.00      0.00         2
          20       0.00      0.00      0.00         0
          21       0.00      0.00      0.00         7
          22       0.00      0.00      0.00         0
          23       0.00      0.00      0.00        62
          24       0.00      0.00      0.00         3

    accuracy                           0.05       300
   macro avg       0.05      0.09      0.05       300
weighted avg       0.07      0.05      0.05       300

(training_methods.py:282) 2025-06-06 18:32:47.351912 | INFO : Epoch 19 Validation Summary: epoch: 19.000000 | loss: 0.000000 | accuracy: 0.050000 | 
(training_methods.py:312) 2025-06-06 18:32:47.354531 | INFO : ckpt updated.
